=== WAVE 372 (free layout) ===
---- s01-2v2 lmctf03 fill=2 600s ----
STEALS=0  CAPS=0  RETURNS=0
KILLS=8
HOOK: fires=105 lands=40 fails=10
SHELVES=49  DEADDOORS=7  CYCLES=0
acts: swim=0 lift=0 tele=13 rj=29
roles: escort_samples=0 recover_samples=0
attacker floors: {}
defenders: 0 distinct 100u-cells, moving=0 still=0
chat lines: 44 | sample: (Rune[SG]): haste rune at yellow armor
kills by weapon: blaster=0 rail=5 rocket=3 mg=0 cg=0 hb=0 ssg=0
ACC w6 fires=8 hits=3
ACC w8 fires=18 hits=7
ACC w6 fires=8 hits=3
ACC w8 fires=18 hits=7
ACC w6 fires=8 hits=3
ACC w8 fires=18 hits=7
ACC w6 fires=8 hits=3
ACC w8 fires=18 hits=7
ACC w6 fires=8 hits=3
ACC w8 fires=18 hits=7
ACC w6 fires=8 hits=3
ACC w8 fires=18 hits=7
---- s02-5v0 smap05 fill=5:0 600s ----
STEALS=5  CAPS=5  RETURNS=0
KILLS=0
HOOK: fires=365 lands=145 fails=117
SHELVES=58  DEADDOORS=0  CYCLES=4
acts: swim=64 lift=0 tele=0 rj=0
roles: escort_samples=568 recover_samples=0
attacker floors: {}
defenders: 0 distinct 100u-cells, moving=0 still=0
chat lines: 61 | sample: (Arach[SG]): haste rune at the rg
kills by weapon: blaster=0 rail=0 rocket=0 mg=0 cg=0 hb=0 ssg=0
---- s03-5v5 mactf06 fill=5 900s ----
STEALS=9  CAPS=1  RETURNS=5
KILLS=212
HOOK: fires=1190 lands=622 fails=371
SHELVES=31  DEADDOORS=0  CYCLES=2
acts: swim=7 lift=10 tele=10 rj=13
roles: escort_samples=327 recover_samples=488
attacker floors: {}
defenders: 0 distinct 100u-cells, moving=0 still=0
chat lines: 356 | sample: (Arach[SG]): haste rune at our base
kills by weapon: blaster=1 rail=162 rocket=28 mg=1 cg=0 hb=0 ssg=1
ACC w2 fires=6 hits=10
ACC w3 fires=10 hits=8
ACC w6 fires=686 hits=94
ACC w7 fires=27 hits=2
ACC w8 fires=1892 hits=208
ACC w0 fires=59 hits=9
ACC w1 fires=50 hits=30
ACC w2 fires=6 hits=10
ACC w3 fires=10 hits=8
ACC w6 fires=688 hits=94
ACC w7 fires=27 hits=2
ACC w8 fires=1896 hits=208
---- s04-5v5 mactf06 fill=5 900s ----
STEALS=8  CAPS=1  RETURNS=4
KILLS=243
HOOK: fires=1206 lands=637 fails=359
SHELVES=25  DEADDOORS=0  CYCLES=0
acts: swim=1 lift=4 tele=9 rj=6
roles: escort_samples=458 recover_samples=788
attacker floors: {}
defenders: 0 distinct 100u-cells, moving=0 still=0
chat lines: 352 | sample: (Arach[SG]): haste rune at our base
kills by weapon: blaster=0 rail=172 rocket=53 mg=0 cg=0 hb=1 ssg=0
ACC w0 fires=69 hits=7
ACC w1 fires=21 hits=11
ACC w2 fires=11 hits=0
ACC w6 fires=838 hits=119
ACC w7 fires=22 hits=6
ACC w8 fires=2156 hits=208
ACC w0 fires=74 hits=8
ACC w1 fires=21 hits=11
ACC w2 fires=11 hits=0
ACC w6 fires=841 hits=120
ACC w7 fires=22 hits=6
ACC w8 fires=2170 hits=208
---- s05-5v5 lmctf22 fill=5 900s ----
STEALS=5  CAPS=2  RETURNS=3
KILLS=153
HOOK: fires=1352 lands=632 fails=237
SHELVES=73  DEADDOORS=0  CYCLES=2
acts: swim=15 lift=7 tele=12 rj=6
roles: escort_samples=192 recover_samples=429
attacker floors: {}
defenders: 0 distinct 100u-cells, moving=0 still=0
chat lines: 232 | sample: (Rune[SG]): resist rune at the hb
kills by weapon: blaster=0 rail=113 rocket=24 mg=0 cg=0 hb=1 ssg=0
ACC w0 fires=21 hits=3
ACC w2 fires=9 hits=0
ACC w4 fires=16 hits=6
ACC w6 fires=245 hits=56
ACC w7 fires=2 hits=2
ACC w8 fires=963 hits=131
ACC w0 fires=21 hits=3
ACC w2 fires=9 hits=0
ACC w4 fires=16 hits=6
ACC w6 fires=245 hits=56
ACC w7 fires=2 hits=2
ACC w8 fires=963 hits=131
---- s06-5v3 lmctf44 fill=5:3 900s ----
STEALS=4  CAPS=1  RETURNS=2
KILLS=72
HOOK: fires=896 lands=400 fails=232
SHELVES=44  DEADDOORS=0  CYCLES=6
acts: swim=17 lift=14 tele=15 rj=29
roles: escort_samples=407 recover_samples=798
attacker floors: {}
defenders: 0 distinct 100u-cells, moving=0 still=0
chat lines: 155 | sample: Rune[SG]: here we go again
kills by weapon: blaster=1 rail=51 rocket=11 mg=0 cg=1 hb=2 ssg=0
ACC w7 fires=42 hits=10
ACC w8 fires=698 hits=67
ACC w0 fires=3 hits=3
ACC w4 fires=10 hits=10
ACC w6 fires=153 hits=28
ACC w7 fires=42 hits=10
ACC w8 fires=698 hits=67
ACC w0 fires=3 hits=3
ACC w4 fires=10 hits=10
ACC w6 fires=153 hits=28
ACC w7 fires=42 hits=10
ACC w8 fires=702 hits=67
---- s07-5v3 lmctf44 fill=5:3 900s ----
STEALS=7  CAPS=0  RETURNS=6
KILLS=72
HOOK: fires=923 lands=403 fails=218
SHELVES=42  DEADDOORS=0  CYCLES=4
acts: swim=20 lift=2 tele=28 rj=26
roles: escort_samples=215 recover_samples=773
attacker floors: {}
defenders: 0 distinct 100u-cells, moving=0 still=0
chat lines: 160 | sample: Rune[SG]: back for more
kills by weapon: blaster=0 rail=50 rocket=14 mg=0 cg=0 hb=2 ssg=3
ACC w0 fires=29 hits=10
ACC w2 fires=28 hits=41
ACC w4 fires=4 hits=1
ACC w6 fires=221 hits=34
ACC w7 fires=22 hits=8
ACC w8 fires=552 hits=66
ACC w0 fires=29 hits=10
ACC w2 fires=28 hits=41
ACC w4 fires=4 hits=1
ACC w6 fires=221 hits=34
ACC w7 fires=22 hits=8
ACC w8 fires=552 hits=66
---- s08-7v7 lmctf09 fill=7 600s ----
STEALS=2  CAPS=1  RETURNS=1
KILLS=133
HOOK: fires=1414 lands=625 fails=391
SHELVES=89  DEADDOORS=0  CYCLES=0
acts: swim=11 lift=6 tele=14 rj=3
roles: escort_samples=94 recover_samples=420
attacker floors: {}
defenders: 0 distinct 100u-cells, moving=0 still=0
chat lines: 159 | sample: (Caco[SG]): rune by the Bullets
kills by weapon: blaster=0 rail=97 rocket=26 mg=0 cg=2 hb=0 ssg=1
ACC w6 fires=418 hits=55
ACC w8 fires=1110 hits=121
ACC w0 fires=38 hits=5
ACC w2 fires=19 hits=11
ACC w4 fires=22 hits=43
ACC w6 fires=421 hits=57
ACC w8 fires=1120 hits=121
ACC w0 fires=38 hits=5
ACC w2 fires=19 hits=11
ACC w4 fires=22 hits=43
ACC w6 fires=421 hits=57
ACC w8 fires=1145 hits=121
---- s09-ctrl lmctf01 fill=5 900s ----
STEALS=1  CAPS=0  RETURNS=1
KILLS=78
HOOK: fires=920 lands=442 fails=212
SHELVES=303  DEADDOORS=0  CYCLES=0
acts: swim=289 lift=1 tele=0 rj=0
roles: escort_samples=15 recover_samples=69
attacker floors: {}
defenders: 0 distinct 100u-cells, moving=0 still=0
chat lines: 96 | sample: (Arach[SG]): regen rune at our base
kills by weapon: blaster=0 rail=41 rocket=32 mg=0 cg=0 hb=0 ssg=0
ACC w0 fires=6 hits=0
ACC w6 fires=322 hits=54
ACC w8 fires=301 hits=46
ACC w0 fires=6 hits=0
ACC w6 fires=322 hits=54
ACC w8 fires=301 hits=46
ACC w0 fires=6 hits=0
ACC w6 fires=322 hits=54
ACC w8 fires=302 hits=47
ACC w0 fires=6 hits=0
ACC w6 fires=322 hits=54
ACC w8 fires=302 hits=47
---- s10-5v1 smap05 fill=5:1 600s ----
STEALS=4  CAPS=3  RETURNS=1
KILLS=39
HOOK: fires=398 lands=162 fails=96
SHELVES=51  DEADDOORS=0  CYCLES=6
acts: swim=31 lift=0 tele=1 rj=24
roles: escort_samples=335 recover_samples=248
attacker floors: {}
defenders: 0 distinct 100u-cells, moving=0 still=0
chat lines: 82 | sample: (Arach[SG]): haste rune at the rg
kills by weapon: blaster=0 rail=31 rocket=5 mg=0 cg=0 hb=0 ssg=0
ACC w0 fires=4 hits=0
ACC w6 fires=83 hits=11
ACC w8 fires=269 hits=35
ACC w0 fires=4 hits=0
ACC w6 fires=83 hits=11
ACC w8 fires=269 hits=35
ACC w0 fires=4 hits=0
ACC w6 fires=88 hits=12
ACC w8 fires=290 hits=35
ACC w0 fires=4 hits=0
ACC w6 fires=88 hits=12
ACC w8 fires=290 hits=35
