=== WAVE 325 (free layout) ===
---- s01-2v2 lmctf03 fill=2 600s ----
STEALS=1  CAPS=0  RETURNS=0
KILLS=9
HOOK: fires=108 lands=35 fails=20
SHELVES=190  DEADDOORS=1  CYCLES=3
acts: swim=0 lift=34 tele=2 rj=0
roles: escort_samples=333 recover_samples=333
attacker floors: {}
defenders: 0 distinct 100u-cells, moving=0 still=0
chat lines: 56 | sample: (Arach[SG]): damage rune at our base
kills by weapon: blaster=0 rail=6 rocket=0 mg=0 cg=0 hb=0 ssg=0
ACC w0 fires=17 hits=1
ACC w1 fires=22 hits=12
ACC w6 fires=47 hits=7
ACC w8 fires=86 hits=9
ACC w0 fires=17 hits=1
ACC w1 fires=22 hits=12
ACC w6 fires=47 hits=7
ACC w8 fires=86 hits=9
ACC w0 fires=17 hits=1
ACC w1 fires=22 hits=12
ACC w6 fires=47 hits=7
ACC w8 fires=86 hits=9
---- s02-2v2 lmctf03 fill=2 600s ----
STEALS=0  CAPS=0  RETURNS=0
KILLS=1
HOOK: fires=68 lands=18 fails=20
SHELVES=170  DEADDOORS=0  CYCLES=0
acts: swim=0 lift=0 tele=0 rj=0
roles: escort_samples=0 recover_samples=0
attacker floors: {}
defenders: 0 distinct 100u-cells, moving=0 still=0
chat lines: 29 | sample: (Rune[SG]): haste rune at red armor
kills by weapon: blaster=0 rail=1 rocket=0 mg=0 cg=0 hb=0 ssg=0
ACC w6 fires=7 hits=1
ACC w8 fires=23 hits=1
ACC w6 fires=7 hits=1
ACC w8 fires=23 hits=1
ACC w6 fires=7 hits=1
ACC w8 fires=23 hits=1
ACC w6 fires=7 hits=1
ACC w8 fires=23 hits=1
ACC w6 fires=7 hits=1
ACC w8 fires=23 hits=1
ACC w6 fires=7 hits=1
ACC w8 fires=23 hits=1
---- s03-5v5 lmctf22 fill=5 900s ----
STEALS=18  CAPS=3  RETURNS=15
KILLS=225
HOOK: fires=1216 lands=603 fails=240
SHELVES=46  DEADDOORS=0  CYCLES=1
acts: swim=6 lift=3 tele=5 rj=4
roles: escort_samples=499 recover_samples=988
attacker floors: {}
defenders: 0 distinct 100u-cells, moving=0 still=0
chat lines: 340 | sample: (Rune[SG]): haste rune at our base
kills by weapon: blaster=0 rail=152 rocket=42 mg=0 cg=0 hb=0 ssg=2
ACC w7 fires=12 hits=1
ACC w8 fires=1389 hits=159
ACC w0 fires=30 hits=2
ACC w2 fires=28 hits=50
ACC w6 fires=461 hits=90
ACC w7 fires=12 hits=1
ACC w8 fires=1403 hits=160
ACC w0 fires=30 hits=2
ACC w2 fires=28 hits=50
ACC w6 fires=461 hits=90
ACC w7 fires=12 hits=1
ACC w8 fires=1404 hits=161
---- s04-5v5 lmctf22 fill=5 900s ----
STEALS=16  CAPS=4  RETURNS=8
KILLS=201
HOOK: fires=984 lands=507 fails=202
SHELVES=57  DEADDOORS=0  CYCLES=0
acts: swim=10 lift=17 tele=10 rj=9
roles: escort_samples=507 recover_samples=1068
attacker floors: {}
defenders: 0 distinct 100u-cells, moving=0 still=0
chat lines: 298 | sample: (Arach[SG]): regen rune at the hb
kills by weapon: blaster=0 rail=142 rocket=43 mg=0 cg=0 hb=0 ssg=1
ACC w0 fires=8 hits=0
ACC w2 fires=27 hits=12
ACC w4 fires=7 hits=1
ACC w6 fires=516 hits=85
ACC w7 fires=3 hits=0
ACC w8 fires=1207 hits=153
ACC w0 fires=8 hits=0
ACC w2 fires=27 hits=12
ACC w4 fires=7 hits=1
ACC w6 fires=516 hits=85
ACC w7 fires=3 hits=0
ACC w8 fires=1213 hits=154
---- s05-5v5 mactf06 fill=5 900s ----
STEALS=9  CAPS=1  RETURNS=8
KILLS=194
HOOK: fires=1130 lands=636 fails=420
SHELVES=16  DEADDOORS=0  CYCLES=0
acts: swim=4 lift=9 tele=1 rj=19
roles: escort_samples=226 recover_samples=554
attacker floors: {}
defenders: 0 distinct 100u-cells, moving=0 still=0
chat lines: 344 | sample: (Arach[SG]): haste rune at our base
kills by weapon: blaster=0 rail=141 rocket=37 mg=0 cg=0 hb=0 ssg=0
ACC w2 fires=7 hits=0
ACC w3 fires=3 hits=1
ACC w6 fires=520 hits=85
ACC w7 fires=1 hits=0
ACC w8 fires=1510 hits=171
ACC w0 fires=103 hits=10
ACC w1 fires=1 hits=0
ACC w2 fires=7 hits=0
ACC w3 fires=3 hits=1
ACC w6 fires=520 hits=85
ACC w7 fires=1 hits=0
ACC w8 fires=1511 hits=172
---- s06-5v3 lmctf44 fill=5:3 900s ----
STEALS=11  CAPS=2  RETURNS=6
KILLS=82
HOOK: fires=1054 lands=482 fails=234
SHELVES=30  DEADDOORS=0  CYCLES=1
acts: swim=6 lift=23 tele=4 rj=20
roles: escort_samples=378 recover_samples=824
attacker floors: {}
defenders: 0 distinct 100u-cells, moving=0 still=0
chat lines: 184 | sample: Rune[SG]: here we go again
kills by weapon: blaster=0 rail=52 rocket=17 mg=0 cg=0 hb=0 ssg=2
ACC w0 fires=25 hits=0
ACC w2 fires=15 hits=34
ACC w4 fires=6 hits=0
ACC w6 fires=242 hits=46
ACC w7 fires=19 hits=3
ACC w8 fires=798 hits=71
ACC w0 fires=25 hits=0
ACC w2 fires=15 hits=34
ACC w4 fires=6 hits=0
ACC w6 fires=244 hits=46
ACC w7 fires=19 hits=3
ACC w8 fires=801 hits=71
---- s07-5v3 lmctf44 fill=5:3 900s ----
STEALS=9  CAPS=1  RETURNS=8
KILLS=82
HOOK: fires=868 lands=419 fails=248
SHELVES=20  DEADDOORS=0  CYCLES=1
acts: swim=8 lift=30 tele=45 rj=14
roles: escort_samples=306 recover_samples=458
attacker floors: {}
defenders: 0 distinct 100u-cells, moving=0 still=0
chat lines: 144 | sample: Rune[SG]: evening
kills by weapon: blaster=0 rail=65 rocket=8 mg=0 cg=0 hb=0 ssg=0
ACC w7 fires=14 hits=4
ACC w8 fires=709 hits=75
ACC w0 fires=6 hits=1
ACC w2 fires=10 hits=9
ACC w6 fires=153 hits=24
ACC w7 fires=14 hits=4
ACC w8 fires=709 hits=75
ACC w0 fires=6 hits=1
ACC w2 fires=10 hits=9
ACC w6 fires=153 hits=24
ACC w7 fires=14 hits=4
ACC w8 fires=709 hits=75
---- s08-7v7 lmctf09 fill=7 600s ----
STEALS=3  CAPS=0  RETURNS=3
KILLS=132
HOOK: fires=1152 lands=526 fails=426
SHELVES=42  DEADDOORS=0  CYCLES=0
acts: swim=9 lift=2 tele=7 rj=10
roles: escort_samples=19 recover_samples=134
attacker floors: {}
defenders: 0 distinct 100u-cells, moving=0 still=0
chat lines: 176 | sample: (Slip[SG]): damage rune at our base
kills by weapon: blaster=1 rail=85 rocket=29 mg=0 cg=1 hb=0 ssg=0
ACC w0 fires=36 hits=5
ACC w4 fires=2 hits=17
ACC w6 fires=417 hits=65
ACC w8 fires=1005 hits=111
ACC w0 fires=36 hits=5
ACC w4 fires=2 hits=17
ACC w6 fires=419 hits=65
ACC w8 fires=1009 hits=113
ACC w0 fires=38 hits=5
ACC w4 fires=2 hits=17
ACC w6 fires=422 hits=66
ACC w8 fires=1019 hits=114
---- s09-ctrl lmctf01 fill=5 900s ----
STEALS=2  CAPS=0  RETURNS=2
KILLS=77
HOOK: fires=944 lands=412 fails=215
SHELVES=343  DEADDOORS=0  CYCLES=1
acts: swim=366 lift=41 tele=2 rj=0
roles: escort_samples=128 recover_samples=292
attacker floors: {}
defenders: 0 distinct 100u-cells, moving=0 still=0
chat lines: 113 | sample: (Arach[SG]): regen rune at our base
kills by weapon: blaster=1 rail=49 rocket=20 mg=0 cg=0 hb=0 ssg=0
ACC w0 fires=21 hits=3
ACC w6 fires=249 hits=31
ACC w8 fires=399 hits=48
ACC w0 fires=42 hits=6
ACC w6 fires=249 hits=31
ACC w8 fires=406 hits=49
ACC w0 fires=71 hits=10
ACC w6 fires=249 hits=31
ACC w8 fires=420 hits=50
ACC w0 fires=75 hits=10
ACC w6 fires=251 hits=31
ACC w8 fires=422 hits=51
---- s10-5v1 smap05 fill=5:0 600s ----
STEALS=5  CAPS=2  RETURNS=0
KILLS=0
HOOK: fires=279 lands=90 fails=77
SHELVES=76  DEADDOORS=0  CYCLES=8
acts: swim=149 lift=0 tele=0 rj=0
roles: escort_samples=784 recover_samples=0
attacker floors: {}
defenders: 0 distinct 100u-cells, moving=0 still=0
chat lines: 47 | sample: (Arach[SG]): haste rune at the rg
kills by weapon: blaster=0 rail=0 rocket=0 mg=0 cg=0 hb=0 ssg=0
