=== WAVE 358 (free layout) ===
---- s01-2v2 lmctf03 fill=2 600s ----
STEALS=2  CAPS=0  RETURNS=0
KILLS=18
HOOK: fires=241 lands=111 fails=49
SHELVES=155  DEADDOORS=2  CYCLES=16
acts: swim=18 lift=22 tele=5 rj=3
roles: escort_samples=436 recover_samples=458
attacker floors: {}
defenders: 0 distinct 100u-cells, moving=0 still=0
chat lines: 98 | sample: (Arach[SG]): damage rune at our base
kills by weapon: blaster=0 rail=13 rocket=4 mg=0 cg=0 hb=0 ssg=0
ACC w1 fires=5 hits=0
ACC w2 fires=10 hits=10
ACC w6 fires=40 hits=8
ACC w8 fires=146 hits=19
ACC w1 fires=5 hits=0
ACC w2 fires=10 hits=10
ACC w6 fires=40 hits=8
ACC w8 fires=152 hits=20
ACC w1 fires=5 hits=0
ACC w2 fires=10 hits=10
ACC w6 fires=40 hits=8
ACC w8 fires=152 hits=20
---- s02-5v0 smap05 fill=5:0 600s ----
STEALS=2  CAPS=1  RETURNS=0
KILLS=0
HOOK: fires=176 lands=75 fails=37
SHELVES=17  DEADDOORS=0  CYCLES=4
acts: swim=19 lift=0 tele=0 rj=0
roles: escort_samples=572 recover_samples=0
attacker floors: {}
defenders: 0 distinct 100u-cells, moving=0 still=0
chat lines: 26 | sample: (Arach[SG]): haste rune at the rg
kills by weapon: blaster=0 rail=0 rocket=0 mg=0 cg=0 hb=0 ssg=0
---- s03-5v5 mactf06 fill=5 900s ----
STEALS=4  CAPS=1  RETURNS=3
KILLS=236
HOOK: fires=1170 lands=640 fails=389
SHELVES=36  DEADDOORS=0  CYCLES=1
acts: swim=11 lift=17 tele=10 rj=8
roles: escort_samples=331 recover_samples=510
attacker floors: {}
defenders: 0 distinct 100u-cells, moving=0 still=0
chat lines: 337 | sample: (Arach[SG]): haste rune at our base
kills by weapon: blaster=0 rail=167 rocket=48 mg=0 cg=1 hb=0 ssg=1
ACC w2 fires=26 hits=12
ACC w4 fires=6 hits=5
ACC w6 fires=721 hits=107
ACC w7 fires=42 hits=3
ACC w8 fires=2105 hits=210
ACC w0 fires=39 hits=3
ACC w1 fires=6 hits=4
ACC w2 fires=26 hits=12
ACC w4 fires=6 hits=5
ACC w6 fires=721 hits=107
ACC w7 fires=42 hits=3
ACC w8 fires=2111 hits=210
---- s04-5v5 mactf06 fill=5 900s ----
STEALS=11  CAPS=2  RETURNS=8
KILLS=219
HOOK: fires=1191 lands=625 fails=351
SHELVES=22  DEADDOORS=0  CYCLES=1
acts: swim=20 lift=8 tele=13 rj=21
roles: escort_samples=273 recover_samples=747
attacker floors: {}
defenders: 0 distinct 100u-cells, moving=0 still=0
chat lines: 390 | sample: (Arach[SG]): haste rune at our base
kills by weapon: blaster=0 rail=161 rocket=38 mg=0 cg=0 hb=0 ssg=0
ACC w0 fires=25 hits=5
ACC w6 fires=730 hits=93
ACC w7 fires=6 hits=1
ACC w8 fires=1839 hits=201
ACC w0 fires=25 hits=5
ACC w6 fires=735 hits=94
ACC w7 fires=6 hits=1
ACC w8 fires=1847 hits=201
ACC w0 fires=25 hits=5
ACC w6 fires=735 hits=94
ACC w7 fires=6 hits=1
ACC w8 fires=1848 hits=202
---- s05-5v5 lmctf22 fill=5 900s ----
STEALS=11  CAPS=8  RETURNS=3
KILLS=146
HOOK: fires=1473 lands=693 fails=286
SHELVES=87  DEADDOORS=0  CYCLES=4
acts: swim=7 lift=5 tele=19 rj=13
roles: escort_samples=608 recover_samples=1241
attacker floors: {}
defenders: 0 distinct 100u-cells, moving=0 still=0
chat lines: 242 | sample: (Caco[SG]): resist rune at our base
kills by weapon: blaster=0 rail=101 rocket=28 mg=0 cg=1 hb=0 ssg=0
ACC w0 fires=11 hits=4
ACC w2 fires=4 hits=0
ACC w4 fires=19 hits=19
ACC w6 fires=396 hits=69
ACC w7 fires=15 hits=5
ACC w8 fires=1115 hits=117
ACC w0 fires=11 hits=4
ACC w2 fires=4 hits=0
ACC w4 fires=19 hits=19
ACC w6 fires=396 hits=69
ACC w7 fires=15 hits=5
ACC w8 fires=1115 hits=117
---- s06-5v3 lmctf44 fill=5:3 900s ----
STEALS=8  CAPS=2  RETURNS=6
KILLS=62
HOOK: fires=942 lands=446 fails=204
SHELVES=63  DEADDOORS=0  CYCLES=3
acts: swim=10 lift=11 tele=34 rj=14
roles: escort_samples=193 recover_samples=547
attacker floors: {}
defenders: 0 distinct 100u-cells, moving=0 still=0
chat lines: 143 | sample: Rune[SG]: here we go again
kills by weapon: blaster=0 rail=39 rocket=11 mg=0 cg=0 hb=0 ssg=0
ACC w7 fires=27 hits=6
ACC w8 fires=513 hits=48
ACC w0 fires=1 hits=1
ACC w4 fires=12 hits=3
ACC w6 fires=221 hits=41
ACC w7 fires=27 hits=6
ACC w8 fires=513 hits=48
ACC w0 fires=1 hits=1
ACC w4 fires=12 hits=3
ACC w6 fires=225 hits=42
ACC w7 fires=27 hits=6
ACC w8 fires=518 hits=49
---- s07-5v3 lmctf44 fill=5:3 900s ----
STEALS=4  CAPS=0  RETURNS=3
KILLS=49
HOOK: fires=720 lands=329 fails=182
SHELVES=44  DEADDOORS=0  CYCLES=1
acts: swim=59 lift=10 tele=11 rj=0
roles: escort_samples=39 recover_samples=255
attacker floors: {}
defenders: 0 distinct 100u-cells, moving=0 still=0
chat lines: 113 | sample: Rune[SG]: lovely
kills by weapon: blaster=0 rail=35 rocket=9 mg=0 cg=0 hb=0 ssg=0
ACC w7 fires=17 hits=2
ACC w8 fires=461 hits=41
ACC w0 fires=9 hits=2
ACC w2 fires=5 hits=10
ACC w6 fires=144 hits=18
ACC w7 fires=17 hits=2
ACC w8 fires=462 hits=42
ACC w0 fires=9 hits=2
ACC w2 fires=5 hits=10
ACC w6 fires=149 hits=18
ACC w7 fires=17 hits=2
ACC w8 fires=480 hits=44
---- s08-7v7 lmctf09 fill=7 600s ----
STEALS=2  CAPS=0  RETURNS=2
KILLS=143
HOOK: fires=1386 lands=623 fails=412
SHELVES=97  DEADDOORS=0  CYCLES=0
acts: swim=6 lift=5 tele=8 rj=3
roles: escort_samples=66 recover_samples=118
attacker floors: {}
defenders: 0 distinct 100u-cells, moving=0 still=0
chat lines: 181 | sample: (Caco[SG]): damage rune at our base
kills by weapon: blaster=0 rail=97 rocket=29 mg=0 cg=0 hb=0 ssg=0
ACC w0 fires=28 hits=2
ACC w4 fires=6 hits=3
ACC w6 fires=403 hits=59
ACC w8 fires=1223 hits=120
ACC w0 fires=28 hits=2
ACC w4 fires=6 hits=3
ACC w6 fires=432 hits=61
ACC w8 fires=1235 hits=121
ACC w0 fires=28 hits=2
ACC w4 fires=6 hits=3
ACC w6 fires=432 hits=61
ACC w8 fires=1261 hits=121
---- s09-ctrl lmctf01 fill=5 900s ----
STEALS=2  CAPS=1  RETURNS=1
KILLS=150
HOOK: fires=1081 lands=464 fails=274
SHELVES=329  DEADDOORS=0  CYCLES=6
acts: swim=157 lift=12 tele=20 rj=25
roles: escort_samples=259 recover_samples=850
attacker floors: {}
defenders: 0 distinct 100u-cells, moving=0 still=0
chat lines: 158 | sample: (Arach[SG]): rune by the Health
kills by weapon: blaster=0 rail=92 rocket=43 mg=0 cg=0 hb=0 ssg=0
ACC w0 fires=108 hits=12
ACC w2 fires=4 hits=0
ACC w6 fires=612 hits=83
ACC w8 fires=851 hits=96
ACC w0 fires=108 hits=12
ACC w2 fires=4 hits=0
ACC w6 fires=612 hits=83
ACC w8 fires=855 hits=99
ACC w0 fires=108 hits=12
ACC w2 fires=4 hits=0
ACC w6 fires=612 hits=83
ACC w8 fires=856 hits=100
---- s10-5v1 smap05 fill=5:1 600s ----
STEALS=6  CAPS=3  RETURNS=2
KILLS=29
HOOK: fires=400 lands=146 fails=90
SHELVES=44  DEADDOORS=0  CYCLES=2
acts: swim=27 lift=21 tele=0 rj=13
roles: escort_samples=505 recover_samples=451
attacker floors: {}
defenders: 0 distinct 100u-cells, moving=0 still=0
chat lines: 77 | sample: (Arach[SG]): haste rune at the rg
kills by weapon: blaster=0 rail=21 rocket=8 mg=0 cg=0 hb=0 ssg=0
ACC w6 fires=93 hits=13
ACC w8 fires=316 hits=22
ACC w6 fires=97 hits=13
ACC w8 fires=326 hits=22
ACC w6 fires=101 hits=14
ACC w8 fires=331 hits=22
ACC w6 fires=101 hits=14
ACC w8 fires=342 hits=22
ACC w6 fires=101 hits=14
ACC w8 fires=342 hits=22
ACC w6 fires=101 hits=14
ACC w8 fires=342 hits=22
./iterate2.sh: line 249: WCFG: unbound variable
