=== WAVE 339 (free layout) ===
---- s01-2v2 lmctf03 fill=2 600s ----
STEALS=0  CAPS=0  RETURNS=0
KILLS=5
HOOK: fires=85 lands=39 fails=23
SHELVES=62  DEADDOORS=1  CYCLES=0
acts: swim=0 lift=1 tele=0 rj=0
roles: escort_samples=0 recover_samples=0
attacker floors: {}
defenders: 0 distinct 100u-cells, moving=0 still=0
chat lines: 48 | sample: (Arach[SG]): rune by the Bullets
kills by weapon: blaster=0 rail=2 rocket=3 mg=0 cg=0 hb=0 ssg=0
ACC w6 fires=26 hits=5
ACC w8 fires=2 hits=2
ACC w6 fires=26 hits=5
ACC w8 fires=2 hits=2
ACC w6 fires=26 hits=5
ACC w8 fires=2 hits=2
ACC w6 fires=26 hits=5
ACC w8 fires=2 hits=2
ACC w6 fires=26 hits=5
ACC w8 fires=2 hits=2
ACC w6 fires=26 hits=5
ACC w8 fires=2 hits=2
---- s02-2v2 lmctf03 fill=2 600s ----
STEALS=1  CAPS=0  RETURNS=0
KILLS=9
HOOK: fires=169 lands=79 fails=39
SHELVES=38  DEADDOORS=12  CYCLES=0
acts: swim=0 lift=0 tele=0 rj=0
roles: escort_samples=27 recover_samples=58
attacker floors: {}
defenders: 0 distinct 100u-cells, moving=0 still=0
chat lines: 49 | sample: (Arach[SG]): damage rune at our base
kills by weapon: blaster=0 rail=4 rocket=4 mg=0 cg=0 hb=0 ssg=0
ACC w0 fires=1 hits=0
ACC w4 fires=3 hits=1
ACC w6 fires=36 hits=5
ACC w8 fires=26 hits=5
ACC w0 fires=1 hits=0
ACC w4 fires=3 hits=1
ACC w6 fires=36 hits=5
ACC w8 fires=26 hits=5
ACC w0 fires=1 hits=0
ACC w4 fires=3 hits=1
ACC w6 fires=36 hits=5
ACC w8 fires=26 hits=5
---- s03-5v5 lmctf22 fill=5 900s ----
STEALS=9  CAPS=4  RETURNS=5
KILLS=162
HOOK: fires=1500 lands=724 fails=266
SHELVES=68  DEADDOORS=0  CYCLES=0
acts: swim=8 lift=5 tele=12 rj=18
roles: escort_samples=402 recover_samples=755
attacker floors: {}
defenders: 0 distinct 100u-cells, moving=0 still=0
chat lines: 272 | sample: (Arach[SG]): resist rune at the hb
kills by weapon: blaster=0 rail=110 rocket=34 mg=0 cg=0 hb=0 ssg=1
ACC w0 fires=3 hits=2
ACC w2 fires=7 hits=17
ACC w4 fires=5 hits=19
ACC w6 fires=399 hits=70
ACC w7 fires=8 hits=2
ACC w8 fires=1089 hits=123
ACC w0 fires=3 hits=2
ACC w2 fires=7 hits=17
ACC w4 fires=5 hits=19
ACC w6 fires=399 hits=70
ACC w7 fires=8 hits=2
ACC w8 fires=1090 hits=124
---- s04-5v5 lmctf22 fill=5 900s ----
STEALS=13  CAPS=8  RETURNS=5
KILLS=145
HOOK: fires=1579 lands=719 fails=256
SHELVES=56  DEADDOORS=0  CYCLES=6
acts: swim=4 lift=12 tele=16 rj=13
roles: escort_samples=722 recover_samples=1375
attacker floors: {}
defenders: 0 distinct 100u-cells, moving=0 still=0
chat lines: 272 | sample: (Arach[SG]): rune by the Enemy Flag
kills by weapon: blaster=0 rail=95 rocket=29 mg=0 cg=0 hb=1 ssg=0
ACC w0 fires=6 hits=0
ACC w2 fires=4 hits=0
ACC w4 fires=1 hits=0
ACC w6 fires=397 hits=61
ACC w7 fires=16 hits=10
ACC w8 fires=1090 hits=111
ACC w0 fires=6 hits=0
ACC w2 fires=4 hits=0
ACC w4 fires=1 hits=0
ACC w6 fires=397 hits=61
ACC w7 fires=16 hits=10
ACC w8 fires=1094 hits=111
---- s05-5v5 mactf06 fill=5 900s ----
STEALS=6  CAPS=0  RETURNS=5
KILLS=235
HOOK: fires=1121 lands=609 fails=385
SHELVES=26  DEADDOORS=0  CYCLES=2
acts: swim=6 lift=17 tele=8 rj=2
roles: escort_samples=242 recover_samples=386
attacker floors: {}
defenders: 0 distinct 100u-cells, moving=0 still=0
chat lines: 360 | sample: (Arach[SG]): haste rune at our base
kills by weapon: blaster=1 rail=162 rocket=57 mg=1 cg=0 hb=2 ssg=0
ACC w2 fires=10 hits=11
ACC w3 fires=27 hits=10
ACC w6 fires=751 hits=114
ACC w7 fires=60 hits=16
ACC w8 fires=1899 hits=200
ACC w0 fires=114 hits=11
ACC w1 fires=50 hits=18
ACC w2 fires=10 hits=11
ACC w3 fires=27 hits=10
ACC w6 fires=754 hits=114
ACC w7 fires=60 hits=16
ACC w8 fires=1904 hits=201
---- s06-5v3 lmctf44 fill=5:3 900s ----
STEALS=5  CAPS=1  RETURNS=3
KILLS=56
HOOK: fires=803 lands=377 fails=186
SHELVES=45  DEADDOORS=0  CYCLES=0
acts: swim=15 lift=23 tele=15 rj=31
roles: escort_samples=65 recover_samples=143
attacker floors: {}
defenders: 0 distinct 100u-cells, moving=0 still=0
chat lines: 117 | sample: Rune[SG]: evening
kills by weapon: blaster=0 rail=38 rocket=11 mg=0 cg=0 hb=2 ssg=3
ACC w0 fires=3 hits=1
ACC w2 fires=16 hits=35
ACC w4 fires=28 hits=40
ACC w6 fires=148 hits=18
ACC w7 fires=152 hits=33
ACC w8 fires=448 hits=57
ACC w0 fires=3 hits=1
ACC w2 fires=16 hits=35
ACC w4 fires=28 hits=40
ACC w6 fires=148 hits=18
ACC w7 fires=152 hits=33
ACC w8 fires=448 hits=57
---- s07-5v3 lmctf44 fill=5:3 900s ----
STEALS=6  CAPS=0  RETURNS=6
KILLS=60
HOOK: fires=858 lands=404 fails=222
SHELVES=50  DEADDOORS=0  CYCLES=1
acts: swim=38 lift=20 tele=46 rj=1
roles: escort_samples=55 recover_samples=178
attacker floors: {}
defenders: 0 distinct 100u-cells, moving=0 still=0
chat lines: 136 | sample: Rune[SG]: here we go again
kills by weapon: blaster=0 rail=52 rocket=5 mg=0 cg=0 hb=0 ssg=0
ACC w7 fires=10 hits=2
ACC w8 fires=519 hits=65
ACC w0 fires=12 hits=0
ACC w2 fires=1 hits=0
ACC w6 fires=128 hits=19
ACC w7 fires=10 hits=2
ACC w8 fires=519 hits=65
ACC w0 fires=12 hits=0
ACC w2 fires=1 hits=0
ACC w6 fires=128 hits=19
ACC w7 fires=10 hits=2
ACC w8 fires=519 hits=65
---- s08-7v7 lmctf09 fill=7 600s ----
STEALS=2  CAPS=0  RETURNS=1
KILLS=152
HOOK: fires=1303 lands=625 fails=400
SHELVES=42  DEADDOORS=0  CYCLES=0
acts: swim=15 lift=6 tele=6 rj=10
roles: escort_samples=81 recover_samples=131
attacker floors: {}
defenders: 0 distinct 100u-cells, moving=0 still=0
chat lines: 157 | sample: (Slip[SG]): damage rune at our base
kills by weapon: blaster=1 rail=104 rocket=32 mg=0 cg=1 hb=0 ssg=0
ACC w0 fires=29 hits=6
ACC w4 fires=19 hits=19
ACC w6 fires=520 hits=74
ACC w8 fires=1251 hits=118
ACC w0 fires=29 hits=6
ACC w4 fires=19 hits=19
ACC w6 fires=520 hits=74
ACC w8 fires=1255 hits=119
ACC w0 fires=29 hits=6
ACC w4 fires=19 hits=19
ACC w6 fires=527 hits=74
ACC w8 fires=1286 hits=120
---- s09-ctrl lmctf01 fill=5 900s ----
STEALS=1  CAPS=0  RETURNS=1
KILLS=111
HOOK: fires=898 lands=400 fails=238
SHELVES=322  DEADDOORS=0  CYCLES=0
acts: swim=234 lift=23 tele=42 rj=10
roles: escort_samples=10 recover_samples=40
attacker floors: {}
defenders: 0 distinct 100u-cells, moving=0 still=0
chat lines: 114 | sample: (Arach[SG]): rune by the Rockets
kills by weapon: blaster=0 rail=73 rocket=29 mg=0 cg=0 hb=0 ssg=0
ACC w0 fires=49 hits=9
ACC w2 fires=5 hits=6
ACC w6 fires=374 hits=53
ACC w8 fires=511 hits=75
ACC w0 fires=49 hits=9
ACC w2 fires=5 hits=6
ACC w6 fires=375 hits=55
ACC w8 fires=511 hits=75
ACC w0 fires=49 hits=9
ACC w2 fires=5 hits=6
ACC w6 fires=379 hits=56
ACC w8 fires=512 hits=76
---- s10-5v1 smap05 fill=5:0 600s ----
STEALS=5  CAPS=4  RETURNS=0
KILLS=0
HOOK: fires=261 lands=103 fails=62
SHELVES=51  DEADDOORS=0  CYCLES=2
acts: swim=18 lift=0 tele=0 rj=0
roles: escort_samples=652 recover_samples=0
attacker floors: {}
defenders: 0 distinct 100u-cells, moving=0 still=0
chat lines: 32 | sample: (Arach[SG]): haste rune at the rg
kills by weapon: blaster=0 rail=0 rocket=0 mg=0 cg=0 hb=0 ssg=0
