=== WAVE 350 (free layout) ===
---- s01-2v2 lmctf03 fill=2 600s ----
STEALS=2  CAPS=1  RETURNS=1
KILLS=17
HOOK: fires=208 lands=71 fails=30
SHELVES=44  DEADDOORS=2  CYCLES=0
acts: swim=5 lift=21 tele=13 rj=11
roles: escort_samples=101 recover_samples=100
attacker floors: {}
defenders: 0 distinct 100u-cells, moving=0 still=0
chat lines: 73 | sample: (Arach[SG]): damage rune at our base
kills by weapon: blaster=0 rail=9 rocket=7 mg=0 cg=0 hb=0 ssg=1
ACC w2 fires=20 hits=35
ACC w6 fires=37 hits=9
ACC w8 fires=87 hits=10
ACC w2 fires=20 hits=35
ACC w6 fires=37 hits=9
ACC w8 fires=87 hits=10
ACC w2 fires=20 hits=35
ACC w6 fires=37 hits=9
ACC w8 fires=88 hits=11
ACC w2 fires=20 hits=35
ACC w6 fires=37 hits=9
ACC w8 fires=88 hits=11
---- s02-5v0 smap05 fill=5:0 600s ----
STEALS=4  CAPS=4  RETURNS=0
KILLS=0
HOOK: fires=285 lands=95 fails=73
SHELVES=28  DEADDOORS=0  CYCLES=5
acts: swim=60 lift=0 tele=0 rj=0
roles: escort_samples=550 recover_samples=0
attacker floors: {}
defenders: 0 distinct 100u-cells, moving=0 still=0
chat lines: 35 | sample: (Arach[SG]): haste rune at the rg
kills by weapon: blaster=0 rail=0 rocket=0 mg=0 cg=0 hb=0 ssg=0
---- s03-5v5 mactf06 fill=5 900s ----
STEALS=12  CAPS=1  RETURNS=7
KILLS=248
HOOK: fires=1307 lands=701 fails=398
SHELVES=22  DEADDOORS=0  CYCLES=1
acts: swim=7 lift=5 tele=14 rj=9
roles: escort_samples=334 recover_samples=873
attacker floors: {}
defenders: 0 distinct 100u-cells, moving=0 still=0
chat lines: 411 | sample: (Arach[SG]): haste rune at our base
kills by weapon: blaster=0 rail=184 rocket=46 mg=0 cg=0 hb=0 ssg=2
ACC w1 fires=55 hits=60
ACC w2 fires=2 hits=0
ACC w6 fires=818 hits=102
ACC w7 fires=17 hits=4
ACC w8 fires=2224 hits=233
ACC w0 fires=46 hits=3
ACC w1 fires=55 hits=60
ACC w2 fires=6 hits=0
ACC w3 fires=5 hits=1
ACC w6 fires=825 hits=103
ACC w7 fires=17 hits=4
ACC w8 fires=2243 hits=235
---- s04-5v5 mactf06 fill=5 900s ----
STEALS=8  CAPS=2  RETURNS=5
KILLS=198
HOOK: fires=1275 lands=680 fails=398
SHELVES=23  DEADDOORS=0  CYCLES=3
acts: swim=8 lift=9 tele=11 rj=8
roles: escort_samples=476 recover_samples=915
attacker floors: {}
defenders: 0 distinct 100u-cells, moving=0 still=0
chat lines: 371 | sample: (Arach[SG]): haste rune at our base
kills by weapon: blaster=0 rail=142 rocket=42 mg=0 cg=0 hb=0 ssg=3
ACC w0 fires=37 hits=2
ACC w1 fires=58 hits=55
ACC w2 fires=28 hits=21
ACC w6 fires=720 hits=90
ACC w7 fires=14 hits=3
ACC w8 fires=1760 hits=181
ACC w0 fires=37 hits=2
ACC w1 fires=58 hits=55
ACC w2 fires=28 hits=21
ACC w6 fires=720 hits=90
ACC w7 fires=14 hits=3
ACC w8 fires=1760 hits=181
---- s05-5v5 lmctf22 fill=5 900s ----
STEALS=10  CAPS=4  RETURNS=5
KILLS=151
HOOK: fires=1555 lands=733 fails=280
SHELVES=66  DEADDOORS=0  CYCLES=1
acts: swim=3 lift=7 tele=10 rj=10
roles: escort_samples=243 recover_samples=936
attacker floors: {}
defenders: 0 distinct 100u-cells, moving=0 still=0
chat lines: 277 | sample: (Slip[SG]): rune by the Machinegun
kills by weapon: blaster=0 rail=108 rocket=29 mg=0 cg=0 hb=0 ssg=2
ACC w3 fires=5 hits=2
ACC w4 fires=10 hits=9
ACC w6 fires=322 hits=73
ACC w7 fires=13 hits=1
ACC w8 fires=1135 hits=123
ACC w0 fires=5 hits=1
ACC w2 fires=7 hits=38
ACC w3 fires=5 hits=2
ACC w4 fires=10 hits=9
ACC w6 fires=324 hits=74
ACC w7 fires=13 hits=1
ACC w8 fires=1161 hits=124
---- s06-5v3 lmctf44 fill=5:3 900s ----
STEALS=5  CAPS=0  RETURNS=5
KILLS=78
HOOK: fires=875 lands=440 fails=243
SHELVES=71  DEADDOORS=0  CYCLES=0
acts: swim=24 lift=18 tele=7 rj=15
roles: escort_samples=90 recover_samples=247
attacker floors: {}
defenders: 0 distinct 100u-cells, moving=0 still=0
chat lines: 134 | sample: Rune[SG]: back for more
kills by weapon: blaster=0 rail=53 rocket=12 mg=0 cg=1 hb=2 ssg=2
ACC w0 fires=5 hits=2
ACC w2 fires=43 hits=40
ACC w4 fires=11 hits=20
ACC w6 fires=164 hits=27
ACC w7 fires=41 hits=12
ACC w8 fires=711 hits=66
ACC w0 fires=5 hits=2
ACC w2 fires=43 hits=40
ACC w4 fires=11 hits=20
ACC w6 fires=164 hits=27
ACC w7 fires=41 hits=12
ACC w8 fires=711 hits=66
---- s07-5v3 lmctf44 fill=5:3 900s ----
STEALS=7  CAPS=1  RETURNS=3
KILLS=67
HOOK: fires=902 lands=448 fails=230
SHELVES=63  DEADDOORS=0  CYCLES=2
acts: swim=11 lift=30 tele=31 rj=24
roles: escort_samples=212 recover_samples=489
attacker floors: {}
defenders: 0 distinct 100u-cells, moving=0 still=0
chat lines: 143 | sample: Rune[SG]: right then
kills by weapon: blaster=0 rail=43 rocket=16 mg=0 cg=0 hb=0 ssg=1
ACC w0 fires=7 hits=1
ACC w2 fires=3 hits=6
ACC w4 fires=14 hits=18
ACC w6 fires=177 hits=27
ACC w7 fires=6 hits=1
ACC w8 fires=611 hits=57
ACC w0 fires=7 hits=1
ACC w2 fires=3 hits=6
ACC w4 fires=14 hits=18
ACC w6 fires=177 hits=27
ACC w7 fires=6 hits=1
ACC w8 fires=614 hits=57
---- s08-7v7 lmctf09 fill=7 600s ----
STEALS=4  CAPS=0  RETURNS=3
KILLS=158
HOOK: fires=1378 lands=604 fails=395
SHELVES=105  DEADDOORS=0  CYCLES=4
acts: swim=9 lift=10 tele=2 rj=7
roles: escort_samples=268 recover_samples=774
attacker floors: {}
defenders: 0 distinct 100u-cells, moving=0 still=0
chat lines: 158 | sample: (Caco[SG]): damage rune at our base
kills by weapon: blaster=0 rail=114 rocket=29 mg=0 cg=0 hb=0 ssg=0
ACC w0 fires=53 hits=8
ACC w4 fires=15 hits=17
ACC w6 fires=501 hits=59
ACC w8 fires=1358 hits=134
ACC w0 fires=53 hits=8
ACC w4 fires=15 hits=17
ACC w6 fires=501 hits=59
ACC w8 fires=1358 hits=134
ACC w0 fires=53 hits=8
ACC w4 fires=15 hits=17
ACC w6 fires=501 hits=59
ACC w8 fires=1358 hits=134
---- s09-ctrl lmctf01 fill=5 900s ----
STEALS=0  CAPS=0  RETURNS=0
KILLS=101
HOOK: fires=826 lands=328 fails=202
SHELVES=285  DEADDOORS=0  CYCLES=0
acts: swim=266 lift=0 tele=4 rj=7
roles: escort_samples=0 recover_samples=0
attacker floors: {}
defenders: 0 distinct 100u-cells, moving=0 still=0
chat lines: 111 | sample: (Arach[SG]): rune by the Health
kills by weapon: blaster=0 rail=56 rocket=34 mg=0 cg=0 hb=0 ssg=1
ACC w0 fires=15 hits=1
ACC w2 fires=5 hits=6
ACC w6 fires=454 hits=72
ACC w8 fires=622 hits=59
ACC w0 fires=15 hits=1
ACC w2 fires=5 hits=6
ACC w6 fires=454 hits=72
ACC w8 fires=622 hits=59
ACC w0 fires=15 hits=1
ACC w2 fires=5 hits=6
ACC w6 fires=454 hits=72
ACC w8 fires=622 hits=59
---- s10-5v1 smap05 fill=5:1 600s ----
STEALS=5  CAPS=4  RETURNS=1
KILLS=29
HOOK: fires=447 lands=178 fails=117
SHELVES=63  DEADDOORS=0  CYCLES=0
acts: swim=21 lift=10 tele=6 rj=37
roles: escort_samples=572 recover_samples=204
attacker floors: {}
defenders: 0 distinct 100u-cells, moving=0 still=0
chat lines: 95 | sample: (Arach[SG]): haste rune at the rg
kills by weapon: blaster=0 rail=18 rocket=6 mg=0 cg=0 hb=0 ssg=0
ACC w6 fires=107 hits=13
ACC w8 fires=318 hits=19
ACC w6 fires=107 hits=13
ACC w8 fires=318 hits=19
ACC w6 fires=107 hits=13
ACC w8 fires=318 hits=19
ACC w6 fires=107 hits=13
ACC w8 fires=318 hits=19
ACC w6 fires=107 hits=13
ACC w8 fires=318 hits=19
ACC w6 fires=107 hits=13
ACC w8 fires=318 hits=19
./iterate2.sh: line 243: WCFG: unbound variable
