=== WAVE 310 (free layout) ===
---- s01-2v2 lmctf03 fill=2 600s ----
STEALS=0  CAPS=0  RETURNS=0
KILLS=1
HOOK: fires=53 lands=21 fails=6
SHELVES=23  DEADDOORS=2  CYCLES=0
acts: swim=0 lift=0 tele=0 rj=0
roles: escort_samples=0 recover_samples=0
attacker floors: {}
defenders: 0 distinct 100u-cells, moving=0 still=0
chat lines: 23 | sample: (Caco[SG]): damage rune at yellow armor
kills by weapon: blaster=0 rail=1 rocket=0 mg=0 cg=0 hb=0 ssg=0
ACC w8 fires=11 hits=1
ACC w8 fires=11 hits=1
ACC w8 fires=11 hits=1
ACC w8 fires=11 hits=1
ACC w8 fires=11 hits=1
ACC w8 fires=11 hits=1
ACC w8 fires=11 hits=1
ACC w8 fires=11 hits=1
ACC w8 fires=11 hits=1
ACC w8 fires=11 hits=1
ACC w8 fires=11 hits=1
ACC w8 fires=11 hits=1
---- s02-2v2 lmctf03 fill=2 600s ----
STEALS=0  CAPS=0  RETURNS=0
KILLS=4
HOOK: fires=64 lands=18 fails=2
SHELVES=13  DEADDOORS=2  CYCLES=0
acts: swim=0 lift=0 tele=0 rj=0
roles: escort_samples=0 recover_samples=0
attacker floors: {}
defenders: 0 distinct 100u-cells, moving=0 still=0
chat lines: 23 | sample: (Arach[SG]): damage rune at our base
kills by weapon: blaster=0 rail=3 rocket=1 mg=0 cg=0 hb=0 ssg=0
ACC w6 fires=19 hits=5
ACC w8 fires=38 hits=4
ACC w6 fires=19 hits=5
ACC w8 fires=38 hits=4
ACC w6 fires=19 hits=5
ACC w8 fires=38 hits=4
ACC w6 fires=19 hits=5
ACC w8 fires=38 hits=4
ACC w6 fires=19 hits=5
ACC w8 fires=38 hits=4
ACC w6 fires=19 hits=5
ACC w8 fires=38 hits=4
---- s03-5v5 lmctf22 fill=5 900s ----
STEALS=0  CAPS=0  RETURNS=0
KILLS=26
HOOK: fires=296 lands=131 fails=54
SHELVES=24  DEADDOORS=0  CYCLES=0
acts: swim=0 lift=11 tele=14 rj=0
roles: escort_samples=0 recover_samples=0
attacker floors: {}
defenders: 0 distinct 100u-cells, moving=0 still=0
chat lines: 37 | sample: (Caco[SG]): resist rune at our base
kills by weapon: blaster=0 rail=19 rocket=6 mg=0 cg=0 hb=0 ssg=0
ACC w6 fires=55 hits=15
ACC w8 fires=280 hits=21
ACC w6 fires=55 hits=15
ACC w8 fires=280 hits=21
ACC w6 fires=55 hits=15
ACC w8 fires=281 hits=22
ACC w6 fires=55 hits=15
ACC w8 fires=281 hits=22
ACC w6 fires=55 hits=15
ACC w8 fires=281 hits=22
ACC w6 fires=55 hits=15
ACC w8 fires=283 hits=23
---- s04-5v5 lmctf22 fill=5 900s ----
STEALS=0  CAPS=0  RETURNS=0
KILLS=21
HOOK: fires=248 lands=110 fails=40
SHELVES=18  DEADDOORS=0  CYCLES=0
acts: swim=0 lift=0 tele=0 rj=1
roles: escort_samples=0 recover_samples=0
attacker floors: {}
defenders: 0 distinct 100u-cells, moving=0 still=0
chat lines: 53 | sample: (Rune[SG]): regen rune at the hb
kills by weapon: blaster=0 rail=10 rocket=8 mg=0 cg=0 hb=0 ssg=2
ACC w0 fires=1 hits=1
ACC w2 fires=21 hits=30
ACC w6 fires=40 hits=11
ACC w8 fires=204 hits=12
ACC w0 fires=1 hits=1
ACC w2 fires=21 hits=30
ACC w6 fires=40 hits=11
ACC w8 fires=204 hits=12
ACC w0 fires=1 hits=1
ACC w2 fires=21 hits=30
ACC w6 fires=40 hits=11
ACC w8 fires=207 hits=12
---- s05-5v5 mactf06 fill=5 900s ----
STEALS=0  CAPS=0  RETURNS=0
KILLS=5
HOOK: fires=267 lands=117 fails=81
SHELVES=15  DEADDOORS=0  CYCLES=0
acts: swim=0 lift=18 tele=0 rj=0
roles: escort_samples=0 recover_samples=0
attacker floors: {}
defenders: 0 distinct 100u-cells, moving=0 still=0
chat lines: 59 | sample: (Arach[SG]): haste rune at our base
kills by weapon: blaster=0 rail=3 rocket=0 mg=0 cg=0 hb=0 ssg=0
ACC w0 fires=1 hits=0
ACC w6 fires=39 hits=5
ACC w8 fires=150 hits=5
ACC w0 fires=1 hits=0
ACC w6 fires=39 hits=5
ACC w8 fires=150 hits=5
ACC w0 fires=1 hits=0
ACC w6 fires=39 hits=5
ACC w8 fires=150 hits=5
ACC w0 fires=1 hits=0
ACC w6 fires=39 hits=5
ACC w8 fires=150 hits=5
---- s06-5v3 lmctf44 fill=5:3 900s ----
STEALS=0  CAPS=0  RETURNS=0
KILLS=6
HOOK: fires=194 lands=84 fails=52
SHELVES=9  DEADDOORS=0  CYCLES=0
acts: swim=0 lift=1 tele=0 rj=0
roles: escort_samples=0 recover_samples=0
attacker floors: {}
defenders: 0 distinct 100u-cells, moving=0 still=0
chat lines: 24 | sample: Rune[SG]: evening
kills by weapon: blaster=0 rail=2 rocket=2 mg=0 cg=0 hb=0 ssg=0
ACC w6 fires=30 hits=8
ACC w8 fires=39 hits=4
ACC w6 fires=30 hits=8
ACC w8 fires=39 hits=4
ACC w6 fires=30 hits=8
ACC w8 fires=39 hits=4
ACC w6 fires=30 hits=8
ACC w8 fires=39 hits=4
ACC w6 fires=30 hits=8
ACC w8 fires=39 hits=4
ACC w6 fires=30 hits=8
ACC w8 fires=39 hits=4
---- s07-5v3 lmctf44 fill=5:3 900s ----
STEALS=0  CAPS=0  RETURNS=0
KILLS=1
HOOK: fires=182 lands=58 fails=30
SHELVES=3  DEADDOORS=0  CYCLES=0
acts: swim=24 lift=0 tele=0 rj=0
roles: escort_samples=0 recover_samples=0
attacker floors: {}
defenders: 0 distinct 100u-cells, moving=0 still=0
chat lines: 24 | sample: Rune[SG]: evening
kills by weapon: blaster=0 rail=0 rocket=0 mg=0 cg=0 hb=0 ssg=0
ACC w6 fires=5 hits=2
ACC w8 fires=3 hits=0
ACC w6 fires=5 hits=2
ACC w8 fires=3 hits=0
ACC w6 fires=5 hits=2
ACC w8 fires=3 hits=0
ACC w6 fires=5 hits=2
ACC w8 fires=3 hits=0
ACC w6 fires=5 hits=2
ACC w8 fires=3 hits=0
ACC w6 fires=5 hits=2
ACC w8 fires=3 hits=0
---- s08-7v7 lmctf09 fill=7 600s ----
STEALS=0  CAPS=0  RETURNS=0
KILLS=47
HOOK: fires=439 lands=168 fails=108
SHELVES=52  DEADDOORS=0  CYCLES=0
acts: swim=5 lift=0 tele=0 rj=3
roles: escort_samples=0 recover_samples=0
attacker floors: {}
defenders: 0 distinct 100u-cells, moving=0 still=0
chat lines: 55 | sample: Rune[SG]: lovely
kills by weapon: blaster=0 rail=35 rocket=1 mg=0 cg=0 hb=0 ssg=0
ACC w0 fires=2 hits=2
ACC w2 fires=4 hits=0
ACC w6 fires=122 hits=20
ACC w8 fires=409 hits=44
ACC w0 fires=2 hits=2
ACC w2 fires=4 hits=0
ACC w6 fires=124 hits=21
ACC w8 fires=418 hits=45
ACC w0 fires=2 hits=2
ACC w2 fires=4 hits=0
ACC w6 fires=124 hits=21
ACC w8 fires=434 hits=47
---- s09-ctrl lmctf01 fill=5 900s ----
STEALS=0  CAPS=0  RETURNS=0
KILLS=13
HOOK: fires=173 lands=70 fails=34
SHELVES=35  DEADDOORS=0  CYCLES=0
acts: swim=42 lift=5 tele=0 rj=1
roles: escort_samples=0 recover_samples=0
attacker floors: {}
defenders: 0 distinct 100u-cells, moving=0 still=0
chat lines: 32 | sample: (Arach[SG]): regen rune at our base
kills by weapon: blaster=0 rail=7 rocket=2 mg=0 cg=0 hb=0 ssg=0
ACC w6 fires=61 hits=8
ACC w8 fires=25 hits=4
ACC w6 fires=61 hits=8
ACC w8 fires=36 hits=5
ACC w6 fires=61 hits=8
ACC w8 fires=37 hits=6
ACC w6 fires=61 hits=8
ACC w8 fires=37 hits=6
ACC w6 fires=61 hits=8
ACC w8 fires=37 hits=6
ACC w6 fires=72 hits=9
ACC w8 fires=48 hits=7
---- s10-5v1 smap05 fill=5:1 600s ----
STEALS=1  CAPS=0  RETURNS=0
KILLS=3
HOOK: fires=153 lands=49 fails=26
SHELVES=11  DEADDOORS=0  CYCLES=0
acts: swim=0 lift=0 tele=0 rj=0
roles: escort_samples=206 recover_samples=133
attacker floors: {}
defenders: 0 distinct 100u-cells, moving=0 still=0
chat lines: 19 | sample: (Arach[SG]): haste rune at the rg
kills by weapon: blaster=0 rail=1 rocket=2 mg=0 cg=0 hb=0 ssg=0
ACC w0 fires=1 hits=0
ACC w6 fires=20 hits=4
ACC w8 fires=17 hits=1
ACC w0 fires=1 hits=0
ACC w6 fires=20 hits=4
ACC w8 fires=17 hits=1
ACC w0 fires=1 hits=0
ACC w6 fires=20 hits=4
ACC w8 fires=17 hits=1
ACC w0 fires=1 hits=0
ACC w6 fires=20 hits=4
ACC w8 fires=17 hits=1
./iterate2.sh: line 176: WCFG: unbound variable
