=== WAVE 280: duel=lmctf03 fives=mactf06,lmctf05,lmctf01,lmctf22,lmctf02c dens=lmctf09 ctrl=smap05 ===
---- s01-2v2 lmctf03 ----
STEALS=0  CAPS=0  RETURNS=0
KILLS=6
HOOK: fires=170 lands=58 fails=37
SHELVES=64  DEADDOORS=1  CYCLES=0
acts: swim=0 lift=0 tele=0 rj=0
roles: escort_samples=0 recover_samples=0
attacker floors: {}
defenders: 0 distinct 100u-cells, moving=0 still=0
chat lines: 54 | sample: (Caco[SG]): rune by the Shells
kills by weapon: blaster=0 rail=3 rocket=3 mg=0 cg=0 hb=0 ssg=1
ACC w1 fires=4 hits=0
ACC w2 fires=15 hits=18
ACC w6 fires=28 hits=6
ACC w8 fires=33 hits=3
ACC w1 fires=4 hits=0
ACC w2 fires=15 hits=18
ACC w6 fires=28 hits=6
ACC w8 fires=33 hits=3
ACC w1 fires=4 hits=0
ACC w2 fires=15 hits=18
ACC w6 fires=28 hits=6
ACC w8 fires=33 hits=3
EFF: attack=1.29 defend=1.20
BOT: Rune[SG]     eff=1.59 avg_spd=    3 max_spd= 777 dist=   1380 role=defend
BOT: Slip[SG]     eff=1.36 avg_spd=  188 max_spd= 777 dist=  79247 role=attack
BOT: Caco[SG]     eff=1.20 avg_spd=  151 max_spd= 778 dist=  57904 role=attack
BOT: Arach[SG]    eff=1.19 avg_spd=   45 max_spd= 776 dist=  22440 role=defend
---- s02-2v2 lmctf03 ----
STEALS=0  CAPS=0  RETURNS=0
KILLS=1
HOOK: fires=151 lands=21 fails=11
SHELVES=33  DEADDOORS=1  CYCLES=0
acts: swim=0 lift=0 tele=0 rj=0
roles: escort_samples=0 recover_samples=0
attacker floors: {}
defenders: 0 distinct 100u-cells, moving=0 still=0
chat lines: 30 | sample: (Arach[SG]): damage rune at our base
kills by weapon: blaster=0 rail=0 rocket=1 mg=0 cg=0 hb=0 ssg=0
ACC w6 fires=10 hits=2
ACC w8 fires=11 hits=0
ACC w6 fires=10 hits=2
ACC w8 fires=11 hits=0
ACC w6 fires=10 hits=2
ACC w8 fires=11 hits=0
ACC w6 fires=10 hits=2
ACC w8 fires=11 hits=0
ACC w6 fires=10 hits=2
ACC w8 fires=11 hits=0
ACC w6 fires=10 hits=2
ACC w8 fires=11 hits=0
EFF: attack=0.78 defend=1.36
BOT: Rune[SG]     eff=1.59 avg_spd=    3 max_spd= 777 dist=   1380 role=defend
BOT: Arach[SG]    eff=1.34 avg_spd=   24 max_spd= 749 dist=  11175 role=defend
BOT: Caco[SG]     eff=0.90 avg_spd=  155 max_spd= 754 dist=  64379 role=attack
BOT: Slip[SG]     eff=0.69 avg_spd=  256 max_spd= 789 dist=  93724 role=attack
---- s03-5v5 mactf06 ----
STEALS=1  CAPS=0  RETURNS=1
KILLS=93
HOOK: fires=787 lands=342 fails=214
SHELVES=55  DEADDOORS=0  CYCLES=1
acts: swim=10 lift=16 tele=10 rj=0
roles: escort_samples=61 recover_samples=180
attacker floors: {}
defenders: 0 distinct 100u-cells, moving=0 still=0
chat lines: 184 | sample: (Arach[SG]): haste rune at our base
kills by weapon: blaster=0 rail=78 rocket=9 mg=0 cg=0 hb=0 ssg=0
ACC w0 fires=11 hits=2
ACC w1 fires=7 hits=10
ACC w2 fires=1 hits=0
ACC w6 fires=204 hits=26
ACC w7 fires=1 hits=0
ACC w8 fires=871 hits=89
ACC w0 fires=11 hits=2
ACC w1 fires=7 hits=10
ACC w2 fires=1 hits=0
ACC w6 fires=208 hits=26
ACC w7 fires=1 hits=0
ACC w8 fires=887 hits=90
EFF: attack=1.41 defend=1.09 recover=0.65
BOT: Trace[SG]    eff=1.60 avg_spd=  206 max_spd= 772 dist=  87739 role=attack
BOT: Field[SG]    eff=1.55 avg_spd=  220 max_spd= 772 dist=  87419 role=attack
BOT: Vore[SG]     eff=1.40 avg_spd=  227 max_spd= 777 dist=  97685 role=attack
BOT: Rune[SG]     eff=1.32 avg_spd=   85 max_spd= 779 dist=  18906 role=defend
BOT: Caco[SG]     eff=1.27 avg_spd=  238 max_spd= 776 dist=  40841 role=defend
BOT: Fiend[SG]    eff=1.27 avg_spd=  233 max_spd= 783 dist=  98169 role=attack
BOT: Phase[SG]    eff=1.26 avg_spd=  228 max_spd= 777 dist=  91782 role=attack
BOT: Slip[SG]     eff=1.24 avg_spd=  224 max_spd= 800 dist=  95536 role=attack
BOT: Arach[SG]    eff=1.09 avg_spd=  153 max_spd= 736 dist=  22511 role=defend
BOT: Gate[SG]     eff=0.74 avg_spd=  240 max_spd= 782 dist=  44291 role=defend
---- s04-5v5 lmctf05 ----
STEALS=4  CAPS=0  RETURNS=4
KILLS=72
HOOK: fires=726 lands=239 fails=156
SHELVES=160  DEADDOORS=0  CYCLES=0
acts: swim=212 lift=11 tele=54 rj=12
roles: escort_samples=110 recover_samples=493
attacker floors: {}
defenders: 0 distinct 100u-cells, moving=0 still=0
chat lines: 95 | sample: (Arach[SG]): damage rune at the cg
kills by weapon: blaster=0 rail=59 rocket=7 mg=0 cg=0 hb=0 ssg=0
ACC w0 fires=4 hits=0
ACC w4 fires=4 hits=5
ACC w6 fires=169 hits=22
ACC w8 fires=496 hits=67
ACC w0 fires=4 hits=0
ACC w4 fires=4 hits=5
ACC w6 fires=169 hits=22
ACC w8 fires=496 hits=67
ACC w0 fires=4 hits=0
ACC w4 fires=4 hits=5
ACC w6 fires=169 hits=22
ACC w8 fires=496 hits=67
EFF: attack=1.95 defend=1.26 carry=2.76 recover=1.17 escort=0.97
BOT: Field[SG]    eff=2.15 avg_spd=  137 max_spd= 766 dist=  66716 role=attack
BOT: Slip[SG]     eff=2.09 avg_spd=  128 max_spd= 781 dist=  61659 role=attack
BOT: Fiend[SG]    eff=1.81 avg_spd=  170 max_spd= 771 dist=  48205 role=attack
BOT: Caco[SG]     eff=1.61 avg_spd=  207 max_spd= 779 dist=  66525 role=defend
BOT: Phase[SG]    eff=1.60 avg_spd=  162 max_spd= 763 dist=  71796 role=attack
BOT: Trace[SG]    eff=1.58 avg_spd=  150 max_spd= 781 dist=  68363 role=attack
BOT: Gate[SG]     eff=1.51 avg_spd=  202 max_spd= 784 dist=  80970 role=defend
BOT: Vore[SG]     eff=1.34 avg_spd=  182 max_spd= 776 dist=  48441 role=attack
BOT: Rune[SG]     eff=1.24 avg_spd=  138 max_spd= 771 dist=  40784 role=defend
BOT: Arach[SG]    eff=1.04 avg_spd=   85 max_spd= 809 dist=  26885 role=defend
---- s05-5v5 lmctf01 ----
STEALS=0  CAPS=0  RETURNS=0
KILLS=41
HOOK: fires=603 lands=219 fails=118
SHELVES=205  DEADDOORS=0  CYCLES=0
acts: swim=329 lift=33 tele=0 rj=46
roles: escort_samples=0 recover_samples=0
attacker floors: {}
defenders: 0 distinct 100u-cells, moving=0 still=0
chat lines: 59 | sample: (Arach[SG]): regen rune at our base
kills by weapon: blaster=0 rail=32 rocket=7 mg=0 cg=0 hb=0 ssg=0
ACC w0 fires=2 hits=0
ACC w6 fires=113 hits=11
ACC w8 fires=312 hits=36
ACC w0 fires=2 hits=0
ACC w6 fires=115 hits=11
ACC w8 fires=313 hits=37
ACC w0 fires=2 hits=0
ACC w6 fires=115 hits=11
ACC w8 fires=313 hits=37
ACC w0 fires=2 hits=0
ACC w6 fires=115 hits=11
ACC w8 fires=313 hits=37
EFF: attack=1.34 defend=0.64
BOT: Slip[SG]     eff=1.58 avg_spd=  174 max_spd= 777 dist=  80159 role=attack
BOT: Arach[SG]    eff=1.48 avg_spd=   16 max_spd= 773 dist=   7643 role=defend
BOT: Phase[SG]    eff=1.40 avg_spd=  185 max_spd= 790 dist=  76171 role=attack
BOT: Trace[SG]    eff=1.33 avg_spd=  139 max_spd= 780 dist=  60680 role=attack
BOT: Fiend[SG]    eff=1.32 avg_spd=  185 max_spd= 800 dist=  74523 role=attack
BOT: Field[SG]    eff=1.20 avg_spd=  188 max_spd= 775 dist=  74207 role=attack
BOT: Vore[SG]     eff=1.18 avg_spd=  173 max_spd= 794 dist=  71189 role=attack
BOT: Rune[SG]     eff=0.81 avg_spd=   12 max_spd= 461 dist=   3218 role=defend
BOT: Gate[SG]     eff=0.63 avg_spd=  216 max_spd= 761 dist=  36255 role=defend
BOT: Caco[SG]     eff=0.50 avg_spd=  223 max_spd= 747 dist=  32338 role=defend
---- s06-5v5 lmctf22 ----
STEALS=1  CAPS=0  RETURNS=0
KILLS=72
HOOK: fires=748 lands=288 fails=104
SHELVES=69  DEADDOORS=0  CYCLES=0
acts: swim=56 lift=6 tele=8 rj=1
roles: escort_samples=2 recover_samples=29
attacker floors: {}
defenders: 0 distinct 100u-cells, moving=0 still=0
chat lines: 129 | sample: (Gate[SG]): haste rune at our base
kills by weapon: blaster=0 rail=51 rocket=16 mg=0 cg=0 hb=0 ssg=0
ACC w0 fires=8 hits=0
ACC w6 fires=139 hits=27
ACC w8 fires=536 hits=61
ACC w0 fires=8 hits=0
ACC w6 fires=141 hits=27
ACC w8 fires=541 hits=61
ACC w0 fires=8 hits=0
ACC w6 fires=146 hits=28
ACC w8 fires=552 hits=62
ACC w0 fires=8 hits=0
ACC w6 fires=152 hits=29
ACC w8 fires=555 hits=63
EFF: attack=1.37 defend=0.84
BOT: Vore[SG]     eff=1.49 avg_spd=  234 max_spd= 779 dist=  99946 role=attack
BOT: Fiend[SG]    eff=1.43 avg_spd=  223 max_spd= 791 dist=  89090 role=attack
BOT: Phase[SG]    eff=1.40 avg_spd=  213 max_spd= 796 dist=  87678 role=attack
BOT: Trace[SG]    eff=1.39 avg_spd=  223 max_spd= 789 dist=  98501 role=attack
BOT: Slip[SG]     eff=1.29 avg_spd=  205 max_spd= 783 dist=  85916 role=attack
BOT: Field[SG]    eff=1.16 avg_spd=  177 max_spd= 782 dist=  74370 role=attack
BOT: Caco[SG]     eff=1.05 avg_spd=  216 max_spd= 787 dist=  51684 role=defend
BOT: Arach[SG]    eff=0.78 avg_spd=   95 max_spd= 767 dist=  12389 role=defend
BOT: Rune[SG]     eff=0.55 avg_spd=   42 max_spd= 749 dist=   5838 role=defend
BOT: Gate[SG]     eff=0.42 avg_spd=  243 max_spd= 526 dist=  18836 role=defend
---- s07-5v5 lmctf02c ----
STEALS=0  CAPS=0  RETURNS=0
KILLS=46
HOOK: fires=1111 lands=357 fails=259
SHELVES=66  DEADDOORS=0  CYCLES=0
acts: swim=10 lift=1 tele=0 rj=20
roles: escort_samples=0 recover_samples=0
attacker floors: {}
defenders: 0 distinct 100u-cells, moving=0 still=0
chat lines: 98 | sample: (Arach[SG]): damage rune at our base
kills by weapon: blaster=0 rail=37 rocket=4 mg=0 cg=0 hb=0 ssg=0
ACC w0 fires=46 hits=0
ACC w6 fires=53 hits=11
ACC w8 fires=905 hits=48
ACC w0 fires=46 hits=0
ACC w6 fires=53 hits=11
ACC w8 fires=905 hits=48
ACC w0 fires=46 hits=0
ACC w6 fires=53 hits=11
ACC w8 fires=909 hits=48
ACC w0 fires=46 hits=0
ACC w6 fires=53 hits=11
ACC w8 fires=943 hits=48
EFF: attack=1.87 defend=1.91
BOT: Slip[SG]     eff=2.22 avg_spd=  228 max_spd= 803 dist= 103986 role=attack
BOT: Caco[SG]     eff=2.09 avg_spd=  233 max_spd= 800 dist= 113179 role=defend
BOT: Gate[SG]     eff=2.06 avg_spd=  210 max_spd= 774 dist=  96094 role=defend
BOT: Vore[SG]     eff=1.92 avg_spd=  200 max_spd= 806 dist=  85987 role=attack
BOT: Phase[SG]    eff=1.91 avg_spd=  220 max_spd= 784 dist=  86318 role=attack
BOT: Rune[SG]     eff=1.88 avg_spd=  232 max_spd= 776 dist=  99748 role=defend
BOT: Trace[SG]    eff=1.74 avg_spd=  222 max_spd= 785 dist=  88565 role=attack
BOT: Field[SG]    eff=1.71 avg_spd=  208 max_spd= 774 dist=  80062 role=attack
BOT: Fiend[SG]    eff=1.64 avg_spd=  219 max_spd= 782 dist=  94144 role=attack
BOT: Arach[SG]    eff=1.18 avg_spd=   86 max_spd= 742 dist=  42925 role=defend
---- s08-7v7 lmctf09 ----
STEALS=2  CAPS=0  RETURNS=2
KILLS=157
HOOK: fires=1571 lands=484 fails=294
SHELVES=140  DEADDOORS=0  CYCLES=0
acts: swim=6 lift=2 tele=12 rj=12
roles: escort_samples=3 recover_samples=132
attacker floors: {}
defenders: 0 distinct 100u-cells, moving=0 still=0
chat lines: 178 | sample: Rune[SG]: hello all
kills by weapon: blaster=0 rail=107 rocket=34 mg=0 cg=0 hb=0 ssg=0
ACC w6 fires=371 hits=57
ACC w8 fires=1175 hits=126
ACC w0 fires=25 hits=2
ACC w2 fires=5 hits=13
ACC w3 fires=4 hits=1
ACC w6 fires=371 hits=57
ACC w8 fires=1189 hits=126
ACC w0 fires=25 hits=3
ACC w2 fires=5 hits=13
ACC w3 fires=4 hits=1
ACC w6 fires=379 hits=58
ACC w8 fires=1197 hits=127
EFF: attack=1.72 defend=1.17 recover=1.44
BOT: Field[SG]    eff=2.04 avg_spd=  217 max_spd=1005 dist=  95516 role=attack
BOT: Trace[SG]    eff=1.83 avg_spd=  190 max_spd= 784 dist=  88491 role=attack
BOT: Vore[SG]     eff=1.82 avg_spd=  218 max_spd= 786 dist=  91250 role=attack
BOT: Slip[SG]     eff=1.79 avg_spd=  208 max_spd= 770 dist= 100974 role=attack
BOT: Knight[SG]   eff=1.79 avg_spd=  223 max_spd=1065 dist=  99975 role=attack
BOT: Wizard[SG]   eff=1.67 avg_spd=  220 max_spd= 806 dist=  90487 role=attack
BOT: Ogre[SG]     eff=1.61 avg_spd=  209 max_spd= 774 dist=  94928 role=attack
BOT: Scrag[SG]    eff=1.61 avg_spd=  208 max_spd= 777 dist=  90775 role=attack
BOT: Phase[SG]    eff=1.57 avg_spd=  250 max_spd= 786 dist= 111443 role=attack
BOT: Arach[SG]    eff=1.56 avg_spd=  132 max_spd= 767 dist=  25096 role=defend
BOT: Fiend[SG]    eff=1.48 avg_spd=  190 max_spd= 807 dist=  83588 role=attack
BOT: Gate[SG]     eff=1.34 avg_spd=  161 max_spd= 785 dist=  69349 role=defend
BOT: Caco[SG]     eff=0.91 avg_spd=  231 max_spd= 783 dist=  61280 role=defend
BOT: Rune[SG]     eff=0.88 avg_spd=   29 max_spd= 775 dist=   9309 role=defend
---- s09-7v7 lmctf09 ----
STEALS=3  CAPS=0  RETURNS=2
KILLS=132
HOOK: fires=1457 lands=469 fails=307
SHELVES=125  DEADDOORS=0  CYCLES=0
acts: swim=10 lift=3 tele=9 rj=10
roles: escort_samples=5 recover_samples=292
attacker floors: {}
defenders: 0 distinct 100u-cells, moving=0 still=0
chat lines: 149 | sample: Rune[SG]: hello all
kills by weapon: blaster=0 rail=109 rocket=15 mg=0 cg=0 hb=0 ssg=0
ACC w6 fires=290 hits=41
ACC w8 fires=990 hits=125
ACC w0 fires=12 hits=5
ACC w2 fires=15 hits=11
ACC w4 fires=5 hits=2
ACC w6 fires=290 hits=41
ACC w8 fires=1002 hits=125
ACC w0 fires=12 hits=5
ACC w2 fires=15 hits=11
ACC w4 fires=5 hits=2
ACC w6 fires=291 hits=41
ACC w8 fires=1027 hits=128
EFF: attack=1.65 defend=1.02 recover=1.49
BOT: Field[SG]    eff=1.88 avg_spd=  210 max_spd= 921 dist=  97232 role=attack
BOT: Wizard[SG]   eff=1.86 avg_spd=  206 max_spd= 784 dist=  83108 role=attack
BOT: Ogre[SG]     eff=1.77 avg_spd=  218 max_spd= 799 dist=  92697 role=attack
BOT: Vore[SG]     eff=1.75 avg_spd=  235 max_spd= 799 dist=  97800 role=attack
BOT: Phase[SG]    eff=1.61 avg_spd=  223 max_spd= 800 dist= 100019 role=attack
BOT: Scrag[SG]    eff=1.58 avg_spd=  225 max_spd= 803 dist=  91543 role=attack
BOT: Trace[SG]    eff=1.58 avg_spd=  203 max_spd= 788 dist=  89381 role=attack
BOT: Fiend[SG]    eff=1.55 avg_spd=  230 max_spd= 801 dist= 104323 role=attack
BOT: Slip[SG]     eff=1.51 avg_spd=  203 max_spd= 800 dist=  94324 role=attack
BOT: Knight[SG]   eff=1.36 avg_spd=  169 max_spd= 778 dist=  77799 role=attack
BOT: Gate[SG]     eff=1.22 avg_spd=  210 max_spd= 772 dist=  41268 role=defend
BOT: Caco[SG]     eff=1.05 avg_spd=  191 max_spd= 959 dist=  55194 role=defend
BOT: Rune[SG]     eff=1.00 avg_spd=    8 max_spd= 441 dist=   2016 role=defend
BOT: Arach[SG]    eff=0.82 avg_spd=   15 max_spd= 700 dist=   9308 role=defend
---- s10-5v1 smap05 ----
STEALS=4  CAPS=0  RETURNS=0
KILLS=14
HOOK: fires=376 lands=82 fails=62
SHELVES=87  DEADDOORS=0  CYCLES=34
acts: swim=90 lift=73 tele=0 rj=0
roles: escort_samples=693 recover_samples=507
attacker floors: {}
defenders: 0 distinct 100u-cells, moving=0 still=0
chat lines: 73 | sample: (Arach[SG]): haste rune at the rg
kills by weapon: blaster=0 rail=13 rocket=1 mg=0 cg=0 hb=0 ssg=0
ACC w4 fires=3 hits=1
ACC w6 fires=22 hits=3
ACC w8 fires=185 hits=16
ACC w4 fires=3 hits=1
ACC w6 fires=22 hits=3
ACC w8 fires=185 hits=16
ACC w4 fires=3 hits=1
ACC w6 fires=22 hits=3
ACC w8 fires=185 hits=16
ACC w4 fires=3 hits=1
ACC w6 fires=22 hits=3
ACC w8 fires=185 hits=16
EFF: attack=1.08 defend=0.65 carry=0.93 recover=0.83 escort=1.21
BOT: Phase[SG]    eff=1.15 avg_spd=  216 max_spd= 815 dist=  66067 role=attack
BOT: Gate[SG]     eff=1.05 avg_spd=  197 max_spd= 776 dist=  58266 role=carry
BOT: Slip[SG]     eff=0.99 avg_spd=  220 max_spd= 757 dist=  59243 role=attack
BOT: Rune[SG]     eff=0.93 avg_spd=  197 max_spd= 800 dist=  79968 role=recover
BOT: Caco[SG]     eff=0.87 avg_spd=  190 max_spd= 770 dist=  58931 role=attack
botledger: 92 rows appended for wave 280
logs: /home/buzzkill/Projects/lmctf6-stats/tools/iter-280
