=== WAVE 336 (free layout) ===
---- s01-2v2 lmctf03 fill=2 600s ----
STEALS=2  CAPS=0  RETURNS=0
KILLS=7
HOOK: fires=187 lands=102 fails=33
SHELVES=53  DEADDOORS=2  CYCLES=3
acts: swim=7 lift=0 tele=32 rj=0
roles: escort_samples=92 recover_samples=152
attacker floors: {}
defenders: 0 distinct 100u-cells, moving=0 still=0
chat lines: 73 | sample: (Rune[SG]): haste rune at our base
kills by weapon: blaster=0 rail=5 rocket=1 mg=0 cg=0 hb=0 ssg=0
ACC w1 fires=6 hits=4
ACC w6 fires=12 hits=2
ACC w8 fires=127 hits=9
ACC w1 fires=6 hits=4
ACC w6 fires=12 hits=2
ACC w8 fires=127 hits=9
ACC w1 fires=6 hits=4
ACC w6 fires=12 hits=2
ACC w8 fires=127 hits=9
ACC w1 fires=6 hits=4
ACC w6 fires=12 hits=2
ACC w8 fires=127 hits=9
---- s02-2v2 lmctf03 fill=2 600s ----
STEALS=2  CAPS=1  RETURNS=0
KILLS=9
HOOK: fires=219 lands=78 fails=37
SHELVES=57  DEADDOORS=5  CYCLES=3
acts: swim=18 lift=1 tele=0 rj=73
roles: escort_samples=370 recover_samples=398
attacker floors: {}
defenders: 0 distinct 100u-cells, moving=0 still=0
chat lines: 88 | sample: (Caco[SG]): damage rune at yellow armor
kills by weapon: blaster=0 rail=7 rocket=1 mg=0 cg=0 hb=0 ssg=0
ACC w8 fires=143 hits=7
ACC w0 fires=2 hits=0
ACC w6 fires=23 hits=5
ACC w8 fires=143 hits=7
ACC w0 fires=2 hits=0
ACC w1 fires=2 hits=4
ACC w6 fires=23 hits=5
ACC w8 fires=144 hits=8
ACC w0 fires=2 hits=0
ACC w1 fires=2 hits=4
ACC w6 fires=23 hits=5
ACC w8 fires=144 hits=8
---- s03-5v5 lmctf22 fill=5 900s ----
STEALS=14  CAPS=4  RETURNS=7
KILLS=146
HOOK: fires=1413 lands=702 fails=299
SHELVES=70  DEADDOORS=0  CYCLES=1
acts: swim=19 lift=10 tele=23 rj=3
roles: escort_samples=422 recover_samples=1071
attacker floors: {}
defenders: 0 distinct 100u-cells, moving=0 still=0
chat lines: 284 | sample: (Caco[SG]): damage rune at our base
kills by weapon: blaster=0 rail=103 rocket=27 mg=0 cg=0 hb=0 ssg=1
ACC w6 fires=408 hits=66
ACC w8 fires=1055 hits=124
ACC w0 fires=15 hits=1
ACC w2 fires=14 hits=24
ACC w4 fires=5 hits=4
ACC w6 fires=408 hits=66
ACC w8 fires=1073 hits=124
ACC w0 fires=15 hits=1
ACC w2 fires=14 hits=24
ACC w4 fires=5 hits=4
ACC w6 fires=410 hits=66
ACC w8 fires=1084 hits=124
---- s04-5v5 lmctf22 fill=5 900s ----
STEALS=10  CAPS=4  RETURNS=6
KILLS=167
HOOK: fires=1382 lands=660 fails=277
SHELVES=75  DEADDOORS=0  CYCLES=6
acts: swim=8 lift=8 tele=3 rj=16
roles: escort_samples=476 recover_samples=670
attacker floors: {}
defenders: 0 distinct 100u-cells, moving=0 still=0
chat lines: 282 | sample: (Arach[SG]): rune by the Enemy Flag
kills by weapon: blaster=0 rail=108 rocket=41 mg=1 cg=0 hb=0 ssg=0
ACC w7 fires=2 hits=0
ACC w8 fires=973 hits=120
ACC w0 fires=4 hits=1
ACC w3 fires=15 hits=5
ACC w6 fires=454 hits=81
ACC w7 fires=2 hits=0
ACC w8 fires=973 hits=120
ACC w0 fires=4 hits=1
ACC w3 fires=15 hits=5
ACC w6 fires=455 hits=81
ACC w7 fires=2 hits=0
ACC w8 fires=974 hits=122
---- s05-5v5 mactf06 fill=5 900s ----
STEALS=13  CAPS=1  RETURNS=8
KILLS=237
HOOK: fires=1197 lands=664 fails=385
SHELVES=25  DEADDOORS=0  CYCLES=1
acts: swim=4 lift=7 tele=15 rj=4
roles: escort_samples=358 recover_samples=973
attacker floors: {}
defenders: 0 distinct 100u-cells, moving=0 still=0
chat lines: 431 | sample: (Arach[SG]): haste rune at our base
kills by weapon: blaster=0 rail=168 rocket=46 mg=0 cg=0 hb=0 ssg=1
ACC w0 fires=77 hits=11
ACC w1 fires=11 hits=0
ACC w2 fires=37 hits=6
ACC w6 fires=763 hits=104
ACC w7 fires=53 hits=5
ACC w8 fires=2035 hits=204
ACC w0 fires=77 hits=11
ACC w1 fires=11 hits=0
ACC w2 fires=37 hits=6
ACC w6 fires=766 hits=104
ACC w7 fires=53 hits=5
ACC w8 fires=2045 hits=205
---- s06-5v3 lmctf44 fill=5:3 900s ----
STEALS=6  CAPS=2  RETURNS=3
KILLS=69
HOOK: fires=958 lands=417 fails=209
SHELVES=49  DEADDOORS=0  CYCLES=5
acts: swim=4 lift=20 tele=25 rj=38
roles: escort_samples=368 recover_samples=557
attacker floors: {}
defenders: 0 distinct 100u-cells, moving=0 still=0
chat lines: 159 | sample: Rune[SG]: shall we
kills by weapon: blaster=0 rail=43 rocket=17 mg=0 cg=0 hb=0 ssg=0
ACC w7 fires=2 hits=0
ACC w8 fires=559 hits=59
ACC w0 fires=9 hits=0
ACC w2 fires=12 hits=11
ACC w6 fires=217 hits=42
ACC w7 fires=2 hits=0
ACC w8 fires=559 hits=59
ACC w0 fires=9 hits=0
ACC w2 fires=12 hits=11
ACC w6 fires=217 hits=42
ACC w7 fires=2 hits=0
ACC w8 fires=559 hits=59
---- s07-5v3 lmctf44 fill=5:3 900s ----
STEALS=12  CAPS=1  RETURNS=8
KILLS=84
HOOK: fires=958 lands=415 fails=189
SHELVES=46  DEADDOORS=0  CYCLES=3
acts: swim=23 lift=8 tele=13 rj=27
roles: escort_samples=421 recover_samples=650
attacker floors: {}
defenders: 0 distinct 100u-cells, moving=0 still=0
chat lines: 173 | sample: Rune[SG]: evening
kills by weapon: blaster=0 rail=55 rocket=12 mg=0 cg=0 hb=4 ssg=0
ACC w7 fires=78 hits=20
ACC w8 fires=971 hits=75
ACC w2 fires=13 hits=0
ACC w4 fires=9 hits=6
ACC w6 fires=235 hits=42
ACC w7 fires=78 hits=20
ACC w8 fires=984 hits=77
ACC w2 fires=13 hits=0
ACC w4 fires=9 hits=6
ACC w6 fires=235 hits=42
ACC w7 fires=78 hits=20
ACC w8 fires=984 hits=77
---- s08-7v7 lmctf09 fill=7 600s ----
STEALS=0  CAPS=0  RETURNS=0
KILLS=140
HOOK: fires=1292 lands=590 fails=399
SHELVES=56  DEADDOORS=0  CYCLES=0
acts: swim=4 lift=12 tele=10 rj=5
roles: escort_samples=0 recover_samples=0
attacker floors: {}
defenders: 0 distinct 100u-cells, moving=0 still=0
chat lines: 138 | sample: (Slip[SG]): damage rune at our base
kills by weapon: blaster=0 rail=104 rocket=19 mg=0 cg=1 hb=0 ssg=0
ACC w6 fires=477 hits=60
ACC w8 fires=1303 hits=116
ACC w0 fires=31 hits=2
ACC w3 fires=1 hits=0
ACC w4 fires=21 hits=20
ACC w6 fires=477 hits=60
ACC w8 fires=1303 hits=116
ACC w0 fires=31 hits=2
ACC w3 fires=1 hits=0
ACC w4 fires=21 hits=20
ACC w6 fires=477 hits=60
ACC w8 fires=1340 hits=119
---- s09-ctrl lmctf01 fill=5 900s ----
STEALS=3  CAPS=0  RETURNS=1
KILLS=101
HOOK: fires=999 lands=455 fails=274
SHELVES=325  DEADDOORS=0  CYCLES=0
acts: swim=271 lift=49 tele=8 rj=0
roles: escort_samples=112 recover_samples=324
attacker floors: {}
defenders: 0 distinct 100u-cells, moving=0 still=0
chat lines: 120 | sample: (Arach[SG]): regen rune at our base
kills by weapon: blaster=0 rail=63 rocket=29 mg=0 cg=0 hb=0 ssg=0
ACC w0 fires=24 hits=3
ACC w3 fires=3 hits=0
ACC w6 fires=378 hits=52
ACC w8 fires=588 hits=71
ACC w0 fires=24 hits=3
ACC w3 fires=3 hits=0
ACC w6 fires=387 hits=53
ACC w8 fires=604 hits=71
ACC w0 fires=33 hits=4
ACC w3 fires=3 hits=0
ACC w6 fires=387 hits=53
ACC w8 fires=604 hits=73
---- s10-5v1 smap05 fill=5:0 600s ----
STEALS=5  CAPS=4  RETURNS=0
KILLS=0
HOOK: fires=317 lands=113 fails=91
SHELVES=57  DEADDOORS=0  CYCLES=4
acts: swim=33 lift=0 tele=0 rj=0
roles: escort_samples=649 recover_samples=0
attacker floors: {}
defenders: 0 distinct 100u-cells, moving=0 still=0
chat lines: 38 | sample: (Arach[SG]): haste rune at the rg
kills by weapon: blaster=0 rail=0 rocket=0 mg=0 cg=0 hb=0 ssg=0
