=== WAVE 289 (free layout) ===
---- s01-2v2 lmctf03 fill=2 600s ----
STEALS=1  CAPS=0  RETURNS=1
KILLS=7
HOOK: fires=150 lands=43 fails=22
SHELVES=53  DEADDOORS=2  CYCLES=1
acts: swim=0 lift=0 tele=0 rj=0
roles: escort_samples=71 recover_samples=77
attacker floors: {}
defenders: 0 distinct 100u-cells, moving=0 still=0
chat lines: 45 | sample: (Caco[SG]): rune by the Health
kills by weapon: blaster=0 rail=6 rocket=1 mg=0 cg=0 hb=0 ssg=0
ACC w1 fires=5 hits=12
ACC w6 fires=17 hits=1
ACC w8 fires=78 hits=9
ACC w1 fires=5 hits=12
ACC w6 fires=17 hits=1
ACC w8 fires=78 hits=9
ACC w1 fires=5 hits=12
ACC w6 fires=17 hits=1
ACC w8 fires=78 hits=9
ACC w1 fires=5 hits=12
ACC w6 fires=17 hits=1
ACC w8 fires=78 hits=9
---- s02-2v2 lmctf03 fill=2 600s ----
STEALS=0  CAPS=0  RETURNS=0
KILLS=7
HOOK: fires=152 lands=46 fails=25
SHELVES=16  DEADDOORS=2  CYCLES=0
acts: swim=0 lift=0 tele=18 rj=0
roles: escort_samples=0 recover_samples=0
attacker floors: {}
defenders: 0 distinct 100u-cells, moving=0 still=0
chat lines: 40 | sample: (Arach[SG]): damage rune at our base
kills by weapon: blaster=0 rail=6 rocket=1 mg=0 cg=0 hb=0 ssg=0
ACC w0 fires=1 hits=0
ACC w1 fires=29 hits=24
ACC w6 fires=21 hits=3
ACC w8 fires=127 hits=10
ACC w0 fires=1 hits=0
ACC w1 fires=29 hits=24
ACC w6 fires=21 hits=3
ACC w8 fires=127 hits=10
ACC w0 fires=1 hits=0
ACC w1 fires=29 hits=24
ACC w6 fires=21 hits=3
ACC w8 fires=127 hits=10
---- s03-5v5 lmctf22 fill=5 900s ----
STEALS=2  CAPS=0  RETURNS=2
KILLS=118
HOOK: fires=1181 lands=491 fails=186
SHELVES=100  DEADDOORS=0  CYCLES=6
acts: swim=29 lift=13 tele=27 rj=26
roles: escort_samples=313 recover_samples=764
attacker floors: {}
defenders: 0 distinct 100u-cells, moving=0 still=0
chat lines: 232 | sample: (Caco[SG]): damage rune at our base
kills by weapon: blaster=0 rail=80 rocket=21 mg=2 cg=0 hb=0 ssg=0
ACC w0 fires=16 hits=5
ACC w3 fires=21 hits=14
ACC w6 fires=278 hits=46
ACC w8 fires=1152 hits=103
ACC w0 fires=16 hits=5
ACC w3 fires=21 hits=14
ACC w6 fires=283 hits=47
ACC w8 fires=1160 hits=103
ACC w0 fires=16 hits=5
ACC w3 fires=21 hits=14
ACC w6 fires=292 hits=48
ACC w8 fires=1179 hits=104
---- s04-5v5 lmctf22 fill=5 900s ----
STEALS=3  CAPS=0  RETURNS=3
KILLS=111
HOOK: fires=1100 lands=465 fails=177
SHELVES=111  DEADDOORS=0  CYCLES=0
acts: swim=10 lift=8 tele=24 rj=5
roles: escort_samples=9 recover_samples=60
attacker floors: {}
defenders: 0 distinct 100u-cells, moving=0 still=0
chat lines: 167 | sample: (Arach[SG]): resist rune at our base
kills by weapon: blaster=0 rail=69 rocket=26 mg=0 cg=0 hb=1 ssg=1
ACC w7 fires=29 hits=7
ACC w8 fires=650 hits=85
ACC w0 fires=10 hits=2
ACC w2 fires=8 hits=25
ACC w6 fires=263 hits=57
ACC w7 fires=29 hits=7
ACC w8 fires=650 hits=85
ACC w0 fires=10 hits=2
ACC w2 fires=8 hits=25
ACC w6 fires=263 hits=57
ACC w7 fires=29 hits=7
ACC w8 fires=658 hits=87
---- s05-5v5 mactf06 fill=5 900s ----
STEALS=0  CAPS=0  RETURNS=0
KILLS=85
HOOK: fires=1015 lands=453 fails=283
SHELVES=66  DEADDOORS=0  CYCLES=0
acts: swim=44 lift=30 tele=1 rj=0
roles: escort_samples=0 recover_samples=0
attacker floors: {}
defenders: 0 distinct 100u-cells, moving=0 still=0
chat lines: 197 | sample: (Arach[SG]): haste rune at our base
kills by weapon: blaster=0 rail=66 rocket=18 mg=0 cg=0 hb=0 ssg=1
ACC w7 fires=13 hits=4
ACC w8 fires=674 hits=83
ACC w0 fires=1 hits=1
ACC w2 fires=5 hits=12
ACC w6 fires=234 hits=32
ACC w7 fires=13 hits=4
ACC w8 fires=674 hits=83
ACC w0 fires=1 hits=1
ACC w2 fires=5 hits=12
ACC w6 fires=234 hits=32
ACC w7 fires=13 hits=4
ACC w8 fires=674 hits=83
---- s06-5v3 lmctf44 fill=5:3 900s ----
STEALS=3  CAPS=0  RETURNS=2
KILLS=50
HOOK: fires=894 lands=337 fails=198
SHELVES=69  DEADDOORS=0  CYCLES=1
acts: swim=24 lift=18 tele=4 rj=18
roles: escort_samples=65 recover_samples=208
attacker floors: {}
defenders: 0 distinct 100u-cells, moving=0 still=0
chat lines: 113 | sample: Rune[SG]: right then
kills by weapon: blaster=0 rail=24 rocket=13 mg=0 cg=1 hb=1 ssg=0
ACC w7 fires=8 hits=2
ACC w8 fires=385 hits=37
ACC w2 fires=6 hits=3
ACC w4 fires=16 hits=10
ACC w6 fires=245 hits=43
ACC w7 fires=8 hits=2
ACC w8 fires=385 hits=37
ACC w2 fires=6 hits=3
ACC w4 fires=16 hits=10
ACC w6 fires=245 hits=43
ACC w7 fires=8 hits=2
ACC w8 fires=385 hits=37
---- s07-5v3 lmctf44 fill=5:3 900s ----
STEALS=2  CAPS=0  RETURNS=2
KILLS=43
HOOK: fires=840 lands=342 fails=191
SHELVES=46  DEADDOORS=0  CYCLES=1
acts: swim=9 lift=37 tele=48 rj=4
roles: escort_samples=63 recover_samples=60
attacker floors: {}
defenders: 0 distinct 100u-cells, moving=0 still=0
chat lines: 110 | sample: Rune[SG]: shall we
kills by weapon: blaster=0 rail=29 rocket=8 mg=0 cg=0 hb=0 ssg=0
ACC w6 fires=152 hits=24
ACC w8 fires=414 hits=44
ACC w0 fires=2 hits=0
ACC w2 fires=13 hits=8
ACC w4 fires=4 hits=6
ACC w6 fires=157 hits=26
ACC w8 fires=414 hits=44
ACC w0 fires=2 hits=0
ACC w2 fires=13 hits=8
ACC w4 fires=4 hits=6
ACC w6 fires=157 hits=28
ACC w8 fires=414 hits=44
---- s08-7v7 lmctf09 fill=7 600s ----
STEALS=1  CAPS=0  RETURNS=1
KILLS=154
HOOK: fires=1268 lands=480 fails=334
SHELVES=100  DEADDOORS=0  CYCLES=0
acts: swim=9 lift=5 tele=6 rj=9
roles: escort_samples=10 recover_samples=58
attacker floors: {}
defenders: 0 distinct 100u-cells, moving=0 still=0
chat lines: 180 | sample: Rune[SG]: here we go again
kills by weapon: blaster=0 rail=111 rocket=26 mg=0 cg=0 hb=0 ssg=0
ACC w0 fires=36 hits=4
ACC w2 fires=7 hits=16
ACC w6 fires=393 hits=62
ACC w8 fires=1214 hits=139
ACC w0 fires=36 hits=4
ACC w2 fires=7 hits=16
ACC w6 fires=393 hits=62
ACC w8 fires=1221 hits=142
ACC w0 fires=36 hits=4
ACC w2 fires=7 hits=16
ACC w6 fires=393 hits=62
ACC w8 fires=1228 hits=142
---- s09-ctrl lmctf01 fill=5 900s ----
STEALS=3  CAPS=0  RETURNS=2
KILLS=95
HOOK: fires=991 lands=396 fails=251
SHELVES=232  DEADDOORS=0  CYCLES=1
acts: swim=314 lift=55 tele=17 rj=5
roles: escort_samples=208 recover_samples=241
attacker floors: {}
defenders: 0 distinct 100u-cells, moving=0 still=0
chat lines: 127 | sample: (Arach[SG]): regen rune at our base
kills by weapon: blaster=0 rail=63 rocket=23 mg=0 cg=0 hb=0 ssg=1
ACC w0 fires=49 hits=6
ACC w2 fires=21 hits=37
ACC w6 fires=328 hits=40
ACC w8 fires=480 hits=69
ACC w0 fires=49 hits=6
ACC w2 fires=21 hits=37
ACC w6 fires=330 hits=41
ACC w8 fires=486 hits=70
ACC w0 fires=49 hits=6
ACC w2 fires=21 hits=37
ACC w6 fires=330 hits=41
ACC w8 fires=486 hits=70
---- s10-5v1 smap05 fill=5:1 600s ----
STEALS=6  CAPS=2  RETURNS=1
KILLS=29
HOOK: fires=513 lands=184 fails=129
SHELVES=91  DEADDOORS=0  CYCLES=13
acts: swim=85 lift=1 tele=14 rj=0
roles: escort_samples=640 recover_samples=412
attacker floors: {}
defenders: 0 distinct 100u-cells, moving=0 still=0
chat lines: 89 | sample: (Arach[SG]): haste rune at the rg
kills by weapon: blaster=0 rail=21 rocket=7 mg=0 cg=0 hb=0 ssg=1
ACC w0 fires=19 hits=0
ACC w2 fires=5 hits=14
ACC w6 fires=90 hits=14
ACC w8 fires=223 hits=27
ACC w0 fires=19 hits=0
ACC w2 fires=5 hits=14
ACC w6 fires=90 hits=14
ACC w8 fires=239 hits=27
ACC w0 fires=19 hits=0
ACC w2 fires=5 hits=14
ACC w6 fires=90 hits=14
ACC w8 fires=251 hits=29
./iterate2.sh: line 112: WCFG: unbound variable
