=== WAVE 346 (free layout) ===
---- s01-2v2 lmctf03 fill=2 600s ----
STEALS=1  CAPS=0  RETURNS=1
KILLS=8
HOOK: fires=217 lands=79 fails=37
SHELVES=71  DEADDOORS=1  CYCLES=16
acts: swim=0 lift=0 tele=0 rj=16
roles: escort_samples=412 recover_samples=414
attacker floors: {}
defenders: 0 distinct 100u-cells, moving=0 still=0
chat lines: 88 | sample: (Rune[SG]): rune by the Bullets
kills by weapon: blaster=0 rail=6 rocket=1 mg=0 cg=0 hb=0 ssg=0
ACC w1 fires=13 hits=0
ACC w6 fires=20 hits=6
ACC w8 fires=146 hits=18
ACC w1 fires=13 hits=0
ACC w6 fires=20 hits=6
ACC w8 fires=146 hits=18
ACC w1 fires=13 hits=0
ACC w6 fires=20 hits=6
ACC w8 fires=146 hits=18
ACC w1 fires=13 hits=0
ACC w6 fires=20 hits=6
ACC w8 fires=146 hits=18
---- s02-2v2 lmctf03 fill=2 600s ----
STEALS=1  CAPS=0  RETURNS=0
KILLS=8
HOOK: fires=112 lands=36 fails=21
SHELVES=96  DEADDOORS=1  CYCLES=6
acts: swim=57 lift=0 tele=0 rj=0
roles: escort_samples=279 recover_samples=282
attacker floors: {}
defenders: 0 distinct 100u-cells, moving=0 still=0
chat lines: 56 | sample: (Arach[SG]): damage rune at our base
kills by weapon: blaster=0 rail=3 rocket=2 mg=0 cg=0 hb=0 ssg=0
ACC w1 fires=11 hits=5
ACC w6 fires=21 hits=4
ACC w8 fires=56 hits=5
ACC w1 fires=11 hits=5
ACC w6 fires=21 hits=4
ACC w8 fires=56 hits=5
ACC w1 fires=11 hits=5
ACC w6 fires=21 hits=4
ACC w8 fires=56 hits=5
ACC w1 fires=11 hits=5
ACC w6 fires=21 hits=4
ACC w8 fires=56 hits=5
---- s03-5v5 lmctf22 fill=5 900s ----
STEALS=12  CAPS=5  RETURNS=5
KILLS=151
HOOK: fires=1530 lands=704 fails=290
SHELVES=66  DEADDOORS=0  CYCLES=3
acts: swim=15 lift=10 tele=12 rj=2
roles: escort_samples=546 recover_samples=1089
attacker floors: {}
defenders: 0 distinct 100u-cells, moving=0 still=0
chat lines: 279 | sample: Rune[SG]: right then
kills by weapon: blaster=0 rail=108 rocket=30 mg=0 cg=0 hb=0 ssg=0
ACC w6 fires=337 hits=67
ACC w8 fires=1107 hits=124
ACC w0 fires=1 hits=1
ACC w2 fires=4 hits=0
ACC w3 fires=14 hits=5
ACC w6 fires=337 hits=67
ACC w8 fires=1112 hits=125
ACC w0 fires=1 hits=1
ACC w2 fires=4 hits=0
ACC w3 fires=14 hits=5
ACC w6 fires=337 hits=67
ACC w8 fires=1116 hits=126
---- s04-5v5 lmctf22 fill=5 900s ----
STEALS=9  CAPS=3  RETURNS=6
KILLS=153
HOOK: fires=1453 lands=688 fails=263
SHELVES=72  DEADDOORS=0  CYCLES=4
acts: swim=5 lift=5 tele=10 rj=9
roles: escort_samples=325 recover_samples=859
attacker floors: {}
defenders: 0 distinct 100u-cells, moving=0 still=0
chat lines: 262 | sample: (Arach[SG]): resist rune at the hb
kills by weapon: blaster=0 rail=117 rocket=24 mg=0 cg=0 hb=1 ssg=0
ACC w7 fires=35 hits=7
ACC w8 fires=1026 hits=132
ACC w0 fires=18 hits=1
ACC w3 fires=4 hits=0
ACC w6 fires=296 hits=57
ACC w7 fires=35 hits=7
ACC w8 fires=1038 hits=134
ACC w0 fires=18 hits=1
ACC w3 fires=4 hits=0
ACC w6 fires=302 hits=58
ACC w7 fires=35 hits=7
ACC w8 fires=1052 hits=135
---- s05-5v5 mactf06 fill=5 900s ----
STEALS=3  CAPS=0  RETURNS=3
KILLS=223
HOOK: fires=1130 lands=654 fails=395
SHELVES=30  DEADDOORS=0  CYCLES=1
acts: swim=13 lift=10 tele=7 rj=4
roles: escort_samples=142 recover_samples=210
attacker floors: {}
defenders: 0 distinct 100u-cells, moving=0 still=0
chat lines: 366 | sample: (Arach[SG]): haste rune at our base
kills by weapon: blaster=0 rail=162 rocket=47 mg=0 cg=0 hb=0 ssg=2
ACC w0 fires=58 hits=13
ACC w1 fires=68 hits=33
ACC w2 fires=12 hits=31
ACC w3 fires=17 hits=12
ACC w6 fires=803 hits=100
ACC w8 fires=2093 hits=203
ACC w0 fires=58 hits=13
ACC w1 fires=68 hits=33
ACC w2 fires=12 hits=31
ACC w3 fires=17 hits=12
ACC w6 fires=824 hits=102
ACC w8 fires=2101 hits=205
---- s06-5v3 lmctf44 fill=5:3 900s ----
STEALS=7  CAPS=2  RETURNS=5
KILLS=74
HOOK: fires=944 lands=420 fails=211
SHELVES=35  DEADDOORS=0  CYCLES=2
acts: swim=29 lift=20 tele=20 rj=14
roles: escort_samples=260 recover_samples=650
attacker floors: {}
defenders: 0 distinct 100u-cells, moving=0 still=0
chat lines: 161 | sample: Rune[SG]: hello all
kills by weapon: blaster=0 rail=45 rocket=21 mg=0 cg=0 hb=0 ssg=0
ACC w7 fires=7 hits=0
ACC w8 fires=688 hits=67
ACC w0 fires=5 hits=1
ACC w2 fires=11 hits=14
ACC w6 fires=273 hits=43
ACC w7 fires=7 hits=0
ACC w8 fires=688 hits=67
ACC w0 fires=5 hits=1
ACC w2 fires=11 hits=14
ACC w6 fires=273 hits=43
ACC w7 fires=7 hits=0
ACC w8 fires=688 hits=67
---- s07-5v3 lmctf44 fill=5:3 900s ----
STEALS=5  CAPS=0  RETURNS=5
KILLS=67
HOOK: fires=877 lands=420 fails=218
SHELVES=55  DEADDOORS=0  CYCLES=0
acts: swim=4 lift=4 tele=21 rj=18
roles: escort_samples=114 recover_samples=138
attacker floors: {}
defenders: 0 distinct 100u-cells, moving=0 still=0
chat lines: 125 | sample: Rune[SG]: back for more
kills by weapon: blaster=0 rail=42 rocket=15 mg=0 cg=0 hb=3 ssg=1
ACC w0 fires=1 hits=0
ACC w2 fires=46 hits=33
ACC w4 fires=8 hits=8
ACC w6 fires=198 hits=31
ACC w7 fires=56 hits=13
ACC w8 fires=438 hits=54
ACC w0 fires=1 hits=0
ACC w2 fires=46 hits=33
ACC w4 fires=8 hits=8
ACC w6 fires=198 hits=31
ACC w7 fires=56 hits=13
ACC w8 fires=438 hits=54
---- s08-7v7 lmctf09 fill=7 600s ----
STEALS=2  CAPS=0  RETURNS=2
KILLS=162
HOOK: fires=1393 lands=648 fails=398
SHELVES=63  DEADDOORS=0  CYCLES=1
acts: swim=1 lift=5 tele=4 rj=13
roles: escort_samples=96 recover_samples=574
attacker floors: {}
defenders: 0 distinct 100u-cells, moving=0 still=0
chat lines: 153 | sample: (Slip[SG]): damage rune at our base
kills by weapon: blaster=0 rail=114 rocket=30 mg=0 cg=1 hb=0 ssg=0
ACC w6 fires=556 hits=77
ACC w8 fires=1549 hits=125
ACC w0 fires=53 hits=3
ACC w3 fires=10 hits=3
ACC w4 fires=18 hits=4
ACC w6 fires=556 hits=77
ACC w8 fires=1549 hits=125
ACC w0 fires=53 hits=3
ACC w3 fires=10 hits=3
ACC w4 fires=18 hits=4
ACC w6 fires=556 hits=77
ACC w8 fires=1550 hits=126
---- s09-ctrl lmctf01 fill=5 900s ----
STEALS=2  CAPS=0  RETURNS=2
KILLS=104
HOOK: fires=1005 lands=447 fails=252
SHELVES=313  DEADDOORS=0  CYCLES=0
acts: swim=313 lift=10 tele=16 rj=9
roles: escort_samples=96 recover_samples=84
attacker floors: {}
defenders: 0 distinct 100u-cells, moving=0 still=0
chat lines: 128 | sample: (Arach[SG]): regen rune at our base
kills by weapon: blaster=0 rail=55 rocket=40 mg=0 cg=0 hb=0 ssg=0
ACC w0 fires=40 hits=4
ACC w6 fires=418 hits=69
ACC w8 fires=444 hits=57
ACC w0 fires=40 hits=4
ACC w6 fires=418 hits=69
ACC w8 fires=444 hits=57
ACC w0 fires=40 hits=4
ACC w6 fires=418 hits=69
ACC w8 fires=444 hits=57
ACC w0 fires=40 hits=4
ACC w6 fires=418 hits=69
ACC w8 fires=446 hits=57
---- s10-5v1 smap05 fill=5:0 600s ----
STEALS=3  CAPS=2  RETURNS=0
KILLS=0
HOOK: fires=183 lands=73 fails=41
SHELVES=35  DEADDOORS=0  CYCLES=1
acts: swim=30 lift=0 tele=0 rj=0
roles: escort_samples=478 recover_samples=0
attacker floors: {}
defenders: 0 distinct 100u-cells, moving=0 still=0
chat lines: 25 | sample: (Arach[SG]): haste rune at the rg
kills by weapon: blaster=0 rail=0 rocket=0 mg=0 cg=0 hb=0 ssg=0
