=== WAVE 295 (free layout) ===
---- s01-2v2 lmctf03 fill=2 600s ----
STEALS=1  CAPS=0  RETURNS=0
KILLS=3
HOOK: fires=131 lands=61 fails=30
SHELVES=57  DEADDOORS=1  CYCLES=0
acts: swim=0 lift=0 tele=0 rj=0
roles: escort_samples=4 recover_samples=34
attacker floors: {}
defenders: 0 distinct 100u-cells, moving=0 still=0
chat lines: 55 | sample: (Arach[SG]): damage rune at our base
kills by weapon: blaster=0 rail=3 rocket=0 mg=0 cg=0 hb=0 ssg=0
ACC w6 fires=3 hits=0
ACC w8 fires=59 hits=6
ACC w6 fires=3 hits=0
ACC w8 fires=59 hits=6
ACC w6 fires=3 hits=0
ACC w8 fires=59 hits=6
ACC w6 fires=3 hits=0
ACC w8 fires=59 hits=6
ACC w6 fires=3 hits=0
ACC w8 fires=59 hits=6
ACC w6 fires=3 hits=0
ACC w8 fires=59 hits=6
---- s02-2v2 lmctf03 fill=2 600s ----
STEALS=1  CAPS=0  RETURNS=0
KILLS=3
HOOK: fires=213 lands=86 fails=44
SHELVES=106  DEADDOORS=2  CYCLES=0
acts: swim=49 lift=0 tele=3 rj=4
roles: escort_samples=60 recover_samples=89
attacker floors: {}
defenders: 0 distinct 100u-cells, moving=0 still=0
chat lines: 70 | sample: (Caco[SG]): damage rune at yellow armor
kills by weapon: blaster=0 rail=2 rocket=1 mg=0 cg=0 hb=0 ssg=0
ACC w1 fires=18 hits=8
ACC w2 fires=4 hits=0
ACC w6 fires=22 hits=4
ACC w8 fires=66 hits=4
ACC w1 fires=18 hits=8
ACC w2 fires=4 hits=0
ACC w6 fires=22 hits=4
ACC w8 fires=66 hits=4
ACC w1 fires=18 hits=8
ACC w2 fires=4 hits=0
ACC w6 fires=22 hits=4
ACC w8 fires=66 hits=4
---- s03-5v5 lmctf22 fill=5 900s ----
STEALS=3  CAPS=0  RETURNS=3
KILLS=116
HOOK: fires=1148 lands=504 fails=205
SHELVES=131  DEADDOORS=0  CYCLES=1
acts: swim=7 lift=7 tele=23 rj=0
roles: escort_samples=126 recover_samples=335
attacker floors: {}
defenders: 0 distinct 100u-cells, moving=0 still=0
chat lines: 227 | sample: (Arach[SG]): haste rune at our base
kills by weapon: blaster=0 rail=75 rocket=28 mg=0 cg=1 hb=0 ssg=2
ACC w3 fires=1 hits=0
ACC w4 fires=9 hits=17
ACC w6 fires=324 hits=48
ACC w7 fires=4 hits=0
ACC w8 fires=865 hits=89
ACC w0 fires=33 hits=2
ACC w2 fires=13 hits=18
ACC w3 fires=1 hits=0
ACC w4 fires=9 hits=17
ACC w6 fires=329 hits=50
ACC w7 fires=4 hits=0
ACC w8 fires=877 hits=90
---- s04-5v5 lmctf22 fill=5 900s ----
STEALS=3  CAPS=0  RETURNS=1
KILLS=123
HOOK: fires=1179 lands=485 fails=205
SHELVES=134  DEADDOORS=0  CYCLES=7
acts: swim=12 lift=20 tele=33 rj=27
roles: escort_samples=361 recover_samples=1025
attacker floors: {}
defenders: 0 distinct 100u-cells, moving=0 still=0
chat lines: 208 | sample: (Arach[SG]): damage rune at our base
kills by weapon: blaster=0 rail=83 rocket=30 mg=0 cg=0 hb=0 ssg=1
ACC w0 fires=11 hits=1
ACC w2 fires=5 hits=10
ACC w4 fires=2 hits=1
ACC w6 fires=327 hits=59
ACC w7 fires=13 hits=3
ACC w8 fires=755 hits=98
ACC w0 fires=11 hits=1
ACC w2 fires=5 hits=10
ACC w4 fires=2 hits=1
ACC w6 fires=327 hits=59
ACC w7 fires=13 hits=3
ACC w8 fires=756 hits=98
---- s05-5v5 mactf06 fill=5 900s ----
STEALS=0  CAPS=0  RETURNS=0
KILLS=85
HOOK: fires=998 lands=454 fails=297
SHELVES=40  DEADDOORS=0  CYCLES=0
acts: swim=36 lift=10 tele=11 rj=0
roles: escort_samples=0 recover_samples=0
attacker floors: {}
defenders: 0 distinct 100u-cells, moving=0 still=0
chat lines: 213 | sample: (Arach[SG]): haste rune at our base
kills by weapon: blaster=0 rail=67 rocket=9 mg=0 cg=0 hb=1 ssg=0
ACC w7 fires=27 hits=6
ACC w8 fires=791 hits=83
ACC w0 fires=12 hits=1
ACC w3 fires=2 hits=0
ACC w6 fires=276 hits=26
ACC w7 fires=27 hits=6
ACC w8 fires=815 hits=84
ACC w0 fires=12 hits=1
ACC w3 fires=2 hits=0
ACC w6 fires=276 hits=26
ACC w7 fires=27 hits=6
ACC w8 fires=819 hits=84
---- s06-5v3 lmctf44 fill=5:3 900s ----
STEALS=7  CAPS=0  RETURNS=5
KILLS=72
HOOK: fires=1054 lands=409 fails=225
SHELVES=71  DEADDOORS=0  CYCLES=1
acts: swim=34 lift=18 tele=43 rj=23
roles: escort_samples=137 recover_samples=402
attacker floors: {}
defenders: 0 distinct 100u-cells, moving=0 still=0
chat lines: 155 | sample: Rune[SG]: evening
kills by weapon: blaster=0 rail=50 rocket=13 mg=0 cg=0 hb=0 ssg=1
ACC w0 fires=8 hits=2
ACC w2 fires=14 hits=8
ACC w4 fires=8 hits=5
ACC w6 fires=202 hits=37
ACC w7 fires=4 hits=0
ACC w8 fires=627 hits=69
ACC w0 fires=8 hits=2
ACC w2 fires=14 hits=8
ACC w4 fires=8 hits=5
ACC w6 fires=202 hits=37
ACC w7 fires=4 hits=0
ACC w8 fires=627 hits=69
---- s07-5v3 lmctf44 fill=5:3 900s ----
STEALS=2  CAPS=0  RETURNS=1
KILLS=37
HOOK: fires=803 lands=320 fails=176
SHELVES=56  DEADDOORS=0  CYCLES=0
acts: swim=26 lift=56 tele=12 rj=4
roles: escort_samples=113 recover_samples=119
attacker floors: {}
defenders: 0 distinct 100u-cells, moving=0 still=0
chat lines: 95 | sample: Rune[SG]: right then
kills by weapon: blaster=0 rail=26 rocket=7 mg=0 cg=1 hb=0 ssg=1
ACC w0 fires=3 hits=0
ACC w2 fires=18 hits=26
ACC w4 fires=14 hits=11
ACC w6 fires=117 hits=20
ACC w7 fires=4 hits=0
ACC w8 fires=391 hits=37
ACC w0 fires=3 hits=0
ACC w2 fires=18 hits=26
ACC w4 fires=14 hits=11
ACC w6 fires=117 hits=20
ACC w7 fires=4 hits=0
ACC w8 fires=391 hits=37
---- s08-7v7 lmctf09 fill=7 600s ----
STEALS=1  CAPS=0  RETURNS=0
KILLS=144
HOOK: fires=1304 lands=497 fails=356
SHELVES=134  DEADDOORS=0  CYCLES=0
acts: swim=3 lift=7 tele=11 rj=2
roles: escort_samples=2 recover_samples=191
attacker floors: {}
defenders: 0 distinct 100u-cells, moving=0 still=0
chat lines: 171 | sample: Rune[SG]: evening
kills by weapon: blaster=1 rail=107 rocket=17 mg=0 cg=0 hb=0 ssg=0
ACC w0 fires=28 hits=5
ACC w6 fires=315 hits=63
ACC w8 fires=1218 hits=143
ACC w0 fires=28 hits=5
ACC w6 fires=320 hits=64
ACC w8 fires=1229 hits=145
ACC w0 fires=28 hits=5
ACC w6 fires=323 hits=64
ACC w8 fires=1253 hits=147
ACC w0 fires=28 hits=5
ACC w6 fires=323 hits=64
ACC w8 fires=1281 hits=148
---- s09-ctrl lmctf01 fill=5 900s ----
STEALS=2  CAPS=0  RETURNS=1
KILLS=66
HOOK: fires=890 lands=353 fails=200
SHELVES=200  DEADDOORS=0  CYCLES=0
acts: swim=271 lift=2 tele=1 rj=9
roles: escort_samples=2 recover_samples=152
attacker floors: {}
defenders: 0 distinct 100u-cells, moving=0 still=0
chat lines: 90 | sample: (Arach[SG]): regen rune at our base
kills by weapon: blaster=1 rail=43 rocket=18 mg=0 cg=0 hb=0 ssg=0
ACC w0 fires=10 hits=3
ACC w3 fires=1 hits=0
ACC w6 fires=322 hits=44
ACC w8 fires=368 hits=49
ACC w0 fires=10 hits=3
ACC w3 fires=1 hits=0
ACC w6 fires=322 hits=44
ACC w8 fires=369 hits=50
ACC w0 fires=10 hits=3
ACC w3 fires=1 hits=0
ACC w6 fires=325 hits=44
ACC w8 fires=383 hits=50
---- s10-5v1 smap05 fill=5:1 600s ----
STEALS=3  CAPS=1  RETURNS=0
KILLS=24
HOOK: fires=294 lands=109 fails=80
SHELVES=62  DEADDOORS=0  CYCLES=10
acts: swim=76 lift=1 tele=6 rj=0
roles: escort_samples=301 recover_samples=204
attacker floors: {}
defenders: 0 distinct 100u-cells, moving=0 still=0
chat lines: 69 | sample: (Arach[SG]): haste rune at the rg
kills by weapon: blaster=0 rail=17 rocket=3 mg=0 cg=0 hb=0 ssg=0
ACC w0 fires=8 hits=1
ACC w6 fires=77 hits=11
ACC w8 fires=195 hits=23
ACC w0 fires=8 hits=1
ACC w6 fires=77 hits=11
ACC w8 fires=195 hits=23
ACC w0 fires=8 hits=1
ACC w6 fires=77 hits=11
ACC w8 fires=195 hits=23
ACC w0 fires=8 hits=1
ACC w6 fires=77 hits=11
ACC w8 fires=195 hits=23
