=== WAVE 273: duel=lmctf03 fives=mactf06,lmctf05,lmctf01,lmctf22,lmctf02c dens=lmctf09 ctrl=smap05 ===
---- s01-2v2 lmctf03 ----
STEALS=0  CAPS=0  RETURNS=0
KILLS=1
HOOK: fires=113 lands=41 fails=18
SHELVES=88  DEADDOORS=0  CYCLES=0
acts: swim=0 lift=0 tele=0 rj=0
roles: escort_samples=0 recover_samples=0
attacker floors: {}
defenders: 0 distinct 100u-cells, moving=0 still=0
chat lines: 38 | sample: (Caco[SG]): rune by the Shells
kills by weapon: blaster=0 rail=1 rocket=0 mg=0 cg=0 hb=0 ssg=0
ACC w8 fires=1 hits=1
ACC w8 fires=1 hits=1
ACC w8 fires=1 hits=1
ACC w8 fires=1 hits=1
ACC w8 fires=1 hits=1
ACC w8 fires=1 hits=1
ACC w8 fires=1 hits=1
ACC w8 fires=1 hits=1
ACC w8 fires=1 hits=1
ACC w8 fires=1 hits=1
ACC w8 fires=1 hits=1
ACC w8 fires=1 hits=1
EFF: attack=1.56 defend=1.53
BOT: Caco[SG]     eff=1.81 avg_spd=  112 max_spd= 775 dist=  49296 role=attack
BOT: Rune[SG]     eff=1.59 avg_spd=    3 max_spd= 777 dist=   1380 role=defend
BOT: Arach[SG]    eff=1.39 avg_spd=    2 max_spd= 749 dist=   1118 role=defend
BOT: Slip[SG]     eff=1.36 avg_spd=  199 max_spd= 795 dist=  62869 role=attack
---- s02-2v2 lmctf03 ----
STEALS=0  CAPS=0  RETURNS=0
KILLS=2
HOOK: fires=189 lands=51 fails=28
SHELVES=47  DEADDOORS=0  CYCLES=0
acts: swim=0 lift=0 tele=0 rj=0
roles: escort_samples=0 recover_samples=0
attacker floors: {}
defenders: 0 distinct 100u-cells, moving=0 still=0
chat lines: 57 | sample: (Caco[SG]): rune by the Health
kills by weapon: blaster=0 rail=1 rocket=0 mg=0 cg=0 hb=0 ssg=0
ACC w6 fires=13 hits=3
ACC w8 fires=47 hits=5
ACC w6 fires=13 hits=3
ACC w8 fires=47 hits=5
ACC w6 fires=13 hits=3
ACC w8 fires=47 hits=5
ACC w6 fires=13 hits=3
ACC w8 fires=47 hits=5
ACC w6 fires=13 hits=3
ACC w8 fires=47 hits=5
ACC w6 fires=13 hits=3
ACC w8 fires=47 hits=5
EFF: attack=0.91 defend=1.97
BOT: Arach[SG]    eff=1.97 avg_spd=   73 max_spd= 779 dist=  33109 role=defend
BOT: Rune[SG]     eff=1.59 avg_spd=    3 max_spd= 777 dist=   1380 role=defend
BOT: Caco[SG]     eff=0.93 avg_spd=  148 max_spd= 732 dist=  59211 role=attack
BOT: Slip[SG]     eff=0.89 avg_spd=  244 max_spd= 789 dist=  96915 role=attack
---- s03-5v5 lmctf22 ----
STEALS=4  CAPS=0  RETURNS=4
KILLS=97
HOOK: fires=923 lands=320 fails=111
SHELVES=72  DEADDOORS=0  CYCLES=0
acts: swim=7 lift=19 tele=10 rj=22
roles: escort_samples=48 recover_samples=340
attacker floors: {}
defenders: 0 distinct 100u-cells, moving=0 still=0
chat lines: 159 | sample: (Gate[SG]): damage rune at our base
kills by weapon: blaster=0 rail=68 rocket=13 mg=0 cg=0 hb=0 ssg=0
ACC w0 fires=5 hits=1
ACC w6 fires=306 hits=52
ACC w7 fires=5 hits=0
ACC w8 fires=795 hits=80
ACC w0 fires=7 hits=1
ACC w6 fires=312 hits=52
ACC w7 fires=5 hits=0
ACC w8 fires=808 hits=81
ACC w0 fires=7 hits=1
ACC w6 fires=312 hits=52
ACC w7 fires=5 hits=0
ACC w8 fires=826 hits=82
EFF: attack=1.33 defend=1.15 carry=1.57 recover=1.26 escort=0.22
BOT: Vore[SG]     eff=1.56 avg_spd=  253 max_spd= 797 dist=  97142 role=attack
BOT: Slip[SG]     eff=1.39 avg_spd=  233 max_spd= 837 dist= 105196 role=attack
BOT: Gate[SG]     eff=1.34 avg_spd=  243 max_spd= 794 dist=  54123 role=defend
BOT: Fiend[SG]    eff=1.32 avg_spd=  233 max_spd= 788 dist=  89313 role=attack
BOT: Phase[SG]    eff=1.32 avg_spd=  244 max_spd= 790 dist=  84961 role=attack
BOT: Trace[SG]    eff=1.31 avg_spd=  211 max_spd= 778 dist=  89518 role=attack
BOT: Rune[SG]     eff=1.16 avg_spd=  244 max_spd= 787 dist=  45015 role=defend
BOT: Caco[SG]     eff=1.07 avg_spd=  238 max_spd= 790 dist=  66719 role=defend
BOT: Field[SG]    eff=0.98 avg_spd=  184 max_spd= 782 dist=  72763 role=attack
BOT: Arach[SG]    eff=0.95 avg_spd=  243 max_spd= 782 dist=  42719 role=defend
---- s04-5v5 lmctf02c ----
STEALS=0  CAPS=0  RETURNS=0
KILLS=41
HOOK: fires=1022 lands=321 fails=199
SHELVES=83  DEADDOORS=0  CYCLES=0
acts: swim=33 lift=0 tele=0 rj=7
roles: escort_samples=0 recover_samples=0
attacker floors: {}
defenders: 0 distinct 100u-cells, moving=0 still=0
chat lines: 98 | sample: (Arach[SG]): rune by the Health
kills by weapon: blaster=0 rail=37 rocket=2 mg=0 cg=0 hb=0 ssg=0
ACC w0 fires=1 hits=0
ACC w6 fires=51 hits=11
ACC w8 fires=407 hits=43
ACC w0 fires=1 hits=0
ACC w6 fires=51 hits=11
ACC w8 fires=407 hits=43
ACC w0 fires=1 hits=0
ACC w6 fires=55 hits=11
ACC w8 fires=412 hits=43
ACC w0 fires=1 hits=0
ACC w6 fires=55 hits=11
ACC w8 fires=412 hits=43
EFF: attack=1.70 defend=1.71
BOT: Rune[SG]     eff=2.28 avg_spd=  130 max_spd= 778 dist=  56113 role=defend
BOT: Field[SG]    eff=1.92 avg_spd=  207 max_spd= 800 dist=  88230 role=attack
BOT: Fiend[SG]    eff=1.84 avg_spd=  218 max_spd= 800 dist=  98517 role=attack
BOT: Gate[SG]     eff=1.78 avg_spd=  230 max_spd= 788 dist= 105835 role=defend
BOT: Slip[SG]     eff=1.77 avg_spd=  223 max_spd= 793 dist=  93797 role=attack
BOT: Vore[SG]     eff=1.69 avg_spd=  226 max_spd= 835 dist=  97505 role=attack
BOT: Trace[SG]    eff=1.63 avg_spd=  226 max_spd= 806 dist=  97305 role=attack
BOT: Caco[SG]     eff=1.46 avg_spd=  247 max_spd= 806 dist= 116031 role=defend
BOT: Phase[SG]    eff=1.39 avg_spd=  225 max_spd= 776 dist= 100710 role=attack
BOT: Arach[SG]    eff=1.30 avg_spd=   41 max_spd= 764 dist=  23317 role=defend
---- s05-5v5 mactf06 ----
STEALS=0  CAPS=0  RETURNS=0
KILLS=58
HOOK: fires=740 lands=302 fails=192
SHELVES=31  DEADDOORS=0  CYCLES=0
acts: swim=15 lift=2 tele=0 rj=15
roles: escort_samples=0 recover_samples=0
attacker floors: {}
defenders: 0 distinct 100u-cells, moving=0 still=0
chat lines: 153 | sample: (Arach[SG]): haste rune at our base
kills by weapon: blaster=0 rail=36 rocket=14 mg=0 cg=0 hb=0 ssg=0
ACC w7 fires=7 hits=1
ACC w8 fires=424 hits=43
ACC w0 fires=25 hits=5
ACC w1 fires=3 hits=0
ACC w6 fires=171 hits=27
ACC w7 fires=7 hits=1
ACC w8 fires=425 hits=43
ACC w0 fires=25 hits=5
ACC w1 fires=3 hits=0
ACC w6 fires=177 hits=27
ACC w7 fires=7 hits=1
ACC w8 fires=437 hits=44
EFF: attack=1.35 defend=0.78
BOT: Fiend[SG]    eff=1.42 avg_spd=  227 max_spd= 776 dist=  91935 role=attack
BOT: Phase[SG]    eff=1.41 avg_spd=  238 max_spd= 940 dist=  98862 role=attack
BOT: Trace[SG]    eff=1.39 avg_spd=  236 max_spd= 785 dist=  94734 role=attack
BOT: Vore[SG]     eff=1.39 avg_spd=  230 max_spd= 776 dist= 100365 role=attack
BOT: Field[SG]    eff=1.34 avg_spd=  223 max_spd= 791 dist=  94656 role=attack
BOT: Slip[SG]     eff=1.16 avg_spd=  244 max_spd= 800 dist= 100710 role=attack
BOT: Gate[SG]     eff=0.85 avg_spd=  243 max_spd= 779 dist=  46553 role=defend
BOT: Rune[SG]     eff=0.77 avg_spd=  247 max_spd= 672 dist=  15412 role=defend
BOT: Arach[SG]    eff=0.69 avg_spd=  193 max_spd= 753 dist=  16387 role=defend
BOT: Caco[SG]     eff=0.11 avg_spd=  244 max_spd= 316 dist=   2073 role=defend
---- s06-5v5 lmctf05 ----
STEALS=0  CAPS=0  RETURNS=0
KILLS=68
HOOK: fires=586 lands=226 fails=120
SHELVES=117  DEADDOORS=0  CYCLES=0
acts: swim=93 lift=21 tele=107 rj=18
roles: escort_samples=0 recover_samples=0
attacker floors: {}
defenders: 0 distinct 100u-cells, moving=0 still=0
chat lines: 96 | sample: (Arach[SG]): rune by the Health
kills by weapon: blaster=0 rail=45 rocket=17 mg=0 cg=2 hb=0 ssg=0
ACC w0 fires=6 hits=1
ACC w4 fires=20 hits=35
ACC w6 fires=219 hits=31
ACC w8 fires=471 hits=54
ACC w0 fires=6 hits=1
ACC w4 fires=20 hits=35
ACC w6 fires=219 hits=31
ACC w8 fires=471 hits=54
ACC w0 fires=6 hits=1
ACC w4 fires=20 hits=35
ACC w6 fires=219 hits=31
ACC w8 fires=471 hits=54
EFF: attack=1.80 defend=1.19
BOT: Fiend[SG]    eff=1.98 avg_spd=  156 max_spd= 768 dist=  70793 role=attack
BOT: Slip[SG]     eff=1.97 avg_spd=  162 max_spd= 771 dist=  87561 role=attack
BOT: Vore[SG]     eff=1.75 avg_spd=  147 max_spd= 769 dist=  69881 role=attack
BOT: Trace[SG]    eff=1.63 avg_spd=  142 max_spd= 730 dist=  50169 role=attack
BOT: Phase[SG]    eff=1.49 avg_spd=  170 max_spd= 781 dist=  75931 role=attack
BOT: Caco[SG]     eff=1.34 avg_spd=  226 max_spd= 785 dist=  63686 role=defend
BOT: Gate[SG]     eff=1.15 avg_spd=  213 max_spd= 777 dist=  83273 role=defend
BOT: Arach[SG]    eff=0.95 avg_spd=   80 max_spd= 776 dist=  19940 role=defend
---- s07-5v5 lmctf01 ----
STEALS=0  CAPS=0  RETURNS=0
KILLS=51
HOOK: fires=696 lands=248 fails=128
SHELVES=162  DEADDOORS=0  CYCLES=0
acts: swim=200 lift=3 tele=13 rj=1
roles: escort_samples=0 recover_samples=0
attacker floors: {}
defenders: 0 distinct 100u-cells, moving=0 still=0
chat lines: 70 | sample: (Arach[SG]): regen rune at our base
kills by weapon: blaster=0 rail=41 rocket=6 mg=0 cg=0 hb=0 ssg=0
ACC w0 fires=17 hits=1
ACC w6 fires=102 hits=17
ACC w8 fires=327 hits=43
ACC w0 fires=17 hits=1
ACC w6 fires=103 hits=18
ACC w8 fires=327 hits=43
ACC w0 fires=17 hits=1
ACC w6 fires=103 hits=18
ACC w8 fires=330 hits=43
ACC w0 fires=17 hits=1
ACC w6 fires=103 hits=18
ACC w8 fires=330 hits=43
EFF: attack=1.53 defend=0.67
BOT: Phase[SG]    eff=2.83 avg_spd=  161 max_spd= 806 dist=  76428 role=attack
BOT: Rune[SG]     eff=1.53 avg_spd=   37 max_spd= 674 dist=  14051 role=defend
BOT: Fiend[SG]    eff=1.44 avg_spd=  178 max_spd= 784 dist=  73917 role=attack
BOT: Slip[SG]     eff=1.39 avg_spd=  204 max_spd= 788 dist=  86710 role=attack
BOT: Vore[SG]     eff=1.33 avg_spd=  153 max_spd= 785 dist=  64763 role=attack
BOT: Arach[SG]    eff=1.22 avg_spd=    2 max_spd= 408 dist=   1243 role=defend
BOT: Trace[SG]    eff=1.19 avg_spd=  176 max_spd= 788 dist=  69535 role=attack
BOT: Field[SG]    eff=1.03 avg_spd=  217 max_spd= 775 dist=  83728 role=attack
BOT: Caco[SG]     eff=0.60 avg_spd=  224 max_spd= 743 dist=  36043 role=defend
BOT: Gate[SG]     eff=0.47 avg_spd=  217 max_spd= 761 dist=  40799 role=defend
---- s08-7v7 lmctf09 ----
STEALS=2  CAPS=0  RETURNS=1
KILLS=180
HOOK: fires=1617 lands=477 fails=289
SHELVES=121  DEADDOORS=0  CYCLES=0
acts: swim=5 lift=5 tele=14 rj=9
roles: escort_samples=85 recover_samples=316
attacker floors: {}
defenders: 0 distinct 100u-cells, moving=0 still=0
chat lines: 187 | sample: (Slip[SG]): damage rune at our base
kills by weapon: blaster=0 rail=133 rocket=21 mg=0 cg=1 hb=0 ssg=0
ACC w0 fires=48 hits=3
ACC w4 fires=11 hits=17
ACC w6 fires=493 hits=78
ACC w8 fires=1437 hits=155
ACC w0 fires=48 hits=3
ACC w4 fires=11 hits=17
ACC w6 fires=496 hits=80
ACC w8 fires=1462 hits=158
ACC w0 fires=48 hits=3
ACC w4 fires=11 hits=17
ACC w6 fires=496 hits=80
ACC w8 fires=1487 hits=159
EFF: attack=1.75 defend=1.24 recover=1.98
BOT: Phase[SG]    eff=1.95 avg_spd=  215 max_spd= 799 dist= 101565 role=attack
BOT: Fiend[SG]    eff=1.87 avg_spd=  215 max_spd= 799 dist=  97369 role=attack
BOT: Scrag[SG]    eff=1.85 avg_spd=  216 max_spd= 898 dist=  98594 role=attack
BOT: Arach[SG]    eff=1.83 avg_spd=   85 max_spd= 784 dist=  38698 role=defend
BOT: Ogre[SG]     eff=1.82 avg_spd=  214 max_spd= 800 dist=  93624 role=attack
BOT: Trace[SG]    eff=1.78 avg_spd=  213 max_spd= 798 dist=  90029 role=attack
BOT: Vore[SG]     eff=1.75 avg_spd=  236 max_spd= 809 dist= 104356 role=attack
BOT: Knight[SG]   eff=1.70 avg_spd=  216 max_spd= 800 dist=  97399 role=attack
BOT: Slip[SG]     eff=1.69 avg_spd=  211 max_spd= 808 dist=  97243 role=attack
BOT: Field[SG]    eff=1.64 avg_spd=  214 max_spd= 799 dist=  94926 role=attack
BOT: Wizard[SG]   eff=1.50 avg_spd=  184 max_spd= 798 dist=  82428 role=attack
BOT: Gate[SG]     eff=1.25 avg_spd=  211 max_spd= 773 dist=  46079 role=defend
BOT: Caco[SG]     eff=1.11 avg_spd=  180 max_spd= 895 dist=  62915 role=defend
BOT: Rune[SG]     eff=0.72 avg_spd=   40 max_spd= 474 dist=  11730 role=defend
---- s09-7v7 lmctf09 ----
STEALS=2  CAPS=0  RETURNS=0
KILLS=154
HOOK: fires=1486 lands=491 fails=308
SHELVES=135  DEADDOORS=0  CYCLES=0
acts: swim=13 lift=5 tele=2 rj=5
roles: escort_samples=185 recover_samples=354
attacker floors: {}
defenders: 0 distinct 100u-cells, moving=0 still=0
chat lines: 180 | sample: Rune[SG]: here we go again
kills by weapon: blaster=0 rail=114 rocket=26 mg=0 cg=0 hb=0 ssg=1
ACC w6 fires=528 hits=66
ACC w8 fires=1467 hits=134
ACC w0 fires=35 hits=2
ACC w2 fires=28 hits=20
ACC w3 fires=12 hits=7
ACC w6 fires=528 hits=66
ACC w8 fires=1473 hits=134
ACC w0 fires=35 hits=2
ACC w2 fires=28 hits=20
ACC w3 fires=12 hits=7
ACC w6 fires=528 hits=66
ACC w8 fires=1498 hits=134
EFF: attack=1.63 defend=1.25 recover=1.83
BOT: Phase[SG]    eff=1.88 avg_spd=  187 max_spd= 807 dist=  93866 role=attack
BOT: Vore[SG]     eff=1.81 avg_spd=  219 max_spd= 807 dist=  97451 role=attack
BOT: Trace[SG]    eff=1.76 avg_spd=  205 max_spd= 799 dist=  90021 role=attack
BOT: Scrag[SG]    eff=1.66 avg_spd=  213 max_spd= 799 dist= 100146 role=attack
BOT: Fiend[SG]    eff=1.64 avg_spd=  213 max_spd= 788 dist=  93779 role=attack
BOT: Wizard[SG]   eff=1.58 avg_spd=  205 max_spd= 800 dist=  86213 role=attack
BOT: Ogre[SG]     eff=1.58 avg_spd=  216 max_spd= 786 dist=  98467 role=attack
BOT: Knight[SG]   eff=1.57 avg_spd=  197 max_spd= 799 dist=  85266 role=attack
BOT: Field[SG]    eff=1.46 avg_spd=  196 max_spd= 809 dist=  91799 role=attack
BOT: Slip[SG]     eff=1.37 avg_spd=  218 max_spd= 799 dist=  98801 role=attack
BOT: Caco[SG]     eff=1.36 avg_spd=  171 max_spd= 779 dist=  61932 role=defend
BOT: Gate[SG]     eff=1.34 avg_spd=  214 max_spd= 778 dist=  52787 role=defend
BOT: Arach[SG]    eff=1.25 avg_spd=   60 max_spd= 717 dist=  23502 role=defend
BOT: Rune[SG]     eff=1.03 avg_spd=   57 max_spd= 682 dist=  19825 role=defend
---- s10-5v1 smap05 ----
STEALS=5  CAPS=0  RETURNS=1
KILLS=30
HOOK: fires=466 lands=133 fails=66
SHELVES=66  DEADDOORS=0  CYCLES=7
acts: swim=52 lift=0 tele=6 rj=0
roles: escort_samples=442 recover_samples=585
attacker floors: {}
defenders: 0 distinct 100u-cells, moving=0 still=0
chat lines: 91 | sample: (Arach[SG]): haste rune at the rg
kills by weapon: blaster=0 rail=22 rocket=4 mg=0 cg=4 hb=0 ssg=0
ACC w0 fires=11 hits=0
ACC w4 fires=27 hits=18
ACC w6 fires=41 hits=3
ACC w8 fires=226 hits=30
ACC w0 fires=11 hits=0
ACC w4 fires=27 hits=18
ACC w6 fires=41 hits=3
ACC w8 fires=226 hits=30
ACC w0 fires=11 hits=0
ACC w4 fires=27 hits=18
ACC w6 fires=41 hits=3
ACC w8 fires=226 hits=30
EFF: attack=1.23 defend=0.72 carry=1.39 recover=1.36 escort=1.25
BOT: Arach[SG]    eff=1.67 avg_spd=   17 max_spd= 768 dist=   5520 role=defend
BOT: Rune[SG]     eff=1.35 avg_spd=  214 max_spd=1100 dist=  91252 role=recover
BOT: Gate[SG]     eff=1.32 avg_spd=  211 max_spd= 775 dist=  74449 role=attack
BOT: Slip[SG]     eff=1.21 avg_spd=  206 max_spd= 779 dist=  74187 role=attack
BOT: Phase[SG]    eff=1.16 avg_spd=  219 max_spd=1089 dist=  79986 role=attack
BOT: Caco[SG]     eff=1.01 avg_spd=  197 max_spd= 779 dist=  65836 role=defend
botledger: 90 rows appended for wave 273
logs: /home/buzzkill/Projects/lmctf6-stats/tools/iter-273
