=== WAVE 373 (free layout) ===
---- s01-2v2 lmctf03 fill=2 600s ----
STEALS=1  CAPS=0  RETURNS=0
KILLS=4
HOOK: fires=343 lands=259 fails=15
SHELVES=185  DEADDOORS=7  CYCLES=8
acts: swim=0 lift=0 tele=0 rj=36
roles: escort_samples=495 recover_samples=498
attacker floors: {}
defenders: 0 distinct 100u-cells, moving=0 still=0
chat lines: 52 | sample: (Rune[SG]): haste rune at yellow armor
kills by weapon: blaster=0 rail=3 rocket=0 mg=1 cg=0 hb=0 ssg=0
ACC w3 fires=5 hits=8
ACC w6 fires=8 hits=0
ACC w8 fires=46 hits=6
ACC w3 fires=5 hits=8
ACC w6 fires=8 hits=0
ACC w8 fires=46 hits=6
ACC w3 fires=5 hits=8
ACC w6 fires=8 hits=0
ACC w8 fires=46 hits=6
ACC w3 fires=5 hits=8
ACC w6 fires=8 hits=0
ACC w8 fires=46 hits=6
---- s02-5v0 smap05 fill=5:0 600s ----
STEALS=4  CAPS=2  RETURNS=0
KILLS=0
HOOK: fires=303 lands=125 fails=101
SHELVES=52  DEADDOORS=0  CYCLES=9
acts: swim=77 lift=0 tele=0 rj=0
roles: escort_samples=539 recover_samples=0
attacker floors: {}
defenders: 0 distinct 100u-cells, moving=0 still=0
chat lines: 48 | sample: (Arach[SG]): haste rune at the rg
kills by weapon: blaster=0 rail=0 rocket=0 mg=0 cg=0 hb=0 ssg=0
---- s03-5v5 mactf06 fill=5 900s ----
STEALS=6  CAPS=1  RETURNS=5
KILLS=234
HOOK: fires=1233 lands=676 fails=373
SHELVES=27  DEADDOORS=0  CYCLES=0
acts: swim=4 lift=18 tele=9 rj=10
roles: escort_samples=219 recover_samples=434
attacker floors: {}
defenders: 0 distinct 100u-cells, moving=0 still=0
chat lines: 394 | sample: (Arach[SG]): haste rune at our base
kills by weapon: blaster=1 rail=159 rocket=48 mg=0 cg=0 hb=0 ssg=1
ACC w0 fires=32 hits=2
ACC w1 fires=43 hits=27
ACC w3 fires=4 hits=2
ACC w6 fires=949 hits=115
ACC w7 fires=15 hits=1
ACC w8 fires=2172 hits=201
ACC w0 fires=33 hits=2
ACC w1 fires=43 hits=27
ACC w3 fires=4 hits=2
ACC w6 fires=959 hits=115
ACC w7 fires=15 hits=1
ACC w8 fires=2194 hits=203
---- s04-5v5 mactf06 fill=5 900s ----
STEALS=4  CAPS=0  RETURNS=3
KILLS=253
HOOK: fires=1151 lands=616 fails=363
SHELVES=34  DEADDOORS=0  CYCLES=1
acts: swim=8 lift=12 tele=26 rj=16
roles: escort_samples=152 recover_samples=237
attacker floors: {}
defenders: 0 distinct 100u-cells, moving=0 still=0
chat lines: 346 | sample: (Arach[SG]): haste rune at our base
kills by weapon: blaster=0 rail=184 rocket=47 mg=0 cg=0 hb=0 ssg=0
ACC w0 fires=34 hits=6
ACC w2 fires=1 hits=0
ACC w3 fires=6 hits=1
ACC w6 fires=824 hits=113
ACC w7 fires=16 hits=2
ACC w8 fires=2079 hits=227
ACC w0 fires=34 hits=6
ACC w2 fires=1 hits=0
ACC w3 fires=6 hits=1
ACC w6 fires=835 hits=114
ACC w7 fires=16 hits=2
ACC w8 fires=2092 hits=227
---- s05-5v5 lmctf22 fill=5 900s ----
STEALS=15  CAPS=3  RETURNS=10
KILLS=152
HOOK: fires=1509 lands=707 fails=225
SHELVES=55  DEADDOORS=0  CYCLES=1
acts: swim=16 lift=9 tele=7 rj=10
roles: escort_samples=443 recover_samples=1096
attacker floors: {}
defenders: 0 distinct 100u-cells, moving=0 still=0
chat lines: 314 | sample: (Arach[SG]): regen rune at the hb
kills by weapon: blaster=0 rail=105 rocket=25 mg=0 cg=0 hb=0 ssg=2
ACC w0 fires=2 hits=2
ACC w2 fires=15 hits=37
ACC w6 fires=419 hits=67
ACC w8 fires=1430 hits=130
ACC w0 fires=2 hits=2
ACC w2 fires=15 hits=37
ACC w6 fires=419 hits=67
ACC w8 fires=1440 hits=130
ACC w0 fires=2 hits=2
ACC w2 fires=15 hits=37
ACC w6 fires=423 hits=67
ACC w8 fires=1466 hits=130
---- s06-5v3 lmctf44 fill=5:3 900s ----
STEALS=6  CAPS=1  RETURNS=4
KILLS=53
HOOK: fires=796 lands=360 fails=195
SHELVES=53  DEADDOORS=0  CYCLES=0
acts: swim=34 lift=15 tele=6 rj=1
roles: escort_samples=70 recover_samples=196
attacker floors: {}
defenders: 0 distinct 100u-cells, moving=0 still=0
chat lines: 132 | sample: Rune[SG]: back for more
kills by weapon: blaster=0 rail=34 rocket=12 mg=0 cg=0 hb=1 ssg=1
ACC w7 fires=29 hits=9
ACC w8 fires=368 hits=45
ACC w0 fires=9 hits=0
ACC w2 fires=8 hits=11
ACC w6 fires=134 hits=32
ACC w7 fires=29 hits=9
ACC w8 fires=370 hits=46
ACC w0 fires=9 hits=0
ACC w2 fires=8 hits=11
ACC w6 fires=134 hits=32
ACC w7 fires=29 hits=9
ACC w8 fires=370 hits=46
---- s07-5v3 lmctf44 fill=5:3 900s ----
STEALS=5  CAPS=0  RETURNS=5
KILLS=72
HOOK: fires=997 lands=431 fails=228
SHELVES=47  DEADDOORS=0  CYCLES=1
acts: swim=4 lift=15 tele=12 rj=5
roles: escort_samples=439 recover_samples=797
attacker floors: {}
defenders: 0 distinct 100u-cells, moving=0 still=0
chat lines: 148 | sample: Rune[SG]: back for more
kills by weapon: blaster=0 rail=52 rocket=14 mg=0 cg=0 hb=1 ssg=2
ACC w7 fires=13 hits=2
ACC w8 fires=658 hits=69
ACC w0 fires=3 hits=0
ACC w2 fires=7 hits=21
ACC w6 fires=129 hits=24
ACC w7 fires=13 hits=2
ACC w8 fires=662 hits=69
ACC w0 fires=3 hits=0
ACC w2 fires=7 hits=21
ACC w6 fires=138 hits=25
ACC w7 fires=13 hits=2
ACC w8 fires=679 hits=70
---- s08-7v7 lmctf09 fill=7 600s ----
STEALS=1  CAPS=0  RETURNS=1
KILLS=134
HOOK: fires=1201 lands=539 fails=356
SHELVES=118  DEADDOORS=0  CYCLES=0
acts: swim=12 lift=2 tele=3 rj=4
roles: escort_samples=0 recover_samples=6
attacker floors: {}
defenders: 0 distinct 100u-cells, moving=0 still=0
chat lines: 146 | sample: (Caco[SG]): damage rune at our base
kills by weapon: blaster=0 rail=92 rocket=28 mg=0 cg=0 hb=0 ssg=0
ACC w6 fires=547 hits=68
ACC w8 fires=1024 hits=106
ACC w0 fires=31 hits=3
ACC w2 fires=4 hits=0
ACC w3 fires=1 hits=0
ACC w6 fires=547 hits=68
ACC w8 fires=1024 hits=106
ACC w0 fires=31 hits=3
ACC w2 fires=4 hits=0
ACC w3 fires=1 hits=0
ACC w6 fires=547 hits=68
ACC w8 fires=1024 hits=106
---- s09-ctrl lmctf01 fill=5 900s ----
STEALS=2  CAPS=0  RETURNS=1
KILLS=88
HOOK: fires=990 lands=446 fails=264
SHELVES=341  DEADDOORS=0  CYCLES=0
acts: swim=196 lift=46 tele=35 rj=0
roles: escort_samples=114 recover_samples=250
attacker floors: {}
defenders: 0 distinct 100u-cells, moving=0 still=0
chat lines: 128 | sample: (Arach[SG]): regen rune at our base
kills by weapon: blaster=0 rail=60 rocket=21 mg=0 cg=0 hb=0 ssg=0
ACC w0 fires=17 hits=1
ACC w6 fires=281 hits=42
ACC w8 fires=464 hits=60
ACC w0 fires=17 hits=1
ACC w6 fires=282 hits=42
ACC w8 fires=465 hits=61
ACC w0 fires=17 hits=1
ACC w6 fires=289 hits=42
ACC w8 fires=466 hits=62
ACC w0 fires=17 hits=1
ACC w6 fires=294 hits=43
ACC w8 fires=466 hits=62
---- s10-5v1 smap05 fill=5:1 600s ----
STEALS=4  CAPS=4  RETURNS=0
KILLS=26
HOOK: fires=380 lands=134 fails=106
SHELVES=50  DEADDOORS=0  CYCLES=4
acts: swim=84 lift=0 tele=15 rj=5
roles: escort_samples=518 recover_samples=275
attacker floors: {}
defenders: 0 distinct 100u-cells, moving=0 still=0
chat lines: 90 | sample: (Arach[SG]): haste rune at the rg
kills by weapon: blaster=0 rail=22 rocket=4 mg=0 cg=0 hb=0 ssg=0
ACC w0 fires=6 hits=0
ACC w6 fires=84 hits=11
ACC w8 fires=275 hits=25
ACC w0 fires=6 hits=0
ACC w6 fires=84 hits=11
ACC w8 fires=275 hits=25
ACC w0 fires=6 hits=0
ACC w6 fires=84 hits=11
ACC w8 fires=275 hits=25
ACC w0 fires=6 hits=0
ACC w6 fires=84 hits=11
ACC w8 fires=275 hits=25
