=== WAVE 305 (free layout) ===
---- s01-2v2 lmctf03 fill=2 600s ----
STEALS=1  CAPS=0  RETURNS=0
KILLS=5
HOOK: fires=145 lands=42 fails=24
SHELVES=44  DEADDOORS=3  CYCLES=2
acts: swim=0 lift=0 tele=0 rj=0
roles: escort_samples=28 recover_samples=28
attacker floors: {}
defenders: 0 distinct 100u-cells, moving=0 still=0
chat lines: 38 | sample: (Caco[SG]): damage rune at yellow armor
kills by weapon: blaster=0 rail=1 rocket=3 mg=0 cg=0 hb=0 ssg=0
ACC w2 fires=1 hits=2
ACC w6 fires=20 hits=6
ACC w8 fires=44 hits=1
ACC w2 fires=1 hits=2
ACC w6 fires=20 hits=6
ACC w8 fires=44 hits=1
ACC w2 fires=1 hits=2
ACC w6 fires=20 hits=6
ACC w8 fires=44 hits=1
ACC w2 fires=1 hits=2
ACC w6 fires=20 hits=6
ACC w8 fires=44 hits=1
---- s02-2v2 lmctf03 fill=2 600s ----
STEALS=1  CAPS=0  RETURNS=0
KILLS=3
HOOK: fires=198 lands=64 fails=33
SHELVES=48  DEADDOORS=4  CYCLES=2
acts: swim=96 lift=0 tele=0 rj=2
roles: escort_samples=79 recover_samples=111
attacker floors: {}
defenders: 0 distinct 100u-cells, moving=0 still=0
chat lines: 36 | sample: (Arach[SG]): damage rune at our base
kills by weapon: blaster=0 rail=2 rocket=1 mg=0 cg=0 hb=0 ssg=1
ACC w0 fires=1 hits=0
ACC w1 fires=43 hits=44
ACC w6 fires=37 hits=2
ACC w8 fires=20 hits=3
ACC w0 fires=1 hits=0
ACC w1 fires=43 hits=44
ACC w6 fires=37 hits=2
ACC w8 fires=20 hits=3
ACC w0 fires=1 hits=0
ACC w1 fires=43 hits=44
ACC w6 fires=37 hits=2
ACC w8 fires=20 hits=3
---- s03-5v5 lmctf22 fill=5 900s ----
STEALS=3  CAPS=0  RETURNS=1
KILLS=111
HOOK: fires=1177 lands=489 fails=194
SHELVES=102  DEADDOORS=0  CYCLES=0
acts: swim=19 lift=21 tele=27 rj=16
roles: escort_samples=30 recover_samples=425
attacker floors: {}
defenders: 0 distinct 100u-cells, moving=0 still=0
chat lines: 198 | sample: (Arach[SG]): resist rune at the hb
kills by weapon: blaster=0 rail=70 rocket=22 mg=0 cg=1 hb=0 ssg=1
ACC w6 fires=363 hits=58
ACC w8 fires=696 hits=78
ACC w0 fires=16 hits=0
ACC w2 fires=16 hits=23
ACC w4 fires=12 hits=17
ACC w6 fires=368 hits=59
ACC w8 fires=718 hits=79
ACC w0 fires=16 hits=0
ACC w2 fires=16 hits=23
ACC w4 fires=12 hits=17
ACC w6 fires=368 hits=59
ACC w8 fires=719 hits=80
---- s04-5v5 lmctf22 fill=5 900s ----
STEALS=3  CAPS=0  RETURNS=3
KILLS=99
HOOK: fires=1110 lands=485 fails=203
SHELVES=103  DEADDOORS=0  CYCLES=0
acts: swim=2 lift=30 tele=11 rj=24
roles: escort_samples=4 recover_samples=72
attacker floors: {}
defenders: 0 distinct 100u-cells, moving=0 still=0
chat lines: 162 | sample: Rune[SG]: back for more
kills by weapon: blaster=0 rail=71 rocket=16 mg=1 cg=0 hb=1 ssg=0
ACC w3 fires=14 hits=7
ACC w4 fires=7 hits=3
ACC w6 fires=287 hits=49
ACC w7 fires=11 hits=2
ACC w8 fires=696 hits=78
ACC w0 fires=46 hits=6
ACC w2 fires=3 hits=0
ACC w3 fires=14 hits=7
ACC w4 fires=7 hits=3
ACC w6 fires=291 hits=49
ACC w7 fires=11 hits=2
ACC w8 fires=700 hits=78
---- s05-5v5 mactf06 fill=5 900s ----
STEALS=0  CAPS=0  RETURNS=0
KILLS=89
HOOK: fires=1014 lands=472 fails=309
SHELVES=67  DEADDOORS=0  CYCLES=0
acts: swim=21 lift=17 tele=30 rj=1
roles: escort_samples=0 recover_samples=0
attacker floors: {}
defenders: 0 distinct 100u-cells, moving=0 still=0
chat lines: 226 | sample: (Arach[SG]): haste rune at our base
kills by weapon: blaster=0 rail=71 rocket=11 mg=0 cg=0 hb=0 ssg=0
ACC w7 fires=3 hits=1
ACC w8 fires=916 hits=94
ACC w0 fires=13 hits=1
ACC w1 fires=1 hits=1
ACC w6 fires=228 hits=31
ACC w7 fires=3 hits=1
ACC w8 fires=916 hits=94
ACC w0 fires=13 hits=1
ACC w1 fires=1 hits=1
ACC w6 fires=228 hits=31
ACC w7 fires=3 hits=1
ACC w8 fires=916 hits=94
---- s06-5v3 lmctf44 fill=5:3 900s ----
STEALS=3  CAPS=0  RETURNS=3
KILLS=33
HOOK: fires=804 lands=332 fails=191
SHELVES=48  DEADDOORS=0  CYCLES=4
acts: swim=26 lift=25 tele=15 rj=10
roles: escort_samples=64 recover_samples=143
attacker floors: {}
defenders: 0 distinct 100u-cells, moving=0 still=0
chat lines: 88 | sample: Rune[SG]: right then
kills by weapon: blaster=0 rail=19 rocket=12 mg=0 cg=0 hb=1 ssg=0
ACC w7 fires=3 hits=1
ACC w8 fires=260 hits=30
ACC w0 fires=16 hits=1
ACC w2 fires=4 hits=0
ACC w6 fires=110 hits=18
ACC w7 fires=3 hits=1
ACC w8 fires=260 hits=30
ACC w0 fires=16 hits=1
ACC w2 fires=4 hits=0
ACC w6 fires=110 hits=18
ACC w7 fires=3 hits=1
ACC w8 fires=260 hits=30
---- s07-5v3 lmctf44 fill=5:3 900s ----
STEALS=5  CAPS=0  RETURNS=3
KILLS=54
HOOK: fires=966 lands=374 fails=212
SHELVES=62  DEADDOORS=0  CYCLES=1
acts: swim=39 lift=0 tele=6 rj=0
roles: escort_samples=184 recover_samples=718
attacker floors: {}
defenders: 0 distinct 100u-cells, moving=0 still=0
chat lines: 126 | sample: Rune[SG]: back for more
kills by weapon: blaster=0 rail=28 rocket=12 mg=0 cg=1 hb=3 ssg=0
ACC w0 fires=1 hits=1
ACC w2 fires=15 hits=18
ACC w4 fires=10 hits=8
ACC w6 fires=186 hits=39
ACC w7 fires=47 hits=15
ACC w8 fires=515 hits=48
ACC w0 fires=1 hits=1
ACC w2 fires=15 hits=18
ACC w4 fires=10 hits=8
ACC w6 fires=186 hits=39
ACC w7 fires=47 hits=15
ACC w8 fires=515 hits=48
---- s08-7v7 lmctf09 fill=7 600s ----
STEALS=3  CAPS=0  RETURNS=3
KILLS=133
HOOK: fires=1283 lands=484 fails=352
SHELVES=114  DEADDOORS=0  CYCLES=0
acts: swim=6 lift=5 tele=12 rj=14
roles: escort_samples=1 recover_samples=222
attacker floors: {}
defenders: 0 distinct 100u-cells, moving=0 still=0
chat lines: 148 | sample: Rune[SG]: back for more
kills by weapon: blaster=1 rail=92 rocket=22 mg=0 cg=0 hb=0 ssg=0
ACC w0 fires=81 hits=19
ACC w2 fires=4 hits=0
ACC w6 fires=402 hits=65
ACC w8 fires=1145 hits=115
ACC w0 fires=81 hits=19
ACC w2 fires=4 hits=0
ACC w6 fires=407 hits=66
ACC w8 fires=1170 hits=115
ACC w0 fires=81 hits=19
ACC w2 fires=4 hits=0
ACC w6 fires=409 hits=67
ACC w8 fires=1189 hits=118
---- s09-ctrl lmctf01 fill=5 900s ----
STEALS=3  CAPS=0  RETURNS=2
KILLS=95
HOOK: fires=1136 lands=423 fails=251
SHELVES=203  DEADDOORS=0  CYCLES=2
acts: swim=376 lift=15 tele=7 rj=39
roles: escort_samples=286 recover_samples=793
attacker floors: {}
defenders: 0 distinct 100u-cells, moving=0 still=0
chat lines: 132 | sample: (Arach[SG]): regen rune at our base
kills by weapon: blaster=0 rail=56 rocket=28 mg=1 cg=0 hb=0 ssg=0
ACC w0 fires=23 hits=2
ACC w3 fires=22 hits=16
ACC w6 fires=343 hits=47
ACC w8 fires=530 hits=62
ACC w0 fires=23 hits=2
ACC w3 fires=22 hits=16
ACC w6 fires=343 hits=47
ACC w8 fires=530 hits=62
ACC w0 fires=23 hits=2
ACC w3 fires=22 hits=16
ACC w6 fires=343 hits=47
ACC w8 fires=530 hits=62
---- s10-5v1 smap05 fill=5:1 600s ----
STEALS=2  CAPS=0  RETURNS=1
KILLS=18
HOOK: fires=305 lands=119 fails=78
SHELVES=51  DEADDOORS=0  CYCLES=13
acts: swim=48 lift=0 tele=56 rj=0
roles: escort_samples=250 recover_samples=217
attacker floors: {}
defenders: 0 distinct 100u-cells, moving=0 still=0
chat lines: 47 | sample: (Arach[SG]): haste rune at the rg
kills by weapon: blaster=0 rail=18 rocket=0 mg=0 cg=0 hb=0 ssg=0
ACC w0 fires=2 hits=0
ACC w6 fires=8 hits=1
ACC w8 fires=162 hits=21
ACC w0 fires=2 hits=0
ACC w6 fires=8 hits=1
ACC w8 fires=171 hits=21
ACC w0 fires=2 hits=0
ACC w6 fires=8 hits=1
ACC w8 fires=188 hits=21
ACC w0 fires=2 hits=0
ACC w6 fires=8 hits=1
ACC w8 fires=188 hits=21
