=== WAVE 269: duel=lmctf03 fives=mactf06,lmctf05,lmctf01,lmctf22,lmctf02c dens=lmctf09 ctrl=smap05 ===
---- s01-2v2 lmctf03 ----
STEALS=1  CAPS=0  RETURNS=1
KILLS=3
HOOK: fires=177 lands=32 fails=17
SHELVES=41  DEADDOORS=2  CYCLES=1
acts: swim=3 lift=0 tele=1 rj=5
roles: escort_samples=47 recover_samples=48
attacker floors: {}
defenders: 0 distinct 100u-cells, moving=0 still=0
chat lines: 42 | sample: (Arach[SG]): damage rune at our base
kills by weapon: blaster=0 rail=1 rocket=1 mg=0 cg=0 hb=0 ssg=0
ACC w6 fires=13 hits=3
ACC w8 fires=27 hits=1
ACC w6 fires=16 hits=4
ACC w8 fires=31 hits=1
ACC w6 fires=16 hits=4
ACC w8 fires=31 hits=1
ACC w6 fires=16 hits=4
ACC w8 fires=31 hits=1
ACC w6 fires=16 hits=4
ACC w8 fires=31 hits=1
ACC w6 fires=16 hits=4
ACC w8 fires=31 hits=1
EFF: attack=0.77 defend=1.44 carry=0.77 recover=0.69 escort=1.12
BOT: Arach[SG]    eff=1.55 avg_spd=   19 max_spd= 779 dist=  10353 role=defend
BOT: Rune[SG]     eff=1.17 avg_spd=   21 max_spd= 777 dist=   9371 role=defend
BOT: Caco[SG]     eff=0.96 avg_spd=  162 max_spd= 754 dist=  63527 role=attack
BOT: Slip[SG]     eff=0.64 avg_spd=  265 max_spd= 789 dist= 100435 role=attack
---- s02-2v2 lmctf03 ----
STEALS=0  CAPS=0  RETURNS=0
KILLS=1
HOOK: fires=153 lands=27 fails=11
SHELVES=35  DEADDOORS=1  CYCLES=0
acts: swim=0 lift=0 tele=0 rj=0
roles: escort_samples=0 recover_samples=0
attacker floors: {}
defenders: 0 distinct 100u-cells, moving=0 still=0
chat lines: 22 | sample: (Arach[SG]): rune by the Bullets
kills by weapon: blaster=0 rail=0 rocket=0 mg=0 cg=0 hb=0 ssg=0
ACC w6 fires=7 hits=2
ACC w8 fires=13 hits=0
ACC w6 fires=7 hits=2
ACC w8 fires=13 hits=0
ACC w6 fires=7 hits=2
ACC w8 fires=13 hits=0
ACC w6 fires=7 hits=2
ACC w8 fires=13 hits=0
ACC w6 fires=7 hits=2
ACC w8 fires=13 hits=0
ACC w6 fires=7 hits=2
ACC w8 fires=13 hits=0
EFF: attack=0.74 defend=1.82
BOT: Arach[SG]    eff=1.81 avg_spd=   25 max_spd= 791 dist=   6830 role=defend
BOT: Rune[SG]     eff=1.59 avg_spd=    3 max_spd= 777 dist=   1380 role=defend
BOT: Caco[SG]     eff=0.89 avg_spd=  161 max_spd= 754 dist=  65105 role=attack
BOT: Slip[SG]     eff=0.64 avg_spd=  267 max_spd= 789 dist=  97855 role=attack
---- s03-5v5 lmctf02c ----
STEALS=0  CAPS=0  RETURNS=0
KILLS=42
HOOK: fires=1045 lands=313 fails=199
SHELVES=62  DEADDOORS=0  CYCLES=0
acts: swim=37 lift=0 tele=1 rj=1
roles: escort_samples=0 recover_samples=0
attacker floors: {}
defenders: 0 distinct 100u-cells, moving=0 still=0
chat lines: 88 | sample: (Arach[SG]): damage rune at our base
kills by weapon: blaster=0 rail=34 rocket=5 mg=0 cg=0 hb=0 ssg=0
ACC w6 fires=73 hits=13
ACC w8 fires=485 hits=38
ACC w6 fires=78 hits=14
ACC w8 fires=485 hits=38
ACC w6 fires=78 hits=14
ACC w8 fires=485 hits=38
ACC w6 fires=78 hits=14
ACC w8 fires=485 hits=38
ACC w6 fires=78 hits=14
ACC w8 fires=485 hits=38
ACC w6 fires=78 hits=14
ACC w8 fires=485 hits=38
EFF: attack=1.73 defend=1.74
BOT: Gate[SG]     eff=2.42 avg_spd=  218 max_spd= 777 dist=  83032 role=defend
BOT: Field[SG]    eff=1.89 avg_spd=  217 max_spd= 782 dist=  93158 role=attack
BOT: Phase[SG]    eff=1.75 avg_spd=  225 max_spd= 803 dist=  98488 role=attack
BOT: Fiend[SG]    eff=1.71 avg_spd=  227 max_spd= 790 dist=  99475 role=attack
BOT: Rune[SG]     eff=1.71 avg_spd=  137 max_spd= 800 dist=  59467 role=defend
BOT: Slip[SG]     eff=1.70 avg_spd=  237 max_spd= 801 dist= 100558 role=attack
BOT: Vore[SG]     eff=1.67 avg_spd=  220 max_spd= 801 dist=  95693 role=attack
BOT: Trace[SG]    eff=1.65 avg_spd=  238 max_spd= 796 dist= 100115 role=attack
BOT: Caco[SG]     eff=1.40 avg_spd=  224 max_spd= 806 dist=  95772 role=defend
BOT: Arach[SG]    eff=1.34 avg_spd=  107 max_spd= 779 dist=  53916 role=defend
---- s04-5v5 mactf06 ----
STEALS=0  CAPS=0  RETURNS=0
KILLS=84
HOOK: fires=761 lands=321 fails=191
SHELVES=56  DEADDOORS=0  CYCLES=0
acts: swim=38 lift=1 tele=2 rj=0
roles: escort_samples=0 recover_samples=0
attacker floors: {}
defenders: 0 distinct 100u-cells, moving=0 still=0
chat lines: 192 | sample: (Arach[SG]): haste rune at our base
kills by weapon: blaster=0 rail=54 rocket=26 mg=0 cg=0 hb=0 ssg=0
ACC w6 fires=338 hits=46
ACC w8 fires=701 hits=58
ACC w0 fires=19 hits=1
ACC w1 fires=10 hits=7
ACC w3 fires=9 hits=1
ACC w6 fires=338 hits=46
ACC w8 fires=709 hits=60
ACC w0 fires=19 hits=1
ACC w1 fires=10 hits=7
ACC w3 fires=9 hits=1
ACC w6 fires=338 hits=46
ACC w8 fires=717 hits=60
EFF: attack=1.42 defend=1.14
BOT: Fiend[SG]    eff=1.69 avg_spd=  234 max_spd= 800 dist=  99455 role=attack
BOT: Field[SG]    eff=1.45 avg_spd=  220 max_spd= 789 dist=  88526 role=attack
BOT: Slip[SG]     eff=1.39 avg_spd=  216 max_spd= 784 dist=  94522 role=attack
BOT: Vore[SG]     eff=1.37 avg_spd=  225 max_spd= 794 dist=  98917 role=attack
BOT: Trace[SG]    eff=1.35 avg_spd=  223 max_spd= 779 dist=  91421 role=attack
BOT: Phase[SG]    eff=1.29 avg_spd=  224 max_spd= 800 dist=  88538 role=attack
BOT: Caco[SG]     eff=1.23 avg_spd=  255 max_spd= 775 dist=  24910 role=defend
BOT: Gate[SG]     eff=1.17 avg_spd=  241 max_spd= 779 dist=  37360 role=defend
BOT: Arach[SG]    eff=1.15 avg_spd=  141 max_spd= 757 dist=  37323 role=defend
BOT: Rune[SG]     eff=0.96 avg_spd=  229 max_spd= 761 dist=  21004 role=defend
---- s05-5v5 lmctf05 ----
STEALS=1  CAPS=0  RETURNS=1
KILLS=80
HOOK: fires=662 lands=249 fails=129
SHELVES=140  DEADDOORS=0  CYCLES=0
acts: swim=142 lift=18 tele=29 rj=0
roles: escort_samples=9 recover_samples=111
attacker floors: {}
defenders: 0 distinct 100u-cells, moving=0 still=0
chat lines: 105 | sample: (Arach[SG]): damage rune at the cg
kills by weapon: blaster=0 rail=44 rocket=24 mg=0 cg=0 hb=0 ssg=0
ACC w7 fires=10 hits=5
ACC w8 fires=472 hits=47
ACC w0 fires=5 hits=1
ACC w4 fires=5 hits=0
ACC w6 fires=241 hits=45
ACC w7 fires=10 hits=5
ACC w8 fires=482 hits=49
ACC w0 fires=5 hits=1
ACC w4 fires=5 hits=0
ACC w6 fires=244 hits=47
ACC w7 fires=10 hits=5
ACC w8 fires=488 hits=49
EFF: attack=1.71 defend=1.04 recover=0.90
BOT: Vore[SG]     eff=1.90 avg_spd=  157 max_spd= 781 dist=  73768 role=attack
BOT: Slip[SG]     eff=1.90 avg_spd=  166 max_spd= 769 dist=  79257 role=attack
BOT: Phase[SG]    eff=1.65 avg_spd=  128 max_spd= 781 dist=  64273 role=attack
BOT: Arach[SG]    eff=1.56 avg_spd=  159 max_spd= 779 dist=  69605 role=defend
BOT: Field[SG]    eff=1.56 avg_spd=  181 max_spd= 776 dist=  40259 role=attack
BOT: Trace[SG]    eff=1.54 avg_spd=  184 max_spd= 746 dist=  52839 role=attack
BOT: Fiend[SG]    eff=1.48 avg_spd=  166 max_spd= 780 dist=  76149 role=attack
BOT: Rune[SG]     eff=1.00 avg_spd=  109 max_spd= 728 dist=   7652 role=defend
BOT: Gate[SG]     eff=0.80 avg_spd=  220 max_spd= 786 dist=  76327 role=defend
BOT: Caco[SG]     eff=0.79 avg_spd=  235 max_spd= 777 dist=  58957 role=defend
---- s06-5v5 lmctf01 ----
STEALS=0  CAPS=0  RETURNS=0
KILLS=45
HOOK: fires=721 lands=245 fails=143
SHELVES=149  DEADDOORS=0  CYCLES=0
acts: swim=157 lift=9 tele=10 rj=1
roles: escort_samples=0 recover_samples=0
attacker floors: {}
defenders: 0 distinct 100u-cells, moving=0 still=0
chat lines: 68 | sample: (Arach[SG]): regen rune at our base
kills by weapon: blaster=0 rail=37 rocket=7 mg=0 cg=0 hb=0 ssg=0
ACC w0 fires=6 hits=0
ACC w3 fires=12 hits=2
ACC w6 fires=162 hits=15
ACC w8 fires=278 hits=38
ACC w0 fires=6 hits=0
ACC w3 fires=12 hits=2
ACC w6 fires=162 hits=15
ACC w8 fires=291 hits=38
ACC w0 fires=6 hits=0
ACC w3 fires=12 hits=2
ACC w6 fires=162 hits=15
ACC w8 fires=291 hits=38
EFF: attack=1.57 defend=0.63
BOT: Slip[SG]     eff=3.27 avg_spd=  155 max_spd= 784 dist=  72804 role=attack
BOT: Trace[SG]    eff=1.30 avg_spd=  183 max_spd= 800 dist=  77259 role=attack
BOT: Vore[SG]     eff=1.28 avg_spd=  180 max_spd= 777 dist=  78601 role=attack
BOT: Field[SG]    eff=1.26 avg_spd=  201 max_spd= 769 dist=  83638 role=attack
BOT: Phase[SG]    eff=1.26 avg_spd=  222 max_spd= 788 dist=  89571 role=attack
BOT: Fiend[SG]    eff=1.21 avg_spd=  161 max_spd= 815 dist=  69407 role=attack
BOT: Arach[SG]    eff=1.17 avg_spd=   30 max_spd= 778 dist=  14894 role=defend
BOT: Rune[SG]     eff=0.82 avg_spd=    9 max_spd= 301 dist=   1633 role=defend
BOT: Caco[SG]     eff=0.58 avg_spd=  217 max_spd= 662 dist=  39253 role=defend
BOT: Gate[SG]     eff=0.51 avg_spd=  223 max_spd= 761 dist=  34384 role=defend
---- s07-5v5 lmctf22 ----
STEALS=4  CAPS=1  RETURNS=1
KILLS=84
HOOK: fires=873 lands=299 fails=95
SHELVES=79  DEADDOORS=0  CYCLES=4
acts: swim=17 lift=11 tele=13 rj=23
roles: escort_samples=283 recover_samples=711
attacker floors: {}
defenders: 0 distinct 100u-cells, moving=0 still=0
chat lines: 153 | sample: (Slip[SG]): resist rune at our base
kills by weapon: blaster=0 rail=64 rocket=15 mg=0 cg=0 hb=0 ssg=0
ACC w0 fires=1 hits=1
ACC w6 fires=222 hits=33
ACC w8 fires=648 hits=74
ACC w0 fires=1 hits=1
ACC w6 fires=222 hits=33
ACC w8 fires=648 hits=74
ACC w0 fires=1 hits=1
ACC w6 fires=232 hits=36
ACC w8 fires=666 hits=75
ACC w0 fires=1 hits=1
ACC w6 fires=234 hits=36
ACC w8 fires=672 hits=76
EFF: attack=1.32 defend=0.92 carry=1.43 recover=0.75 escort=1.05
BOT: Fiend[SG]    eff=1.52 avg_spd=  235 max_spd= 794 dist=  93042 role=attack
BOT: Trace[SG]    eff=1.27 avg_spd=  231 max_spd= 790 dist=  82923 role=attack
BOT: Vore[SG]     eff=1.25 avg_spd=  231 max_spd= 781 dist=  96612 role=attack
BOT: Phase[SG]    eff=1.20 avg_spd=  242 max_spd= 783 dist= 104052 role=attack
BOT: Field[SG]    eff=1.14 avg_spd=  225 max_spd= 799 dist=  89550 role=attack
BOT: Slip[SG]     eff=1.05 avg_spd=  201 max_spd= 788 dist=  82038 role=attack
BOT: Caco[SG]     eff=0.99 avg_spd=  201 max_spd= 779 dist=  50240 role=defend
BOT: Gate[SG]     eff=0.96 avg_spd=  242 max_spd= 800 dist=  50871 role=defend
BOT: Arach[SG]    eff=0.88 avg_spd=  154 max_spd= 767 dist=  28509 role=defend
BOT: Rune[SG]     eff=0.76 avg_spd=  198 max_spd= 777 dist=  26998 role=defend
---- s08-7v7 lmctf09 ----
STEALS=0  CAPS=0  RETURNS=0
KILLS=158
HOOK: fires=1436 lands=449 fails=301
SHELVES=114  DEADDOORS=0  CYCLES=0
acts: swim=13 lift=2 tele=3 rj=3
roles: escort_samples=0 recover_samples=0
attacker floors: {}
defenders: 0 distinct 100u-cells, moving=0 still=0
chat lines: 156 | sample: Rune[SG]: lovely
kills by weapon: blaster=0 rail=119 rocket=26 mg=0 cg=0 hb=0 ssg=0
ACC w0 fires=44 hits=4
ACC w2 fires=16 hits=7
ACC w6 fires=409 hits=77
ACC w8 fires=1393 hits=147
ACC w0 fires=44 hits=4
ACC w2 fires=16 hits=7
ACC w6 fires=409 hits=78
ACC w8 fires=1397 hits=148
ACC w0 fires=44 hits=4
ACC w2 fires=16 hits=7
ACC w6 fires=409 hits=78
ACC w8 fires=1403 hits=149
EFF: attack=1.66 defend=1.00
BOT: Fiend[SG]    eff=1.81 avg_spd=  207 max_spd= 783 dist=  94202 role=attack
BOT: Phase[SG]    eff=1.79 avg_spd=  205 max_spd= 798 dist=  96043 role=attack
BOT: Scrag[SG]    eff=1.71 avg_spd=  207 max_spd= 800 dist=  90308 role=attack
BOT: Wizard[SG]   eff=1.71 avg_spd=  213 max_spd= 800 dist=  96047 role=attack
BOT: Vore[SG]     eff=1.70 avg_spd=  197 max_spd= 789 dist=  91807 role=attack
BOT: Field[SG]    eff=1.66 avg_spd=  199 max_spd= 784 dist=  88259 role=attack
BOT: Trace[SG]    eff=1.61 avg_spd=  227 max_spd= 792 dist=  95930 role=attack
BOT: Slip[SG]     eff=1.55 avg_spd=  205 max_spd= 777 dist=  99809 role=attack
BOT: Ogre[SG]     eff=1.54 avg_spd=  218 max_spd= 838 dist=  93686 role=attack
BOT: Knight[SG]   eff=1.52 avg_spd=  226 max_spd= 797 dist=  95026 role=attack
BOT: Arach[SG]    eff=1.34 avg_spd=   30 max_spd= 773 dist=  14176 role=defend
BOT: Gate[SG]     eff=1.25 avg_spd=  232 max_spd= 774 dist=  32909 role=defend
BOT: Caco[SG]     eff=0.87 avg_spd=  236 max_spd= 770 dist=  55958 role=defend
BOT: Rune[SG]     eff=0.61 avg_spd=   33 max_spd= 441 dist=   7662 role=defend
---- s09-7v7 lmctf09 ----
STEALS=4  CAPS=0  RETURNS=2
KILLS=152
HOOK: fires=1495 lands=475 fails=298
SHELVES=109  DEADDOORS=0  CYCLES=0
acts: swim=5 lift=1 tele=13 rj=4
roles: escort_samples=5 recover_samples=404
attacker floors: {}
defenders: 0 distinct 100u-cells, moving=0 still=0
chat lines: 174 | sample: Rune[SG]: hello all
kills by weapon: blaster=0 rail=117 rocket=24 mg=0 cg=0 hb=0 ssg=1
ACC w0 fires=16 hits=5
ACC w2 fires=24 hits=24
ACC w6 fires=432 hits=59
ACC w8 fires=1443 hits=139
ACC w0 fires=16 hits=5
ACC w2 fires=24 hits=24
ACC w6 fires=437 hits=60
ACC w8 fires=1446 hits=140
ACC w0 fires=16 hits=5
ACC w2 fires=24 hits=24
ACC w6 fires=441 hits=61
ACC w8 fires=1460 hits=141
EFF: attack=1.65 defend=1.32 recover=1.49
BOT: Scrag[SG]    eff=1.98 avg_spd=  211 max_spd= 809 dist=  90013 role=attack
BOT: Trace[SG]    eff=1.76 avg_spd=  193 max_spd= 799 dist=  85696 role=attack
BOT: Vore[SG]     eff=1.74 avg_spd=  204 max_spd= 789 dist=  92824 role=attack
BOT: Field[SG]    eff=1.71 avg_spd=  209 max_spd= 770 dist=  95877 role=attack
BOT: Phase[SG]    eff=1.67 avg_spd=  228 max_spd= 801 dist=  95828 role=attack
BOT: Arach[SG]    eff=1.61 avg_spd=   94 max_spd= 799 dist=  27516 role=defend
BOT: Ogre[SG]     eff=1.60 avg_spd=  200 max_spd= 808 dist=  93809 role=attack
BOT: Knight[SG]   eff=1.51 avg_spd=  168 max_spd= 799 dist=  74817 role=attack
BOT: Slip[SG]     eff=1.50 avg_spd=  219 max_spd= 781 dist=  91854 role=attack
BOT: Fiend[SG]    eff=1.50 avg_spd=  199 max_spd= 799 dist=  92875 role=attack
BOT: Wizard[SG]   eff=1.46 avg_spd=  195 max_spd= 782 dist=  87208 role=attack
BOT: Rune[SG]     eff=1.43 avg_spd=   90 max_spd= 782 dist=  29986 role=defend
BOT: Caco[SG]     eff=1.21 avg_spd=  222 max_spd= 776 dist=  62721 role=defend
BOT: Gate[SG]     eff=1.19 avg_spd=  132 max_spd= 771 dist=  45478 role=defend
---- s10-5v1 smap05 ----
STEALS=6  CAPS=1  RETURNS=0
KILLS=51
HOOK: fires=530 lands=149 fails=84
SHELVES=96  DEADDOORS=0  CYCLES=3
acts: swim=80 lift=0 tele=10 rj=0
roles: escort_samples=387 recover_samples=359
attacker floors: {}
defenders: 0 distinct 100u-cells, moving=0 still=0
chat lines: 112 | sample: (Arach[SG]): haste rune at the rg
kills by weapon: blaster=0 rail=33 rocket=13 mg=0 cg=0 hb=0 ssg=0
ACC w0 fires=18 hits=4
ACC w6 fires=177 hits=31
ACC w8 fires=275 hits=34
ACC w0 fires=18 hits=4
ACC w6 fires=177 hits=31
ACC w8 fires=280 hits=35
ACC w0 fires=18 hits=4
ACC w6 fires=177 hits=31
ACC w8 fires=280 hits=35
ACC w0 fires=18 hits=4
ACC w6 fires=177 hits=31
ACC w8 fires=280 hits=35
EFF: attack=1.37 defend=0.65 carry=1.54 recover=1.15 escort=1.47
BOT: Arach[SG]    eff=2.97 avg_spd=    5 max_spd= 768 dist=   1616 role=defend
BOT: Rune[SG]     eff=1.42 avg_spd=  194 max_spd= 779 dist=  91520 role=recover
BOT: Slip[SG]     eff=1.38 avg_spd=  217 max_spd= 800 dist=  80067 role=attack
BOT: Phase[SG]    eff=1.29 avg_spd=  193 max_spd= 784 dist=  72821 role=attack
BOT: Gate[SG]     eff=1.26 avg_spd=  214 max_spd= 785 dist=  83399 role=attack
BOT: Caco[SG]     eff=1.03 avg_spd=  191 max_spd=1021 dist=  60700 role=defend
botledger: 92 rows appended for wave 269
logs: /home/buzzkill/Projects/lmctf6-stats/tools/iter-269
