=== WAVE 298 (free layout) ===
---- s01-2v2 lmctf03 fill=2 600s ----
STEALS=1  CAPS=0  RETURNS=0
KILLS=6
HOOK: fires=204 lands=55 fails=26
SHELVES=56  DEADDOORS=3  CYCLES=0
acts: swim=15 lift=1 tele=0 rj=53
roles: escort_samples=12 recover_samples=42
attacker floors: {}
defenders: 0 distinct 100u-cells, moving=0 still=0
chat lines: 39 | sample: (Caco[SG]): rune by the Health
kills by weapon: blaster=0 rail=2 rocket=3 mg=0 cg=0 hb=0 ssg=0
ACC w1 fires=26 hits=21
ACC w6 fires=30 hits=5
ACC w8 fires=57 hits=5
ACC w1 fires=26 hits=21
ACC w6 fires=30 hits=5
ACC w8 fires=57 hits=5
ACC w1 fires=26 hits=21
ACC w6 fires=30 hits=5
ACC w8 fires=57 hits=5
ACC w1 fires=26 hits=21
ACC w6 fires=30 hits=5
ACC w8 fires=57 hits=5
---- s02-2v2 lmctf03 fill=2 600s ----
STEALS=0  CAPS=0  RETURNS=0
KILLS=2
HOOK: fires=136 lands=28 fails=17
SHELVES=47  DEADDOORS=1  CYCLES=0
acts: swim=0 lift=0 tele=0 rj=6
roles: escort_samples=0 recover_samples=0
attacker floors: {}
defenders: 0 distinct 100u-cells, moving=0 still=0
chat lines: 34 | sample: (Arach[SG]): damage rune at our base
kills by weapon: blaster=0 rail=0 rocket=2 mg=0 cg=0 hb=0 ssg=0
ACC w0 fires=4 hits=0
ACC w6 fires=17 hits=4
ACC w8 fires=10 hits=1
ACC w0 fires=4 hits=0
ACC w6 fires=17 hits=4
ACC w8 fires=10 hits=1
ACC w0 fires=4 hits=0
ACC w6 fires=17 hits=4
ACC w8 fires=10 hits=1
ACC w0 fires=4 hits=0
ACC w6 fires=17 hits=4
ACC w8 fires=10 hits=1
---- s03-5v5 lmctf22 fill=5 900s ----
STEALS=3  CAPS=0  RETURNS=3
KILLS=111
HOOK: fires=1191 lands=482 fails=186
SHELVES=120  DEADDOORS=0  CYCLES=1
acts: swim=11 lift=18 tele=4 rj=13
roles: escort_samples=179 recover_samples=273
attacker floors: {}
defenders: 0 distinct 100u-cells, moving=0 still=0
chat lines: 206 | sample: (Arach[SG]): resist rune at the hb
kills by weapon: blaster=0 rail=74 rocket=21 mg=0 cg=0 hb=1 ssg=0
ACC w0 fires=52 hits=10
ACC w2 fires=16 hits=20
ACC w3 fires=18 hits=6
ACC w6 fires=335 hits=54
ACC w7 fires=8 hits=3
ACC w8 fires=983 hits=96
ACC w0 fires=52 hits=10
ACC w2 fires=16 hits=20
ACC w3 fires=18 hits=6
ACC w6 fires=335 hits=54
ACC w7 fires=8 hits=3
ACC w8 fires=983 hits=96
---- s04-5v5 lmctf22 fill=5 900s ----
STEALS=4  CAPS=0  RETURNS=2
KILLS=96
HOOK: fires=1068 lands=453 fails=190
SHELVES=111  DEADDOORS=0  CYCLES=2
acts: swim=11 lift=25 tele=25 rj=12
roles: escort_samples=57 recover_samples=495
attacker floors: {}
defenders: 0 distinct 100u-cells, moving=0 still=0
chat lines: 184 | sample: (Rune[SG]): regen rune at our base
kills by weapon: blaster=0 rail=69 rocket=16 mg=0 cg=0 hb=0 ssg=0
ACC w7 fires=1 hits=0
ACC w8 fires=691 hits=85
ACC w0 fires=14 hits=2
ACC w2 fires=5 hits=0
ACC w6 fires=202 hits=39
ACC w7 fires=1 hits=0
ACC w8 fires=703 hits=86
ACC w0 fires=14 hits=2
ACC w2 fires=5 hits=0
ACC w6 fires=202 hits=39
ACC w7 fires=1 hits=0
ACC w8 fires=704 hits=87
---- s05-5v5 mactf06 fill=5 900s ----
STEALS=0  CAPS=0  RETURNS=0
KILLS=123
HOOK: fires=979 lands=458 fails=285
SHELVES=67  DEADDOORS=0  CYCLES=0
acts: swim=34 lift=13 tele=55 rj=23
roles: escort_samples=0 recover_samples=0
attacker floors: {}
defenders: 0 distinct 100u-cells, moving=0 still=0
chat lines: 222 | sample: (Arach[SG]): haste rune at our base
kills by weapon: blaster=0 rail=98 rocket=18 mg=0 cg=0 hb=0 ssg=0
ACC w7 fires=39 hits=2
ACC w8 fires=1208 hits=116
ACC w0 fires=36 hits=4
ACC w3 fires=6 hits=1
ACC w6 fires=319 hits=41
ACC w7 fires=39 hits=2
ACC w8 fires=1212 hits=117
ACC w0 fires=36 hits=4
ACC w3 fires=6 hits=1
ACC w6 fires=319 hits=41
ACC w7 fires=39 hits=2
ACC w8 fires=1212 hits=117
---- s06-5v3 lmctf44 fill=5:3 900s ----
STEALS=2  CAPS=0  RETURNS=2
KILLS=45
HOOK: fires=846 lands=339 fails=209
SHELVES=31  DEADDOORS=0  CYCLES=1
acts: swim=3 lift=0 tele=0 rj=13
roles: escort_samples=126 recover_samples=109
attacker floors: {}
defenders: 0 distinct 100u-cells, moving=0 still=0
chat lines: 98 | sample: Rune[SG]: here we go again
kills by weapon: blaster=1 rail=35 rocket=5 mg=0 cg=1 hb=1 ssg=1
ACC w0 fires=14 hits=3
ACC w2 fires=1 hits=19
ACC w4 fires=11 hits=3
ACC w6 fires=68 hits=15
ACC w7 fires=29 hits=8
ACC w8 fires=326 hits=43
ACC w0 fires=14 hits=3
ACC w2 fires=1 hits=19
ACC w4 fires=11 hits=3
ACC w6 fires=68 hits=16
ACC w7 fires=29 hits=8
ACC w8 fires=326 hits=43
---- s07-5v3 lmctf44 fill=5:3 900s ----
STEALS=4  CAPS=0  RETURNS=4
KILLS=60
HOOK: fires=931 lands=363 fails=218
SHELVES=51  DEADDOORS=0  CYCLES=0
acts: swim=28 lift=57 tele=23 rj=7
roles: escort_samples=130 recover_samples=304
attacker floors: {}
defenders: 0 distinct 100u-cells, moving=0 still=0
chat lines: 122 | sample: Rune[SG]: right then
kills by weapon: blaster=0 rail=33 rocket=18 mg=0 cg=1 hb=0 ssg=0
ACC w0 fires=1 hits=0
ACC w2 fires=34 hits=31
ACC w4 fires=12 hits=7
ACC w6 fires=176 hits=37
ACC w7 fires=6 hits=0
ACC w8 fires=407 hits=47
ACC w0 fires=1 hits=0
ACC w2 fires=34 hits=31
ACC w4 fires=26 hits=28
ACC w6 fires=177 hits=37
ACC w7 fires=10 hits=0
ACC w8 fires=407 hits=47
---- s08-5v5 mactf06 fill=5 900s ----
STEALS=1  CAPS=0  RETURNS=1
KILLS=126
HOOK: fires=1070 lands=495 fails=305
SHELVES=76  DEADDOORS=0  CYCLES=0
acts: swim=15 lift=34 tele=21 rj=0
roles: escort_samples=57 recover_samples=147
attacker floors: {}
defenders: 0 distinct 100u-cells, moving=0 still=0
chat lines: 249 | sample: (Arach[SG]): haste rune at our base
kills by weapon: blaster=0 rail=91 rocket=23 mg=0 cg=0 hb=1 ssg=0
ACC w0 fires=20 hits=3
ACC w6 fires=368 hits=55
ACC w7 fires=25 hits=7
ACC w8 fires=1091 hits=107
ACC w0 fires=20 hits=3
ACC w6 fires=368 hits=55
ACC w7 fires=25 hits=7
ACC w8 fires=1091 hits=107
ACC w0 fires=20 hits=3
ACC w6 fires=369 hits=55
ACC w7 fires=25 hits=7
ACC w8 fires=1098 hits=108
---- s09-ctrl lmctf01 fill=5 900s ----
STEALS=2  CAPS=0  RETURNS=2
KILLS=96
HOOK: fires=1025 lands=405 fails=233
SHELVES=208  DEADDOORS=0  CYCLES=7
acts: swim=432 lift=18 tele=38 rj=44
roles: escort_samples=172 recover_samples=509
attacker floors: {}
defenders: 0 distinct 100u-cells, moving=0 still=0
chat lines: 117 | sample: (Arach[SG]): regen rune at our base
kills by weapon: blaster=0 rail=47 rocket=38 mg=0 cg=0 hb=0 ssg=0
ACC w0 fires=6 hits=1
ACC w2 fires=1 hits=0
ACC w6 fires=507 hits=66
ACC w8 fires=619 hits=51
ACC w0 fires=6 hits=1
ACC w2 fires=1 hits=0
ACC w6 fires=507 hits=66
ACC w8 fires=619 hits=51
ACC w0 fires=7 hits=1
ACC w2 fires=1 hits=0
ACC w6 fires=507 hits=66
ACC w8 fires=625 hits=51
---- s10-5v1 smap05 fill=5:1 600s ----
STEALS=2  CAPS=1  RETURNS=0
KILLS=14
HOOK: fires=291 lands=108 fails=62
SHELVES=32  DEADDOORS=0  CYCLES=26
acts: swim=16 lift=117 tele=0 rj=0
roles: escort_samples=621 recover_samples=466
attacker floors: {}
defenders: 0 distinct 100u-cells, moving=0 still=0
chat lines: 57 | sample: (Arach[SG]): haste rune at the rg
kills by weapon: blaster=0 rail=12 rocket=1 mg=0 cg=0 hb=0 ssg=0
ACC w6 fires=7 hits=2
ACC w8 fires=140 hits=15
ACC w6 fires=9 hits=3
ACC w8 fires=140 hits=15
ACC w6 fires=9 hits=3
ACC w8 fires=140 hits=15
ACC w6 fires=9 hits=3
ACC w8 fires=140 hits=15
ACC w6 fires=9 hits=3
ACC w8 fires=141 hits=16
ACC w6 fires=9 hits=3
ACC w8 fires=141 hits=16
