=== WAVE 321 (free layout) ===
---- s01-2v2 lmctf03 fill=2 600s ----
STEALS=3  CAPS=0  RETURNS=0
KILLS=11
HOOK: fires=121 lands=31 fails=12
SHELVES=101  DEADDOORS=2  CYCLES=1
acts: swim=3 lift=57 tele=25 rj=0
roles: escort_samples=60 recover_samples=104
attacker floors: {}
defenders: 0 distinct 100u-cells, moving=0 still=0
chat lines: 50 | sample: (Arach[SG]): damage rune at our base
kills by weapon: blaster=0 rail=5 rocket=6 mg=0 cg=0 hb=0 ssg=0
ACC w6 fires=35 hits=9
ACC w8 fires=83 hits=6
ACC w6 fires=35 hits=9
ACC w8 fires=83 hits=6
ACC w6 fires=35 hits=9
ACC w8 fires=83 hits=6
ACC w6 fires=35 hits=9
ACC w8 fires=83 hits=6
ACC w6 fires=35 hits=9
ACC w8 fires=83 hits=6
ACC w6 fires=35 hits=9
ACC w8 fires=83 hits=6
---- s02-2v2 lmctf03 fill=2 600s ----
STEALS=1  CAPS=0  RETURNS=0
KILLS=9
HOOK: fires=109 lands=26 fails=15
SHELVES=111  DEADDOORS=3  CYCLES=0
acts: swim=0 lift=0 tele=1 rj=0
roles: escort_samples=41 recover_samples=41
attacker floors: {}
defenders: 0 distinct 100u-cells, moving=0 still=0
chat lines: 61 | sample: (Arach[SG]): damage rune at our base
kills by weapon: blaster=0 rail=8 rocket=1 mg=0 cg=0 hb=0 ssg=0
ACC w6 fires=31 hits=5
ACC w8 fires=117 hits=10
ACC w6 fires=31 hits=5
ACC w8 fires=117 hits=10
ACC w6 fires=31 hits=5
ACC w8 fires=117 hits=10
ACC w6 fires=31 hits=5
ACC w8 fires=117 hits=10
ACC w6 fires=31 hits=5
ACC w8 fires=117 hits=10
ACC w6 fires=31 hits=5
ACC w8 fires=117 hits=10
---- s03-5v5 lmctf22 fill=5 900s ----
STEALS=20  CAPS=2  RETURNS=16
KILLS=205
HOOK: fires=1195 lands=590 fails=224
SHELVES=60  DEADDOORS=0  CYCLES=1
acts: swim=5 lift=3 tele=8 rj=10
roles: escort_samples=567 recover_samples=1143
attacker floors: {}
defenders: 0 distinct 100u-cells, moving=0 still=0
chat lines: 321 | sample: (Arach[SG]): resist rune at our base
kills by weapon: blaster=0 rail=154 rocket=38 mg=0 cg=1 hb=0 ssg=0
ACC w0 fires=5 hits=2
ACC w2 fires=8 hits=0
ACC w3 fires=5 hits=2
ACC w4 fires=10 hits=15
ACC w6 fires=408 hits=69
ACC w8 fires=1343 hits=171
ACC w0 fires=5 hits=2
ACC w2 fires=8 hits=0
ACC w3 fires=5 hits=2
ACC w4 fires=10 hits=15
ACC w6 fires=411 hits=69
ACC w8 fires=1373 hits=173
---- s04-5v5 lmctf22 fill=5 900s ----
STEALS=21  CAPS=2  RETURNS=16
KILLS=180
HOOK: fires=1264 lands=637 fails=231
SHELVES=64  DEADDOORS=0  CYCLES=4
acts: swim=4 lift=5 tele=4 rj=1
roles: escort_samples=931 recover_samples=1523
attacker floors: {}
defenders: 0 distinct 100u-cells, moving=0 still=0
chat lines: 356 | sample: (Arach[SG]): regen rune at our base
kills by weapon: blaster=0 rail=128 rocket=34 mg=0 cg=0 hb=1 ssg=0
ACC w7 fires=29 hits=5
ACC w8 fires=1371 hits=155
ACC w0 fires=15 hits=4
ACC w4 fires=3 hits=0
ACC w6 fires=500 hits=88
ACC w7 fires=29 hits=5
ACC w8 fires=1373 hits=157
ACC w0 fires=15 hits=4
ACC w4 fires=3 hits=0
ACC w6 fires=504 hits=88
ACC w7 fires=29 hits=5
ACC w8 fires=1414 hits=158
---- s05-5v5 mactf06 fill=5 900s ----
STEALS=5  CAPS=1  RETURNS=4
KILLS=162
HOOK: fires=919 lands=513 fails=378
SHELVES=6  DEADDOORS=0  CYCLES=0
acts: swim=21 lift=24 tele=18 rj=23
roles: escort_samples=283 recover_samples=609
attacker floors: {}
defenders: 0 distinct 100u-cells, moving=0 still=0
chat lines: 343 | sample: (Arach[SG]): haste rune at our base
kills by weapon: blaster=0 rail=122 rocket=25 mg=0 cg=0 hb=0 ssg=1
ACC w0 fires=64 hits=6
ACC w1 fires=5 hits=6
ACC w6 fires=406 hits=72
ACC w8 fires=1308 hits=160
ACC w0 fires=64 hits=6
ACC w1 fires=5 hits=6
ACC w6 fires=411 hits=73
ACC w8 fires=1308 hits=160
ACC w0 fires=64 hits=6
ACC w1 fires=5 hits=6
ACC w6 fires=418 hits=73
ACC w8 fires=1309 hits=160
---- s06-5v3 lmctf44 fill=5:3 900s ----
STEALS=10  CAPS=3  RETURNS=6
KILLS=97
HOOK: fires=1012 lands=463 fails=254
SHELVES=28  DEADDOORS=0  CYCLES=9
acts: swim=0 lift=8 tele=11 rj=3
roles: escort_samples=516 recover_samples=745
attacker floors: {}
defenders: 0 distinct 100u-cells, moving=0 still=0
chat lines: 210 | sample: Rune[SG]: right then
kills by weapon: blaster=0 rail=67 rocket=18 mg=0 cg=0 hb=0 ssg=0
ACC w7 fires=22 hits=8
ACC w8 fires=878 hits=89
ACC w0 fires=8 hits=0
ACC w2 fires=1 hits=3
ACC w6 fires=225 hits=53
ACC w7 fires=22 hits=8
ACC w8 fires=889 hits=89
ACC w0 fires=8 hits=0
ACC w2 fires=1 hits=3
ACC w6 fires=225 hits=53
ACC w7 fires=22 hits=8
ACC w8 fires=904 hits=92
---- s07-5v3 lmctf44 fill=5:3 900s ----
STEALS=5  CAPS=1  RETURNS=4
KILLS=66
HOOK: fires=811 lands=403 fails=202
SHELVES=57  DEADDOORS=0  CYCLES=1
acts: swim=2 lift=10 tele=8 rj=27
roles: escort_samples=169 recover_samples=178
attacker floors: {}
defenders: 0 distinct 100u-cells, moving=0 still=0
chat lines: 126 | sample: Rune[SG]: shall we
kills by weapon: blaster=0 rail=48 rocket=12 mg=0 cg=0 hb=1 ssg=3
ACC w0 fires=2 hits=1
ACC w2 fires=30 hits=59
ACC w4 fires=4 hits=0
ACC w6 fires=152 hits=25
ACC w7 fires=78 hits=18
ACC w8 fires=652 hits=70
ACC w0 fires=2 hits=1
ACC w2 fires=30 hits=59
ACC w4 fires=4 hits=0
ACC w6 fires=156 hits=26
ACC w7 fires=78 hits=18
ACC w8 fires=655 hits=70
---- s08-7v7 lmctf09 fill=7 600s ----
STEALS=7  CAPS=1  RETURNS=5
KILLS=160
HOOK: fires=1216 lands=560 fails=398
SHELVES=66  DEADDOORS=0  CYCLES=1
acts: swim=5 lift=11 tele=3 rj=5
roles: escort_samples=165 recover_samples=383
attacker floors: {}
defenders: 0 distinct 100u-cells, moving=0 still=0
chat lines: 178 | sample: Rune[SG]: hello all
kills by weapon: blaster=0 rail=121 rocket=21 mg=0 cg=0 hb=0 ssg=1
ACC w0 fires=82 hits=9
ACC w2 fires=17 hits=29
ACC w6 fires=433 hits=65
ACC w8 fires=1421 hits=139
ACC w0 fires=82 hits=9
ACC w2 fires=17 hits=29
ACC w6 fires=447 hits=67
ACC w8 fires=1447 hits=141
ACC w0 fires=82 hits=9
ACC w2 fires=17 hits=29
ACC w6 fires=447 hits=67
ACC w8 fires=1450 hits=143
---- s09-ctrl lmctf01 fill=5 900s ----
STEALS=1  CAPS=0  RETURNS=1
KILLS=79
HOOK: fires=893 lands=418 fails=211
SHELVES=349  DEADDOORS=0  CYCLES=0
acts: swim=267 lift=20 tele=12 rj=8
roles: escort_samples=91 recover_samples=184
attacker floors: {}
defenders: 0 distinct 100u-cells, moving=0 still=0
chat lines: 108 | sample: (Arach[SG]): regen rune at our base
kills by weapon: blaster=0 rail=50 rocket=21 mg=0 cg=0 hb=0 ssg=0
ACC w0 fires=40 hits=3
ACC w3 fires=9 hits=2
ACC w6 fires=287 hits=45
ACC w8 fires=371 hits=53
ACC w0 fires=40 hits=3
ACC w3 fires=9 hits=2
ACC w6 fires=287 hits=45
ACC w8 fires=371 hits=53
ACC w0 fires=40 hits=3
ACC w3 fires=9 hits=2
ACC w6 fires=287 hits=45
ACC w8 fires=371 hits=53
---- s10-5v1 smap05 fill=5:0 600s ----
STEALS=6  CAPS=5  RETURNS=0
KILLS=0
HOOK: fires=348 lands=142 fails=93
SHELVES=44  DEADDOORS=0  CYCLES=4
acts: swim=37 lift=0 tele=0 rj=0
roles: escort_samples=547 recover_samples=0
attacker floors: {}
defenders: 0 distinct 100u-cells, moving=0 still=0
chat lines: 35 | sample: (Arach[SG]): haste rune at the rg
kills by weapon: blaster=0 rail=0 rocket=0 mg=0 cg=0 hb=0 ssg=0
