=== WAVE 360 (free layout) ===
---- s01-2v2 lmctf03 fill=2 600s ----
STEALS=4  CAPS=3  RETURNS=1
KILLS=12
HOOK: fires=231 lands=107 fails=45
SHELVES=48  DEADDOORS=4  CYCLES=3
acts: swim=0 lift=4 tele=3 rj=0
roles: escort_samples=243 recover_samples=245
attacker floors: {}
defenders: 0 distinct 100u-cells, moving=0 still=0
chat lines: 81 | sample: (Rune[SG]): rune by the Armor Shard
kills by weapon: blaster=0 rail=7 rocket=4 mg=0 cg=0 hb=0 ssg=0
ACC w6 fires=35 hits=9
ACC w8 fires=76 hits=9
ACC w0 fires=2 hits=0
ACC w1 fires=5 hits=7
ACC w3 fires=5 hits=1
ACC w6 fires=35 hits=9
ACC w8 fires=76 hits=9
ACC w0 fires=2 hits=0
ACC w1 fires=5 hits=7
ACC w3 fires=5 hits=1
ACC w6 fires=35 hits=9
ACC w8 fires=76 hits=9
---- s02-5v0 smap05 fill=5:0 600s ----
STEALS=5  CAPS=5  RETURNS=0
KILLS=0
HOOK: fires=278 lands=106 fails=72
SHELVES=40  DEADDOORS=0  CYCLES=1
acts: swim=18 lift=0 tele=0 rj=0
roles: escort_samples=459 recover_samples=0
attacker floors: {}
defenders: 0 distinct 100u-cells, moving=0 still=0
chat lines: 40 | sample: (Arach[SG]): haste rune at the rg
kills by weapon: blaster=0 rail=0 rocket=0 mg=0 cg=0 hb=0 ssg=0
---- s03-5v5 mactf06 fill=5 900s ----
STEALS=7  CAPS=1  RETURNS=4
KILLS=250
HOOK: fires=1198 lands=651 fails=358
SHELVES=24  DEADDOORS=0  CYCLES=4
acts: swim=10 lift=6 tele=5 rj=14
roles: escort_samples=408 recover_samples=534
attacker floors: {}
defenders: 0 distinct 100u-cells, moving=0 still=0
chat lines: 367 | sample: (Arach[SG]): haste rune at our base
kills by weapon: blaster=0 rail=170 rocket=60 mg=0 cg=0 hb=1 ssg=5
ACC w7 fires=20 hits=6
ACC w8 fires=1777 hits=202
ACC w0 fires=41 hits=11
ACC w1 fires=95 hits=100
ACC w6 fires=947 hits=124
ACC w7 fires=20 hits=6
ACC w8 fires=1782 hits=203
ACC w0 fires=41 hits=11
ACC w1 fires=95 hits=100
ACC w6 fires=947 hits=124
ACC w7 fires=20 hits=6
ACC w8 fires=1792 hits=203
---- s04-5v5 mactf06 fill=5 900s ----
STEALS=7  CAPS=1  RETURNS=5
KILLS=229
HOOK: fires=1292 lands=696 fails=399
SHELVES=35  DEADDOORS=0  CYCLES=0
acts: swim=19 lift=23 tele=11 rj=4
roles: escort_samples=294 recover_samples=537
attacker floors: {}
defenders: 0 distinct 100u-cells, moving=0 still=0
chat lines: 374 | sample: (Arach[SG]): haste rune at our base
kills by weapon: blaster=0 rail=176 rocket=39 mg=0 cg=0 hb=0 ssg=1
ACC w6 fires=755 hits=100
ACC w8 fires=1937 hits=202
ACC w0 fires=37 hits=7
ACC w1 fires=53 hits=34
ACC w2 fires=2 hits=0
ACC w6 fires=757 hits=101
ACC w8 fires=1945 hits=205
ACC w0 fires=37 hits=7
ACC w1 fires=53 hits=34
ACC w2 fires=2 hits=0
ACC w6 fires=759 hits=102
ACC w8 fires=1965 hits=205
---- s05-5v5 lmctf22 fill=5 900s ----
STEALS=13  CAPS=5  RETURNS=7
KILLS=155
HOOK: fires=1480 lands=668 fails=262
SHELVES=63  DEADDOORS=0  CYCLES=5
acts: swim=16 lift=6 tele=2 rj=6
roles: escort_samples=529 recover_samples=1068
attacker floors: {}
defenders: 0 distinct 100u-cells, moving=0 still=0
chat lines: 277 | sample: (Caco[SG]): haste rune at our base
kills by weapon: blaster=0 rail=110 rocket=29 mg=0 cg=0 hb=0 ssg=1
ACC w3 fires=9 hits=1
ACC w4 fires=2 hits=1
ACC w6 fires=306 hits=62
ACC w7 fires=15 hits=6
ACC w8 fires=998 hits=129
ACC w0 fires=30 hits=5
ACC w2 fires=11 hits=21
ACC w3 fires=9 hits=1
ACC w4 fires=2 hits=1
ACC w6 fires=306 hits=62
ACC w7 fires=15 hits=6
ACC w8 fires=999 hits=130
---- s06-5v3 lmctf44 fill=5:3 900s ----
STEALS=6  CAPS=2  RETURNS=3
KILLS=70
HOOK: fires=992 lands=457 fails=227
SHELVES=47  DEADDOORS=0  CYCLES=4
acts: swim=16 lift=13 tele=28 rj=11
roles: escort_samples=274 recover_samples=604
attacker floors: {}
defenders: 0 distinct 100u-cells, moving=0 still=0
chat lines: 150 | sample: Rune[SG]: hello all
kills by weapon: blaster=0 rail=42 rocket=17 mg=0 cg=1 hb=0 ssg=1
ACC w0 fires=1 hits=1
ACC w2 fires=10 hits=16
ACC w4 fires=16 hits=12
ACC w6 fires=208 hits=40
ACC w7 fires=43 hits=5
ACC w8 fires=548 hits=53
ACC w0 fires=1 hits=1
ACC w2 fires=10 hits=16
ACC w4 fires=16 hits=12
ACC w6 fires=208 hits=40
ACC w7 fires=43 hits=5
ACC w8 fires=548 hits=53
---- s07-5v3 lmctf44 fill=5:3 900s ----
STEALS=8  CAPS=3  RETURNS=3
KILLS=64
HOOK: fires=935 lands=424 fails=213
SHELVES=51  DEADDOORS=0  CYCLES=1
acts: swim=13 lift=18 tele=5 rj=8
roles: escort_samples=489 recover_samples=720
attacker floors: {}
defenders: 0 distinct 100u-cells, moving=0 still=0
chat lines: 148 | sample: Rune[SG]: shall we
kills by weapon: blaster=0 rail=43 rocket=15 mg=0 cg=1 hb=0 ssg=0
ACC w7 fires=8 hits=4
ACC w8 fires=564 hits=54
ACC w0 fires=2 hits=0
ACC w4 fires=36 hits=44
ACC w6 fires=241 hits=40
ACC w7 fires=8 hits=4
ACC w8 fires=564 hits=54
ACC w0 fires=2 hits=0
ACC w4 fires=36 hits=44
ACC w6 fires=248 hits=41
ACC w7 fires=8 hits=4
ACC w8 fires=576 hits=54
---- s08-7v7 lmctf09 fill=7 600s ----
STEALS=1  CAPS=0  RETURNS=1
KILLS=160
HOOK: fires=1352 lands=605 fails=381
SHELVES=111  DEADDOORS=0  CYCLES=0
acts: swim=8 lift=5 tele=13 rj=5
roles: escort_samples=2 recover_samples=31
attacker floors: {}
defenders: 0 distinct 100u-cells, moving=0 still=0
chat lines: 167 | sample: (Caco[SG]): damage rune at our base
kills by weapon: blaster=0 rail=123 rocket=27 mg=0 cg=0 hb=0 ssg=0
ACC w0 fires=34 hits=2
ACC w2 fires=2 hits=5
ACC w6 fires=476 hits=54
ACC w8 fires=1407 hits=140
ACC w0 fires=34 hits=2
ACC w2 fires=2 hits=5
ACC w6 fires=476 hits=54
ACC w8 fires=1436 hits=141
ACC w0 fires=34 hits=2
ACC w2 fires=2 hits=5
ACC w6 fires=478 hits=54
ACC w8 fires=1468 hits=145
---- s09-ctrl lmctf01 fill=5 900s ----
STEALS=2  CAPS=0  RETURNS=2
KILLS=99
HOOK: fires=977 lands=433 fails=254
SHELVES=347  DEADDOORS=0  CYCLES=0
acts: swim=202 lift=27 tele=7 rj=23
roles: escort_samples=22 recover_samples=111
attacker floors: {}
defenders: 0 distinct 100u-cells, moving=0 still=0
chat lines: 105 | sample: (Arach[SG]): rune by the Health
kills by weapon: blaster=0 rail=53 rocket=33 mg=0 cg=0 hb=0 ssg=0
ACC w0 fires=23 hits=0
ACC w3 fires=6 hits=3
ACC w6 fires=435 hits=60
ACC w8 fires=513 hits=55
ACC w0 fires=23 hits=0
ACC w3 fires=6 hits=3
ACC w6 fires=454 hits=61
ACC w8 fires=513 hits=55
ACC w0 fires=23 hits=0
ACC w3 fires=6 hits=3
ACC w6 fires=454 hits=61
ACC w8 fires=513 hits=55
---- s10-5v1 smap05 fill=5:1 600s ----
STEALS=6  CAPS=2  RETURNS=2
KILLS=32
HOOK: fires=346 lands=128 fails=100
SHELVES=51  DEADDOORS=0  CYCLES=5
acts: swim=100 lift=0 tele=0 rj=0
roles: escort_samples=686 recover_samples=411
attacker floors: {}
defenders: 0 distinct 100u-cells, moving=0 still=0
chat lines: 95 | sample: (Arach[SG]): haste rune at the rg
kills by weapon: blaster=0 rail=17 rocket=11 mg=0 cg=1 hb=0 ssg=3
ACC w6 fires=149 hits=19
ACC w8 fires=332 hits=20
ACC w0 fires=2 hits=0
ACC w2 fires=21 hits=52
ACC w4 fires=12 hits=17
ACC w6 fires=149 hits=19
ACC w8 fires=332 hits=20
ACC w0 fires=2 hits=0
ACC w2 fires=21 hits=52
ACC w4 fires=12 hits=17
ACC w6 fires=149 hits=19
ACC w8 fires=332 hits=20
