=== WAVE 369 (free layout) ===
---- s01-2v2 lmctf03 fill=2 600s ----
STEALS=2  CAPS=0  RETURNS=0
KILLS=16
HOOK: fires=231 lands=114 fails=58
SHELVES=56  DEADDOORS=6  CYCLES=1
acts: swim=0 lift=9 tele=0 rj=20
roles: escort_samples=83 recover_samples=113
attacker floors: {}
defenders: 0 distinct 100u-cells, moving=0 still=0
chat lines: 79 | sample: (Rune[SG]): haste rune at our base
kills by weapon: blaster=0 rail=10 rocket=3 mg=0 cg=0 hb=0 ssg=0
ACC w1 fires=9 hits=0
ACC w6 fires=31 hits=10
ACC w8 fires=63 hits=10
ACC w1 fires=9 hits=0
ACC w6 fires=31 hits=10
ACC w8 fires=64 hits=11
ACC w1 fires=9 hits=0
ACC w6 fires=31 hits=10
ACC w8 fires=64 hits=11
ACC w1 fires=9 hits=0
ACC w6 fires=31 hits=10
ACC w8 fires=64 hits=11
---- s02-5v0 smap05 fill=5:0 600s ----
STEALS=4  CAPS=3  RETURNS=0
KILLS=0
HOOK: fires=206 lands=70 fails=52
SHELVES=43  DEADDOORS=0  CYCLES=3
acts: swim=74 lift=0 tele=0 rj=0
roles: escort_samples=403 recover_samples=0
attacker floors: {}
defenders: 0 distinct 100u-cells, moving=0 still=0
chat lines: 36 | sample: (Arach[SG]): haste rune at the rg
kills by weapon: blaster=0 rail=0 rocket=0 mg=0 cg=0 hb=0 ssg=0
---- s03-5v5 mactf06 fill=5 900s ----
STEALS=6  CAPS=1  RETURNS=5
KILLS=225
HOOK: fires=1220 lands=641 fails=384
SHELVES=24  DEADDOORS=0  CYCLES=0
acts: swim=15 lift=7 tele=14 rj=8
roles: escort_samples=348 recover_samples=711
attacker floors: {}
defenders: 0 distinct 100u-cells, moving=0 still=0
chat lines: 358 | sample: (Arach[SG]): haste rune at our base
kills by weapon: blaster=1 rail=158 rocket=44 mg=0 cg=0 hb=0 ssg=1
ACC w7 fires=12 hits=1
ACC w8 fires=1741 hits=191
ACC w0 fires=40 hits=6
ACC w1 fires=43 hits=40
ACC w6 fires=736 hits=99
ACC w7 fires=12 hits=1
ACC w8 fires=1765 hits=194
ACC w0 fires=40 hits=6
ACC w1 fires=43 hits=40
ACC w6 fires=737 hits=99
ACC w7 fires=12 hits=1
ACC w8 fires=1783 hits=199
---- s04-5v5 mactf06 fill=5 900s ----
STEALS=6  CAPS=1  RETURNS=2
KILLS=215
HOOK: fires=1081 lands=559 fails=348
SHELVES=27  DEADDOORS=0  CYCLES=1
acts: swim=13 lift=6 tele=1 rj=9
roles: escort_samples=372 recover_samples=729
attacker floors: {}
defenders: 0 distinct 100u-cells, moving=0 still=0
chat lines: 346 | sample: (Arach[SG]): haste rune at our base
kills by weapon: blaster=0 rail=173 rocket=28 mg=0 cg=0 hb=0 ssg=1
ACC w6 fires=591 hits=74
ACC w8 fires=1687 hits=204
ACC w0 fires=62 hits=7
ACC w1 fires=7 hits=5
ACC w2 fires=38 hits=27
ACC w6 fires=595 hits=74
ACC w8 fires=1716 hits=205
ACC w0 fires=62 hits=7
ACC w1 fires=7 hits=5
ACC w2 fires=38 hits=27
ACC w6 fires=620 hits=76
ACC w8 fires=1727 hits=205
---- s05-5v5 lmctf22 fill=5 900s ----
STEALS=10  CAPS=4  RETURNS=5
KILLS=169
HOOK: fires=1534 lands=735 fails=274
SHELVES=68  DEADDOORS=0  CYCLES=14
acts: swim=7 lift=5 tele=9 rj=7
roles: escort_samples=627 recover_samples=1243
attacker floors: {}
defenders: 0 distinct 100u-cells, moving=0 still=0
chat lines: 283 | sample: (Arach[SG]): damage rune at our base
kills by weapon: blaster=0 rail=117 rocket=33 mg=0 cg=1 hb=0 ssg=0
ACC w3 fires=8 hits=4
ACC w4 fires=11 hits=18
ACC w6 fires=471 hits=79
ACC w7 fires=8 hits=0
ACC w8 fires=1299 hits=138
ACC w0 fires=12 hits=1
ACC w2 fires=22 hits=20
ACC w3 fires=8 hits=4
ACC w4 fires=11 hits=18
ACC w6 fires=472 hits=79
ACC w7 fires=8 hits=0
ACC w8 fires=1313 hits=138
---- s06-5v3 lmctf44 fill=5:3 900s ----
STEALS=8  CAPS=0  RETURNS=7
KILLS=74
HOOK: fires=860 lands=399 fails=217
SHELVES=57  DEADDOORS=0  CYCLES=3
acts: swim=8 lift=6 tele=9 rj=15
roles: escort_samples=125 recover_samples=366
attacker floors: {}
defenders: 0 distinct 100u-cells, moving=0 still=0
chat lines: 154 | sample: Rune[SG]: shall we
kills by weapon: blaster=0 rail=55 rocket=9 mg=0 cg=0 hb=0 ssg=0
ACC w7 fires=20 hits=3
ACC w8 fires=663 hits=70
ACC w0 fires=2 hits=0
ACC w4 fires=22 hits=11
ACC w6 fires=165 hits=33
ACC w7 fires=20 hits=3
ACC w8 fires=664 hits=71
ACC w0 fires=2 hits=0
ACC w4 fires=22 hits=11
ACC w6 fires=165 hits=33
ACC w7 fires=20 hits=3
ACC w8 fires=664 hits=71
---- s07-5v3 lmctf44 fill=5:3 900s ----
STEALS=5  CAPS=2  RETURNS=3
KILLS=65
HOOK: fires=846 lands=407 fails=213
SHELVES=51  DEADDOORS=0  CYCLES=2
acts: swim=16 lift=17 tele=25 rj=38
roles: escort_samples=240 recover_samples=532
attacker floors: {}
defenders: 0 distinct 100u-cells, moving=0 still=0
chat lines: 147 | sample: Rune[SG]: hello all
kills by weapon: blaster=0 rail=42 rocket=13 mg=0 cg=0 hb=5 ssg=2
ACC w0 fires=13 hits=2
ACC w2 fires=17 hits=20
ACC w4 fires=4 hits=0
ACC w6 fires=140 hits=25
ACC w7 fires=84 hits=20
ACC w8 fires=400 hits=55
ACC w0 fires=13 hits=2
ACC w2 fires=17 hits=20
ACC w4 fires=4 hits=0
ACC w6 fires=140 hits=25
ACC w7 fires=84 hits=20
ACC w8 fires=400 hits=55
---- s08-7v7 lmctf09 fill=7 600s ----
STEALS=3  CAPS=0  RETURNS=3
KILLS=155
HOOK: fires=1388 lands=632 fails=419
SHELVES=137  DEADDOORS=0  CYCLES=0
acts: swim=4 lift=7 tele=3 rj=8
roles: escort_samples=144 recover_samples=339
attacker floors: {}
defenders: 0 distinct 100u-cells, moving=0 still=0
chat lines: 179 | sample: (Slip[SG]): damage rune at our base
kills by weapon: blaster=1 rail=117 rocket=23 mg=0 cg=1 hb=0 ssg=0
ACC w6 fires=541 hits=63
ACC w8 fires=1333 hits=146
ACC w0 fires=57 hits=5
ACC w3 fires=9 hits=1
ACC w4 fires=20 hits=17
ACC w6 fires=543 hits=63
ACC w8 fires=1367 hits=148
ACC w0 fires=57 hits=5
ACC w3 fires=9 hits=1
ACC w4 fires=20 hits=17
ACC w6 fires=543 hits=63
ACC w8 fires=1404 hits=153
---- s09-ctrl lmctf01 fill=5 900s ----
STEALS=2  CAPS=0  RETURNS=2
KILLS=107
HOOK: fires=973 lands=416 fails=244
SHELVES=323  DEADDOORS=0  CYCLES=0
acts: swim=168 lift=13 tele=15 rj=37
roles: escort_samples=107 recover_samples=136
attacker floors: {}
defenders: 0 distinct 100u-cells, moving=0 still=0
chat lines: 131 | sample: (Arach[SG]): regen rune at our base
kills by weapon: blaster=0 rail=70 rocket=26 mg=0 cg=0 hb=0 ssg=0
ACC w0 fires=34 hits=8
ACC w6 fires=358 hits=52
ACC w8 fires=565 hits=80
ACC w0 fires=34 hits=8
ACC w6 fires=366 hits=54
ACC w8 fires=565 hits=80
ACC w0 fires=34 hits=8
ACC w6 fires=372 hits=55
ACC w8 fires=567 hits=81
ACC w0 fires=34 hits=8
ACC w6 fires=372 hits=55
ACC w8 fires=567 hits=81
---- s10-5v1 smap05 fill=5:1 600s ----
STEALS=5  CAPS=3  RETURNS=0
KILLS=26
HOOK: fires=438 lands=160 fails=104
SHELVES=37  DEADDOORS=0  CYCLES=3
acts: swim=122 lift=0 tele=33 rj=0
roles: escort_samples=514 recover_samples=424
attacker floors: {}
defenders: 0 distinct 100u-cells, moving=0 still=0
chat lines: 84 | sample: (Arach[SG]): haste rune at the rg
kills by weapon: blaster=0 rail=23 rocket=2 mg=0 cg=0 hb=0 ssg=0
ACC w6 fires=45 hits=3
ACC w8 fires=271 hits=29
ACC w6 fires=54 hits=5
ACC w8 fires=272 hits=29
ACC w6 fires=54 hits=5
ACC w8 fires=276 hits=31
ACC w6 fires=54 hits=5
ACC w8 fires=276 hits=31
ACC w6 fires=54 hits=5
ACC w8 fires=276 hits=31
ACC w6 fires=54 hits=5
ACC w8 fires=276 hits=31
