=== WAVE 292 (free layout) ===
---- s01-2v2 lmctf03 fill=2 600s ----
STEALS=0  CAPS=0  RETURNS=0
KILLS=1
HOOK: fires=107 lands=37 fails=7
SHELVES=45  DEADDOORS=2  CYCLES=0
acts: swim=0 lift=0 tele=0 rj=0
roles: escort_samples=0 recover_samples=0
attacker floors: {}
defenders: 0 distinct 100u-cells, moving=0 still=0
chat lines: 34 | sample: (Rune[SG]): haste rune at our base
kills by weapon: blaster=0 rail=1 rocket=0 mg=0 cg=0 hb=0 ssg=0
ACC w8 fires=1 hits=1
ACC w8 fires=1 hits=1
ACC w8 fires=1 hits=1
ACC w8 fires=1 hits=1
ACC w8 fires=1 hits=1
ACC w8 fires=1 hits=1
ACC w8 fires=1 hits=1
ACC w8 fires=1 hits=1
ACC w8 fires=1 hits=1
ACC w8 fires=1 hits=1
ACC w8 fires=1 hits=1
ACC w8 fires=1 hits=1
---- s02-2v2 lmctf03 fill=2 600s ----
STEALS=2  CAPS=0  RETURNS=1
KILLS=9
HOOK: fires=238 lands=69 fails=28
SHELVES=59  DEADDOORS=8  CYCLES=0
acts: swim=0 lift=0 tele=0 rj=1
roles: escort_samples=29 recover_samples=71
attacker floors: {}
defenders: 0 distinct 100u-cells, moving=0 still=0
chat lines: 86 | sample: (Caco[SG]): damage rune at yellow armor
kills by weapon: blaster=0 rail=3 rocket=3 mg=0 cg=0 hb=0 ssg=0
ACC w1 fires=4 hits=0
ACC w6 fires=31 hits=9
ACC w8 fires=94 hits=6
ACC w1 fires=4 hits=0
ACC w6 fires=31 hits=9
ACC w8 fires=94 hits=6
ACC w1 fires=4 hits=0
ACC w6 fires=31 hits=9
ACC w8 fires=94 hits=6
ACC w1 fires=4 hits=0
ACC w6 fires=31 hits=9
ACC w8 fires=94 hits=6
---- s03-5v5 lmctf22 fill=5 900s ----
STEALS=6  CAPS=2  RETURNS=1
KILLS=107
HOOK: fires=1276 lands=533 fails=221
SHELVES=113  DEADDOORS=0  CYCLES=5
acts: swim=13 lift=24 tele=9 rj=32
roles: escort_samples=471 recover_samples=1507
attacker floors: {}
defenders: 0 distinct 100u-cells, moving=0 still=0
chat lines: 214 | sample: (Arach[SG]): rune by the Cells
kills by weapon: blaster=0 rail=75 rocket=17 mg=0 cg=0 hb=0 ssg=0
ACC w7 fires=9 hits=3
ACC w8 fires=916 hits=87
ACC w0 fires=6 hits=0
ACC w2 fires=1 hits=0
ACC w6 fires=294 hits=56
ACC w7 fires=9 hits=3
ACC w8 fires=941 hits=88
ACC w0 fires=6 hits=0
ACC w2 fires=1 hits=0
ACC w6 fires=302 hits=57
ACC w7 fires=9 hits=3
ACC w8 fires=942 hits=89
---- s04-5v5 lmctf22 fill=5 900s ----
STEALS=2  CAPS=0  RETURNS=2
KILLS=119
HOOK: fires=1118 lands=470 fails=181
SHELVES=108  DEADDOORS=0  CYCLES=1
acts: swim=6 lift=10 tele=9 rj=44
roles: escort_samples=119 recover_samples=230
attacker floors: {}
defenders: 0 distinct 100u-cells, moving=0 still=0
chat lines: 191 | sample: (Arach[SG]): damage rune at the hb
kills by weapon: blaster=1 rail=84 rocket=24 mg=0 cg=0 hb=0 ssg=0
ACC w0 fires=38 hits=6
ACC w2 fires=3 hits=0
ACC w6 fires=307 hits=52
ACC w8 fires=1110 hits=97
ACC w0 fires=38 hits=6
ACC w2 fires=3 hits=0
ACC w6 fires=307 hits=52
ACC w8 fires=1110 hits=97
ACC w0 fires=38 hits=6
ACC w2 fires=3 hits=0
ACC w6 fires=307 hits=52
ACC w8 fires=1112 hits=98
---- s05-5v5 mactf06 fill=5 900s ----
STEALS=0  CAPS=0  RETURNS=0
KILLS=109
HOOK: fires=983 lands=471 fails=286
SHELVES=59  DEADDOORS=0  CYCLES=0
acts: swim=21 lift=57 tele=16 rj=19
roles: escort_samples=0 recover_samples=0
attacker floors: {}
defenders: 0 distinct 100u-cells, moving=0 still=0
chat lines: 258 | sample: (Arach[SG]): haste rune at our base
kills by weapon: blaster=0 rail=84 rocket=15 mg=0 cg=0 hb=0 ssg=0
ACC w7 fires=6 hits=0
ACC w8 fires=942 hits=109
ACC w0 fires=8 hits=2
ACC w1 fires=9 hits=11
ACC w6 fires=213 hits=38
ACC w7 fires=6 hits=0
ACC w8 fires=947 hits=110
ACC w0 fires=8 hits=2
ACC w1 fires=9 hits=11
ACC w6 fires=214 hits=38
ACC w7 fires=6 hits=0
ACC w8 fires=947 hits=110
---- s06-5v3 lmctf44 fill=5:3 900s ----
STEALS=4  CAPS=0  RETURNS=4
KILLS=60
HOOK: fires=958 lands=372 fails=202
SHELVES=40  DEADDOORS=0  CYCLES=2
acts: swim=30 lift=19 tele=32 rj=0
roles: escort_samples=126 recover_samples=303
attacker floors: {}
defenders: 0 distinct 100u-cells, moving=0 still=0
chat lines: 137 | sample: Rune[SG]: shall we
kills by weapon: blaster=0 rail=38 rocket=15 mg=0 cg=0 hb=3 ssg=0
ACC w7 fires=93 hits=18
ACC w8 fires=527 hits=60
ACC w0 fires=8 hits=0
ACC w4 fires=15 hits=11
ACC w6 fires=201 hits=36
ACC w7 fires=93 hits=18
ACC w8 fires=527 hits=60
ACC w0 fires=8 hits=0
ACC w4 fires=15 hits=11
ACC w6 fires=201 hits=36
ACC w7 fires=93 hits=18
ACC w8 fires=527 hits=60
---- s07-5v3 lmctf44 fill=5:3 900s ----
STEALS=2  CAPS=0  RETURNS=2
KILLS=32
HOOK: fires=823 lands=301 fails=180
SHELVES=47  DEADDOORS=0  CYCLES=1
acts: swim=3 lift=28 tele=41 rj=30
roles: escort_samples=261 recover_samples=360
attacker floors: {}
defenders: 0 distinct 100u-cells, moving=0 still=0
chat lines: 93 | sample: Rune[SG]: hello all
kills by weapon: blaster=0 rail=20 rocket=3 mg=0 cg=0 hb=1 ssg=0
ACC w7 fires=36 hits=18
ACC w8 fires=347 hits=31
ACC w2 fires=27 hits=63
ACC w4 fires=12 hits=5
ACC w6 fires=117 hits=22
ACC w7 fires=36 hits=18
ACC w8 fires=347 hits=31
ACC w2 fires=27 hits=63
ACC w4 fires=12 hits=5
ACC w6 fires=117 hits=22
ACC w7 fires=36 hits=18
ACC w8 fires=347 hits=31
---- s08-7v7 lmctf09 fill=7 600s ----
STEALS=3  CAPS=0  RETURNS=2
KILLS=115
HOOK: fires=1091 lands=436 fails=313
SHELVES=142  DEADDOORS=0  CYCLES=0
acts: swim=26 lift=21 tele=13 rj=17
roles: escort_samples=8 recover_samples=294
attacker floors: {}
defenders: 0 distinct 100u-cells, moving=0 still=0
chat lines: 126 | sample: Rune[SG]: back for more
kills by weapon: blaster=0 rail=87 rocket=17 mg=0 cg=0 hb=0 ssg=0
ACC w0 fires=47 hits=5
ACC w3 fires=13 hits=6
ACC w6 fires=249 hits=42
ACC w8 fires=936 hits=113
ACC w0 fires=47 hits=5
ACC w3 fires=13 hits=6
ACC w6 fires=249 hits=42
ACC w8 fires=936 hits=113
ACC w0 fires=47 hits=5
ACC w3 fires=13 hits=6
ACC w6 fires=249 hits=42
ACC w8 fires=937 hits=114
---- s09-ctrl lmctf01 fill=5 900s ----
STEALS=2  CAPS=0  RETURNS=0
KILLS=68
HOOK: fires=966 lands=358 fails=239
SHELVES=235  DEADDOORS=0  CYCLES=10
acts: swim=537 lift=43 tele=0 rj=0
roles: escort_samples=228 recover_samples=1009
attacker floors: {}
defenders: 0 distinct 100u-cells, moving=0 still=0
chat lines: 114 | sample: (Arach[SG]): rune by the Bullets
kills by weapon: blaster=0 rail=49 rocket=14 mg=0 cg=0 hb=0 ssg=0
ACC w0 fires=23 hits=2
ACC w2 fires=2 hits=0
ACC w6 fires=243 hits=33
ACC w8 fires=421 hits=53
ACC w0 fires=23 hits=2
ACC w2 fires=2 hits=0
ACC w6 fires=243 hits=33
ACC w8 fires=421 hits=53
ACC w0 fires=23 hits=2
ACC w2 fires=2 hits=0
ACC w6 fires=243 hits=33
ACC w8 fires=421 hits=53
---- s10-5v1 smap05 fill=5:1 600s ----
STEALS=1  CAPS=0  RETURNS=0
KILLS=15
HOOK: fires=285 lands=100 fails=76
SHELVES=62  DEADDOORS=0  CYCLES=51
acts: swim=60 lift=87 tele=0 rj=0
roles: escort_samples=598 recover_samples=569
attacker floors: {}
defenders: 0 distinct 100u-cells, moving=0 still=0
chat lines: 54 | sample: (Arach[SG]): haste rune at the rg
kills by weapon: blaster=0 rail=11 rocket=3 mg=0 cg=0 hb=0 ssg=0
ACC w0 fires=1 hits=0
ACC w6 fires=28 hits=6
ACC w8 fires=148 hits=14
ACC w0 fires=1 hits=0
ACC w6 fires=28 hits=6
ACC w8 fires=148 hits=14
ACC w0 fires=1 hits=0
ACC w6 fires=28 hits=6
ACC w8 fires=148 hits=14
ACC w0 fires=1 hits=0
ACC w6 fires=28 hits=6
ACC w8 fires=148 hits=14
