=== WAVE 355 (free layout) ===
---- s01-2v2 lmctf03 fill=2 600s ----
STEALS=4  CAPS=0  RETURNS=1
KILLS=8
HOOK: fires=168 lands=61 fails=23
SHELVES=105  DEADDOORS=6  CYCLES=3
acts: swim=0 lift=0 tele=0 rj=0
roles: escort_samples=602 recover_samples=90
attacker floors: {}
defenders: 0 distinct 100u-cells, moving=0 still=0
chat lines: 78 | sample: (Arach[SG]): damage rune at our base
kills by weapon: blaster=0 rail=5 rocket=0 mg=0 cg=0 hb=0 ssg=0
ACC w3 fires=8 hits=2
ACC w6 fires=27 hits=5
ACC w8 fires=143 hits=11
ACC w3 fires=8 hits=2
ACC w6 fires=27 hits=5
ACC w8 fires=143 hits=11
ACC w3 fires=8 hits=2
ACC w6 fires=27 hits=5
ACC w8 fires=143 hits=11
ACC w3 fires=8 hits=2
ACC w6 fires=27 hits=5
ACC w8 fires=143 hits=11
---- s02-5v0 smap05 fill=5:0 600s ----
STEALS=2  CAPS=2  RETURNS=0
KILLS=0
HOOK: fires=208 lands=82 fails=49
SHELVES=24  DEADDOORS=0  CYCLES=0
acts: swim=24 lift=0 tele=0 rj=0
roles: escort_samples=424 recover_samples=0
attacker floors: {}
defenders: 0 distinct 100u-cells, moving=0 still=0
chat lines: 26 | sample: (Arach[SG]): haste rune at the rg
kills by weapon: blaster=0 rail=0 rocket=0 mg=0 cg=0 hb=0 ssg=0
---- s03-5v5 mactf06 fill=5 900s ----
STEALS=3  CAPS=0  RETURNS=3
KILLS=256
HOOK: fires=1100 lands=594 fails=359
SHELVES=21  DEADDOORS=0  CYCLES=0
acts: swim=4 lift=10 tele=6 rj=10
roles: escort_samples=94 recover_samples=207
attacker floors: {}
defenders: 0 distinct 100u-cells, moving=0 still=0
chat lines: 361 | sample: (Arach[SG]): haste rune at our base
kills by weapon: blaster=0 rail=177 rocket=64 mg=0 cg=0 hb=0 ssg=3
ACC w0 fires=47 hits=6
ACC w1 fires=41 hits=19
ACC w2 fires=2 hits=17
ACC w6 fires=842 hits=108
ACC w7 fires=5 hits=1
ACC w8 fires=2202 hits=225
ACC w0 fires=47 hits=6
ACC w1 fires=41 hits=19
ACC w2 fires=2 hits=17
ACC w6 fires=845 hits=109
ACC w7 fires=5 hits=1
ACC w8 fires=2211 hits=227
---- s04-5v5 mactf06 fill=5 900s ----
STEALS=6  CAPS=0  RETURNS=5
KILLS=218
HOOK: fires=1126 lands=616 fails=370
SHELVES=22  DEADDOORS=0  CYCLES=1
acts: swim=11 lift=4 tele=12 rj=3
roles: escort_samples=188 recover_samples=498
attacker floors: {}
defenders: 0 distinct 100u-cells, moving=0 still=0
chat lines: 360 | sample: (Arach[SG]): haste rune at our base
kills by weapon: blaster=0 rail=165 rocket=32 mg=0 cg=1 hb=1 ssg=0
ACC w2 fires=4 hits=0
ACC w4 fires=14 hits=20
ACC w6 fires=638 hits=88
ACC w7 fires=43 hits=6
ACC w8 fires=1643 hits=198
ACC w0 fires=32 hits=3
ACC w1 fires=5 hits=2
ACC w2 fires=4 hits=0
ACC w4 fires=14 hits=20
ACC w6 fires=638 hits=88
ACC w7 fires=43 hits=6
ACC w8 fires=1650 hits=199
---- s05-5v5 lmctf22 fill=5 900s ----
STEALS=10  CAPS=3  RETURNS=5
KILLS=149
HOOK: fires=1442 lands=700 fails=254
SHELVES=75  DEADDOORS=0  CYCLES=0
acts: swim=7 lift=13 tele=6 rj=2
roles: escort_samples=360 recover_samples=876
attacker floors: {}
defenders: 0 distinct 100u-cells, moving=0 still=0
chat lines: 238 | sample: (Arach[SG]): regen rune at the hb
kills by weapon: blaster=0 rail=104 rocket=29 mg=0 cg=0 hb=1 ssg=0
ACC w0 fires=27 hits=0
ACC w2 fires=24 hits=15
ACC w3 fires=6 hits=3
ACC w6 fires=407 hits=72
ACC w7 fires=16 hits=7
ACC w8 fires=1082 hits=125
ACC w0 fires=27 hits=0
ACC w2 fires=24 hits=15
ACC w3 fires=6 hits=3
ACC w6 fires=407 hits=72
ACC w7 fires=16 hits=7
ACC w8 fires=1082 hits=125
---- s06-5v3 lmctf44 fill=5:3 900s ----
STEALS=9  CAPS=1  RETURNS=8
KILLS=62
HOOK: fires=976 lands=444 fails=212
SHELVES=61  DEADDOORS=0  CYCLES=1
acts: swim=1 lift=0 tele=15 rj=48
roles: escort_samples=264 recover_samples=455
attacker floors: {}
defenders: 0 distinct 100u-cells, moving=0 still=0
chat lines: 150 | sample: Rune[SG]: shall we
kills by weapon: blaster=0 rail=28 rocket=22 mg=0 cg=0 hb=0 ssg=1
ACC w0 fires=3 hits=0
ACC w2 fires=15 hits=18
ACC w4 fires=7 hits=5
ACC w6 fires=296 hits=52
ACC w7 fires=27 hits=4
ACC w8 fires=597 hits=38
ACC w0 fires=3 hits=0
ACC w2 fires=15 hits=18
ACC w4 fires=7 hits=5
ACC w6 fires=298 hits=53
ACC w7 fires=27 hits=4
ACC w8 fires=597 hits=38
---- s07-5v3 lmctf44 fill=5:3 900s ----
STEALS=8  CAPS=1  RETURNS=5
KILLS=71
HOOK: fires=933 lands=429 fails=234
SHELVES=52  DEADDOORS=0  CYCLES=4
acts: swim=13 lift=16 tele=35 rj=4
roles: escort_samples=241 recover_samples=645
attacker floors: {}
defenders: 0 distinct 100u-cells, moving=0 still=0
chat lines: 143 | sample: Rune[SG]: right then
kills by weapon: blaster=0 rail=52 rocket=10 mg=0 cg=0 hb=5 ssg=1
ACC w0 fires=14 hits=0
ACC w2 fires=5 hits=14
ACC w4 fires=4 hits=3
ACC w6 fires=193 hits=18
ACC w7 fires=109 hits=27
ACC w8 fires=569 hits=71
ACC w0 fires=14 hits=0
ACC w2 fires=5 hits=14
ACC w4 fires=4 hits=3
ACC w6 fires=193 hits=18
ACC w7 fires=109 hits=27
ACC w8 fires=569 hits=71
---- s08-7v7 lmctf09 fill=7 600s ----
STEALS=3  CAPS=0  RETURNS=3
KILLS=148
HOOK: fires=1424 lands=723 fails=415
SHELVES=115  DEADDOORS=0  CYCLES=0
acts: swim=13 lift=7 tele=12 rj=6
roles: escort_samples=146 recover_samples=367
attacker floors: {}
defenders: 0 distinct 100u-cells, moving=0 still=0
chat lines: 171 | sample: (Caco[SG]): damage rune at our base
kills by weapon: blaster=0 rail=109 rocket=24 mg=0 cg=0 hb=0 ssg=0
ACC w6 fires=538 hits=67
ACC w8 fires=1350 hits=124
ACC w0 fires=62 hits=6
ACC w3 fires=1 hits=0
ACC w4 fires=5 hits=0
ACC w6 fires=541 hits=68
ACC w8 fires=1353 hits=126
ACC w0 fires=65 hits=7
ACC w3 fires=1 hits=0
ACC w4 fires=5 hits=0
ACC w6 fires=541 hits=68
ACC w8 fires=1367 hits=127
---- s09-ctrl lmctf01 fill=5 900s ----
STEALS=1  CAPS=0  RETURNS=1
KILLS=120
HOOK: fires=1016 lands=482 fails=261
SHELVES=348  DEADDOORS=0  CYCLES=0
acts: swim=155 lift=12 tele=32 rj=3
roles: escort_samples=38 recover_samples=63
attacker floors: {}
defenders: 0 distinct 100u-cells, moving=0 still=0
chat lines: 114 | sample: (Arach[SG]): regen rune at our base
kills by weapon: blaster=0 rail=79 rocket=29 mg=0 cg=0 hb=0 ssg=0
ACC w0 fires=33 hits=2
ACC w6 fires=373 hits=59
ACC w8 fires=727 hits=82
ACC w0 fires=33 hits=2
ACC w6 fires=378 hits=61
ACC w8 fires=727 hits=82
ACC w0 fires=33 hits=2
ACC w6 fires=378 hits=61
ACC w8 fires=727 hits=82
ACC w0 fires=38 hits=3
ACC w6 fires=378 hits=61
ACC w8 fires=727 hits=82
---- s10-5v1 smap05 fill=5:1 600s ----
STEALS=5  CAPS=3  RETURNS=1
KILLS=38
HOOK: fires=453 lands=149 fails=124
SHELVES=58  DEADDOORS=0  CYCLES=2
acts: swim=74 lift=1 tele=4 rj=2
roles: escort_samples=685 recover_samples=287
attacker floors: {}
defenders: 0 distinct 100u-cells, moving=0 still=0
chat lines: 99 | sample: (Arach[SG]): haste rune at the rg
kills by weapon: blaster=0 rail=30 rocket=4 mg=0 cg=0 hb=0 ssg=0
ACC w6 fires=104 hits=14
ACC w8 fires=452 hits=32
ACC w0 fires=8 hits=1
ACC w2 fires=3 hits=12
ACC w4 fires=4 hits=1
ACC w6 fires=104 hits=14
ACC w8 fires=452 hits=32
ACC w0 fires=8 hits=1
ACC w2 fires=3 hits=12
ACC w4 fires=4 hits=1
ACC w6 fires=104 hits=14
ACC w8 fires=460 hits=33
