=== WAVE 342 (free layout) ===
---- s01-2v2 lmctf03 fill=2 600s ----
STEALS=1  CAPS=1  RETURNS=0
KILLS=13
HOOK: fires=203 lands=98 fails=36
SHELVES=71  DEADDOORS=6  CYCLES=1
acts: swim=0 lift=0 tele=23 rj=18
roles: escort_samples=81 recover_samples=81
attacker floors: {}
defenders: 0 distinct 100u-cells, moving=0 still=0
chat lines: 69 | sample: (Arach[SG]): damage rune at our base
kills by weapon: blaster=0 rail=6 rocket=6 mg=0 cg=0 hb=0 ssg=0
ACC w1 fires=5 hits=4
ACC w6 fires=40 hits=11
ACC w8 fires=55 hits=7
ACC w1 fires=5 hits=4
ACC w6 fires=40 hits=11
ACC w8 fires=55 hits=7
ACC w1 fires=5 hits=4
ACC w6 fires=40 hits=11
ACC w8 fires=55 hits=7
ACC w1 fires=5 hits=4
ACC w6 fires=40 hits=11
ACC w8 fires=64 hits=7
---- s02-2v2 lmctf03 fill=2 600s ----
STEALS=1  CAPS=0  RETURNS=0
KILLS=6
HOOK: fires=136 lands=43 fails=25
SHELVES=71  DEADDOORS=2  CYCLES=6
acts: swim=0 lift=29 tele=1 rj=54
roles: escort_samples=274 recover_samples=275
attacker floors: {}
defenders: 0 distinct 100u-cells, moving=0 still=0
chat lines: 49 | sample: (Caco[SG]): damage rune at yellow armor
kills by weapon: blaster=0 rail=3 rocket=2 mg=0 cg=0 hb=0 ssg=0
ACC w6 fires=20 hits=4
ACC w8 fires=19 hits=4
ACC w6 fires=20 hits=4
ACC w8 fires=19 hits=4
ACC w6 fires=20 hits=4
ACC w8 fires=19 hits=4
ACC w6 fires=20 hits=4
ACC w8 fires=19 hits=4
ACC w6 fires=20 hits=4
ACC w8 fires=19 hits=4
ACC w6 fires=20 hits=4
ACC w8 fires=19 hits=4
---- s03-5v5 lmctf22 fill=5 900s ----
STEALS=8  CAPS=5  RETURNS=2
KILLS=161
HOOK: fires=1445 lands=696 fails=295
SHELVES=76  DEADDOORS=0  CYCLES=0
acts: swim=11 lift=7 tele=9 rj=16
roles: escort_samples=389 recover_samples=850
attacker floors: {}
defenders: 0 distinct 100u-cells, moving=0 still=0
chat lines: 263 | sample: (Rune[SG]): regen rune at the hb
kills by weapon: blaster=0 rail=99 rocket=38 mg=0 cg=1 hb=0 ssg=0
ACC w0 fires=7 hits=4
ACC w2 fires=15 hits=8
ACC w4 fires=18 hits=12
ACC w6 fires=444 hits=80
ACC w7 fires=2 hits=0
ACC w8 fires=1039 hits=123
ACC w0 fires=7 hits=4
ACC w2 fires=15 hits=8
ACC w4 fires=18 hits=12
ACC w6 fires=444 hits=80
ACC w7 fires=2 hits=0
ACC w8 fires=1039 hits=123
---- s04-5v5 lmctf22 fill=5 900s ----
STEALS=11  CAPS=5  RETURNS=6
KILLS=159
HOOK: fires=1451 lands=680 fails=285
SHELVES=74  DEADDOORS=0  CYCLES=2
acts: swim=21 lift=6 tele=6 rj=16
roles: escort_samples=451 recover_samples=958
attacker floors: {}
defenders: 0 distinct 100u-cells, moving=0 still=0
chat lines: 280 | sample: (Arach[SG]): resist rune at the hb
kills by weapon: blaster=0 rail=114 rocket=28 mg=0 cg=0 hb=0 ssg=1
ACC w0 fires=17 hits=2
ACC w2 fires=18 hits=25
ACC w6 fires=442 hits=70
ACC w8 fires=1042 hits=137
ACC w0 fires=17 hits=2
ACC w2 fires=18 hits=25
ACC w6 fires=449 hits=71
ACC w8 fires=1042 hits=137
ACC w0 fires=17 hits=2
ACC w2 fires=18 hits=25
ACC w6 fires=449 hits=71
ACC w8 fires=1050 hits=137
---- s05-5v5 mactf06 fill=5 900s ----
STEALS=11  CAPS=2  RETURNS=7
KILLS=228
HOOK: fires=1315 lands=741 fails=405
SHELVES=25  DEADDOORS=0  CYCLES=3
acts: swim=8 lift=13 tele=11 rj=7
roles: escort_samples=254 recover_samples=993
attacker floors: {}
defenders: 0 distinct 100u-cells, moving=0 still=0
chat lines: 378 | sample: (Arach[SG]): haste rune at our base
kills by weapon: blaster=1 rail=165 rocket=40 mg=0 cg=1 hb=0 ssg=2
ACC w2 fires=18 hits=28
ACC w4 fires=16 hits=16
ACC w6 fires=828 hits=104
ACC w7 fires=59 hits=5
ACC w8 fires=2152 hits=209
ACC w0 fires=31 hits=3
ACC w1 fires=19 hits=13
ACC w2 fires=18 hits=28
ACC w4 fires=16 hits=16
ACC w6 fires=830 hits=104
ACC w7 fires=59 hits=5
ACC w8 fires=2155 hits=211
---- s06-5v3 lmctf44 fill=5:3 900s ----
STEALS=8  CAPS=3  RETURNS=4
KILLS=60
HOOK: fires=896 lands=426 fails=192
SHELVES=48  DEADDOORS=0  CYCLES=2
acts: swim=27 lift=48 tele=16 rj=0
roles: escort_samples=411 recover_samples=640
attacker floors: {}
defenders: 0 distinct 100u-cells, moving=0 still=0
chat lines: 153 | sample: Rune[SG]: hello all
kills by weapon: blaster=0 rail=37 rocket=18 mg=0 cg=0 hb=0 ssg=1
ACC w0 fires=8 hits=2
ACC w2 fires=16 hits=14
ACC w4 fires=10 hits=16
ACC w6 fires=158 hits=30
ACC w7 fires=8 hits=4
ACC w8 fires=606 hits=64
ACC w0 fires=8 hits=2
ACC w2 fires=16 hits=14
ACC w4 fires=10 hits=16
ACC w6 fires=158 hits=30
ACC w7 fires=8 hits=4
ACC w8 fires=606 hits=64
---- s07-5v3 lmctf44 fill=5:3 900s ----
STEALS=11  CAPS=1  RETURNS=5
KILLS=71
HOOK: fires=909 lands=427 fails=240
SHELVES=43  DEADDOORS=0  CYCLES=6
acts: swim=15 lift=19 tele=8 rj=24
roles: escort_samples=284 recover_samples=518
attacker floors: {}
defenders: 0 distinct 100u-cells, moving=0 still=0
chat lines: 157 | sample: Rune[SG]: right then
kills by weapon: blaster=1 rail=45 rocket=14 mg=0 cg=1 hb=2 ssg=1
ACC w0 fires=20 hits=6
ACC w2 fires=13 hits=27
ACC w4 fires=15 hits=17
ACC w6 fires=179 hits=37
ACC w7 fires=71 hits=10
ACC w8 fires=474 hits=51
ACC w0 fires=29 hits=8
ACC w2 fires=13 hits=27
ACC w4 fires=15 hits=17
ACC w6 fires=179 hits=37
ACC w7 fires=82 hits=12
ACC w8 fires=485 hits=51
---- s08-7v7 lmctf09 fill=7 600s ----
STEALS=0  CAPS=0  RETURNS=0
KILLS=149
HOOK: fires=1285 lands=599 fails=388
SHELVES=40  DEADDOORS=0  CYCLES=0
acts: swim=7 lift=3 tele=7 rj=12
roles: escort_samples=0 recover_samples=0
attacker floors: {}
defenders: 0 distinct 100u-cells, moving=0 still=0
chat lines: 146 | sample: Rune[SG]: here we go again
kills by weapon: blaster=0 rail=114 rocket=22 mg=0 cg=1 hb=0 ssg=0
ACC w6 fires=468 hits=52
ACC w8 fires=1418 hits=136
ACC w0 fires=33 hits=1
ACC w3 fires=10 hits=5
ACC w4 fires=14 hits=18
ACC w6 fires=468 hits=52
ACC w8 fires=1436 hits=139
ACC w0 fires=33 hits=1
ACC w3 fires=10 hits=5
ACC w4 fires=14 hits=18
ACC w6 fires=472 hits=53
ACC w8 fires=1449 hits=142
---- s09-ctrl lmctf01 fill=5 900s ----
STEALS=3  CAPS=0  RETURNS=1
KILLS=100
HOOK: fires=985 lands=449 fails=248
SHELVES=327  DEADDOORS=0  CYCLES=2
acts: swim=221 lift=28 tele=45 rj=15
roles: escort_samples=153 recover_samples=555
attacker floors: {}
defenders: 0 distinct 100u-cells, moving=0 still=0
chat lines: 120 | sample: (Arach[SG]): rune by the Health
kills by weapon: blaster=1 rail=59 rocket=31 mg=0 cg=0 hb=0 ssg=0
ACC w0 fires=38 hits=3
ACC w2 fires=9 hits=0
ACC w6 fires=428 hits=65
ACC w8 fires=595 hits=59
ACC w0 fires=38 hits=3
ACC w2 fires=9 hits=0
ACC w6 fires=429 hits=65
ACC w8 fires=595 hits=59
ACC w0 fires=38 hits=3
ACC w2 fires=9 hits=0
ACC w6 fires=432 hits=65
ACC w8 fires=595 hits=59
---- s10-5v1 smap05 fill=5:0 600s ----
STEALS=1  CAPS=0  RETURNS=0
KILLS=0
HOOK: fires=169 lands=56 fails=64
SHELVES=144  DEADDOORS=0  CYCLES=1
acts: swim=44 lift=0 tele=0 rj=0
roles: escort_samples=530 recover_samples=0
attacker floors: {}
defenders: 0 distinct 100u-cells, moving=0 still=0
chat lines: 28 | sample: (Arach[SG]): haste rune at the rg
kills by weapon: blaster=0 rail=0 rocket=0 mg=0 cg=0 hb=0 ssg=0
./iterate2.sh: line 232: unexpected EOF while looking for matching `"'
