=== WAVE 364 (free layout) ===
---- s01-2v2 lmctf03 fill=2 600s ----
STEALS=1  CAPS=1  RETURNS=0
KILLS=10
HOOK: fires=128 lands=41 fails=24
SHELVES=31  DEADDOORS=6  CYCLES=2
acts: swim=0 lift=0 tele=7 rj=0
roles: escort_samples=94 recover_samples=94
attacker floors: {}
defenders: 0 distinct 100u-cells, moving=0 still=0
chat lines: 59 | sample: (Rune[SG]): haste rune at our base
kills by weapon: blaster=0 rail=8 rocket=1 mg=0 cg=0 hb=0 ssg=0
ACC w1 fires=4 hits=0
ACC w3 fires=4 hits=3
ACC w6 fires=39 hits=5
ACC w8 fires=90 hits=9
ACC w1 fires=4 hits=0
ACC w3 fires=4 hits=3
ACC w6 fires=39 hits=5
ACC w8 fires=90 hits=9
ACC w1 fires=4 hits=0
ACC w3 fires=4 hits=3
ACC w6 fires=39 hits=5
ACC w8 fires=90 hits=9
---- s02-5v0 smap05 fill=5:0 600s ----
STEALS=3  CAPS=3  RETURNS=0
KILLS=0
HOOK: fires=220 lands=92 fails=39
SHELVES=21  DEADDOORS=0  CYCLES=2
acts: swim=0 lift=0 tele=0 rj=0
roles: escort_samples=553 recover_samples=0
attacker floors: {}
defenders: 0 distinct 100u-cells, moving=0 still=0
chat lines: 31 | sample: (Arach[SG]): haste rune at the rg
kills by weapon: blaster=0 rail=0 rocket=0 mg=0 cg=0 hb=0 ssg=0
---- s03-5v5 mactf06 fill=5 900s ----
STEALS=4  CAPS=2  RETURNS=2
KILLS=230
HOOK: fires=1198 lands=635 fails=356
SHELVES=15  DEADDOORS=0  CYCLES=0
acts: swim=4 lift=6 tele=5 rj=11
roles: escort_samples=305 recover_samples=690
attacker floors: {}
defenders: 0 distinct 100u-cells, moving=0 still=0
chat lines: 374 | sample: (Arach[SG]): haste rune at our base
kills by weapon: blaster=0 rail=167 rocket=38 mg=0 cg=0 hb=0 ssg=1
ACC w0 fires=60 hits=5
ACC w1 fires=21 hits=12
ACC w2 fires=22 hits=21
ACC w6 fires=738 hits=102
ACC w7 fires=13 hits=0
ACC w8 fires=2056 hits=200
ACC w0 fires=60 hits=5
ACC w1 fires=21 hits=12
ACC w2 fires=22 hits=21
ACC w6 fires=739 hits=102
ACC w7 fires=13 hits=0
ACC w8 fires=2077 hits=202
---- s04-5v5 mactf06 fill=5 900s ----
STEALS=12  CAPS=2  RETURNS=5
KILLS=232
HOOK: fires=1281 lands=652 fails=390
SHELVES=19  DEADDOORS=0  CYCLES=1
acts: swim=11 lift=10 tele=7 rj=14
roles: escort_samples=599 recover_samples=1111
attacker floors: {}
defenders: 0 distinct 100u-cells, moving=0 still=0
chat lines: 424 | sample: (Arach[SG]): haste rune at our base
kills by weapon: blaster=0 rail=169 rocket=48 mg=0 cg=0 hb=0 ssg=1
ACC w7 fires=28 hits=7
ACC w8 fires=2075 hits=197
ACC w0 fires=38 hits=2
ACC w1 fires=25 hits=19
ACC w6 fires=994 hits=108
ACC w7 fires=28 hits=7
ACC w8 fires=2088 hits=198
ACC w0 fires=38 hits=2
ACC w1 fires=25 hits=19
ACC w6 fires=997 hits=108
ACC w7 fires=28 hits=7
ACC w8 fires=2096 hits=202
---- s05-5v5 lmctf22 fill=5 900s ----
STEALS=9  CAPS=2  RETURNS=6
KILLS=148
HOOK: fires=1432 lands=690 fails=282
SHELVES=79  DEADDOORS=0  CYCLES=2
acts: swim=9 lift=5 tele=10 rj=7
roles: escort_samples=432 recover_samples=1018
attacker floors: {}
defenders: 0 distinct 100u-cells, moving=0 still=0
chat lines: 295 | sample: (Arach[SG]): regen rune at the hb
kills by weapon: blaster=0 rail=108 rocket=25 mg=0 cg=0 hb=1 ssg=0
ACC w7 fires=12 hits=5
ACC w8 fires=1089 hits=124
ACC w0 fires=5 hits=2
ACC w2 fires=23 hits=10
ACC w6 fires=313 hits=58
ACC w7 fires=12 hits=5
ACC w8 fires=1089 hits=124
ACC w0 fires=5 hits=2
ACC w2 fires=23 hits=10
ACC w6 fires=313 hits=58
ACC w7 fires=12 hits=5
ACC w8 fires=1108 hits=124
---- s06-5v3 lmctf44 fill=5:3 900s ----
STEALS=10  CAPS=1  RETURNS=9
KILLS=58
HOOK: fires=939 lands=404 fails=186
SHELVES=60  DEADDOORS=0  CYCLES=6
acts: swim=3 lift=16 tele=18 rj=45
roles: escort_samples=355 recover_samples=423
attacker floors: {}
defenders: 0 distinct 100u-cells, moving=0 still=0
chat lines: 137 | sample: Rune[SG]: shall we
kills by weapon: blaster=0 rail=26 rocket=11 mg=0 cg=0 hb=5 ssg=1
ACC w0 fires=5 hits=0
ACC w2 fires=21 hits=23
ACC w4 fires=11 hits=10
ACC w6 fires=192 hits=39
ACC w7 fires=116 hits=22
ACC w8 fires=524 hits=40
ACC w0 fires=5 hits=0
ACC w2 fires=21 hits=23
ACC w4 fires=11 hits=10
ACC w6 fires=192 hits=39
ACC w7 fires=116 hits=22
ACC w8 fires=524 hits=40
---- s07-5v3 lmctf44 fill=5:3 900s ----
STEALS=6  CAPS=2  RETURNS=2
KILLS=70
HOOK: fires=928 lands=406 fails=205
SHELVES=52  DEADDOORS=0  CYCLES=4
acts: swim=26 lift=27 tele=7 rj=13
roles: escort_samples=263 recover_samples=489
attacker floors: {}
defenders: 0 distinct 100u-cells, moving=0 still=0
chat lines: 148 | sample: Rune[SG]: lovely
kills by weapon: blaster=0 rail=44 rocket=17 mg=0 cg=1 hb=0 ssg=0
ACC w7 fires=13 hits=2
ACC w8 fires=562 hits=57
ACC w2 fires=3 hits=13
ACC w4 fires=11 hits=18
ACC w6 fires=219 hits=35
ACC w7 fires=13 hits=2
ACC w8 fires=565 hits=58
ACC w2 fires=3 hits=13
ACC w4 fires=11 hits=18
ACC w6 fires=222 hits=36
ACC w7 fires=13 hits=2
ACC w8 fires=570 hits=58
---- s08-7v7 lmctf09 fill=7 600s ----
STEALS=4  CAPS=0  RETURNS=3
KILLS=171
HOOK: fires=1358 lands=608 fails=374
SHELVES=111  DEADDOORS=0  CYCLES=0
acts: swim=11 lift=3 tele=10 rj=3
roles: escort_samples=111 recover_samples=259
attacker floors: {}
defenders: 0 distinct 100u-cells, moving=0 still=0
chat lines: 165 | sample: (Slip[SG]): damage rune at our base
kills by weapon: blaster=1 rail=118 rocket=27 mg=1 cg=1 hb=0 ssg=1
ACC w0 fires=45 hits=5
ACC w2 fires=19 hits=29
ACC w3 fires=11 hits=9
ACC w4 fires=8 hits=24
ACC w6 fires=531 hits=79
ACC w8 fires=1561 hits=141
ACC w0 fires=45 hits=5
ACC w2 fires=19 hits=29
ACC w3 fires=11 hits=9
ACC w4 fires=8 hits=24
ACC w6 fires=531 hits=79
ACC w8 fires=1561 hits=141
---- s09-ctrl lmctf01 fill=5 900s ----
STEALS=1  CAPS=0  RETURNS=1
KILLS=77
HOOK: fires=930 lands=433 fails=246
SHELVES=302  DEADDOORS=0  CYCLES=0
acts: swim=240 lift=11 tele=53 rj=0
roles: escort_samples=2 recover_samples=13
attacker floors: {}
defenders: 0 distinct 100u-cells, moving=0 still=0
chat lines: 93 | sample: (Arach[SG]): rune by the Rockets
kills by weapon: blaster=0 rail=49 rocket=21 mg=0 cg=0 hb=0 ssg=1
ACC w0 fires=35 hits=3
ACC w2 fires=4 hits=18
ACC w6 fires=277 hits=42
ACC w8 fires=522 hits=53
ACC w0 fires=35 hits=3
ACC w2 fires=4 hits=18
ACC w6 fires=286 hits=42
ACC w8 fires=524 hits=53
ACC w0 fires=35 hits=3
ACC w2 fires=4 hits=18
ACC w6 fires=300 hits=43
ACC w8 fires=564 hits=54
---- s10-5v1 smap05 fill=5:1 600s ----
STEALS=5  CAPS=3  RETURNS=2
KILLS=25
HOOK: fires=379 lands=155 fails=102
SHELVES=54  DEADDOORS=0  CYCLES=1
acts: swim=80 lift=17 tele=10 rj=6
roles: escort_samples=438 recover_samples=340
attacker floors: {}
defenders: 0 distinct 100u-cells, moving=0 still=0
chat lines: 79 | sample: (Arach[SG]): haste rune at the rg
kills by weapon: blaster=0 rail=16 rocket=5 mg=0 cg=0 hb=0 ssg=0
ACC w2 fires=13 hits=8
ACC w6 fires=99 hits=17
ACC w8 fires=216 hits=26
ACC w2 fires=13 hits=8
ACC w6 fires=99 hits=17
ACC w8 fires=216 hits=26
ACC w2 fires=13 hits=8
ACC w6 fires=99 hits=17
ACC w8 fires=216 hits=26
ACC w2 fires=13 hits=8
ACC w6 fires=99 hits=17
ACC w8 fires=216 hits=26
