=== WAVE 306 (free layout) ===
---- s01-2v2 lmctf03 fill=2 600s ----
STEALS=0  CAPS=0  RETURNS=0
KILLS=4
HOOK: fires=122 lands=40 fails=23
SHELVES=58  DEADDOORS=1  CYCLES=0
acts: swim=0 lift=0 tele=0 rj=0
roles: escort_samples=0 recover_samples=0
attacker floors: {}
defenders: 0 distinct 100u-cells, moving=0 still=0
chat lines: 64 | sample: (Caco[SG]): rune by the Health
kills by weapon: blaster=0 rail=1 rocket=2 mg=0 cg=0 hb=0 ssg=0
ACC w6 fires=27 hits=3
ACC w8 fires=1 hits=1
ACC w6 fires=27 hits=3
ACC w8 fires=1 hits=1
ACC w6 fires=27 hits=3
ACC w8 fires=1 hits=1
ACC w6 fires=27 hits=3
ACC w8 fires=1 hits=1
ACC w6 fires=27 hits=3
ACC w8 fires=1 hits=1
ACC w6 fires=27 hits=3
ACC w8 fires=1 hits=1
---- s02-2v2 lmctf03 fill=2 600s ----
STEALS=0  CAPS=0  RETURNS=0
KILLS=3
HOOK: fires=129 lands=28 fails=19
SHELVES=67  DEADDOORS=2  CYCLES=0
acts: swim=0 lift=0 tele=0 rj=0
roles: escort_samples=0 recover_samples=0
attacker floors: {}
defenders: 0 distinct 100u-cells, moving=0 still=0
chat lines: 37 | sample: (Arach[SG]): damage rune at our base
kills by weapon: blaster=0 rail=1 rocket=2 mg=0 cg=0 hb=0 ssg=0
ACC w6 fires=8 hits=4
ACC w8 fires=37 hits=2
ACC w6 fires=8 hits=4
ACC w8 fires=37 hits=2
ACC w6 fires=8 hits=4
ACC w8 fires=37 hits=2
ACC w6 fires=8 hits=4
ACC w8 fires=37 hits=2
ACC w6 fires=8 hits=4
ACC w8 fires=37 hits=2
ACC w6 fires=8 hits=4
ACC w8 fires=37 hits=2
---- s03-5v5 lmctf22 fill=5 900s ----
STEALS=3  CAPS=0  RETURNS=3
KILLS=108
HOOK: fires=1197 lands=535 fails=223
SHELVES=129  DEADDOORS=0  CYCLES=6
acts: swim=5 lift=21 tele=2 rj=23
roles: escort_samples=173 recover_samples=546
attacker floors: {}
defenders: 0 distinct 100u-cells, moving=0 still=0
chat lines: 193 | sample: (Rune[SG]): damage rune at the hb
kills by weapon: blaster=0 rail=82 rocket=19 mg=0 cg=0 hb=0 ssg=0
ACC w0 fires=13 hits=1
ACC w2 fires=4 hits=6
ACC w6 fires=317 hits=51
ACC w8 fires=831 hits=101
ACC w0 fires=13 hits=1
ACC w2 fires=4 hits=6
ACC w6 fires=317 hits=51
ACC w8 fires=836 hits=102
ACC w0 fires=13 hits=1
ACC w2 fires=4 hits=6
ACC w6 fires=317 hits=51
ACC w8 fires=840 hits=105
---- s04-5v5 lmctf22 fill=5 900s ----
STEALS=1  CAPS=0  RETURNS=1
KILLS=111
HOOK: fires=1059 lands=456 fails=189
SHELVES=108  DEADDOORS=0  CYCLES=0
acts: swim=20 lift=30 tele=0 rj=4
roles: escort_samples=86 recover_samples=77
attacker floors: {}
defenders: 0 distinct 100u-cells, moving=0 still=0
chat lines: 175 | sample: (Rune[SG]): resist rune at the hb
kills by weapon: blaster=0 rail=89 rocket=17 mg=0 cg=0 hb=0 ssg=0
ACC w7 fires=7 hits=1
ACC w8 fires=815 hits=101
ACC w0 fires=3 hits=0
ACC w3 fires=9 hits=4
ACC w6 fires=175 hits=29
ACC w7 fires=7 hits=1
ACC w8 fires=815 hits=101
ACC w0 fires=3 hits=0
ACC w3 fires=9 hits=4
ACC w6 fires=177 hits=30
ACC w7 fires=7 hits=1
ACC w8 fires=822 hits=102
---- s05-5v5 mactf06 fill=5 900s ----
STEALS=0  CAPS=0  RETURNS=0
KILLS=115
HOOK: fires=1021 lands=453 fails=285
SHELVES=60  DEADDOORS=0  CYCLES=0
acts: swim=10 lift=35 tele=13 rj=23
roles: escort_samples=0 recover_samples=0
attacker floors: {}
defenders: 0 distinct 100u-cells, moving=0 still=0
chat lines: 231 | sample: (Arach[SG]): haste rune at our base
kills by weapon: blaster=0 rail=90 rocket=19 mg=0 cg=0 hb=1 ssg=0
ACC w2 fires=2 hits=0
ACC w3 fires=8 hits=0
ACC w6 fires=271 hits=34
ACC w7 fires=12 hits=3
ACC w8 fires=1055 hits=117
ACC w0 fires=41 hits=7
ACC w1 fires=12 hits=5
ACC w2 fires=2 hits=0
ACC w3 fires=8 hits=0
ACC w6 fires=277 hits=34
ACC w7 fires=12 hits=3
ACC w8 fires=1078 hits=117
---- s06-5v3 lmctf44 fill=5:3 900s ----
STEALS=7  CAPS=0  RETURNS=5
KILLS=55
HOOK: fires=1012 lands=398 fails=220
SHELVES=47  DEADDOORS=0  CYCLES=1
acts: swim=29 lift=25 tele=16 rj=25
roles: escort_samples=390 recover_samples=727
attacker floors: {}
defenders: 0 distinct 100u-cells, moving=0 still=0
chat lines: 150 | sample: Rune[SG]: shall we
kills by weapon: blaster=0 rail=34 rocket=12 mg=0 cg=1 hb=0 ssg=0
ACC w7 fires=13 hits=7
ACC w8 fires=580 hits=50
ACC w2 fires=13 hits=15
ACC w4 fires=11 hits=19
ACC w6 fires=194 hits=37
ACC w7 fires=13 hits=7
ACC w8 fires=580 hits=50
ACC w2 fires=13 hits=15
ACC w4 fires=11 hits=19
ACC w6 fires=194 hits=37
ACC w7 fires=13 hits=7
ACC w8 fires=585 hits=52
---- s07-5v3 lmctf44 fill=5:3 900s ----
STEALS=4  CAPS=0  RETURNS=1
KILLS=51
HOOK: fires=811 lands=301 fails=173
SHELVES=47  DEADDOORS=0  CYCLES=0
acts: swim=3 lift=0 tele=2 rj=14
roles: escort_samples=79 recover_samples=143
attacker floors: {}
defenders: 0 distinct 100u-cells, moving=0 still=0
chat lines: 109 | sample: Rune[SG]: here we go again
kills by weapon: blaster=0 rail=39 rocket=8 mg=0 cg=0 hb=0 ssg=1
ACC w0 fires=4 hits=2
ACC w2 fires=12 hits=10
ACC w4 fires=1 hits=0
ACC w6 fires=162 hits=26
ACC w7 fires=2 hits=0
ACC w8 fires=426 hits=52
ACC w0 fires=4 hits=2
ACC w2 fires=12 hits=10
ACC w4 fires=1 hits=0
ACC w6 fires=162 hits=26
ACC w7 fires=2 hits=0
ACC w8 fires=426 hits=52
---- s08-7v7 lmctf09 fill=7 600s ----
STEALS=4  CAPS=0  RETURNS=2
KILLS=140
HOOK: fires=1288 lands=532 fails=378
SHELVES=127  DEADDOORS=0  CYCLES=0
acts: swim=10 lift=7 tele=6 rj=11
roles: escort_samples=149 recover_samples=504
attacker floors: {}
defenders: 0 distinct 100u-cells, moving=0 still=0
chat lines: 162 | sample: Rune[SG]: here we go again
kills by weapon: blaster=0 rail=98 rocket=24 mg=0 cg=0 hb=0 ssg=0
ACC w0 fires=40 hits=8
ACC w4 fires=7 hits=2
ACC w6 fires=341 hits=72
ACC w8 fires=1153 hits=121
ACC w0 fires=40 hits=8
ACC w4 fires=7 hits=2
ACC w6 fires=346 hits=74
ACC w8 fires=1158 hits=121
ACC w0 fires=40 hits=8
ACC w4 fires=7 hits=2
ACC w6 fires=346 hits=74
ACC w8 fires=1158 hits=121
---- s09-ctrl lmctf01 fill=5 900s ----
STEALS=1  CAPS=0  RETURNS=1
KILLS=45
HOOK: fires=785 lands=246 fails=198
SHELVES=252  DEADDOORS=0  CYCLES=0
acts: swim=671 lift=0 tele=0 rj=4
roles: escort_samples=25 recover_samples=151
attacker floors: {}
defenders: 0 distinct 100u-cells, moving=0 still=0
chat lines: 69 | sample: (Arach[SG]): regen rune at our base
kills by weapon: blaster=0 rail=32 rocket=7 mg=0 cg=0 hb=0 ssg=0
ACC w0 fires=15 hits=2
ACC w6 fires=133 hits=15
ACC w8 fires=242 hits=33
ACC w0 fires=15 hits=2
ACC w6 fires=140 hits=17
ACC w8 fires=243 hits=33
ACC w0 fires=15 hits=2
ACC w6 fires=140 hits=17
ACC w8 fires=243 hits=33
ACC w0 fires=15 hits=2
ACC w6 fires=140 hits=17
ACC w8 fires=243 hits=33
---- s10-5v1 smap05 fill=5:1 600s ----
STEALS=3  CAPS=0  RETURNS=0
KILLS=40
HOOK: fires=405 lands=156 fails=101
SHELVES=61  DEADDOORS=0  CYCLES=2
acts: swim=24 lift=0 tele=7 rj=44
roles: escort_samples=226 recover_samples=155
attacker floors: {}
defenders: 0 distinct 100u-cells, moving=0 still=0
chat lines: 76 | sample: (Arach[SG]): haste rune at the rg
kills by weapon: blaster=0 rail=30 rocket=9 mg=0 cg=0 hb=0 ssg=0
ACC w0 fires=2 hits=0
ACC w3 fires=1 hits=0
ACC w6 fires=101 hits=14
ACC w8 fires=345 hits=34
ACC w0 fires=5 hits=0
ACC w3 fires=1 hits=0
ACC w6 fires=109 hits=17
ACC w8 fires=347 hits=34
ACC w0 fires=5 hits=0
ACC w3 fires=1 hits=0
ACC w6 fires=114 hits=17
ACC w8 fires=352 hits=35
