=== WAVE 281: duel=lmctf03 fives=mactf06,lmctf05,lmctf01,lmctf22,lmctf02c dens=lmctf09 ctrl=smap05 ===
---- s01-2v2 lmctf03 ----
STEALS=0  CAPS=0  RETURNS=0
KILLS=3
HOOK: fires=162 lands=24 fails=11
SHELVES=33  DEADDOORS=1  CYCLES=0
acts: swim=0 lift=0 tele=0 rj=0
roles: escort_samples=0 recover_samples=0
attacker floors: {}
defenders: 0 distinct 100u-cells, moving=0 still=0
chat lines: 28 | sample: (Arach[SG]): damage rune at our base
kills by weapon: blaster=0 rail=0 rocket=3 mg=0 cg=0 hb=0 ssg=0
ACC w6 fires=12 hits=3
ACC w8 fires=12 hits=0
ACC w6 fires=12 hits=3
ACC w8 fires=12 hits=0
ACC w6 fires=12 hits=3
ACC w8 fires=12 hits=0
ACC w6 fires=12 hits=3
ACC w8 fires=12 hits=0
ACC w6 fires=12 hits=3
ACC w8 fires=12 hits=0
ACC w6 fires=21 hits=5
ACC w8 fires=17 hits=0
EFF: attack=0.78 defend=1.51
BOT: Rune[SG]     eff=1.59 avg_spd=    3 max_spd= 777 dist=   1380 role=defend
BOT: Arach[SG]    eff=1.49 avg_spd=   17 max_spd= 766 dist=   8205 role=defend
BOT: Caco[SG]     eff=0.91 avg_spd=  161 max_spd= 754 dist=  64956 role=attack
BOT: Slip[SG]     eff=0.68 avg_spd=  267 max_spd= 789 dist=  97045 role=attack
---- s02-2v2 lmctf03 ----
STEALS=0  CAPS=0  RETURNS=0
KILLS=1
HOOK: fires=147 lands=25 fails=16
SHELVES=35  DEADDOORS=1  CYCLES=0
acts: swim=0 lift=0 tele=0 rj=0
roles: escort_samples=0 recover_samples=0
attacker floors: {}
defenders: 0 distinct 100u-cells, moving=0 still=0
chat lines: 32 | sample: (Caco[SG]): damage rune at yellow armor
kills by weapon: blaster=0 rail=1 rocket=0 mg=0 cg=0 hb=0 ssg=0
ACC w8 fires=13 hits=2
ACC w8 fires=13 hits=2
ACC w8 fires=13 hits=2
ACC w8 fires=13 hits=2
ACC w8 fires=13 hits=2
ACC w8 fires=13 hits=2
ACC w8 fires=13 hits=2
ACC w8 fires=13 hits=2
ACC w8 fires=13 hits=2
ACC w8 fires=13 hits=2
ACC w8 fires=13 hits=2
ACC w8 fires=13 hits=2
EFF: attack=0.76 defend=1.53
BOT: Rune[SG]     eff=1.59 avg_spd=    3 max_spd= 777 dist=   1380 role=defend
BOT: Arach[SG]    eff=1.39 avg_spd=    2 max_spd= 749 dist=   1118 role=defend
BOT: Caco[SG]     eff=0.90 avg_spd=  152 max_spd= 754 dist=  64396 role=attack
BOT: Slip[SG]     eff=0.66 avg_spd=  249 max_spd= 789 dist=  92706 role=attack
---- s03-5v5 lmctf05 ----
STEALS=2  CAPS=0  RETURNS=1
KILLS=101
HOOK: fires=707 lands=248 fails=142
SHELVES=146  DEADDOORS=0  CYCLES=0
acts: swim=227 lift=4 tele=48 rj=18
roles: escort_samples=79 recover_samples=521
attacker floors: {}
defenders: 0 distinct 100u-cells, moving=0 still=0
chat lines: 114 | sample: (Caco[SG]): damage rune at our base
kills by weapon: blaster=0 rail=69 rocket=21 mg=0 cg=0 hb=1 ssg=0
ACC w0 fires=7 hits=1
ACC w6 fires=182 hits=37
ACC w7 fires=6 hits=4
ACC w8 fires=602 hits=75
ACC w0 fires=7 hits=1
ACC w6 fires=182 hits=37
ACC w7 fires=6 hits=4
ACC w8 fires=602 hits=75
ACC w0 fires=7 hits=1
ACC w6 fires=182 hits=37
ACC w7 fires=6 hits=4
ACC w8 fires=606 hits=75
EFF: attack=1.72 defend=1.33 carry=1.86 recover=1.37 escort=0.82
BOT: Slip[SG]     eff=1.82 avg_spd=  146 max_spd= 782 dist=  71439 role=attack
BOT: Fiend[SG]    eff=1.78 avg_spd=  130 max_spd= 769 dist=  61983 role=attack
BOT: Arach[SG]    eff=1.77 avg_spd=  209 max_spd= 797 dist=  60847 role=defend
BOT: Trace[SG]    eff=1.76 avg_spd=  126 max_spd= 782 dist=  54949 role=attack
BOT: Phase[SG]    eff=1.62 avg_spd=  166 max_spd= 761 dist=  80944 role=attack
BOT: Field[SG]    eff=1.60 avg_spd=  181 max_spd= 794 dist=  89149 role=attack
BOT: Vore[SG]     eff=1.53 avg_spd=  155 max_spd= 772 dist=  59305 role=attack
BOT: Rune[SG]     eff=1.51 avg_spd=   95 max_spd= 775 dist=  32989 role=defend
BOT: Gate[SG]     eff=1.07 avg_spd=  168 max_spd= 783 dist=  67356 role=defend
BOT: Caco[SG]     eff=0.95 avg_spd=  218 max_spd= 783 dist=  57512 role=defend
---- s04-5v5 lmctf01 ----
STEALS=0  CAPS=0  RETURNS=0
KILLS=24
HOOK: fires=625 lands=204 fails=92
SHELVES=145  DEADDOORS=0  CYCLES=0
acts: swim=321 lift=0 tele=0 rj=1
roles: escort_samples=0 recover_samples=0
attacker floors: {}
defenders: 0 distinct 100u-cells, moving=0 still=0
chat lines: 54 | sample: (Arach[SG]): regen rune at our base
kills by weapon: blaster=0 rail=17 rocket=6 mg=0 cg=0 hb=0 ssg=0
ACC w0 fires=4 hits=0
ACC w6 fires=126 hits=12
ACC w8 fires=163 hits=17
ACC w0 fires=4 hits=0
ACC w6 fires=126 hits=12
ACC w8 fires=163 hits=17
ACC w0 fires=4 hits=0
ACC w6 fires=126 hits=12
ACC w8 fires=163 hits=17
ACC w0 fires=4 hits=0
ACC w6 fires=126 hits=12
ACC w8 fires=163 hits=17
EFF: attack=1.35 defend=0.50
BOT: Slip[SG]     eff=1.89 avg_spd=  180 max_spd= 802 dist=  80812 role=attack
BOT: Phase[SG]    eff=1.33 avg_spd=  190 max_spd= 800 dist=  76845 role=attack
BOT: Vore[SG]     eff=1.25 avg_spd=  190 max_spd= 794 dist=  71854 role=attack
BOT: Arach[SG]    eff=1.22 avg_spd=    2 max_spd= 408 dist=   1243 role=defend
BOT: Trace[SG]    eff=1.22 avg_spd=  174 max_spd= 785 dist=  76924 role=attack
BOT: Fiend[SG]    eff=1.19 avg_spd=  153 max_spd= 787 dist=  65273 role=attack
BOT: Field[SG]    eff=1.18 avg_spd=  192 max_spd= 775 dist=  81319 role=attack
BOT: Rune[SG]     eff=0.82 avg_spd=    9 max_spd= 301 dist=   1644 role=defend
BOT: Gate[SG]     eff=0.52 avg_spd=  225 max_spd= 761 dist=  36840 role=defend
BOT: Caco[SG]     eff=0.50 avg_spd=  223 max_spd= 339 dist=  27177 role=defend
---- s05-5v5 lmctf22 ----
STEALS=2  CAPS=0  RETURNS=2
KILLS=58
HOOK: fires=718 lands=270 fails=97
SHELVES=72  DEADDOORS=0  CYCLES=0
acts: swim=21 lift=20 tele=16 rj=6
roles: escort_samples=18 recover_samples=49
attacker floors: {}
defenders: 0 distinct 100u-cells, moving=0 still=0
chat lines: 121 | sample: (Slip[SG]): haste rune at our base
kills by weapon: blaster=0 rail=45 rocket=10 mg=0 cg=0 hb=0 ssg=0
ACC w0 fires=1 hits=0
ACC w6 fires=130 hits=23
ACC w8 fires=433 hits=54
ACC w0 fires=1 hits=0
ACC w6 fires=130 hits=23
ACC w8 fires=433 hits=54
ACC w0 fires=1 hits=0
ACC w6 fires=130 hits=23
ACC w8 fires=433 hits=54
ACC w0 fires=1 hits=0
ACC w6 fires=130 hits=23
ACC w8 fires=433 hits=54
EFF: attack=1.28 defend=0.87 recover=1.34
BOT: Vore[SG]     eff=1.48 avg_spd=  225 max_spd= 925 dist=  92936 role=attack
BOT: Trace[SG]    eff=1.42 avg_spd=  222 max_spd= 786 dist=  91055 role=attack
BOT: Fiend[SG]    eff=1.35 avg_spd=  199 max_spd= 795 dist=  82782 role=attack
BOT: Slip[SG]     eff=1.21 avg_spd=  225 max_spd= 788 dist=  96126 role=attack
BOT: Arach[SG]    eff=1.18 avg_spd=  112 max_spd= 772 dist=  27470 role=defend
BOT: Field[SG]    eff=1.13 avg_spd=  196 max_spd= 782 dist=  76800 role=attack
BOT: Caco[SG]     eff=1.10 avg_spd=  226 max_spd= 775 dist=  34984 role=defend
BOT: Phase[SG]    eff=1.05 avg_spd=  190 max_spd= 778 dist=  78652 role=attack
BOT: Rune[SG]     eff=0.44 avg_spd=  181 max_spd= 749 dist=  15136 role=defend
BOT: Gate[SG]     eff=0.36 avg_spd=  244 max_spd= 756 dist=  19256 role=defend
---- s06-5v5 lmctf02c ----
STEALS=0  CAPS=0  RETURNS=0
KILLS=29
HOOK: fires=1053 lands=301 fails=197
SHELVES=73  DEADDOORS=0  CYCLES=0
acts: swim=42 lift=3 tele=15 rj=0
roles: escort_samples=0 recover_samples=0
attacker floors: {}
defenders: 0 distinct 100u-cells, moving=0 still=0
chat lines: 107 | sample: (Arach[SG]): damage rune at our base
kills by weapon: blaster=0 rail=29 rocket=0 mg=0 cg=0 hb=0 ssg=0
ACC w6 fires=23 hits=0
ACC w8 fires=546 hits=35
ACC w6 fires=23 hits=0
ACC w8 fires=546 hits=35
ACC w6 fires=23 hits=0
ACC w8 fires=546 hits=35
ACC w6 fires=23 hits=0
ACC w8 fires=546 hits=35
ACC w6 fires=23 hits=0
ACC w8 fires=546 hits=35
ACC w6 fires=23 hits=0
ACC w8 fires=546 hits=35
EFF: attack=1.76 defend=1.61
BOT: Rune[SG]     eff=2.68 avg_spd=   31 max_spd= 800 dist=  11823 role=defend
BOT: Slip[SG]     eff=2.33 avg_spd=  206 max_spd= 782 dist=  93325 role=attack
BOT: Caco[SG]     eff=1.95 avg_spd=  224 max_spd= 805 dist=  97458 role=defend
BOT: Fiend[SG]    eff=1.84 avg_spd=  210 max_spd= 796 dist=  91625 role=attack
BOT: Trace[SG]    eff=1.69 avg_spd=  221 max_spd= 799 dist=  88730 role=attack
BOT: Phase[SG]    eff=1.67 avg_spd=  221 max_spd= 799 dist= 102770 role=attack
BOT: Field[SG]    eff=1.57 avg_spd=  227 max_spd= 779 dist= 102054 role=attack
BOT: Vore[SG]     eff=1.51 avg_spd=  238 max_spd= 795 dist=  97168 role=attack
BOT: Arach[SG]    eff=1.45 avg_spd=  154 max_spd= 778 dist=  80810 role=defend
BOT: Gate[SG]     eff=1.14 avg_spd=  225 max_spd= 778 dist=  68750 role=defend
---- s07-5v5 mactf06 ----
STEALS=0  CAPS=0  RETURNS=0
KILLS=42
HOOK: fires=711 lands=288 fails=185
SHELVES=46  DEADDOORS=0  CYCLES=0
acts: swim=0 lift=23 tele=13 rj=0
roles: escort_samples=0 recover_samples=0
attacker floors: {}
defenders: 0 distinct 100u-cells, moving=0 still=0
chat lines: 146 | sample: (Arach[SG]): haste rune at our base
kills by weapon: blaster=0 rail=32 rocket=6 mg=0 cg=0 hb=0 ssg=0
ACC w6 fires=91 hits=11
ACC w7 fires=5 hits=3
ACC w8 fires=362 hits=43
ACC w6 fires=92 hits=11
ACC w7 fires=5 hits=3
ACC w8 fires=363 hits=44
ACC w6 fires=108 hits=13
ACC w7 fires=5 hits=3
ACC w8 fires=363 hits=44
ACC w6 fires=109 hits=13
ACC w7 fires=5 hits=3
ACC w8 fires=388 hits=44
EFF: attack=1.38 defend=0.67
BOT: Field[SG]    eff=1.54 avg_spd=  232 max_spd= 782 dist=  94663 role=attack
BOT: Fiend[SG]    eff=1.51 avg_spd=  243 max_spd= 800 dist=  93254 role=attack
BOT: Slip[SG]     eff=1.39 avg_spd=  245 max_spd= 800 dist=  94085 role=attack
BOT: Vore[SG]     eff=1.38 avg_spd=  243 max_spd= 780 dist= 105592 role=attack
BOT: Trace[SG]    eff=1.37 avg_spd=  241 max_spd= 777 dist=  90561 role=attack
BOT: Phase[SG]    eff=1.11 avg_spd=  219 max_spd= 800 dist=  93554 role=attack
BOT: Gate[SG]     eff=0.79 avg_spd=  246 max_spd= 779 dist=  71744 role=defend
BOT: Arach[SG]    eff=0.54 avg_spd=  249 max_spd= 648 dist=  18735 role=defend
BOT: Rune[SG]     eff=0.46 avg_spd=  198 max_spd= 746 dist=  12271 role=defend
BOT: Caco[SG]     eff=0.35 avg_spd=  244 max_spd= 757 dist=   5214 role=defend
---- s08-7v7 lmctf09 ----
STEALS=4  CAPS=0  RETURNS=3
KILLS=147
HOOK: fires=1502 lands=435 fails=264
SHELVES=121  DEADDOORS=0  CYCLES=0
acts: swim=12 lift=5 tele=7 rj=8
roles: escort_samples=6 recover_samples=396
attacker floors: {}
defenders: 0 distinct 100u-cells, moving=0 still=0
chat lines: 157 | sample: Rune[SG]: right then
kills by weapon: blaster=1 rail=101 rocket=27 mg=0 cg=0 hb=0 ssg=0
ACC w0 fires=65 hits=9
ACC w2 fires=2 hits=0
ACC w6 fires=457 hits=80
ACC w8 fires=1198 hits=134
ACC w0 fires=65 hits=9
ACC w2 fires=2 hits=0
ACC w6 fires=458 hits=80
ACC w8 fires=1198 hits=134
ACC w0 fires=65 hits=9
ACC w2 fires=2 hits=0
ACC w6 fires=458 hits=80
ACC w8 fires=1199 hits=135
EFF: attack=1.70 defend=1.15 recover=1.63
BOT: Field[SG]    eff=1.99 avg_spd=  214 max_spd= 809 dist=  97496 role=attack
BOT: Slip[SG]     eff=1.80 avg_spd=  225 max_spd= 904 dist=  99622 role=attack
BOT: Scrag[SG]    eff=1.79 avg_spd=  220 max_spd= 791 dist=  95704 role=attack
BOT: Ogre[SG]     eff=1.74 avg_spd=  213 max_spd= 818 dist= 103019 role=attack
BOT: Knight[SG]   eff=1.67 avg_spd=  209 max_spd= 786 dist=  91851 role=attack
BOT: Wizard[SG]   eff=1.67 avg_spd=  200 max_spd= 782 dist=  85106 role=attack
BOT: Vore[SG]     eff=1.64 avg_spd=  210 max_spd= 798 dist=  89990 role=attack
BOT: Trace[SG]    eff=1.59 avg_spd=  219 max_spd= 776 dist=  94403 role=attack
BOT: Phase[SG]    eff=1.57 avg_spd=  212 max_spd= 797 dist=  89090 role=attack
BOT: Fiend[SG]    eff=1.49 avg_spd=  208 max_spd= 796 dist=  92770 role=attack
BOT: Gate[SG]     eff=1.48 avg_spd=  107 max_spd= 747 dist=  27747 role=defend
BOT: Arach[SG]    eff=1.46 avg_spd=  111 max_spd= 751 dist=  35634 role=defend
BOT: Rune[SG]     eff=1.28 avg_spd=   78 max_spd= 776 dist=  29497 role=defend
BOT: Caco[SG]     eff=0.82 avg_spd=  226 max_spd= 777 dist=  58767 role=defend
---- s09-7v7 lmctf09 ----
STEALS=4  CAPS=0  RETURNS=4
KILLS=170
HOOK: fires=1456 lands=484 fails=306
SHELVES=136  DEADDOORS=0  CYCLES=0
acts: swim=5 lift=18 tele=4 rj=6
roles: escort_samples=86 recover_samples=159
attacker floors: {}
defenders: 0 distinct 100u-cells, moving=0 still=0
chat lines: 157 | sample: (Caco[SG]): damage rune at our base
kills by weapon: blaster=0 rail=132 rocket=26 mg=0 cg=0 hb=0 ssg=0
ACC w0 fires=17 hits=1
ACC w3 fires=4 hits=2
ACC w6 fires=307 hits=53
ACC w8 fires=1246 hits=149
ACC w0 fires=17 hits=1
ACC w3 fires=4 hits=2
ACC w6 fires=307 hits=53
ACC w8 fires=1258 hits=150
ACC w0 fires=17 hits=1
ACC w3 fires=4 hits=2
ACC w6 fires=307 hits=53
ACC w8 fires=1272 hits=150
EFF: attack=1.71 defend=1.17 recover=1.48
BOT: Trace[SG]    eff=1.92 avg_spd=  197 max_spd=1020 dist=  89480 role=attack
BOT: Slip[SG]     eff=1.83 avg_spd=  202 max_spd=1206 dist=  90088 role=attack
BOT: Scrag[SG]    eff=1.81 avg_spd=  197 max_spd= 798 dist=  88951 role=attack
BOT: Fiend[SG]    eff=1.76 avg_spd=  205 max_spd= 807 dist=  87127 role=attack
BOT: Vore[SG]     eff=1.73 avg_spd=  192 max_spd= 801 dist=  87803 role=attack
BOT: Wizard[SG]   eff=1.69 avg_spd=  205 max_spd= 798 dist=  89368 role=attack
BOT: Ogre[SG]     eff=1.66 avg_spd=  209 max_spd= 788 dist=  92431 role=attack
BOT: Knight[SG]   eff=1.60 avg_spd=  174 max_spd= 797 dist=  76060 role=attack
BOT: Phase[SG]    eff=1.59 avg_spd=  237 max_spd= 800 dist= 102024 role=attack
BOT: Field[SG]    eff=1.46 avg_spd=  191 max_spd= 774 dist=  85380 role=attack
BOT: Arach[SG]    eff=1.41 avg_spd=   62 max_spd= 772 dist=  30699 role=defend
BOT: Gate[SG]     eff=1.30 avg_spd=  229 max_spd= 770 dist=  63785 role=defend
BOT: Rune[SG]     eff=1.10 avg_spd=   71 max_spd= 751 dist=  28157 role=defend
BOT: Caco[SG]     eff=0.93 avg_spd=  216 max_spd= 753 dist=  46312 role=defend
---- s10-5v1 smap05 ----
STEALS=5  CAPS=3  RETURNS=1
KILLS=26
HOOK: fires=512 lands=116 fails=66
SHELVES=77  DEADDOORS=0  CYCLES=21
acts: swim=161 lift=0 tele=0 rj=0
roles: escort_samples=538 recover_samples=399
attacker floors: {}
defenders: 0 distinct 100u-cells, moving=0 still=0
chat lines: 85 | sample: (Arach[SG]): haste rune at the rg
kills by weapon: blaster=0 rail=19 rocket=4 mg=0 cg=0 hb=0 ssg=1
ACC w0 fires=1 hits=0
ACC w2 fires=5 hits=10
ACC w6 fires=68 hits=8
ACC w8 fires=131 hits=22
ACC w0 fires=1 hits=0
ACC w2 fires=5 hits=10
ACC w6 fires=68 hits=8
ACC w8 fires=132 hits=23
ACC w0 fires=1 hits=0
ACC w2 fires=5 hits=10
ACC w6 fires=68 hits=8
ACC w8 fires=132 hits=23
EFF: attack=1.24 defend=1.21 carry=1.29 recover=0.93 escort=1.11
BOT: Arach[SG]    eff=2.12 avg_spd=   13 max_spd= 768 dist=   5508 role=defend
BOT: Slip[SG]     eff=1.29 avg_spd=  198 max_spd= 803 dist=  69794 role=attack
BOT: Phase[SG]    eff=1.18 avg_spd=  169 max_spd= 770 dist=  56321 role=attack
BOT: Gate[SG]     eff=1.17 avg_spd=  212 max_spd= 800 dist=  84888 role=attack
BOT: Caco[SG]     eff=1.12 avg_spd=  216 max_spd= 800 dist=  69680 role=defend
BOT: Rune[SG]     eff=1.12 avg_spd=  216 max_spd= 788 dist=  92164 role=recover
botledger: 92 rows appended for wave 281
logs: /home/buzzkill/Projects/lmctf6-stats/tools/iter-281
