=== WAVE 365 (free layout) ===
---- s01-2v2 lmctf03 fill=2 600s ----
STEALS=0  CAPS=0  RETURNS=0
KILLS=2
HOOK: fires=96 lands=62 fails=36
SHELVES=45  DEADDOORS=0  CYCLES=0
acts: swim=0 lift=0 tele=0 rj=0
roles: escort_samples=0 recover_samples=0
attacker floors: {}
defenders: 0 distinct 100u-cells, moving=0 still=0
chat lines: 43 | sample: (Arach[SG]): damage rune at our base
kills by weapon: blaster=0 rail=1 rocket=0 mg=0 cg=0 hb=0 ssg=1
ACC w1 fires=3 hits=7
ACC w6 fires=19 hits=3
ACC w8 fires=8 hits=1
ACC w1 fires=3 hits=7
ACC w6 fires=19 hits=3
ACC w8 fires=8 hits=1
ACC w1 fires=3 hits=7
ACC w6 fires=19 hits=3
ACC w8 fires=8 hits=1
ACC w1 fires=3 hits=7
ACC w6 fires=19 hits=3
ACC w8 fires=8 hits=1
---- s02-5v0 smap05 fill=5:0 600s ----
STEALS=4  CAPS=3  RETURNS=0
KILLS=0
HOOK: fires=307 lands=107 fails=77
SHELVES=51  DEADDOORS=0  CYCLES=5
acts: swim=66 lift=0 tele=0 rj=0
roles: escort_samples=672 recover_samples=0
attacker floors: {}
defenders: 0 distinct 100u-cells, moving=0 still=0
chat lines: 40 | sample: (Arach[SG]): haste rune at the rg
kills by weapon: blaster=0 rail=0 rocket=0 mg=0 cg=0 hb=0 ssg=0
---- s03-5v5 mactf06 fill=5 900s ----
STEALS=6  CAPS=0  RETURNS=6
KILLS=222
HOOK: fires=1151 lands=620 fails=385
SHELVES=30  DEADDOORS=0  CYCLES=1
acts: swim=12 lift=3 tele=17 rj=15
roles: escort_samples=61 recover_samples=355
attacker floors: {}
defenders: 0 distinct 100u-cells, moving=0 still=0
chat lines: 331 | sample: (Arach[SG]): haste rune at our base
kills by weapon: blaster=3 rail=149 rocket=42 mg=0 cg=0 hb=1 ssg=3
ACC w2 fires=6 hits=16
ACC w3 fires=3 hits=2
ACC w6 fires=790 hits=116
ACC w7 fires=7 hits=2
ACC w8 fires=1629 hits=172
ACC w0 fires=119 hits=22
ACC w1 fires=36 hits=54
ACC w2 fires=6 hits=16
ACC w3 fires=3 hits=2
ACC w6 fires=800 hits=116
ACC w7 fires=7 hits=2
ACC w8 fires=1642 hits=178
---- s04-5v5 mactf06 fill=5 900s ----
STEALS=11  CAPS=0  RETURNS=5
KILLS=245
HOOK: fires=1231 lands=648 fails=394
SHELVES=22  DEADDOORS=0  CYCLES=0
acts: swim=11 lift=7 tele=8 rj=25
roles: escort_samples=307 recover_samples=687
attacker floors: {}
defenders: 0 distinct 100u-cells, moving=0 still=0
chat lines: 396 | sample: (Arach[SG]): haste rune at our base
kills by weapon: blaster=1 rail=177 rocket=42 mg=0 cg=0 hb=1 ssg=1
ACC w0 fires=34 hits=3
ACC w1 fires=34 hits=30
ACC w3 fires=16 hits=5
ACC w6 fires=770 hits=99
ACC w7 fires=16 hits=4
ACC w8 fires=2152 hits=225
ACC w0 fires=34 hits=3
ACC w1 fires=34 hits=30
ACC w3 fires=16 hits=5
ACC w6 fires=774 hits=99
ACC w7 fires=16 hits=4
ACC w8 fires=2153 hits=226
---- s05-5v5 lmctf22 fill=5 900s ----
STEALS=9  CAPS=2  RETURNS=7
KILLS=144
HOOK: fires=1447 lands=702 fails=277
SHELVES=83  DEADDOORS=0  CYCLES=1
acts: swim=3 lift=19 tele=13 rj=10
roles: escort_samples=256 recover_samples=805
attacker floors: {}
defenders: 0 distinct 100u-cells, moving=0 still=0
chat lines: 268 | sample: (Arach[SG]): rune by the Cells
kills by weapon: blaster=0 rail=111 rocket=21 mg=0 cg=0 hb=0 ssg=2
ACC w6 fires=313 hits=58
ACC w8 fires=1221 hits=129
ACC w2 fires=16 hits=15
ACC w3 fires=3 hits=0
ACC w4 fires=10 hits=2
ACC w6 fires=313 hits=58
ACC w8 fires=1221 hits=129
ACC w2 fires=16 hits=15
ACC w3 fires=3 hits=0
ACC w4 fires=10 hits=2
ACC w6 fires=316 hits=59
ACC w8 fires=1231 hits=130
---- s06-5v3 lmctf44 fill=5:3 900s ----
STEALS=9  CAPS=1  RETURNS=7
KILLS=88
HOOK: fires=953 lands=433 fails=245
SHELVES=45  DEADDOORS=0  CYCLES=5
acts: swim=9 lift=11 tele=7 rj=9
roles: escort_samples=183 recover_samples=467
attacker floors: {}
defenders: 0 distinct 100u-cells, moving=0 still=0
chat lines: 166 | sample: Rune[SG]: hello all
kills by weapon: blaster=0 rail=46 rocket=26 mg=0 cg=0 hb=3 ssg=2
ACC w7 fires=69 hits=18
ACC w8 fires=603 hits=53
ACC w0 fires=3 hits=1
ACC w2 fires=21 hits=24
ACC w6 fires=250 hits=56
ACC w7 fires=69 hits=18
ACC w8 fires=603 hits=53
ACC w0 fires=3 hits=1
ACC w2 fires=21 hits=24
ACC w6 fires=250 hits=56
ACC w7 fires=69 hits=18
ACC w8 fires=604 hits=54
---- s07-5v3 lmctf44 fill=5:3 900s ----
STEALS=5  CAPS=1  RETURNS=4
KILLS=72
HOOK: fires=939 lands=449 fails=226
SHELVES=48  DEADDOORS=0  CYCLES=2
acts: swim=15 lift=15 tele=6 rj=4
roles: escort_samples=317 recover_samples=549
attacker floors: {}
defenders: 0 distinct 100u-cells, moving=0 still=0
chat lines: 164 | sample: Rune[SG]: evening
kills by weapon: blaster=0 rail=52 rocket=12 mg=0 cg=0 hb=0 ssg=1
ACC w0 fires=5 hits=2
ACC w2 fires=7 hits=14
ACC w4 fires=17 hits=15
ACC w6 fires=188 hits=35
ACC w7 fires=45 hits=11
ACC w8 fires=547 hits=64
ACC w0 fires=5 hits=2
ACC w2 fires=7 hits=14
ACC w4 fires=17 hits=15
ACC w6 fires=188 hits=35
ACC w7 fires=45 hits=11
ACC w8 fires=547 hits=64
---- s08-7v7 lmctf09 fill=7 600s ----
STEALS=2  CAPS=0  RETURNS=2
KILLS=130
HOOK: fires=1349 lands=642 fails=414
SHELVES=100  DEADDOORS=0  CYCLES=0
acts: swim=10 lift=17 tele=12 rj=17
roles: escort_samples=31 recover_samples=33
attacker floors: {}
defenders: 0 distinct 100u-cells, moving=0 still=0
chat lines: 147 | sample: (Caco[SG]): damage rune at our base
kills by weapon: blaster=0 rail=101 rocket=18 mg=0 cg=0 hb=0 ssg=0
ACC w6 fires=452 hits=58
ACC w8 fires=1237 hits=117
ACC w0 fires=11 hits=1
ACC w2 fires=11 hits=9
ACC w4 fires=6 hits=1
ACC w6 fires=455 hits=58
ACC w8 fires=1256 hits=119
ACC w0 fires=11 hits=1
ACC w2 fires=11 hits=9
ACC w4 fires=6 hits=1
ACC w6 fires=455 hits=58
ACC w8 fires=1256 hits=119
---- s09-ctrl lmctf01 fill=5 900s ----
STEALS=3  CAPS=0  RETURNS=3
KILLS=97
HOOK: fires=1081 lands=479 fails=268
SHELVES=317  DEADDOORS=0  CYCLES=0
acts: swim=196 lift=14 tele=1 rj=0
roles: escort_samples=164 recover_samples=254
attacker floors: {}
defenders: 0 distinct 100u-cells, moving=0 still=0
chat lines: 141 | sample: (Arach[SG]): regen rune at our base
kills by weapon: blaster=0 rail=58 rocket=32 mg=0 cg=0 hb=0 ssg=0
ACC w0 fires=77 hits=11
ACC w6 fires=415 hits=53
ACC w8 fires=557 hits=59
ACC w0 fires=77 hits=11
ACC w6 fires=415 hits=53
ACC w8 fires=569 hits=61
ACC w0 fires=77 hits=11
ACC w6 fires=418 hits=54
ACC w8 fires=575 hits=61
ACC w0 fires=77 hits=11
ACC w6 fires=421 hits=54
ACC w8 fires=576 hits=62
---- s10-5v1 smap05 fill=5:1 600s ----
STEALS=5  CAPS=1  RETURNS=3
KILLS=41
HOOK: fires=393 lands=147 fails=101
SHELVES=55  DEADDOORS=0  CYCLES=1
acts: swim=81 lift=2 tele=8 rj=0
roles: escort_samples=437 recover_samples=174
attacker floors: {}
defenders: 0 distinct 100u-cells, moving=0 still=0
chat lines: 94 | sample: (Arach[SG]): haste rune at the rg
kills by weapon: blaster=0 rail=29 rocket=10 mg=0 cg=0 hb=0 ssg=0
ACC w0 fires=5 hits=1
ACC w4 fires=2 hits=0
ACC w6 fires=141 hits=22
ACC w8 fires=317 hits=36
ACC w0 fires=5 hits=1
ACC w4 fires=2 hits=0
ACC w6 fires=141 hits=22
ACC w8 fires=317 hits=36
ACC w0 fires=5 hits=1
ACC w4 fires=2 hits=0
ACC w6 fires=141 hits=22
ACC w8 fires=317 hits=36
