=== WAVE 361 (free layout) ===
---- s01-2v2 lmctf03 fill=2 600s ----
STEALS=1  CAPS=0  RETURNS=0
KILLS=4
HOOK: fires=146 lands=56 fails=32
SHELVES=275  DEADDOORS=3  CYCLES=7
acts: swim=0 lift=0 tele=0 rj=4
roles: escort_samples=538 recover_samples=536
attacker floors: {}
defenders: 0 distinct 100u-cells, moving=0 still=0
chat lines: 54 | sample: (Arach[SG]): damage rune at our base
kills by weapon: blaster=0 rail=3 rocket=1 mg=0 cg=0 hb=0 ssg=0
ACC w6 fires=8 hits=1
ACC w8 fires=48 hits=6
ACC w6 fires=8 hits=1
ACC w8 fires=48 hits=6
ACC w6 fires=8 hits=1
ACC w8 fires=48 hits=6
ACC w6 fires=8 hits=1
ACC w8 fires=48 hits=6
ACC w6 fires=8 hits=1
ACC w8 fires=48 hits=6
ACC w6 fires=8 hits=1
ACC w8 fires=48 hits=6
---- s02-5v0 smap05 fill=5:0 600s ----
STEALS=4  CAPS=3  RETURNS=0
KILLS=0
HOOK: fires=269 lands=101 fails=88
SHELVES=44  DEADDOORS=0  CYCLES=3
acts: swim=61 lift=0 tele=0 rj=0
roles: escort_samples=487 recover_samples=0
attacker floors: {}
defenders: 0 distinct 100u-cells, moving=0 still=0
chat lines: 41 | sample: (Arach[SG]): haste rune at the rg
kills by weapon: blaster=0 rail=0 rocket=0 mg=0 cg=0 hb=0 ssg=0
---- s03-5v5 mactf06 fill=5 900s ----
STEALS=10  CAPS=2  RETURNS=7
KILLS=228
HOOK: fires=1237 lands=639 fails=368
SHELVES=28  DEADDOORS=0  CYCLES=3
acts: swim=8 lift=7 tele=2 rj=12
roles: escort_samples=486 recover_samples=936
attacker floors: {}
defenders: 0 distinct 100u-cells, moving=0 still=0
chat lines: 403 | sample: (Arach[SG]): haste rune at our base
kills by weapon: blaster=0 rail=166 rocket=39 mg=0 cg=0 hb=1 ssg=1
ACC w0 fires=72 hits=7
ACC w1 fires=21 hits=25
ACC w2 fires=12 hits=7
ACC w6 fires=674 hits=98
ACC w7 fires=10 hits=2
ACC w8 fires=1847 hits=212
ACC w0 fires=72 hits=7
ACC w1 fires=21 hits=25
ACC w2 fires=12 hits=7
ACC w6 fires=678 hits=99
ACC w7 fires=10 hits=2
ACC w8 fires=1858 hits=212
---- s04-5v5 mactf06 fill=5 900s ----
STEALS=3  CAPS=0  RETURNS=3
KILLS=241
HOOK: fires=1047 lands=549 fails=350
SHELVES=32  DEADDOORS=0  CYCLES=0
acts: swim=13 lift=4 tele=5 rj=13
roles: escort_samples=68 recover_samples=128
attacker floors: {}
defenders: 0 distinct 100u-cells, moving=0 still=0
chat lines: 342 | sample: (Arach[SG]): rune by the Slugs
kills by weapon: blaster=0 rail=171 rocket=44 mg=0 cg=0 hb=0 ssg=3
ACC w6 fires=786 hits=112
ACC w8 fires=1892 hits=201
ACC w0 fires=44 hits=11
ACC w1 fires=17 hits=20
ACC w2 fires=16 hits=18
ACC w6 fires=786 hits=112
ACC w8 fires=1892 hits=201
ACC w0 fires=44 hits=11
ACC w1 fires=17 hits=20
ACC w2 fires=16 hits=18
ACC w6 fires=790 hits=113
ACC w8 fires=1893 hits=202
---- s05-5v5 lmctf22 fill=5 900s ----
STEALS=13  CAPS=2  RETURNS=9
KILLS=135
HOOK: fires=1360 lands=667 fails=273
SHELVES=73  DEADDOORS=0  CYCLES=1
acts: swim=12 lift=6 tele=12 rj=17
roles: escort_samples=415 recover_samples=930
attacker floors: {}
defenders: 0 distinct 100u-cells, moving=0 still=0
chat lines: 269 | sample: (Arach[SG]): haste rune at the hb
kills by weapon: blaster=0 rail=92 rocket=30 mg=0 cg=0 hb=1 ssg=0
ACC w0 fires=5 hits=2
ACC w3 fires=12 hits=2
ACC w4 fires=2 hits=0
ACC w6 fires=321 hits=58
ACC w7 fires=10 hits=3
ACC w8 fires=763 hits=103
ACC w0 fires=5 hits=2
ACC w3 fires=12 hits=2
ACC w4 fires=2 hits=0
ACC w6 fires=325 hits=58
ACC w7 fires=10 hits=3
ACC w8 fires=768 hits=103
---- s06-5v3 lmctf44 fill=5:3 900s ----
STEALS=6  CAPS=0  RETURNS=6
KILLS=66
HOOK: fires=843 lands=406 fails=223
SHELVES=52  DEADDOORS=0  CYCLES=0
acts: swim=9 lift=49 tele=0 rj=24
roles: escort_samples=228 recover_samples=295
attacker floors: {}
defenders: 0 distinct 100u-cells, moving=0 still=0
chat lines: 131 | sample: Rune[SG]: shall we
kills by weapon: blaster=0 rail=44 rocket=11 mg=0 cg=0 hb=0 ssg=2
ACC w7 fires=40 hits=12
ACC w8 fires=478 hits=56
ACC w2 fires=32 hits=36
ACC w4 fires=26 hits=18
ACC w6 fires=164 hits=32
ACC w7 fires=40 hits=12
ACC w8 fires=478 hits=56
ACC w2 fires=32 hits=36
ACC w4 fires=26 hits=18
ACC w6 fires=164 hits=32
ACC w7 fires=40 hits=12
ACC w8 fires=478 hits=56
---- s07-5v3 lmctf44 fill=5:3 900s ----
STEALS=9  CAPS=0  RETURNS=8
KILLS=64
HOOK: fires=885 lands=407 fails=200
SHELVES=61  DEADDOORS=0  CYCLES=2
acts: swim=3 lift=36 tele=28 rj=19
roles: escort_samples=380 recover_samples=424
attacker floors: {}
defenders: 0 distinct 100u-cells, moving=0 still=0
chat lines: 157 | sample: Rune[SG]: here we go again
kills by weapon: blaster=0 rail=45 rocket=12 mg=0 cg=0 hb=0 ssg=0
ACC w7 fires=21 hits=1
ACC w8 fires=503 hits=57
ACC w0 fires=9 hits=0
ACC w4 fires=5 hits=7
ACC w6 fires=139 hits=26
ACC w7 fires=21 hits=1
ACC w8 fires=503 hits=57
ACC w0 fires=9 hits=0
ACC w4 fires=5 hits=7
ACC w6 fires=139 hits=26
ACC w7 fires=21 hits=1
ACC w8 fires=503 hits=57
---- s08-7v7 lmctf09 fill=7 600s ----
STEALS=3  CAPS=0  RETURNS=3
KILLS=146
HOOK: fires=1284 lands=602 fails=388
SHELVES=121  DEADDOORS=0  CYCLES=0
acts: swim=4 lift=7 tele=4 rj=2
roles: escort_samples=45 recover_samples=360
attacker floors: {}
defenders: 0 distinct 100u-cells, moving=0 still=0
chat lines: 145 | sample: (Caco[SG]): damage rune at our base
kills by weapon: blaster=1 rail=113 rocket=15 mg=0 cg=0 hb=0 ssg=0
ACC w6 fires=456 hits=54
ACC w8 fires=1345 hits=124
ACC w0 fires=28 hits=6
ACC w3 fires=5 hits=5
ACC w4 fires=5 hits=1
ACC w6 fires=462 hits=54
ACC w8 fires=1373 hits=126
ACC w0 fires=28 hits=6
ACC w3 fires=5 hits=5
ACC w4 fires=5 hits=1
ACC w6 fires=462 hits=54
ACC w8 fires=1397 hits=128
---- s09-ctrl lmctf01 fill=5 900s ----
STEALS=2  CAPS=0  RETURNS=2
KILLS=103
HOOK: fires=961 lands=420 fails=236
SHELVES=377  DEADDOORS=0  CYCLES=0
acts: swim=174 lift=6 tele=1 rj=8
roles: escort_samples=66 recover_samples=41
attacker floors: {}
defenders: 0 distinct 100u-cells, moving=0 still=0
chat lines: 113 | sample: (Arach[SG]): regen rune at our base
kills by weapon: blaster=0 rail=59 rocket=34 mg=0 cg=0 hb=0 ssg=0
ACC w0 fires=49 hits=4
ACC w6 fires=383 hits=64
ACC w8 fires=528 hits=61
ACC w0 fires=49 hits=4
ACC w6 fires=383 hits=64
ACC w8 fires=528 hits=61
ACC w0 fires=49 hits=4
ACC w6 fires=383 hits=64
ACC w8 fires=529 hits=62
ACC w0 fires=49 hits=4
ACC w6 fires=383 hits=64
ACC w8 fires=529 hits=62
---- s10-5v1 smap05 fill=5:1 600s ----
STEALS=6  CAPS=2  RETURNS=1
KILLS=31
HOOK: fires=372 lands=160 fails=96
SHELVES=53  DEADDOORS=0  CYCLES=4
acts: swim=16 lift=41 tele=0 rj=5
roles: escort_samples=537 recover_samples=352
attacker floors: {}
defenders: 0 distinct 100u-cells, moving=0 still=0
chat lines: 92 | sample: (Arach[SG]): haste rune at the rg
kills by weapon: blaster=0 rail=25 rocket=6 mg=0 cg=0 hb=0 ssg=0
ACC w0 fires=4 hits=0
ACC w6 fires=91 hits=9
ACC w8 fires=237 hits=29
ACC w0 fires=4 hits=0
ACC w6 fires=96 hits=11
ACC w8 fires=237 hits=29
ACC w0 fires=4 hits=0
ACC w6 fires=96 hits=11
ACC w8 fires=237 hits=29
ACC w0 fires=4 hits=0
ACC w6 fires=96 hits=11
ACC w8 fires=237 hits=29
