=== WAVE 374 (free layout) ===
---- s01-2v2 lmctf03 fill=2 600s ----
STEALS=2  CAPS=2  RETURNS=0
KILLS=9
HOOK: fires=154 lands=37 fails=14
SHELVES=59  DEADDOORS=3  CYCLES=2
acts: swim=0 lift=0 tele=32 rj=0
roles: escort_samples=127 recover_samples=128
attacker floors: {}
defenders: 0 distinct 100u-cells, moving=0 still=0
chat lines: 61 | sample: (Rune[SG]): rune by the Armor Shard
kills by weapon: blaster=0 rail=5 rocket=4 mg=0 cg=0 hb=0 ssg=0
ACC w3 fires=5 hits=2
ACC w6 fires=65 hits=5
ACC w8 fires=72 hits=5
ACC w3 fires=5 hits=2
ACC w6 fires=65 hits=5
ACC w8 fires=72 hits=5
ACC w3 fires=5 hits=2
ACC w6 fires=65 hits=5
ACC w8 fires=72 hits=5
ACC w3 fires=5 hits=2
ACC w6 fires=65 hits=5
ACC w8 fires=72 hits=5
---- s02-5v0 smap05 fill=5:0 600s ----
STEALS=4  CAPS=3  RETURNS=0
KILLS=0
HOOK: fires=333 lands=109 fails=75
SHELVES=26  DEADDOORS=0  CYCLES=11
acts: swim=25 lift=0 tele=0 rj=0
roles: escort_samples=559 recover_samples=0
attacker floors: {}
defenders: 0 distinct 100u-cells, moving=0 still=0
chat lines: 34 | sample: (Arach[SG]): haste rune at the rg
kills by weapon: blaster=0 rail=0 rocket=0 mg=0 cg=0 hb=0 ssg=0
---- s03-5v5 mactf06 fill=5 900s ----
STEALS=3  CAPS=1  RETURNS=0
KILLS=226
HOOK: fires=1086 lands=569 fails=358
SHELVES=26  DEADDOORS=0  CYCLES=0
acts: swim=10 lift=19 tele=10 rj=11
roles: escort_samples=137 recover_samples=432
attacker floors: {}
defenders: 0 distinct 100u-cells, moving=0 still=0
chat lines: 323 | sample: (Arach[SG]): haste rune at our base
kills by weapon: blaster=2 rail=164 rocket=48 mg=0 cg=0 hb=0 ssg=1
ACC w2 fires=11 hits=34
ACC w3 fires=9 hits=4
ACC w6 fires=814 hits=94
ACC w7 fires=9 hits=0
ACC w8 fires=1860 hits=195
ACC w0 fires=84 hits=11
ACC w1 fires=6 hits=0
ACC w2 fires=11 hits=34
ACC w3 fires=9 hits=4
ACC w6 fires=816 hits=94
ACC w7 fires=9 hits=0
ACC w8 fires=1861 hits=196
---- s04-5v5 mactf06 fill=5 900s ----
STEALS=4  CAPS=0  RETURNS=4
KILLS=247
HOOK: fires=1090 lands=594 fails=356
SHELVES=18  DEADDOORS=0  CYCLES=0
acts: swim=13 lift=9 tele=2 rj=8
roles: escort_samples=131 recover_samples=269
attacker floors: {}
defenders: 0 distinct 100u-cells, moving=0 still=0
chat lines: 377 | sample: (Arach[SG]): haste rune at the hb
kills by weapon: blaster=0 rail=186 rocket=39 mg=0 cg=0 hb=0 ssg=4
ACC w0 fires=59 hits=6
ACC w1 fires=54 hits=86
ACC w2 fires=14 hits=10
ACC w6 fires=778 hits=102
ACC w7 fires=4 hits=0
ACC w8 fires=2212 hits=223
ACC w0 fires=59 hits=6
ACC w1 fires=54 hits=86
ACC w2 fires=14 hits=10
ACC w6 fires=784 hits=102
ACC w7 fires=4 hits=0
ACC w8 fires=2232 hits=224
---- s05-5v5 lmctf22 fill=5 900s ----
STEALS=11  CAPS=5  RETURNS=4
KILLS=140
HOOK: fires=1545 lands=728 fails=254
SHELVES=75  DEADDOORS=0  CYCLES=1
acts: swim=16 lift=5 tele=5 rj=4
roles: escort_samples=499 recover_samples=1088
attacker floors: {}
defenders: 0 distinct 100u-cells, moving=0 still=0
chat lines: 268 | sample: (Caco[SG]): resist rune at our base
kills by weapon: blaster=0 rail=102 rocket=22 mg=0 cg=2 hb=0 ssg=2
ACC w3 fires=11 hits=2
ACC w4 fires=17 hits=24
ACC w5 fires=2 hits=0
ACC w6 fires=335 hits=51
ACC w8 fires=1021 hits=129
ACC w0 fires=16 hits=1
ACC w2 fires=9 hits=20
ACC w3 fires=11 hits=2
ACC w4 fires=17 hits=24
ACC w5 fires=2 hits=0
ACC w6 fires=335 hits=51
ACC w8 fires=1021 hits=129
---- s06-5v3 lmctf44 fill=5:3 900s ----
STEALS=7  CAPS=3  RETURNS=4
KILLS=75
HOOK: fires=979 lands=425 fails=210
SHELVES=46  DEADDOORS=0  CYCLES=0
acts: swim=14 lift=22 tele=30 rj=23
roles: escort_samples=297 recover_samples=505
attacker floors: {}
defenders: 0 distinct 100u-cells, moving=0 still=0
chat lines: 144 | sample: Rune[SG]: here we go again
kills by weapon: blaster=0 rail=45 rocket=20 mg=0 cg=1 hb=1 ssg=3
ACC w0 fires=1 hits=0
ACC w2 fires=55 hits=74
ACC w4 fires=7 hits=4
ACC w6 fires=278 hits=46
ACC w7 fires=13 hits=4
ACC w8 fires=716 hits=62
ACC w0 fires=1 hits=0
ACC w2 fires=55 hits=74
ACC w4 fires=7 hits=4
ACC w6 fires=280 hits=46
ACC w7 fires=13 hits=4
ACC w8 fires=717 hits=63
---- s07-5v3 lmctf44 fill=5:3 900s ----
STEALS=9  CAPS=0  RETURNS=9
KILLS=81
HOOK: fires=870 lands=381 fails=201
SHELVES=37  DEADDOORS=0  CYCLES=2
acts: swim=5 lift=3 tele=42 rj=5
roles: escort_samples=267 recover_samples=360
attacker floors: {}
defenders: 0 distinct 100u-cells, moving=0 still=0
chat lines: 161 | sample: Rune[SG]: back for more
kills by weapon: blaster=0 rail=54 rocket=15 mg=0 cg=1 hb=2 ssg=1
ACC w7 fires=38 hits=6
ACC w8 fires=868 hits=74
ACC w2 fires=32 hits=46
ACC w4 fires=8 hits=4
ACC w6 fires=230 hits=42
ACC w7 fires=38 hits=6
ACC w8 fires=883 hits=75
ACC w2 fires=32 hits=46
ACC w4 fires=11 hits=4
ACC w6 fires=230 hits=42
ACC w7 fires=38 hits=6
ACC w8 fires=888 hits=76
---- s08-7v7 lmctf09 fill=7 600s ----
STEALS=4  CAPS=1  RETURNS=3
KILLS=162
HOOK: fires=1381 lands=613 fails=390
SHELVES=104  DEADDOORS=0  CYCLES=0
acts: swim=4 lift=4 tele=14 rj=16
roles: escort_samples=197 recover_samples=410
attacker floors: {}
defenders: 0 distinct 100u-cells, moving=0 still=0
chat lines: 182 | sample: (Caco[SG]): damage rune at our base
kills by weapon: blaster=0 rail=120 rocket=30 mg=0 cg=0 hb=0 ssg=0
ACC w3 fires=5 hits=2
ACC w4 fires=10 hits=6
ACC w6 fires=430 hits=67
ACC w7 fires=21 hits=2
ACC w8 fires=1252 hits=135
ACC w0 fires=53 hits=4
ACC w2 fires=11 hits=15
ACC w3 fires=5 hits=2
ACC w4 fires=10 hits=6
ACC w6 fires=434 hits=68
ACC w7 fires=21 hits=2
ACC w8 fires=1287 hits=138
---- s09-ctrl lmctf01 fill=5 900s ----
STEALS=3  CAPS=0  RETURNS=2
KILLS=94
HOOK: fires=991 lands=485 fails=279
SHELVES=321  DEADDOORS=0  CYCLES=0
acts: swim=213 lift=37 tele=15 rj=2
roles: escort_samples=148 recover_samples=154
attacker floors: {}
defenders: 0 distinct 100u-cells, moving=0 still=0
chat lines: 102 | sample: (Arach[SG]): regen rune at our base
kills by weapon: blaster=0 rail=61 rocket=25 mg=0 cg=0 hb=0 ssg=0
ACC w0 fires=42 hits=4
ACC w6 fires=358 hits=54
ACC w8 fires=615 hits=66
ACC w0 fires=42 hits=4
ACC w6 fires=358 hits=54
ACC w8 fires=625 hits=67
ACC w0 fires=42 hits=4
ACC w6 fires=358 hits=54
ACC w8 fires=625 hits=67
ACC w0 fires=42 hits=4
ACC w6 fires=358 hits=54
ACC w8 fires=625 hits=67
---- s10-5v1 smap05 fill=5:1 600s ----
STEALS=6  CAPS=1  RETURNS=0
KILLS=37
HOOK: fires=393 lands=148 fails=112
SHELVES=43  DEADDOORS=0  CYCLES=6
acts: swim=164 lift=0 tele=15 rj=1
roles: escort_samples=415 recover_samples=260
attacker floors: {}
defenders: 0 distinct 100u-cells, moving=0 still=0
chat lines: 105 | sample: (Arach[SG]): haste rune at the rg
kills by weapon: blaster=0 rail=26 rocket=7 mg=0 cg=0 hb=0 ssg=0
ACC w0 fires=1 hits=0
ACC w3 fires=4 hits=4
ACC w6 fires=118 hits=19
ACC w8 fires=189 hits=28
ACC w0 fires=1 hits=0
ACC w3 fires=4 hits=4
ACC w6 fires=123 hits=19
ACC w8 fires=191 hits=29
ACC w0 fires=1 hits=0
ACC w3 fires=4 hits=4
ACC w6 fires=123 hits=19
ACC w8 fires=191 hits=29
