=== WAVE 315 (free layout) ===
---- s01-2v2 lmctf03 fill=2 600s ----
STEALS=1  CAPS=0  RETURNS=0
KILLS=7
HOOK: fires=176 lands=70 fails=41
SHELVES=52  DEADDOORS=5  CYCLES=0
acts: swim=0 lift=0 tele=20 rj=2
roles: escort_samples=314 recover_samples=315
attacker floors: {}
defenders: 0 distinct 100u-cells, moving=0 still=0
chat lines: 77 | sample: (Rune[SG]): haste rune at our base
kills by weapon: blaster=0 rail=4 rocket=2 mg=0 cg=0 hb=0 ssg=1
ACC w2 fires=9 hits=6
ACC w6 fires=26 hits=4
ACC w8 fires=43 hits=5
ACC w2 fires=9 hits=6
ACC w6 fires=26 hits=4
ACC w8 fires=43 hits=5
ACC w2 fires=9 hits=6
ACC w6 fires=26 hits=4
ACC w8 fires=43 hits=5
ACC w2 fires=9 hits=6
ACC w6 fires=26 hits=4
ACC w8 fires=43 hits=5
---- s02-2v2 lmctf03 fill=2 600s ----
STEALS=1  CAPS=0  RETURNS=0
KILLS=6
HOOK: fires=172 lands=59 fails=25
SHELVES=49  DEADDOORS=1  CYCLES=0
acts: swim=0 lift=51 tele=0 rj=39
roles: escort_samples=309 recover_samples=308
attacker floors: {}
defenders: 0 distinct 100u-cells, moving=0 still=0
chat lines: 51 | sample: (Arach[SG]): damage rune at our base
kills by weapon: blaster=0 rail=3 rocket=2 mg=0 cg=0 hb=0 ssg=0
ACC w6 fires=27 hits=7
ACC w8 fires=84 hits=6
ACC w6 fires=27 hits=7
ACC w8 fires=84 hits=6
ACC w6 fires=27 hits=7
ACC w8 fires=84 hits=6
ACC w6 fires=27 hits=7
ACC w8 fires=84 hits=6
ACC w6 fires=27 hits=7
ACC w8 fires=84 hits=6
ACC w6 fires=27 hits=7
ACC w8 fires=84 hits=6
---- s03-5v5 lmctf22 fill=5 900s ----
STEALS=2  CAPS=0  RETURNS=1
KILLS=110
HOOK: fires=1071 lands=446 fails=182
SHELVES=98  DEADDOORS=0  CYCLES=0
acts: swim=4 lift=14 tele=12 rj=19
roles: escort_samples=228 recover_samples=350
attacker floors: {}
defenders: 0 distinct 100u-cells, moving=0 still=0
chat lines: 186 | sample: Rune[SG]: shall we
kills by weapon: blaster=0 rail=68 rocket=28 mg=0 cg=0 hb=0 ssg=0
ACC w0 fires=14 hits=1
ACC w6 fires=364 hits=65
ACC w7 fires=16 hits=2
ACC w8 fires=776 hits=75
ACC w0 fires=14 hits=1
ACC w6 fires=364 hits=65
ACC w7 fires=16 hits=2
ACC w8 fires=792 hits=77
ACC w0 fires=14 hits=1
ACC w6 fires=364 hits=65
ACC w7 fires=16 hits=2
ACC w8 fires=800 hits=79
---- s04-5v5 lmctf22 fill=5 900s ----
STEALS=9  CAPS=0  RETURNS=6
KILLS=123
HOOK: fires=1200 lands=534 fails=191
SHELVES=98  DEADDOORS=0  CYCLES=0
acts: swim=21 lift=10 tele=8 rj=20
roles: escort_samples=261 recover_samples=764
attacker floors: {}
defenders: 0 distinct 100u-cells, moving=0 still=0
chat lines: 239 | sample: (Rune[SG]): resist rune at our base
kills by weapon: blaster=0 rail=77 rocket=29 mg=0 cg=0 hb=0 ssg=0
ACC w0 fires=24 hits=3
ACC w2 fires=1 hits=0
ACC w6 fires=310 hits=58
ACC w8 fires=933 hits=99
ACC w0 fires=24 hits=3
ACC w2 fires=1 hits=0
ACC w6 fires=315 hits=59
ACC w8 fires=933 hits=99
ACC w0 fires=24 hits=3
ACC w2 fires=1 hits=0
ACC w6 fires=315 hits=59
ACC w8 fires=933 hits=99
---- s05-5v5 mactf06 fill=5 900s ----
STEALS=0  CAPS=0  RETURNS=0
KILLS=21
HOOK: fires=984 lands=426 fails=311
SHELVES=63  DEADDOORS=0  CYCLES=0
acts: swim=0 lift=54 tele=2 rj=0
roles: escort_samples=0 recover_samples=0
attacker floors: {}
defenders: 0 distinct 100u-cells, moving=0 still=0
chat lines: 146 | sample: (Arach[SG]): haste rune at our base
kills by weapon: blaster=0 rail=17 rocket=3 mg=0 cg=0 hb=0 ssg=0
ACC w6 fires=51 hits=4
ACC w8 fires=276 hits=20
ACC w6 fires=51 hits=4
ACC w8 fires=276 hits=20
ACC w6 fires=51 hits=4
ACC w8 fires=305 hits=21
ACC w6 fires=51 hits=4
ACC w8 fires=305 hits=21
ACC w6 fires=51 hits=4
ACC w8 fires=305 hits=21
ACC w6 fires=51 hits=4
ACC w8 fires=305 hits=21
---- s06-5v3 lmctf44 fill=5:3 900s ----
STEALS=5  CAPS=0  RETURNS=5
KILLS=75
HOOK: fires=1107 lands=419 fails=217
SHELVES=39  DEADDOORS=0  CYCLES=0
acts: swim=23 lift=15 tele=25 rj=14
roles: escort_samples=353 recover_samples=784
attacker floors: {}
defenders: 0 distinct 100u-cells, moving=0 still=0
chat lines: 149 | sample: Rune[SG]: shall we
kills by weapon: blaster=1 rail=47 rocket=19 mg=0 cg=1 hb=0 ssg=2
ACC w3 fires=13 hits=5
ACC w4 fires=17 hits=16
ACC w6 fires=247 hits=44
ACC w7 fires=24 hits=1
ACC w8 fires=810 hits=72
ACC w0 fires=66 hits=9
ACC w2 fires=12 hits=18
ACC w3 fires=13 hits=5
ACC w4 fires=17 hits=16
ACC w6 fires=247 hits=44
ACC w7 fires=24 hits=1
ACC w8 fires=810 hits=72
---- s07-5v3 lmctf44 fill=5:3 900s ----
STEALS=2  CAPS=0  RETURNS=2
KILLS=52
HOOK: fires=927 lands=359 fails=215
SHELVES=61  DEADDOORS=0  CYCLES=0
acts: swim=30 lift=13 tele=13 rj=21
roles: escort_samples=355 recover_samples=591
attacker floors: {}
defenders: 0 distinct 100u-cells, moving=0 still=0
chat lines: 132 | sample: Rune[SG]: evening
kills by weapon: blaster=0 rail=36 rocket=8 mg=0 cg=1 hb=2 ssg=0
ACC w0 fires=24 hits=0
ACC w2 fires=3 hits=0
ACC w4 fires=11 hits=9
ACC w6 fires=167 hits=25
ACC w7 fires=50 hits=20
ACC w8 fires=494 hits=58
ACC w0 fires=24 hits=0
ACC w2 fires=3 hits=0
ACC w4 fires=11 hits=9
ACC w6 fires=167 hits=25
ACC w7 fires=50 hits=20
ACC w8 fires=494 hits=58
---- s08-7v7 lmctf09 fill=7 600s ----
STEALS=1  CAPS=0  RETURNS=1
KILLS=159
HOOK: fires=1358 lands=513 fails=361
SHELVES=127  DEADDOORS=0  CYCLES=0
acts: swim=6 lift=10 tele=4 rj=14
roles: escort_samples=8 recover_samples=19
attacker floors: {}
defenders: 0 distinct 100u-cells, moving=0 still=0
chat lines: 172 | sample: Rune[SG]: hello all
kills by weapon: blaster=1 rail=116 rocket=26 mg=0 cg=0 hb=0 ssg=1
ACC w0 fires=60 hits=7
ACC w2 fires=7 hits=6
ACC w6 fires=341 hits=63
ACC w8 fires=1241 hits=140
ACC w0 fires=60 hits=7
ACC w2 fires=7 hits=6
ACC w6 fires=348 hits=63
ACC w8 fires=1249 hits=142
ACC w0 fires=60 hits=7
ACC w2 fires=7 hits=6
ACC w6 fires=353 hits=63
ACC w8 fires=1281 hits=145
---- s09-ctrl lmctf01 fill=5 900s ----
STEALS=0  CAPS=0  RETURNS=0
KILLS=78
HOOK: fires=906 lands=338 fails=200
SHELVES=199  DEADDOORS=0  CYCLES=0
acts: swim=391 lift=0 tele=4 rj=0
roles: escort_samples=0 recover_samples=0
attacker floors: {}
defenders: 0 distinct 100u-cells, moving=0 still=0
chat lines: 112 | sample: (Arach[SG]): regen rune at our base
kills by weapon: blaster=0 rail=52 rocket=18 mg=0 cg=0 hb=0 ssg=0
ACC w0 fires=9 hits=2
ACC w2 fires=9 hits=3
ACC w6 fires=271 hits=36
ACC w8 fires=462 hits=55
ACC w0 fires=9 hits=2
ACC w2 fires=9 hits=3
ACC w6 fires=281 hits=37
ACC w8 fires=462 hits=55
ACC w0 fires=9 hits=2
ACC w2 fires=9 hits=3
ACC w6 fires=281 hits=37
ACC w8 fires=467 hits=56
---- s10-5v1 smap05 fill=5:1 600s ----
STEALS=3  CAPS=0  RETURNS=1
KILLS=40
HOOK: fires=452 lands=156 fails=118
SHELVES=76  DEADDOORS=0  CYCLES=0
acts: swim=73 lift=38 tele=0 rj=1
roles: escort_samples=546 recover_samples=423
attacker floors: {}
defenders: 0 distinct 100u-cells, moving=0 still=0
chat lines: 76 | sample: (Arach[SG]): haste rune at the rg
kills by weapon: blaster=0 rail=34 rocket=5 mg=0 cg=0 hb=0 ssg=0
ACC w0 fires=9 hits=1
ACC w6 fires=98 hits=8
ACC w8 fires=278 hits=36
ACC w0 fires=9 hits=1
ACC w6 fires=104 hits=8
ACC w8 fires=302 hits=37
ACC w0 fires=9 hits=1
ACC w6 fires=105 hits=8
ACC w8 fires=324 hits=38
ACC w0 fires=9 hits=1
ACC w6 fires=105 hits=8
ACC w8 fires=325 hits=39
