=== WAVE 320 (free layout) ===
---- s01-2v2 lmctf03 fill=2 600s ----
STEALS=4  CAPS=0  RETURNS=3
KILLS=18
HOOK: fires=179 lands=71 fails=40
SHELVES=97  DEADDOORS=5  CYCLES=5
acts: swim=13 lift=0 tele=0 rj=18
roles: escort_samples=131 recover_samples=166
attacker floors: {}
defenders: 0 distinct 100u-cells, moving=0 still=0
chat lines: 83 | sample: (Caco[SG]): damage rune at yellow armor
kills by weapon: blaster=0 rail=9 rocket=6 mg=1 cg=0 hb=0 ssg=0
ACC w1 fires=19 hits=16
ACC w3 fires=19 hits=12
ACC w6 fires=83 hits=13
ACC w8 fires=104 hits=11
ACC w1 fires=19 hits=16
ACC w3 fires=19 hits=12
ACC w6 fires=83 hits=13
ACC w8 fires=104 hits=11
ACC w1 fires=19 hits=16
ACC w3 fires=19 hits=12
ACC w6 fires=83 hits=13
ACC w8 fires=104 hits=11
---- s02-2v2 lmctf03 fill=2 600s ----
STEALS=3  CAPS=0  RETURNS=2
KILLS=15
HOOK: fires=279 lands=135 fails=47
SHELVES=92  DEADDOORS=1  CYCLES=10
acts: swim=5 lift=1 tele=0 rj=0
roles: escort_samples=273 recover_samples=275
attacker floors: {}
defenders: 0 distinct 100u-cells, moving=0 still=0
chat lines: 98 | sample: (Rune[SG]): rune by the Bullets
kills by weapon: blaster=0 rail=11 rocket=3 mg=0 cg=0 hb=0 ssg=0
ACC w6 fires=20 hits=5
ACC w8 fires=104 hits=11
ACC w6 fires=20 hits=5
ACC w8 fires=104 hits=11
ACC w6 fires=20 hits=5
ACC w8 fires=104 hits=11
ACC w6 fires=20 hits=5
ACC w8 fires=104 hits=11
ACC w6 fires=26 hits=5
ACC w8 fires=108 hits=11
ACC w6 fires=31 hits=5
ACC w8 fires=117 hits=13
---- s03-5v5 lmctf22 fill=5 900s ----
STEALS=18  CAPS=5  RETURNS=9
KILLS=211
HOOK: fires=1218 lands=587 fails=243
SHELVES=48  DEADDOORS=0  CYCLES=10
acts: swim=6 lift=16 tele=7 rj=1
roles: escort_samples=794 recover_samples=1771
attacker floors: {}
defenders: 0 distinct 100u-cells, moving=0 still=0
chat lines: 349 | sample: (Arach[SG]): damage rune at the hb
kills by weapon: blaster=0 rail=147 rocket=50 mg=0 cg=0 hb=0 ssg=1
ACC w0 fires=46 hits=3
ACC w2 fires=21 hits=29
ACC w3 fires=3 hits=1
ACC w4 fires=15 hits=5
ACC w6 fires=516 hits=97
ACC w8 fires=1435 hits=167
ACC w0 fires=46 hits=3
ACC w2 fires=21 hits=29
ACC w3 fires=3 hits=1
ACC w4 fires=15 hits=5
ACC w6 fires=519 hits=97
ACC w8 fires=1461 hits=167
---- s04-5v5 lmctf22 fill=5 900s ----
STEALS=22  CAPS=2  RETURNS=18
KILLS=183
HOOK: fires=1178 lands=572 fails=233
SHELVES=59  DEADDOORS=0  CYCLES=3
acts: swim=3 lift=3 tele=9 rj=9
roles: escort_samples=538 recover_samples=1123
attacker floors: {}
defenders: 0 distinct 100u-cells, moving=0 still=0
chat lines: 334 | sample: (Gate[SG]): damage rune at our base
kills by weapon: blaster=0 rail=122 rocket=37 mg=0 cg=0 hb=0 ssg=0
ACC w7 fires=10 hits=2
ACC w8 fires=1345 hits=141
ACC w0 fires=12 hits=2
ACC w3 fires=6 hits=3
ACC w6 fires=446 hits=85
ACC w7 fires=10 hits=2
ACC w8 fires=1367 hits=142
ACC w0 fires=12 hits=2
ACC w3 fires=6 hits=3
ACC w6 fires=446 hits=85
ACC w7 fires=14 hits=2
ACC w8 fires=1380 hits=144
---- s05-5v5 mactf06 fill=5 900s ----
STEALS=5  CAPS=0  RETURNS=4
KILLS=169
HOOK: fires=927 lands=534 fails=407
SHELVES=12  DEADDOORS=0  CYCLES=0
acts: swim=15 lift=19 tele=3 rj=14
roles: escort_samples=125 recover_samples=434
attacker floors: {}
defenders: 0 distinct 100u-cells, moving=0 still=0
chat lines: 328 | sample: (Arach[SG]): haste rune at our base
kills by weapon: blaster=0 rail=120 rocket=29 mg=0 cg=0 hb=0 ssg=0
ACC w0 fires=133 hits=9
ACC w6 fires=521 hits=69
ACC w8 fires=1460 hits=137
ACC w0 fires=133 hits=9
ACC w6 fires=535 hits=72
ACC w8 fires=1469 hits=138
ACC w0 fires=134 hits=9
ACC w6 fires=549 hits=73
ACC w8 fires=1501 hits=141
ACC w0 fires=134 hits=9
ACC w6 fires=551 hits=74
ACC w8 fires=1501 hits=141
---- s06-5v3 lmctf44 fill=5:3 900s ----
STEALS=11  CAPS=3  RETURNS=6
KILLS=93
HOOK: fires=1031 lands=458 fails=235
SHELVES=43  DEADDOORS=0  CYCLES=2
acts: swim=4 lift=17 tele=2 rj=8
roles: escort_samples=481 recover_samples=606
attacker floors: {}
defenders: 0 distinct 100u-cells, moving=0 still=0
chat lines: 202 | sample: Rune[SG]: evening
kills by weapon: blaster=0 rail=62 rocket=23 mg=0 cg=0 hb=0 ssg=0
ACC w7 fires=6 hits=3
ACC w8 fires=844 hits=95
ACC w0 fires=14 hits=2
ACC w2 fires=16 hits=3
ACC w6 fires=261 hits=47
ACC w7 fires=6 hits=3
ACC w8 fires=845 hits=95
ACC w0 fires=14 hits=2
ACC w2 fires=16 hits=3
ACC w6 fires=264 hits=48
ACC w7 fires=6 hits=3
ACC w8 fires=845 hits=95
---- s07-5v3 lmctf44 fill=5:3 900s ----
STEALS=8  CAPS=0  RETURNS=8
KILLS=92
HOOK: fires=877 lands=417 fails=247
SHELVES=24  DEADDOORS=0  CYCLES=0
acts: swim=14 lift=17 tele=13 rj=4
roles: escort_samples=67 recover_samples=232
attacker floors: {}
defenders: 0 distinct 100u-cells, moving=0 still=0
chat lines: 176 | sample: Rune[SG]: hello all
kills by weapon: blaster=0 rail=60 rocket=19 mg=0 cg=0 hb=0 ssg=1
ACC w7 fires=23 hits=3
ACC w8 fires=761 hits=80
ACC w0 fires=12 hits=7
ACC w2 fires=14 hits=30
ACC w6 fires=238 hits=48
ACC w7 fires=23 hits=3
ACC w8 fires=761 hits=80
ACC w0 fires=12 hits=7
ACC w2 fires=14 hits=30
ACC w6 fires=238 hits=48
ACC w7 fires=23 hits=3
ACC w8 fires=761 hits=80
---- s08-7v7 lmctf09 fill=7 600s ----
STEALS=7  CAPS=1  RETURNS=4
KILLS=159
HOOK: fires=1269 lands=561 fails=421
SHELVES=64  DEADDOORS=0  CYCLES=0
acts: swim=9 lift=6 tele=6 rj=6
roles: escort_samples=264 recover_samples=538
attacker floors: {}
defenders: 0 distinct 100u-cells, moving=0 still=0
chat lines: 188 | sample: (Slip[SG]): damage rune at our base
kills by weapon: blaster=0 rail=106 rocket=35 mg=0 cg=0 hb=0 ssg=1
ACC w0 fires=28 hits=2
ACC w2 fires=8 hits=8
ACC w6 fires=583 hits=83
ACC w8 fires=1415 hits=130
ACC w0 fires=28 hits=2
ACC w2 fires=8 hits=8
ACC w6 fires=599 hits=84
ACC w8 fires=1419 hits=130
ACC w0 fires=28 hits=2
ACC w2 fires=8 hits=8
ACC w6 fires=601 hits=84
ACC w8 fires=1425 hits=131
---- s09-ctrl lmctf01 fill=5 900s ----
STEALS=5  CAPS=1  RETURNS=3
KILLS=115
HOOK: fires=1113 lands=455 fails=258
SHELVES=354  DEADDOORS=0  CYCLES=9
acts: swim=247 lift=32 tele=2 rj=0
roles: escort_samples=514 recover_samples=1232
attacker floors: {}
defenders: 0 distinct 100u-cells, moving=0 still=0
chat lines: 136 | sample: (Arach[SG]): regen rune at our base
kills by weapon: blaster=0 rail=69 rocket=36 mg=0 cg=0 hb=0 ssg=1
ACC w0 fires=28 hits=2
ACC w2 fires=6 hits=19
ACC w6 fires=375 hits=62
ACC w8 fires=569 hits=74
ACC w0 fires=28 hits=2
ACC w2 fires=6 hits=19
ACC w6 fires=377 hits=62
ACC w8 fires=572 hits=74
ACC w0 fires=28 hits=2
ACC w2 fires=6 hits=19
ACC w6 fires=378 hits=62
ACC w8 fires=603 hits=74
---- s10-5v1 smap05 fill=5:0 600s ----
STEALS=4  CAPS=2  RETURNS=0
KILLS=0
HOOK: fires=213 lands=74 fails=64
SHELVES=33  DEADDOORS=0  CYCLES=3
acts: swim=66 lift=0 tele=0 rj=0
roles: escort_samples=406 recover_samples=0
attacker floors: {}
defenders: 0 distinct 100u-cells, moving=0 still=0
chat lines: 25 | sample: (Arach[SG]): haste rune at the rg
kills by weapon: blaster=0 rail=0 rocket=0 mg=0 cg=0 hb=0 ssg=0
./iterate2.sh: line 214: syntax error near unexpected token `('
./iterate2.sh: line 214: `echo "=== WAVE $NAME (free layout) ==="'
