=== WAVE 340 (free layout) ===
---- s01-2v2 lmctf03 fill=2 600s ----
STEALS=1  CAPS=0  RETURNS=0
KILLS=4
HOOK: fires=186 lands=66 fails=43
SHELVES=95  DEADDOORS=4  CYCLES=9
acts: swim=106 lift=0 tele=0 rj=34
roles: escort_samples=474 recover_samples=472
attacker floors: {}
defenders: 0 distinct 100u-cells, moving=0 still=0
chat lines: 69 | sample: (Arach[SG]): damage rune at our base
kills by weapon: blaster=0 rail=3 rocket=1 mg=0 cg=0 hb=0 ssg=0
ACC w6 fires=13 hits=3
ACC w8 fires=52 hits=3
ACC w6 fires=13 hits=3
ACC w8 fires=52 hits=3
ACC w6 fires=13 hits=3
ACC w8 fires=52 hits=3
ACC w6 fires=13 hits=3
ACC w8 fires=52 hits=3
ACC w6 fires=13 hits=3
ACC w8 fires=52 hits=3
ACC w6 fires=13 hits=3
ACC w8 fires=52 hits=3
---- s02-2v2 lmctf03 fill=2 600s ----
STEALS=0  CAPS=0  RETURNS=0
KILLS=6
HOOK: fires=145 lands=96 fails=60
SHELVES=27  DEADDOORS=2  CYCLES=0
acts: swim=5 lift=0 tele=0 rj=3
roles: escort_samples=0 recover_samples=0
attacker floors: {}
defenders: 0 distinct 100u-cells, moving=0 still=0
chat lines: 40 | sample: (Rune[SG]): haste rune at yellow armor
kills by weapon: blaster=0 rail=4 rocket=1 mg=0 cg=0 hb=0 ssg=0
ACC w1 fires=1 hits=0
ACC w6 fires=11 hits=2
ACC w8 fires=33 hits=6
ACC w1 fires=1 hits=0
ACC w6 fires=11 hits=2
ACC w8 fires=33 hits=6
ACC w1 fires=1 hits=0
ACC w6 fires=11 hits=2
ACC w8 fires=33 hits=6
ACC w1 fires=1 hits=0
ACC w6 fires=11 hits=2
ACC w8 fires=33 hits=6
---- s03-5v5 lmctf22 fill=5 900s ----
STEALS=14  CAPS=5  RETURNS=7
KILLS=157
HOOK: fires=1469 lands=682 fails=282
SHELVES=55  DEADDOORS=0  CYCLES=1
acts: swim=10 lift=11 tele=7 rj=8
roles: escort_samples=650 recover_samples=1458
attacker floors: {}
defenders: 0 distinct 100u-cells, moving=0 still=0
chat lines: 294 | sample: (Arach[SG]): resist rune at the hb
kills by weapon: blaster=0 rail=116 rocket=26 mg=0 cg=0 hb=1 ssg=1
ACC w0 fires=9 hits=0
ACC w2 fires=4 hits=17
ACC w3 fires=4 hits=0
ACC w6 fires=426 hits=56
ACC w7 fires=24 hits=20
ACC w8 fires=1152 hits=134
ACC w0 fires=9 hits=0
ACC w2 fires=4 hits=17
ACC w3 fires=4 hits=0
ACC w6 fires=432 hits=57
ACC w7 fires=24 hits=20
ACC w8 fires=1161 hits=134
---- s04-5v5 lmctf22 fill=5 900s ----
STEALS=10  CAPS=4  RETURNS=5
KILLS=158
HOOK: fires=1524 lands=719 fails=261
SHELVES=56  DEADDOORS=0  CYCLES=7
acts: swim=16 lift=11 tele=17 rj=7
roles: escort_samples=467 recover_samples=1075
attacker floors: {}
defenders: 0 distinct 100u-cells, moving=0 still=0
chat lines: 306 | sample: (Caco[SG]): regen rune at our base
kills by weapon: blaster=0 rail=107 rocket=32 mg=0 cg=2 hb=0 ssg=0
ACC w3 fires=4 hits=0
ACC w4 fires=10 hits=8
ACC w6 fires=351 hits=59
ACC w7 fires=5 hits=1
ACC w8 fires=900 hits=122
ACC w0 fires=8 hits=5
ACC w2 fires=21 hits=39
ACC w3 fires=4 hits=0
ACC w4 fires=16 hits=11
ACC w6 fires=351 hits=59
ACC w7 fires=5 hits=1
ACC w8 fires=915 hits=124
---- s05-5v5 mactf06 fill=5 900s ----
STEALS=5  CAPS=2  RETURNS=2
KILLS=240
HOOK: fires=1195 lands=666 fails=392
SHELVES=19  DEADDOORS=0  CYCLES=1
acts: swim=2 lift=6 tele=8 rj=6
roles: escort_samples=387 recover_samples=767
attacker floors: {}
defenders: 0 distinct 100u-cells, moving=0 still=0
chat lines: 369 | sample: (Arach[SG]): haste rune at our base
kills by weapon: blaster=1 rail=173 rocket=47 mg=0 cg=1 hb=2 ssg=1
ACC w2 fires=5 hits=0
ACC w4 fires=7 hits=17
ACC w6 fires=781 hits=105
ACC w7 fires=37 hits=12
ACC w8 fires=2035 hits=217
ACC w0 fires=89 hits=13
ACC w1 fires=49 hits=49
ACC w2 fires=5 hits=0
ACC w4 fires=7 hits=17
ACC w6 fires=781 hits=105
ACC w7 fires=37 hits=12
ACC w8 fires=2038 hits=219
---- s06-5v3 lmctf44 fill=5:3 900s ----
STEALS=5  CAPS=1  RETURNS=4
KILLS=61
HOOK: fires=803 lands=387 fails=236
SHELVES=53  DEADDOORS=0  CYCLES=1
acts: swim=16 lift=27 tele=19 rj=16
roles: escort_samples=204 recover_samples=482
attacker floors: {}
defenders: 0 distinct 100u-cells, moving=0 still=0
chat lines: 140 | sample: Rune[SG]: lovely
kills by weapon: blaster=0 rail=44 rocket=9 mg=0 cg=1 hb=0 ssg=1
ACC w0 fires=8 hits=2
ACC w2 fires=2 hits=11
ACC w4 fires=38 hits=30
ACC w6 fires=143 hits=29
ACC w7 fires=9 hits=2
ACC w8 fires=536 hits=55
ACC w0 fires=8 hits=2
ACC w2 fires=2 hits=11
ACC w4 fires=38 hits=30
ACC w6 fires=143 hits=29
ACC w7 fires=9 hits=2
ACC w8 fires=536 hits=55
---- s07-5v3 lmctf44 fill=5:3 900s ----
STEALS=7  CAPS=0  RETURNS=7
KILLS=65
HOOK: fires=814 lands=399 fails=210
SHELVES=55  DEADDOORS=0  CYCLES=0
acts: swim=10 lift=6 tele=28 rj=29
roles: escort_samples=168 recover_samples=144
attacker floors: {}
defenders: 0 distinct 100u-cells, moving=0 still=0
chat lines: 132 | sample: Rune[SG]: hello all
kills by weapon: blaster=0 rail=44 rocket=12 mg=0 cg=0 hb=3 ssg=2
ACC w0 fires=6 hits=1
ACC w2 fires=36 hits=56
ACC w4 fires=14 hits=10
ACC w6 fires=175 hits=30
ACC w7 fires=147 hits=20
ACC w8 fires=544 hits=56
ACC w0 fires=6 hits=1
ACC w2 fires=36 hits=56
ACC w4 fires=14 hits=10
ACC w6 fires=175 hits=30
ACC w7 fires=147 hits=20
ACC w8 fires=545 hits=57
---- s08-7v7 lmctf09 fill=7 600s ----
STEALS=1  CAPS=0  RETURNS=1
KILLS=140
HOOK: fires=1293 lands=614 fails=396
SHELVES=41  DEADDOORS=0  CYCLES=0
acts: swim=2 lift=12 tele=11 rj=5
roles: escort_samples=3 recover_samples=19
attacker floors: {}
defenders: 0 distinct 100u-cells, moving=0 still=0
chat lines: 128 | sample: (Slip[SG]): damage rune at our base
kills by weapon: blaster=0 rail=111 rocket=22 mg=0 cg=0 hb=0 ssg=0
ACC w0 fires=23 hits=3
ACC w3 fires=7 hits=5
ACC w6 fires=369 hits=63
ACC w8 fires=1398 hits=128
ACC w0 fires=23 hits=3
ACC w3 fires=7 hits=5
ACC w6 fires=369 hits=63
ACC w8 fires=1399 hits=129
ACC w0 fires=23 hits=3
ACC w3 fires=7 hits=5
ACC w6 fires=371 hits=64
ACC w8 fires=1401 hits=129
---- s09-ctrl lmctf01 fill=5 900s ----
STEALS=2  CAPS=0  RETURNS=2
KILLS=86
HOOK: fires=948 lands=443 fails=268
SHELVES=379  DEADDOORS=0  CYCLES=0
acts: swim=219 lift=21 tele=17 rj=19
roles: escort_samples=103 recover_samples=179
attacker floors: {}
defenders: 0 distinct 100u-cells, moving=0 still=0
chat lines: 118 | sample: (Arach[SG]): regen rune at our base
kills by weapon: blaster=0 rail=58 rocket=19 mg=0 cg=0 hb=0 ssg=1
ACC w0 fires=24 hits=1
ACC w2 fires=4 hits=15
ACC w6 fires=296 hits=43
ACC w8 fires=612 hits=58
ACC w0 fires=24 hits=1
ACC w2 fires=4 hits=15
ACC w6 fires=300 hits=44
ACC w8 fires=621 hits=58
ACC w0 fires=24 hits=1
ACC w2 fires=4 hits=15
ACC w6 fires=300 hits=44
ACC w8 fires=623 hits=58
---- s10-5v1 smap05 fill=5:0 600s ----
STEALS=6  CAPS=4  RETURNS=0
KILLS=0
HOOK: fires=285 lands=102 fails=68
SHELVES=46  DEADDOORS=0  CYCLES=3
acts: swim=46 lift=0 tele=0 rj=0
roles: escort_samples=604 recover_samples=0
attacker floors: {}
defenders: 0 distinct 100u-cells, moving=0 still=0
chat lines: 41 | sample: (Arach[SG]): haste rune at the rg
kills by weapon: blaster=0 rail=0 rocket=0 mg=0 cg=0 hb=0 ssg=0
