=== WAVE 376 (free layout) ===
---- s01-2v2 lmctf03 fill=2 600s ----
STEALS=0  CAPS=0  RETURNS=0
KILLS=4
HOOK: fires=159 lands=94 fails=22
SHELVES=45  DEADDOORS=2  CYCLES=0
acts: swim=11 lift=2 tele=0 rj=0
roles: escort_samples=0 recover_samples=0
attacker floors: {}
defenders: 0 distinct 100u-cells, moving=0 still=0
chat lines: 44 | sample: (Arach[SG]): damage rune at our base
kills by weapon: blaster=0 rail=4 rocket=0 mg=0 cg=0 hb=0 ssg=0
ACC w6 fires=1 hits=0
ACC w8 fires=48 hits=3
ACC w6 fires=1 hits=0
ACC w8 fires=48 hits=3
ACC w6 fires=1 hits=0
ACC w8 fires=48 hits=3
ACC w6 fires=1 hits=0
ACC w8 fires=48 hits=3
ACC w6 fires=2 hits=0
ACC w8 fires=54 hits=4
ACC w6 fires=2 hits=0
ACC w8 fires=54 hits=4
---- s02-5v0 smap05 fill=5:0 600s ----
STEALS=4  CAPS=3  RETURNS=0
KILLS=0
HOOK: fires=293 lands=130 fails=83
SHELVES=32  DEADDOORS=0  CYCLES=8
acts: swim=49 lift=0 tele=0 rj=0
roles: escort_samples=578 recover_samples=0
attacker floors: {}
defenders: 0 distinct 100u-cells, moving=0 still=0
chat lines: 37 | sample: (Arach[SG]): haste rune at the rg
kills by weapon: blaster=0 rail=0 rocket=0 mg=0 cg=0 hb=0 ssg=0
---- s03-5v5 mactf06 fill=5 900s ----
STEALS=5  CAPS=1  RETURNS=4
KILLS=236
HOOK: fires=1051 lands=635 fails=365
SHELVES=27  DEADDOORS=0  CYCLES=0
acts: swim=13 lift=9 tele=6 rj=7
roles: escort_samples=223 recover_samples=385
attacker floors: {}
defenders: 0 distinct 100u-cells, moving=0 still=0
chat lines: 341 | sample: (Arach[SG]): haste rune at our base
kills by weapon: blaster=1 rail=178 rocket=44 mg=0 cg=0 hb=0 ssg=1
ACC w0 fires=69 hits=5
ACC w1 fires=33 hits=10
ACC w6 fires=734 hits=103
ACC w8 fires=1739 hits=214
ACC w0 fires=69 hits=5
ACC w1 fires=33 hits=10
ACC w6 fires=734 hits=103
ACC w8 fires=1743 hits=214
ACC w0 fires=69 hits=5
ACC w1 fires=33 hits=10
ACC w6 fires=739 hits=103
ACC w8 fires=1762 hits=215
---- s04-5v5 mactf06 fill=5 900s ----
STEALS=8  CAPS=0  RETURNS=5
KILLS=248
HOOK: fires=1111 lands=711 fails=390
SHELVES=24  DEADDOORS=0  CYCLES=1
acts: swim=10 lift=10 tele=13 rj=15
roles: escort_samples=326 recover_samples=619
attacker floors: {}
defenders: 0 distinct 100u-cells, moving=0 still=0
chat lines: 368 | sample: (Arach[SG]): haste rune at our base
kills by weapon: blaster=0 rail=169 rocket=58 mg=0 cg=0 hb=0 ssg=1
ACC w2 fires=32 hits=23
ACC w3 fires=5 hits=5
ACC w6 fires=885 hits=106
ACC w7 fires=5 hits=1
ACC w8 fires=2002 hits=203
ACC w0 fires=44 hits=9
ACC w1 fires=54 hits=19
ACC w2 fires=32 hits=23
ACC w3 fires=5 hits=5
ACC w6 fires=893 hits=108
ACC w7 fires=5 hits=1
ACC w8 fires=2004 hits=204
---- s05-5v5 lmctf22 fill=5 900s ----
STEALS=14  CAPS=2  RETURNS=7
KILLS=151
HOOK: fires=1331 lands=781 fails=269
SHELVES=73  DEADDOORS=0  CYCLES=1
acts: swim=5 lift=2 tele=19 rj=8
roles: escort_samples=314 recover_samples=672
attacker floors: {}
defenders: 0 distinct 100u-cells, moving=0 still=0
chat lines: 240 | sample: (Arach[SG]): resist rune at our base
kills by weapon: blaster=0 rail=114 rocket=21 mg=0 cg=0 hb=0 ssg=0
ACC w0 fires=10 hits=4
ACC w6 fires=335 hits=55
ACC w7 fires=7 hits=1
ACC w8 fires=1216 hits=130
ACC w0 fires=10 hits=4
ACC w6 fires=335 hits=55
ACC w7 fires=7 hits=1
ACC w8 fires=1231 hits=132
ACC w0 fires=10 hits=4
ACC w6 fires=339 hits=55
ACC w7 fires=7 hits=1
ACC w8 fires=1235 hits=132
---- s06-5v3 lmctf44 fill=5:3 900s ----
STEALS=5  CAPS=0  RETURNS=5
KILLS=71
HOOK: fires=742 lands=431 fails=212
SHELVES=54  DEADDOORS=0  CYCLES=0
acts: swim=16 lift=24 tele=9 rj=25
roles: escort_samples=91 recover_samples=369
attacker floors: {}
defenders: 0 distinct 100u-cells, moving=0 still=0
chat lines: 154 | sample: Rune[SG]: shall we
kills by weapon: blaster=0 rail=43 rocket=14 mg=0 cg=0 hb=0 ssg=1
ACC w7 fires=21 hits=4
ACC w8 fires=554 hits=51
ACC w0 fires=9 hits=0
ACC w2 fires=35 hits=31
ACC w6 fires=199 hits=36
ACC w7 fires=21 hits=4
ACC w8 fires=563 hits=52
ACC w0 fires=9 hits=0
ACC w2 fires=35 hits=31
ACC w6 fires=201 hits=36
ACC w7 fires=21 hits=4
ACC w8 fires=563 hits=52
---- s07-5v3 lmctf44 fill=5:3 900s ----
STEALS=7  CAPS=1  RETURNS=4
KILLS=68
HOOK: fires=900 lands=510 fails=252
SHELVES=40  DEADDOORS=0  CYCLES=3
acts: swim=4 lift=5 tele=23 rj=3
roles: escort_samples=431 recover_samples=981
attacker floors: {}
defenders: 0 distinct 100u-cells, moving=0 still=0
chat lines: 159 | sample: Rune[SG]: right then
kills by weapon: blaster=0 rail=43 rocket=15 mg=0 cg=1 hb=2 ssg=1
ACC w0 fires=4 hits=0
ACC w2 fires=6 hits=6
ACC w4 fires=18 hits=20
ACC w6 fires=224 hits=40
ACC w7 fires=46 hits=10
ACC w8 fires=544 hits=57
ACC w0 fires=4 hits=0
ACC w2 fires=6 hits=6
ACC w4 fires=18 hits=20
ACC w6 fires=224 hits=40
ACC w7 fires=46 hits=10
ACC w8 fires=579 hits=61
---- s08-7v7 lmctf09 fill=7 600s ----
STEALS=3  CAPS=0  RETURNS=3
KILLS=143
HOOK: fires=1124 lands=674 fails=421
SHELVES=130  DEADDOORS=0  CYCLES=0
acts: swim=7 lift=2 tele=16 rj=7
roles: escort_samples=7 recover_samples=161
attacker floors: {}
defenders: 0 distinct 100u-cells, moving=0 still=0
chat lines: 159 | sample: (Caco[SG]): damage rune at our base
kills by weapon: blaster=1 rail=92 rocket=31 mg=0 cg=0 hb=0 ssg=0
ACC w0 fires=37 hits=8
ACC w3 fires=7 hits=1
ACC w6 fires=425 hits=74
ACC w8 fires=1144 hits=114
ACC w0 fires=37 hits=8
ACC w3 fires=7 hits=1
ACC w6 fires=425 hits=74
ACC w8 fires=1144 hits=114
ACC w0 fires=37 hits=8
ACC w3 fires=7 hits=1
ACC w6 fires=425 hits=74
ACC w8 fires=1144 hits=114
---- s09-ctrl lmctf01 fill=5 900s ----
STEALS=1  CAPS=0  RETURNS=0
KILLS=94
HOOK: fires=958 lands=530 fails=299
SHELVES=281  DEADDOORS=0  CYCLES=0
acts: swim=311 lift=18 tele=0 rj=0
roles: escort_samples=133 recover_samples=364
attacker floors: {}
defenders: 0 distinct 100u-cells, moving=0 still=0
chat lines: 127 | sample: (Arach[SG]): regen rune at our base
kills by weapon: blaster=0 rail=55 rocket=31 mg=0 cg=0 hb=0 ssg=1
ACC w0 fires=109 hits=9
ACC w2 fires=10 hits=32
ACC w6 fires=431 hits=57
ACC w8 fires=676 hits=61
ACC w0 fires=109 hits=9
ACC w2 fires=10 hits=32
ACC w6 fires=431 hits=57
ACC w8 fires=676 hits=61
ACC w0 fires=109 hits=9
ACC w2 fires=10 hits=32
ACC w6 fires=431 hits=57
ACC w8 fires=676 hits=61
---- s10-5v1 smap05 fill=5:1 600s ----
STEALS=5  CAPS=4  RETURNS=0
KILLS=33
HOOK: fires=420 lands=175 fails=126
SHELVES=54  DEADDOORS=0  CYCLES=5
acts: swim=178 lift=2 tele=1 rj=0
roles: escort_samples=554 recover_samples=405
attacker floors: {}
defenders: 0 distinct 100u-cells, moving=0 still=0
chat lines: 78 | sample: (Arach[SG]): haste rune at the rg
kills by weapon: blaster=0 rail=23 rocket=9 mg=0 cg=0 hb=0 ssg=0
ACC w0 fires=7 hits=0
ACC w2 fires=4 hits=0
ACC w6 fires=81 hits=12
ACC w8 fires=177 hits=25
ACC w0 fires=7 hits=0
ACC w2 fires=4 hits=0
ACC w6 fires=85 hits=14
ACC w8 fires=181 hits=25
ACC w0 fires=7 hits=0
ACC w2 fires=4 hits=0
ACC w6 fires=85 hits=14
ACC w8 fires=198 hits=26
