=== WAVE 316 (free layout) ===
---- s01-2v2 lmctf03 fill=2 600s ----
STEALS=1  CAPS=0  RETURNS=0
KILLS=6
HOOK: fires=161 lands=54 fails=17
SHELVES=55  DEADDOORS=4  CYCLES=0
acts: swim=50 lift=0 tele=0 rj=0
roles: escort_samples=340 recover_samples=341
attacker floors: {}
defenders: 0 distinct 100u-cells, moving=0 still=0
chat lines: 41 | sample: (Arach[SG]): damage rune at our base
kills by weapon: blaster=0 rail=5 rocket=0 mg=0 cg=0 hb=0 ssg=0
ACC w1 fires=5 hits=0
ACC w6 fires=25 hits=3
ACC w8 fires=58 hits=7
ACC w1 fires=5 hits=0
ACC w6 fires=25 hits=3
ACC w8 fires=58 hits=7
ACC w1 fires=5 hits=0
ACC w6 fires=25 hits=3
ACC w8 fires=58 hits=7
ACC w1 fires=5 hits=0
ACC w6 fires=25 hits=3
ACC w8 fires=58 hits=7
---- s02-2v2 lmctf03 fill=2 600s ----
STEALS=1  CAPS=0  RETURNS=1
KILLS=9
HOOK: fires=215 lands=91 fails=60
SHELVES=49  DEADDOORS=4  CYCLES=0
acts: swim=6 lift=1 tele=3 rj=13
roles: escort_samples=315 recover_samples=328
attacker floors: {}
defenders: 0 distinct 100u-cells, moving=0 still=0
chat lines: 88 | sample: (Arach[SG]): damage rune at our base
kills by weapon: blaster=0 rail=2 rocket=4 mg=0 cg=0 hb=0 ssg=0
ACC w1 fires=5 hits=0
ACC w2 fires=16 hits=5
ACC w6 fires=50 hits=11
ACC w8 fires=63 hits=5
ACC w1 fires=5 hits=0
ACC w2 fires=16 hits=5
ACC w6 fires=50 hits=11
ACC w8 fires=63 hits=5
ACC w1 fires=5 hits=0
ACC w2 fires=16 hits=5
ACC w6 fires=50 hits=11
ACC w8 fires=63 hits=5
---- s03-5v5 lmctf22 fill=5 900s ----
STEALS=5  CAPS=0  RETURNS=4
KILLS=127
HOOK: fires=1213 lands=524 fails=230
SHELVES=110  DEADDOORS=0  CYCLES=0
acts: swim=5 lift=7 tele=6 rj=5
roles: escort_samples=128 recover_samples=734
attacker floors: {}
defenders: 0 distinct 100u-cells, moving=0 still=0
chat lines: 212 | sample: (Rune[SG]): damage rune at the hb
kills by weapon: blaster=0 rail=91 rocket=21 mg=0 cg=0 hb=1 ssg=0
ACC w7 fires=10 hits=1
ACC w8 fires=954 hits=105
ACC w0 fires=15 hits=3
ACC w2 fires=3 hits=0
ACC w6 fires=308 hits=61
ACC w7 fires=10 hits=1
ACC w8 fires=955 hits=105
ACC w0 fires=15 hits=3
ACC w2 fires=3 hits=0
ACC w6 fires=308 hits=61
ACC w7 fires=10 hits=1
ACC w8 fires=955 hits=105
---- s04-5v5 lmctf22 fill=5 900s ----
STEALS=5  CAPS=0  RETURNS=4
KILLS=109
HOOK: fires=1158 lands=493 fails=195
SHELVES=110  DEADDOORS=0  CYCLES=0
acts: swim=14 lift=3 tele=1 rj=13
roles: escort_samples=134 recover_samples=523
attacker floors: {}
defenders: 0 distinct 100u-cells, moving=0 still=0
chat lines: 204 | sample: (Caco[SG]): damage rune at our base
kills by weapon: blaster=0 rail=77 rocket=20 mg=0 cg=0 hb=0 ssg=0
ACC w0 fires=2 hits=2
ACC w3 fires=20 hits=0
ACC w6 fires=314 hits=48
ACC w8 fires=1106 hits=94
ACC w0 fires=2 hits=2
ACC w3 fires=20 hits=0
ACC w6 fires=314 hits=48
ACC w8 fires=1111 hits=94
ACC w0 fires=2 hits=2
ACC w3 fires=20 hits=0
ACC w6 fires=314 hits=48
ACC w8 fires=1112 hits=94
---- s05-5v5 mactf06 fill=5 900s ----
STEALS=0  CAPS=0  RETURNS=0
KILLS=25
HOOK: fires=1090 lands=497 fails=326
SHELVES=47  DEADDOORS=0  CYCLES=0
acts: swim=8 lift=0 tele=0 rj=0
roles: escort_samples=0 recover_samples=0
attacker floors: {}
defenders: 0 distinct 100u-cells, moving=0 still=0
chat lines: 168 | sample: (Arach[SG]): haste rune at our base
kills by weapon: blaster=1 rail=15 rocket=7 mg=0 cg=0 hb=1 ssg=0
ACC w0 fires=6 hits=2
ACC w6 fires=94 hits=11
ACC w7 fires=17 hits=2
ACC w8 fires=303 hits=20
ACC w0 fires=6 hits=2
ACC w6 fires=94 hits=11
ACC w7 fires=17 hits=2
ACC w8 fires=303 hits=20
ACC w0 fires=6 hits=2
ACC w6 fires=94 hits=11
ACC w7 fires=17 hits=2
ACC w8 fires=303 hits=20
---- s06-5v3 lmctf44 fill=5:3 900s ----
STEALS=4  CAPS=0  RETURNS=3
KILLS=42
HOOK: fires=1012 lands=410 fails=219
SHELVES=48  DEADDOORS=0  CYCLES=0
acts: swim=20 lift=0 tele=1 rj=12
roles: escort_samples=439 recover_samples=894
attacker floors: {}
defenders: 0 distinct 100u-cells, moving=0 still=0
chat lines: 128 | sample: Rune[SG]: here we go again
kills by weapon: blaster=0 rail=31 rocket=6 mg=0 cg=0 hb=1 ssg=0
ACC w0 fires=1 hits=1
ACC w6 fires=147 hits=30
ACC w7 fires=32 hits=8
ACC w8 fires=425 hits=47
ACC w0 fires=1 hits=1
ACC w6 fires=147 hits=30
ACC w7 fires=32 hits=8
ACC w8 fires=425 hits=47
ACC w0 fires=1 hits=1
ACC w6 fires=147 hits=30
ACC w7 fires=32 hits=8
ACC w8 fires=433 hits=50
---- s07-5v3 lmctf44 fill=5:3 900s ----
STEALS=4  CAPS=0  RETURNS=4
KILLS=45
HOOK: fires=818 lands=345 fails=205
SHELVES=63  DEADDOORS=0  CYCLES=0
acts: swim=28 lift=19 tele=2 rj=14
roles: escort_samples=46 recover_samples=243
attacker floors: {}
defenders: 0 distinct 100u-cells, moving=0 still=0
chat lines: 117 | sample: Rune[SG]: lovely
kills by weapon: blaster=0 rail=24 rocket=8 mg=0 cg=2 hb=2 ssg=1
ACC w0 fires=9 hits=0
ACC w2 fires=22 hits=31
ACC w4 fires=27 hits=30
ACC w6 fires=156 hits=30
ACC w7 fires=40 hits=8
ACC w8 fires=442 hits=44
ACC w0 fires=9 hits=0
ACC w2 fires=22 hits=31
ACC w4 fires=27 hits=30
ACC w6 fires=156 hits=30
ACC w7 fires=41 hits=8
ACC w8 fires=444 hits=45
---- s08-7v7 lmctf09 fill=7 600s ----
STEALS=2  CAPS=0  RETURNS=2
KILLS=171
HOOK: fires=1440 lands=517 fails=365
SHELVES=119  DEADDOORS=0  CYCLES=0
acts: swim=3 lift=6 tele=6 rj=8
roles: escort_samples=73 recover_samples=198
attacker floors: {}
defenders: 0 distinct 100u-cells, moving=0 still=0
chat lines: 161 | sample: Rune[SG]: back for more
kills by weapon: blaster=1 rail=130 rocket=22 mg=0 cg=0 hb=0 ssg=0
ACC w0 fires=55 hits=2
ACC w3 fires=36 hits=19
ACC w6 fires=396 hits=65
ACC w8 fires=1638 hits=161
ACC w0 fires=58 hits=2
ACC w3 fires=36 hits=19
ACC w6 fires=398 hits=65
ACC w8 fires=1677 hits=164
ACC w0 fires=59 hits=2
ACC w3 fires=36 hits=19
ACC w6 fires=400 hits=65
ACC w8 fires=1715 hits=166
---- s09-ctrl lmctf01 fill=5 900s ----
STEALS=0  CAPS=0  RETURNS=0
KILLS=83
HOOK: fires=933 lands=360 fails=211
SHELVES=191  DEADDOORS=0  CYCLES=0
acts: swim=407 lift=0 tele=10 rj=3
roles: escort_samples=0 recover_samples=0
attacker floors: {}
defenders: 0 distinct 100u-cells, moving=0 still=0
chat lines: 86 | sample: (Arach[SG]): rune by the Health
kills by weapon: blaster=0 rail=58 rocket=19 mg=0 cg=0 hb=0 ssg=0
ACC w0 fires=14 hits=0
ACC w3 fires=7 hits=1
ACC w6 fires=278 hits=34
ACC w8 fires=593 hits=61
ACC w0 fires=14 hits=0
ACC w3 fires=7 hits=1
ACC w6 fires=278 hits=34
ACC w8 fires=593 hits=61
ACC w0 fires=14 hits=0
ACC w3 fires=7 hits=1
ACC w6 fires=279 hits=36
ACC w8 fires=596 hits=61
---- s10-5v1 smap05 fill=5:1 600s ----
STEALS=2  CAPS=0  RETURNS=0
KILLS=43
HOOK: fires=453 lands=165 fails=98
SHELVES=50  DEADDOORS=0  CYCLES=0
acts: swim=52 lift=0 tele=19 rj=0
roles: escort_samples=684 recover_samples=548
attacker floors: {}
defenders: 0 distinct 100u-cells, moving=0 still=0
chat lines: 86 | sample: (Arach[SG]): haste rune at the rg
kills by weapon: blaster=0 rail=31 rocket=11 mg=0 cg=0 hb=0 ssg=0
ACC w0 fires=19 hits=1
ACC w3 fires=5 hits=0
ACC w6 fires=78 hits=16
ACC w8 fires=297 hits=35
ACC w0 fires=19 hits=1
ACC w3 fires=5 hits=0
ACC w6 fires=78 hits=16
ACC w8 fires=297 hits=35
ACC w0 fires=19 hits=1
ACC w3 fires=5 hits=0
ACC w6 fires=78 hits=16
ACC w8 fires=297 hits=35
