=== WAVE 345 (free layout) ===
---- s01-2v2 lmctf03 fill=2 600s ----
STEALS=4  CAPS=1  RETURNS=1
KILLS=15
HOOK: fires=243 lands=81 fails=39
SHELVES=64  DEADDOORS=5  CYCLES=3
acts: swim=12 lift=0 tele=0 rj=0
roles: escort_samples=243 recover_samples=304
attacker floors: {}
defenders: 0 distinct 100u-cells, moving=0 still=0
chat lines: 97 | sample: (Caco[SG]): damage rune at yellow armor
kills by weapon: blaster=0 rail=11 rocket=3 mg=0 cg=0 hb=0 ssg=0
ACC w1 fires=11 hits=0
ACC w3 fires=4 hits=0
ACC w6 fires=52 hits=7
ACC w8 fires=185 hits=17
ACC w1 fires=11 hits=0
ACC w3 fires=4 hits=0
ACC w6 fires=52 hits=7
ACC w8 fires=185 hits=17
ACC w1 fires=11 hits=0
ACC w3 fires=4 hits=0
ACC w6 fires=52 hits=7
ACC w8 fires=185 hits=17
---- s02-2v2 lmctf03 fill=2 600s ----
STEALS=5  CAPS=1  RETURNS=2
KILLS=18
HOOK: fires=225 lands=77 fails=33
SHELVES=55  DEADDOORS=4  CYCLES=7
acts: swim=17 lift=0 tele=10 rj=0
roles: escort_samples=358 recover_samples=307
attacker floors: {}
defenders: 0 distinct 100u-cells, moving=0 still=0
chat lines: 109 | sample: (Arach[SG]): damage rune at yellow armor
kills by weapon: blaster=0 rail=11 rocket=6 mg=0 cg=0 hb=0 ssg=1
ACC w1 fires=5 hits=12
ACC w2 fires=4 hits=7
ACC w6 fires=72 hits=12
ACC w8 fires=192 hits=15
ACC w1 fires=5 hits=12
ACC w2 fires=4 hits=7
ACC w6 fires=78 hits=13
ACC w8 fires=192 hits=15
ACC w1 fires=5 hits=12
ACC w2 fires=4 hits=7
ACC w6 fires=78 hits=13
ACC w8 fires=192 hits=15
---- s03-5v5 lmctf22 fill=5 900s ----
STEALS=15  CAPS=6  RETURNS=5
KILLS=136
HOOK: fires=1612 lands=813 fails=317
SHELVES=71  DEADDOORS=0  CYCLES=4
acts: swim=10 lift=14 tele=6 rj=14
roles: escort_samples=379 recover_samples=1441
attacker floors: {}
defenders: 0 distinct 100u-cells, moving=0 still=0
chat lines: 299 | sample: (Rune[SG]): rune by the Health
kills by weapon: blaster=0 rail=107 rocket=18 mg=0 cg=1 hb=0 ssg=0
ACC w0 fires=15 hits=2
ACC w3 fires=12 hits=6
ACC w4 fires=12 hits=5
ACC w6 fires=382 hits=55
ACC w7 fires=11 hits=6
ACC w8 fires=1219 hits=132
ACC w0 fires=15 hits=2
ACC w3 fires=12 hits=6
ACC w4 fires=12 hits=5
ACC w6 fires=385 hits=55
ACC w7 fires=11 hits=6
ACC w8 fires=1219 hits=132
---- s04-5v5 lmctf22 fill=5 900s ----
STEALS=10  CAPS=3  RETURNS=4
KILLS=150
HOOK: fires=1305 lands=643 fails=256
SHELVES=68  DEADDOORS=0  CYCLES=2
acts: swim=2 lift=5 tele=8 rj=10
roles: escort_samples=437 recover_samples=883
attacker floors: {}
defenders: 0 distinct 100u-cells, moving=0 still=0
chat lines: 240 | sample: (Arach[SG]): resist rune at the hb
kills by weapon: blaster=0 rail=105 rocket=28 mg=0 cg=0 hb=0 ssg=0
ACC w3 fires=1 hits=0
ACC w4 fires=6 hits=7
ACC w6 fires=347 hits=65
ACC w7 fires=20 hits=7
ACC w8 fires=971 hits=120
ACC w0 fires=19 hits=2
ACC w2 fires=4 hits=1
ACC w3 fires=1 hits=0
ACC w4 fires=6 hits=7
ACC w6 fires=347 hits=65
ACC w7 fires=20 hits=7
ACC w8 fires=971 hits=120
---- s05-5v5 mactf06 fill=5 900s ----
STEALS=3  CAPS=0  RETURNS=2
KILLS=234
HOOK: fires=1012 lands=563 fails=381
SHELVES=30  DEADDOORS=0  CYCLES=0
acts: swim=7 lift=10 tele=10 rj=12
roles: escort_samples=27 recover_samples=210
attacker floors: {}
defenders: 0 distinct 100u-cells, moving=0 still=0
chat lines: 333 | sample: (Arach[SG]): haste rune at our base
kills by weapon: blaster=1 rail=175 rocket=38 mg=0 cg=0 hb=0 ssg=0
ACC w6 fires=673 hits=91
ACC w8 fires=1706 hits=212
ACC w0 fires=64 hits=4
ACC w1 fires=18 hits=19
ACC w2 fires=24 hits=27
ACC w6 fires=678 hits=91
ACC w8 fires=1726 hits=215
ACC w0 fires=67 hits=5
ACC w1 fires=18 hits=19
ACC w2 fires=24 hits=27
ACC w6 fires=690 hits=92
ACC w8 fires=1743 hits=216
---- s06-5v3 lmctf44 fill=5:3 900s ----
STEALS=6  CAPS=0  RETURNS=5
KILLS=66
HOOK: fires=780 lands=346 fails=185
SHELVES=46  DEADDOORS=0  CYCLES=4
acts: swim=22 lift=27 tele=24 rj=21
roles: escort_samples=51 recover_samples=253
attacker floors: {}
defenders: 0 distinct 100u-cells, moving=0 still=0
chat lines: 128 | sample: Rune[SG]: hello all
kills by weapon: blaster=0 rail=51 rocket=10 mg=0 cg=1 hb=2 ssg=2
ACC w0 fires=4 hits=0
ACC w2 fires=16 hits=38
ACC w4 fires=11 hits=10
ACC w6 fires=93 hits=23
ACC w7 fires=42 hits=8
ACC w8 fires=473 hits=67
ACC w0 fires=4 hits=0
ACC w2 fires=16 hits=38
ACC w4 fires=11 hits=10
ACC w6 fires=93 hits=23
ACC w7 fires=42 hits=8
ACC w8 fires=473 hits=67
---- s07-5v3 lmctf44 fill=5:3 900s ----
STEALS=6  CAPS=2  RETURNS=4
KILLS=59
HOOK: fires=899 lands=413 fails=209
SHELVES=41  DEADDOORS=0  CYCLES=0
acts: swim=29 lift=3 tele=24 rj=2
roles: escort_samples=253 recover_samples=383
attacker floors: {}
defenders: 0 distinct 100u-cells, moving=0 still=0
chat lines: 121 | sample: Rune[SG]: hello all
kills by weapon: blaster=0 rail=43 rocket=12 mg=0 cg=0 hb=1 ssg=1
ACC w0 fires=5 hits=2
ACC w2 fires=2 hits=17
ACC w4 fires=1 hits=1
ACC w6 fires=183 hits=22
ACC w7 fires=64 hits=16
ACC w8 fires=651 hits=63
ACC w0 fires=5 hits=2
ACC w2 fires=2 hits=17
ACC w4 fires=1 hits=1
ACC w6 fires=183 hits=22
ACC w7 fires=64 hits=16
ACC w8 fires=651 hits=63
---- s08-7v7 lmctf09 fill=7 600s ----
STEALS=1  CAPS=0  RETURNS=1
KILLS=150
HOOK: fires=1386 lands=654 fails=401
SHELVES=44  DEADDOORS=0  CYCLES=6
acts: swim=21 lift=7 tele=12 rj=4
roles: escort_samples=112 recover_samples=266
attacker floors: {}
defenders: 0 distinct 100u-cells, moving=0 still=0
chat lines: 131 | sample: Rune[SG]: back for more
kills by weapon: blaster=0 rail=105 rocket=31 mg=0 cg=0 hb=0 ssg=0
ACC w0 fires=47 hits=3
ACC w2 fires=8 hits=8
ACC w6 fires=471 hits=66
ACC w8 fires=1108 hits=124
ACC w0 fires=47 hits=3
ACC w2 fires=8 hits=8
ACC w6 fires=474 hits=66
ACC w8 fires=1124 hits=126
ACC w0 fires=47 hits=3
ACC w2 fires=8 hits=8
ACC w6 fires=478 hits=66
ACC w8 fires=1127 hits=127
---- s09-ctrl lmctf01 fill=5 900s ----
STEALS=2  CAPS=0  RETURNS=2
KILLS=116
HOOK: fires=1041 lands=462 fails=277
SHELVES=345  DEADDOORS=0  CYCLES=0
acts: swim=215 lift=22 tele=4 rj=19
roles: escort_samples=95 recover_samples=81
attacker floors: {}
defenders: 0 distinct 100u-cells, moving=0 still=0
chat lines: 163 | sample: (Arach[SG]): regen rune at our base
kills by weapon: blaster=1 rail=74 rocket=29 mg=0 cg=0 hb=0 ssg=0
ACC w0 fires=85 hits=8
ACC w2 fires=3 hits=0
ACC w6 fires=415 hits=70
ACC w8 fires=632 hits=81
ACC w0 fires=85 hits=8
ACC w2 fires=3 hits=0
ACC w6 fires=415 hits=70
ACC w8 fires=632 hits=81
ACC w0 fires=86 hits=8
ACC w2 fires=3 hits=0
ACC w6 fires=417 hits=71
ACC w8 fires=636 hits=81
---- s10-5v1 smap05 fill=5:0 600s ----
STEALS=4  CAPS=1  RETURNS=0
KILLS=0
HOOK: fires=230 lands=74 fails=76
SHELVES=87  DEADDOORS=0  CYCLES=14
acts: swim=184 lift=0 tele=0 rj=0
roles: escort_samples=449 recover_samples=0
attacker floors: {}
defenders: 0 distinct 100u-cells, moving=0 still=0
chat lines: 48 | sample: (Arach[SG]): haste rune at the rg
kills by weapon: blaster=0 rail=0 rocket=0 mg=0 cg=0 hb=0 ssg=0
