=== WAVE 331 (free layout) ===
---- s01-2v2 lmctf03 fill=2 600s ----
STEALS=2  CAPS=0  RETURNS=0
KILLS=7
HOOK: fires=141 lands=42 fails=23
SHELVES=111  DEADDOORS=3  CYCLES=2
acts: swim=0 lift=7 tele=0 rj=18
roles: escort_samples=288 recover_samples=348
attacker floors: {}
defenders: 0 distinct 100u-cells, moving=0 still=0
chat lines: 55 | sample: (Arach[SG]): rune by the Bullets
kills by weapon: blaster=0 rail=6 rocket=1 mg=0 cg=0 hb=0 ssg=0
ACC w6 fires=23 hits=1
ACC w8 fires=35 hits=10
ACC w6 fires=23 hits=1
ACC w8 fires=35 hits=10
ACC w6 fires=23 hits=1
ACC w8 fires=35 hits=10
ACC w6 fires=23 hits=1
ACC w8 fires=35 hits=10
ACC w6 fires=23 hits=1
ACC w8 fires=35 hits=10
ACC w6 fires=23 hits=1
ACC w8 fires=35 hits=10
---- s02-2v2 lmctf03 fill=2 600s ----
STEALS=2  CAPS=0  RETURNS=0
KILLS=5
HOOK: fires=109 lands=38 fails=13
SHELVES=271  DEADDOORS=1  CYCLES=1
acts: swim=0 lift=0 tele=1 rj=8
roles: escort_samples=476 recover_samples=478
attacker floors: {}
defenders: 0 distinct 100u-cells, moving=0 still=0
chat lines: 63 | sample: (Arach[SG]): damage rune at our base
kills by weapon: blaster=0 rail=3 rocket=2 mg=0 cg=0 hb=0 ssg=0
ACC w1 fires=4 hits=3
ACC w6 fires=13 hits=2
ACC w8 fires=34 hits=6
ACC w1 fires=4 hits=3
ACC w6 fires=13 hits=2
ACC w8 fires=34 hits=6
ACC w1 fires=4 hits=3
ACC w6 fires=13 hits=2
ACC w8 fires=34 hits=6
ACC w1 fires=4 hits=3
ACC w6 fires=13 hits=2
ACC w8 fires=34 hits=6
---- s03-5v5 lmctf22 fill=5 900s ----
STEALS=14  CAPS=7  RETURNS=5
KILLS=151
HOOK: fires=1482 lands=706 fails=290
SHELVES=67  DEADDOORS=0  CYCLES=6
acts: swim=21 lift=10 tele=17 rj=7
roles: escort_samples=499 recover_samples=1390
attacker floors: {}
defenders: 0 distinct 100u-cells, moving=0 still=0
chat lines: 310 | sample: (Arach[SG]): damage rune at the hb
kills by weapon: blaster=2 rail=98 rocket=33 mg=0 cg=1 hb=2 ssg=0
ACC w3 fires=5 hits=0
ACC w4 fires=23 hits=14
ACC w6 fires=444 hits=74
ACC w7 fires=29 hits=11
ACC w8 fires=1057 hits=112
ACC w0 fires=45 hits=7
ACC w2 fires=3 hits=0
ACC w3 fires=5 hits=0
ACC w4 fires=23 hits=14
ACC w6 fires=445 hits=74
ACC w7 fires=29 hits=11
ACC w8 fires=1063 hits=114
---- s04-5v5 lmctf22 fill=5 900s ----
STEALS=10  CAPS=5  RETURNS=3
KILLS=162
HOOK: fires=1537 lands=741 fails=280
SHELVES=65  DEADDOORS=0  CYCLES=3
acts: swim=17 lift=2 tele=10 rj=4
roles: escort_samples=504 recover_samples=944
attacker floors: {}
defenders: 0 distinct 100u-cells, moving=0 still=0
chat lines: 269 | sample: (Arach[SG]): regen rune at our base
kills by weapon: blaster=0 rail=104 rocket=34 mg=0 cg=0 hb=2 ssg=1
ACC w0 fires=19 hits=2
ACC w2 fires=7 hits=11
ACC w4 fires=4 hits=3
ACC w6 fires=417 hits=93
ACC w7 fires=16 hits=10
ACC w8 fires=1216 hits=122
ACC w0 fires=19 hits=2
ACC w2 fires=7 hits=11
ACC w4 fires=4 hits=3
ACC w6 fires=424 hits=93
ACC w7 fires=16 hits=10
ACC w8 fires=1232 hits=123
---- s05-5v5 mactf06 fill=5 900s ----
STEALS=6  CAPS=2  RETURNS=3
KILLS=157
HOOK: fires=1290 lands=662 fails=425
SHELVES=28  DEADDOORS=0  CYCLES=0
acts: swim=11 lift=4 tele=18 rj=6
roles: escort_samples=117 recover_samples=568
attacker floors: {}
defenders: 0 distinct 100u-cells, moving=0 still=0
chat lines: 335 | sample: (Arach[SG]): rune by the Cells
kills by weapon: blaster=0 rail=115 rocket=23 mg=0 cg=0 hb=1 ssg=1
ACC w2 fires=11 hits=18
ACC w3 fires=4 hits=2
ACC w6 fires=468 hits=63
ACC w7 fires=9 hits=2
ACC w8 fires=1211 hits=144
ACC w0 fires=11 hits=1
ACC w1 fires=4 hits=10
ACC w2 fires=11 hits=18
ACC w3 fires=4 hits=2
ACC w6 fires=470 hits=64
ACC w7 fires=9 hits=2
ACC w8 fires=1232 hits=145
---- s06-5v3 lmctf44 fill=5:3 900s ----
STEALS=9  CAPS=4  RETURNS=2
KILLS=69
HOOK: fires=1065 lands=495 fails=260
SHELVES=48  DEADDOORS=0  CYCLES=3
acts: swim=4 lift=11 tele=24 rj=11
roles: escort_samples=730 recover_samples=863
attacker floors: {}
defenders: 0 distinct 100u-cells, moving=0 still=0
chat lines: 154 | sample: Rune[SG]: back for more
kills by weapon: blaster=0 rail=44 rocket=13 mg=0 cg=0 hb=0 ssg=0
ACC w7 fires=3 hits=0
ACC w8 fires=739 hits=62
ACC w0 fires=6 hits=1
ACC w2 fires=6 hits=0
ACC w6 fires=175 hits=38
ACC w7 fires=3 hits=0
ACC w8 fires=743 hits=63
ACC w0 fires=6 hits=1
ACC w2 fires=6 hits=0
ACC w6 fires=175 hits=38
ACC w7 fires=3 hits=0
ACC w8 fires=743 hits=63
---- s07-5v3 lmctf44 fill=5:3 900s ----
STEALS=4  CAPS=0  RETURNS=2
KILLS=56
HOOK: fires=695 lands=304 fails=184
SHELVES=47  DEADDOORS=0  CYCLES=0
acts: swim=71 lift=10 tele=1 rj=0
roles: escort_samples=12 recover_samples=182
attacker floors: {}
defenders: 0 distinct 100u-cells, moving=0 still=0
chat lines: 120 | sample: Rune[SG]: evening
kills by weapon: blaster=0 rail=38 rocket=9 mg=0 cg=0 hb=0 ssg=0
ACC w7 fires=28 hits=2
ACC w8 fires=308 hits=46
ACC w0 fires=21 hits=2
ACC w4 fires=2 hits=0
ACC w6 fires=88 hits=21
ACC w7 fires=28 hits=2
ACC w8 fires=308 hits=46
ACC w0 fires=21 hits=2
ACC w4 fires=2 hits=0
ACC w6 fires=88 hits=21
ACC w7 fires=28 hits=2
ACC w8 fires=308 hits=46
---- s08-7v7 lmctf09 fill=7 600s ----
STEALS=1  CAPS=0  RETURNS=1
KILLS=146
HOOK: fires=1315 lands=617 fails=395
SHELVES=56  DEADDOORS=0  CYCLES=0
acts: swim=7 lift=13 tele=16 rj=5
roles: escort_samples=1 recover_samples=6
attacker floors: {}
defenders: 0 distinct 100u-cells, moving=0 still=0
chat lines: 148 | sample: (Slip[SG]): rune by the Health
kills by weapon: blaster=0 rail=90 rocket=44 mg=0 cg=0 hb=0 ssg=0
ACC w0 fires=27 hits=0
ACC w6 fires=514 hits=79
ACC w8 fires=1175 hits=112
ACC w0 fires=27 hits=0
ACC w6 fires=518 hits=80
ACC w8 fires=1185 hits=112
ACC w0 fires=27 hits=0
ACC w6 fires=521 hits=81
ACC w8 fires=1214 hits=117
ACC w0 fires=27 hits=0
ACC w6 fires=521 hits=81
ACC w8 fires=1214 hits=117
---- s09-ctrl lmctf01 fill=5 900s ----
STEALS=3  CAPS=0  RETURNS=1
KILLS=117
HOOK: fires=973 lands=443 fails=252
SHELVES=325  DEADDOORS=0  CYCLES=3
acts: swim=154 lift=18 tele=17 rj=11
roles: escort_samples=126 recover_samples=488
attacker floors: {}
defenders: 0 distinct 100u-cells, moving=0 still=0
chat lines: 114 | sample: (Arach[SG]): rune by the Health
kills by weapon: blaster=2 rail=71 rocket=29 mg=0 cg=0 hb=0 ssg=0
ACC w6 fires=396 hits=65
ACC w8 fires=498 hits=75
ACC w0 fires=88 hits=11
ACC w2 fires=9 hits=11
ACC w3 fires=8 hits=6
ACC w6 fires=396 hits=65
ACC w8 fires=498 hits=75
ACC w0 fires=88 hits=11
ACC w2 fires=9 hits=11
ACC w3 fires=8 hits=6
ACC w6 fires=396 hits=65
ACC w8 fires=498 hits=75
---- s10-5v1 smap05 fill=5:0 600s ----
STEALS=6  CAPS=4  RETURNS=0
KILLS=0
HOOK: fires=358 lands=134 fails=91
SHELVES=65  DEADDOORS=0  CYCLES=6
acts: swim=53 lift=0 tele=0 rj=0
roles: escort_samples=652 recover_samples=0
attacker floors: {}
defenders: 0 distinct 100u-cells, moving=0 still=0
chat lines: 47 | sample: (Arach[SG]): haste rune at the rg
kills by weapon: blaster=0 rail=0 rocket=0 mg=0 cg=0 hb=0 ssg=0
