=== WAVE 272: duel=lmctf03 fives=mactf06,lmctf05,lmctf01,lmctf22,lmctf02c dens=lmctf09 ctrl=smap05 ===
---- s01-2v2 lmctf03 ----
STEALS=0  CAPS=0  RETURNS=0
KILLS=1
HOOK: fires=140 lands=20 fails=11
SHELVES=55  DEADDOORS=1  CYCLES=0
acts: swim=0 lift=0 tele=0 rj=0
roles: escort_samples=0 recover_samples=0
attacker floors: {}
defenders: 0 distinct 100u-cells, moving=0 still=0
chat lines: 26 | sample: (Arach[SG]): damage rune at our base
kills by weapon: blaster=0 rail=1 rocket=0 mg=0 cg=0 hb=0 ssg=0
ACC w8 fires=14 hits=3
ACC w8 fires=14 hits=3
ACC w8 fires=14 hits=3
ACC w8 fires=14 hits=3
ACC w8 fires=14 hits=3
ACC w8 fires=14 hits=3
ACC w8 fires=14 hits=3
ACC w8 fires=14 hits=3
ACC w8 fires=14 hits=3
ACC w8 fires=14 hits=3
ACC w8 fires=14 hits=3
ACC w8 fires=14 hits=3
EFF: attack=0.71 defend=1.10
BOT: Rune[SG]     eff=1.59 avg_spd=    3 max_spd= 777 dist=   1380 role=defend
BOT: Arach[SG]    eff=1.04 avg_spd=   15 max_spd= 749 dist=   4473 role=defend
BOT: Caco[SG]     eff=0.88 avg_spd=  154 max_spd= 754 dist=  63929 role=attack
BOT: Slip[SG]     eff=0.58 avg_spd=  262 max_spd= 789 dist=  94089 role=attack
---- s02-2v2 lmctf03 ----
STEALS=0  CAPS=0  RETURNS=0
KILLS=1
HOOK: fires=164 lands=26 fails=12
SHELVES=31  DEADDOORS=0  CYCLES=0
acts: swim=0 lift=0 tele=0 rj=3
roles: escort_samples=0 recover_samples=0
attacker floors: {}
defenders: 0 distinct 100u-cells, moving=0 still=0
chat lines: 23 | sample: (Arach[SG]): damage rune at our base
kills by weapon: blaster=0 rail=0 rocket=1 mg=0 cg=0 hb=0 ssg=0
ACC w6 fires=17 hits=4
ACC w8 fires=7 hits=0
ACC w6 fires=17 hits=4
ACC w8 fires=7 hits=0
ACC w6 fires=17 hits=4
ACC w8 fires=7 hits=0
ACC w6 fires=17 hits=4
ACC w8 fires=7 hits=0
ACC w6 fires=17 hits=4
ACC w8 fires=7 hits=0
ACC w6 fires=17 hits=4
ACC w8 fires=7 hits=0
EFF: attack=0.77 defend=0.92
BOT: Rune[SG]     eff=1.59 avg_spd=    3 max_spd= 777 dist=   1380 role=defend
BOT: Caco[SG]     eff=1.02 avg_spd=  159 max_spd= 754 dist=  61978 role=attack
BOT: Arach[SG]    eff=0.90 avg_spd=   32 max_spd= 765 dist=  14915 role=defend
BOT: Slip[SG]     eff=0.59 avg_spd=  262 max_spd= 789 dist=  92448 role=attack
---- s03-5v5 lmctf01 ----
STEALS=0  CAPS=0  RETURNS=0
KILLS=46
HOOK: fires=714 lands=220 fails=127
SHELVES=183  DEADDOORS=0  CYCLES=0
acts: swim=169 lift=44 tele=0 rj=4
roles: escort_samples=0 recover_samples=0
attacker floors: {}
defenders: 0 distinct 100u-cells, moving=0 still=0
chat lines: 62 | sample: (Arach[SG]): rune by the Health
kills by weapon: blaster=0 rail=31 rocket=7 mg=0 cg=0 hb=0 ssg=0
ACC w0 fires=19 hits=2
ACC w6 fires=231 hits=25
ACC w8 fires=351 hits=31
ACC w0 fires=19 hits=2
ACC w6 fires=232 hits=25
ACC w8 fires=354 hits=31
ACC w0 fires=19 hits=2
ACC w6 fires=237 hits=26
ACC w8 fires=366 hits=32
ACC w0 fires=19 hits=2
ACC w6 fires=242 hits=27
ACC w8 fires=366 hits=32
EFF: attack=1.53 defend=0.65
BOT: Phase[SG]    eff=2.29 avg_spd=  165 max_spd= 782 dist=  81181 role=attack
BOT: Field[SG]    eff=1.49 avg_spd=  185 max_spd= 777 dist=  78938 role=attack
BOT: Vore[SG]     eff=1.39 avg_spd=  170 max_spd= 794 dist=  68783 role=attack
BOT: Slip[SG]     eff=1.37 avg_spd=  196 max_spd= 790 dist=  89966 role=attack
BOT: Trace[SG]    eff=1.36 avg_spd=  151 max_spd= 791 dist=  64338 role=attack
BOT: Fiend[SG]    eff=1.25 avg_spd=  198 max_spd= 806 dist=  77075 role=attack
BOT: Arach[SG]    eff=1.03 avg_spd=   27 max_spd= 737 dist=  11146 role=defend
BOT: Rune[SG]     eff=0.83 avg_spd=    9 max_spd= 301 dist=   1617 role=defend
BOT: Caco[SG]     eff=0.68 avg_spd=  222 max_spd= 766 dist=  35672 role=defend
BOT: Gate[SG]     eff=0.56 avg_spd=  220 max_spd= 761 dist=  39035 role=defend
---- s04-5v5 lmctf22 ----
STEALS=3  CAPS=0  RETURNS=2
KILLS=78
HOOK: fires=795 lands=294 fails=103
SHELVES=63  DEADDOORS=0  CYCLES=0
acts: swim=23 lift=34 tele=17 rj=4
roles: escort_samples=135 recover_samples=158
attacker floors: {}
defenders: 0 distinct 100u-cells, moving=0 still=0
chat lines: 128 | sample: (Arach[SG]): rune by the Cells
kills by weapon: blaster=0 rail=54 rocket=13 mg=0 cg=0 hb=0 ssg=0
ACC w0 fires=40 hits=2
ACC w6 fires=195 hits=34
ACC w8 fires=511 hits=59
ACC w0 fires=40 hits=2
ACC w6 fires=195 hits=34
ACC w8 fires=531 hits=60
ACC w0 fires=40 hits=2
ACC w6 fires=195 hits=34
ACC w8 fires=540 hits=61
ACC w0 fires=40 hits=2
ACC w6 fires=197 hits=35
ACC w8 fires=540 hits=61
EFF: attack=1.40 defend=0.94 recover=0.77
BOT: Fiend[SG]    eff=1.59 avg_spd=  247 max_spd= 784 dist= 100917 role=attack
BOT: Trace[SG]    eff=1.58 avg_spd=  238 max_spd= 778 dist=  97022 role=attack
BOT: Vore[SG]     eff=1.50 avg_spd=  227 max_spd= 778 dist=  93430 role=attack
BOT: Slip[SG]     eff=1.38 avg_spd=  192 max_spd= 794 dist=  84451 role=attack
BOT: Arach[SG]    eff=1.21 avg_spd=  103 max_spd= 772 dist=  19889 role=defend
BOT: Gate[SG]     eff=1.20 avg_spd=  246 max_spd= 771 dist=  43112 role=defend
BOT: Field[SG]    eff=1.10 avg_spd=  187 max_spd= 785 dist=  72623 role=attack
BOT: Phase[SG]    eff=1.07 avg_spd=  197 max_spd= 779 dist=  84775 role=attack
BOT: Caco[SG]     eff=0.79 avg_spd=  209 max_spd= 691 dist=  46343 role=defend
BOT: Rune[SG]     eff=0.74 avg_spd=   72 max_spd= 786 dist=  15678 role=defend
---- s05-5v5 lmctf02c ----
STEALS=1  CAPS=0  RETURNS=0
KILLS=47
HOOK: fires=1113 lands=370 fails=221
SHELVES=73  DEADDOORS=0  CYCLES=6
acts: swim=7 lift=8 tele=0 rj=0
roles: escort_samples=149 recover_samples=701
attacker floors: {}
defenders: 0 distinct 100u-cells, moving=0 still=0
chat lines: 106 | sample: (Arach[SG]): rune by the Health
kills by weapon: blaster=0 rail=44 rocket=0 mg=0 cg=0 hb=0 ssg=0
ACC w0 fires=9 hits=1
ACC w6 fires=56 hits=8
ACC w8 fires=384 hits=45
ACC w0 fires=9 hits=1
ACC w6 fires=56 hits=8
ACC w8 fires=384 hits=45
ACC w0 fires=9 hits=1
ACC w6 fires=56 hits=8
ACC w8 fires=389 hits=46
ACC w0 fires=9 hits=1
ACC w6 fires=56 hits=8
ACC w8 fires=389 hits=46
EFF: attack=1.74 defend=1.42 carry=1.07 recover=1.63 escort=1.33
BOT: Fiend[SG]    eff=1.84 avg_spd=  225 max_spd= 799 dist=  99843 role=attack
BOT: Trace[SG]    eff=1.76 avg_spd=  218 max_spd= 800 dist=  96807 role=attack
BOT: Caco[SG]     eff=1.71 avg_spd=  236 max_spd= 805 dist= 109372 role=defend
BOT: Phase[SG]    eff=1.64 avg_spd=  225 max_spd= 794 dist=  91332 role=attack
BOT: Gate[SG]     eff=1.62 avg_spd=  222 max_spd= 792 dist=  88984 role=defend
BOT: Vore[SG]     eff=1.62 avg_spd=  234 max_spd= 795 dist= 106784 role=attack
BOT: Rune[SG]     eff=1.47 avg_spd=  219 max_spd= 801 dist=  93424 role=defend
BOT: Field[SG]    eff=1.44 avg_spd=  212 max_spd= 769 dist=  88830 role=attack
BOT: Slip[SG]     eff=1.36 avg_spd=  225 max_spd= 800 dist=  90153 role=attack
BOT: Arach[SG]    eff=1.14 avg_spd=   41 max_spd= 742 dist=  18557 role=defend
---- s06-5v5 mactf06 ----
STEALS=2  CAPS=0  RETURNS=1
KILLS=96
HOOK: fires=770 lands=301 fails=177
SHELVES=53  DEADDOORS=0  CYCLES=0
acts: swim=4 lift=1 tele=12 rj=0
roles: escort_samples=5 recover_samples=94
attacker floors: {}
defenders: 0 distinct 100u-cells, moving=0 still=0
chat lines: 179 | sample: (Arach[SG]): haste rune at our base
kills by weapon: blaster=0 rail=76 rocket=16 mg=0 cg=0 hb=0 ssg=0
ACC w0 fires=10 hits=3
ACC w6 fires=258 hits=34
ACC w7 fires=5 hits=0
ACC w8 fires=722 hits=85
ACC w0 fires=10 hits=3
ACC w6 fires=260 hits=34
ACC w7 fires=5 hits=0
ACC w8 fires=748 hits=86
ACC w0 fires=11 hits=3
ACC w6 fires=260 hits=34
ACC w7 fires=5 hits=0
ACC w8 fires=750 hits=87
EFF: attack=1.37 defend=0.89 recover=1.50
BOT: Vore[SG]     eff=1.62 avg_spd=  234 max_spd= 800 dist=  92636 role=attack
BOT: Fiend[SG]    eff=1.52 avg_spd=  213 max_spd= 800 dist=  90628 role=attack
BOT: Trace[SG]    eff=1.43 avg_spd=  229 max_spd= 785 dist=  94608 role=attack
BOT: Slip[SG]     eff=1.35 avg_spd=  222 max_spd= 800 dist=  96173 role=attack
BOT: Field[SG]    eff=1.31 avg_spd=  221 max_spd= 800 dist=  92910 role=attack
BOT: Rune[SG]     eff=1.16 avg_spd=  243 max_spd= 779 dist=  42352 role=defend
BOT: Phase[SG]    eff=1.05 avg_spd=  235 max_spd= 941 dist=  94875 role=attack
BOT: Gate[SG]     eff=0.92 avg_spd=  238 max_spd= 780 dist=  53679 role=defend
BOT: Caco[SG]     eff=0.57 avg_spd=  248 max_spd= 734 dist=  17448 role=defend
BOT: Arach[SG]    eff=0.54 avg_spd=  181 max_spd= 772 dist=  15923 role=defend
---- s07-5v5 lmctf05 ----
STEALS=1  CAPS=0  RETURNS=0
KILLS=76
HOOK: fires=799 lands=277 fails=134
SHELVES=144  DEADDOORS=0  CYCLES=0
acts: swim=146 lift=12 tele=51 rj=8
roles: escort_samples=20 recover_samples=197
attacker floors: {}
defenders: 0 distinct 100u-cells, moving=0 still=0
chat lines: 88 | sample: (Arach[SG]): rune by the Bullets
kills by weapon: blaster=1 rail=45 rocket=18 mg=0 cg=0 hb=1 ssg=0
ACC w0 fires=194 hits=1
ACC w4 fires=3 hits=2
ACC w5 fires=6 hits=2
ACC w6 fires=218 hits=42
ACC w7 fires=15 hits=7
ACC w8 fires=528 hits=54
ACC w0 fires=194 hits=1
ACC w4 fires=3 hits=2
ACC w5 fires=6 hits=2
ACC w6 fires=218 hits=42
ACC w7 fires=15 hits=7
ACC w8 fires=528 hits=54
EFF: attack=1.95 defend=1.01 recover=1.72
BOT: Phase[SG]    eff=2.37 avg_spd=  138 max_spd= 796 dist=  70808 role=attack
BOT: Slip[SG]     eff=2.19 avg_spd=  152 max_spd= 778 dist=  75605 role=attack
BOT: Field[SG]    eff=2.17 avg_spd=  152 max_spd= 775 dist=  30141 role=attack
BOT: Vore[SG]     eff=1.88 avg_spd=  174 max_spd= 778 dist=  83466 role=attack
BOT: Fiend[SG]    eff=1.83 avg_spd=  135 max_spd= 792 dist=  70845 role=attack
BOT: Rune[SG]     eff=1.55 avg_spd=  116 max_spd= 780 dist=  21258 role=defend
BOT: Trace[SG]    eff=1.28 avg_spd=  166 max_spd= 767 dist=  73617 role=attack
BOT: Caco[SG]     eff=1.19 avg_spd=  211 max_spd= 777 dist=  62181 role=defend
BOT: Arach[SG]    eff=0.99 avg_spd=  158 max_spd= 776 dist=  42729 role=defend
BOT: Gate[SG]     eff=0.85 avg_spd=  234 max_spd= 792 dist=  86007 role=defend
---- s08-7v7 lmctf09 ----
STEALS=2  CAPS=0  RETURNS=1
KILLS=167
HOOK: fires=1592 lands=457 fails=282
SHELVES=122  DEADDOORS=0  CYCLES=0
acts: swim=5 lift=7 tele=5 rj=7
roles: escort_samples=81 recover_samples=312
attacker floors: {}
defenders: 0 distinct 100u-cells, moving=0 still=0
chat lines: 171 | sample: Rune[SG]: evening
kills by weapon: blaster=0 rail=111 rocket=35 mg=0 cg=0 hb=0 ssg=0
ACC w0 fires=47 hits=8
ACC w6 fires=501 hits=83
ACC w8 fires=1393 hits=133
ACC w0 fires=47 hits=8
ACC w6 fires=505 hits=84
ACC w8 fires=1393 hits=133
ACC w0 fires=47 hits=8
ACC w6 fires=513 hits=85
ACC w8 fires=1401 hits=133
ACC w0 fires=47 hits=8
ACC w6 fires=519 hits=86
ACC w8 fires=1425 hits=135
EFF: attack=1.71 defend=1.36 recover=1.63
BOT: Wizard[SG]   eff=1.87 avg_spd=  198 max_spd= 779 dist=  91050 role=attack
BOT: Fiend[SG]    eff=1.83 avg_spd=  234 max_spd= 887 dist= 103040 role=attack
BOT: Gate[SG]     eff=1.80 avg_spd=  147 max_spd= 783 dist=  52859 role=defend
BOT: Trace[SG]    eff=1.76 avg_spd=  215 max_spd= 801 dist=  93066 role=attack
BOT: Field[SG]    eff=1.73 avg_spd=  223 max_spd=1005 dist= 100059 role=attack
BOT: Vore[SG]     eff=1.70 avg_spd=  207 max_spd= 800 dist=  88856 role=attack
BOT: Slip[SG]     eff=1.70 avg_spd=  199 max_spd= 799 dist=  97320 role=attack
BOT: Knight[SG]   eff=1.68 avg_spd=  178 max_spd= 778 dist=  77245 role=attack
BOT: Scrag[SG]    eff=1.67 avg_spd=  242 max_spd= 800 dist= 106916 role=attack
BOT: Ogre[SG]     eff=1.66 avg_spd=  212 max_spd= 800 dist=  94672 role=attack
BOT: Phase[SG]    eff=1.44 avg_spd=  190 max_spd= 794 dist=  89313 role=attack
BOT: Rune[SG]     eff=1.34 avg_spd=   83 max_spd= 792 dist=  33742 role=defend
BOT: Arach[SG]    eff=1.21 avg_spd=   33 max_spd= 799 dist=  17942 role=defend
BOT: Caco[SG]     eff=0.92 avg_spd=  128 max_spd= 783 dist=  37738 role=defend
---- s09-7v7 lmctf09 ----
STEALS=6  CAPS=0  RETURNS=3
KILLS=146
HOOK: fires=1547 lands=467 fails=297
SHELVES=144  DEADDOORS=0  CYCLES=0
acts: swim=9 lift=13 tele=6 rj=11
roles: escort_samples=233 recover_samples=612
attacker floors: {}
defenders: 0 distinct 100u-cells, moving=0 still=0
chat lines: 185 | sample: (Caco[SG]): damage rune at our base
kills by weapon: blaster=0 rail=105 rocket=22 mg=1 cg=1 hb=0 ssg=0
ACC w6 fires=400 hits=55
ACC w8 fires=1543 hits=135
ACC w0 fires=53 hits=4
ACC w3 fires=1 hits=1
ACC w4 fires=13 hits=17
ACC w6 fires=400 hits=55
ACC w8 fires=1553 hits=136
ACC w0 fires=53 hits=4
ACC w3 fires=1 hits=1
ACC w4 fires=13 hits=17
ACC w6 fires=400 hits=55
ACC w8 fires=1554 hits=137
EFF: attack=1.72 defend=1.18 recover=1.90
BOT: Knight[SG]   eff=1.97 avg_spd=  202 max_spd= 796 dist=  86774 role=attack
BOT: Slip[SG]     eff=1.95 avg_spd=  232 max_spd= 794 dist= 106256 role=attack
BOT: Fiend[SG]    eff=1.81 avg_spd=  201 max_spd= 784 dist=  92489 role=attack
BOT: Ogre[SG]     eff=1.74 avg_spd=  206 max_spd= 854 dist=  87394 role=attack
BOT: Phase[SG]    eff=1.74 avg_spd=  231 max_spd= 809 dist= 109102 role=attack
BOT: Wizard[SG]   eff=1.72 avg_spd=  200 max_spd= 798 dist=  87699 role=attack
BOT: Vore[SG]     eff=1.69 avg_spd=  206 max_spd= 805 dist=  93532 role=attack
BOT: Scrag[SG]    eff=1.63 avg_spd=  184 max_spd= 780 dist=  81823 role=attack
BOT: Trace[SG]    eff=1.57 avg_spd=  198 max_spd= 784 dist=  89470 role=attack
BOT: Field[SG]    eff=1.55 avg_spd=  224 max_spd= 778 dist=  96281 role=attack
BOT: Rune[SG]     eff=1.48 avg_spd=   45 max_spd= 776 dist=  18943 role=defend
BOT: Caco[SG]     eff=1.26 avg_spd=  168 max_spd= 743 dist=  56183 role=defend
BOT: Gate[SG]     eff=1.17 avg_spd=  181 max_spd= 807 dist=  44339 role=defend
BOT: Arach[SG]    eff=1.08 avg_spd=   43 max_spd= 775 dist=  18267 role=defend
---- s10-5v1 smap05 ----
STEALS=7  CAPS=1  RETURNS=2
KILLS=37
HOOK: fires=534 lands=120 fails=72
SHELVES=95  DEADDOORS=0  CYCLES=2
acts: swim=92 lift=0 tele=5 rj=2
roles: escort_samples=450 recover_samples=344
attacker floors: {}
defenders: 0 distinct 100u-cells, moving=0 still=0
chat lines: 95 | sample: (Arach[SG]): haste rune at the rg
kills by weapon: blaster=0 rail=28 rocket=7 mg=0 cg=0 hb=0 ssg=0
ACC w0 fires=16 hits=2
ACC w6 fires=135 hits=17
ACC w8 fires=297 hits=27
ACC w0 fires=16 hits=2
ACC w6 fires=135 hits=17
ACC w8 fires=297 hits=27
ACC w0 fires=16 hits=2
ACC w6 fires=135 hits=17
ACC w8 fires=298 hits=28
ACC w0 fires=16 hits=2
ACC w6 fires=135 hits=17
ACC w8 fires=298 hits=28
EFF: attack=1.49 defend=1.01 carry=1.47 recover=1.12 escort=1.40
BOT: Arach[SG]    eff=2.97 avg_spd=    5 max_spd= 768 dist=   1616 role=defend
BOT: Phase[SG]    eff=1.57 avg_spd=  184 max_spd= 794 dist=  69970 role=attack
BOT: Gate[SG]     eff=1.40 avg_spd=  203 max_spd=1100 dist=  81776 role=attack
BOT: Rune[SG]     eff=1.39 avg_spd=  206 max_spd= 799 dist=  84812 role=recover
BOT: Slip[SG]     eff=1.31 avg_spd=  202 max_spd= 799 dist=  74425 role=attack
BOT: Caco[SG]     eff=1.25 avg_spd=  217 max_spd=1051 dist=  73384 role=defend
botledger: 92 rows appended for wave 272
logs: /home/buzzkill/Projects/lmctf6-stats/tools/iter-272
