=== WAVE 307 (free layout) ===
---- s01-2v2 lmctf03 fill=2 600s ----
STEALS=0  CAPS=0  RETURNS=0
KILLS=4
HOOK: fires=126 lands=42 fails=15
SHELVES=25  DEADDOORS=1  CYCLES=0
acts: swim=0 lift=0 tele=0 rj=0
roles: escort_samples=0 recover_samples=0
attacker floors: {}
defenders: 0 distinct 100u-cells, moving=0 still=0
chat lines: 33 | sample: (Arach[SG]): rune by the Bullets
kills by weapon: blaster=0 rail=3 rocket=1 mg=0 cg=0 hb=0 ssg=0
ACC w6 fires=13 hits=3
ACC w8 fires=100 hits=9
ACC w6 fires=13 hits=3
ACC w8 fires=100 hits=9
ACC w6 fires=13 hits=3
ACC w8 fires=100 hits=9
ACC w6 fires=13 hits=3
ACC w8 fires=100 hits=9
ACC w6 fires=13 hits=3
ACC w8 fires=100 hits=9
ACC w6 fires=13 hits=3
ACC w8 fires=100 hits=9
---- s02-2v2 lmctf03 fill=2 600s ----
STEALS=0  CAPS=0  RETURNS=0
KILLS=5
HOOK: fires=130 lands=39 fails=16
SHELVES=57  DEADDOORS=1  CYCLES=0
acts: swim=1 lift=1 tele=63 rj=1
roles: escort_samples=0 recover_samples=0
attacker floors: {}
defenders: 0 distinct 100u-cells, moving=0 still=0
chat lines: 39 | sample: (Caco[SG]): damage rune at yellow armor
kills by weapon: blaster=0 rail=3 rocket=1 mg=0 cg=0 hb=0 ssg=0
ACC w6 fires=22 hits=3
ACC w8 fires=35 hits=4
ACC w0 fires=4 hits=0
ACC w1 fires=22 hits=21
ACC w3 fires=17 hits=7
ACC w6 fires=22 hits=3
ACC w8 fires=35 hits=4
ACC w0 fires=4 hits=0
ACC w1 fires=22 hits=21
ACC w3 fires=17 hits=7
ACC w6 fires=22 hits=3
ACC w8 fires=35 hits=4
---- s03-5v5 lmctf22 fill=5 900s ----
STEALS=2  CAPS=0  RETURNS=1
KILLS=105
HOOK: fires=1080 lands=464 fails=201
SHELVES=107  DEADDOORS=0  CYCLES=0
acts: swim=37 lift=21 tele=14 rj=24
roles: escort_samples=34 recover_samples=246
attacker floors: {}
defenders: 0 distinct 100u-cells, moving=0 still=0
chat lines: 198 | sample: (Rune[SG]): resist rune at the hb
kills by weapon: blaster=0 rail=77 rocket=17 mg=0 cg=0 hb=0 ssg=0
ACC w7 fires=1 hits=0
ACC w8 fires=870 hits=94
ACC w0 fires=1 hits=2
ACC w2 fires=5 hits=16
ACC w6 fires=263 hits=39
ACC w7 fires=1 hits=0
ACC w8 fires=870 hits=94
ACC w0 fires=1 hits=2
ACC w2 fires=5 hits=16
ACC w6 fires=263 hits=39
ACC w7 fires=1 hits=0
ACC w8 fires=870 hits=94
---- s04-5v5 lmctf22 fill=5 900s ----
STEALS=3  CAPS=0  RETURNS=3
KILLS=112
HOOK: fires=1019 lands=459 fails=170
SHELVES=121  DEADDOORS=0  CYCLES=0
acts: swim=29 lift=9 tele=10 rj=31
roles: escort_samples=14 recover_samples=163
attacker floors: {}
defenders: 0 distinct 100u-cells, moving=0 still=0
chat lines: 198 | sample: (Gate[SG]): regen rune at our base
kills by weapon: blaster=0 rail=80 rocket=18 mg=0 cg=0 hb=0 ssg=1
ACC w0 fires=3 hits=1
ACC w2 fires=3 hits=11
ACC w6 fires=282 hits=46
ACC w8 fires=847 hits=93
ACC w0 fires=3 hits=1
ACC w2 fires=3 hits=11
ACC w6 fires=282 hits=46
ACC w8 fires=847 hits=93
ACC w0 fires=3 hits=1
ACC w2 fires=3 hits=11
ACC w6 fires=282 hits=46
ACC w8 fires=847 hits=93
---- s05-5v5 mactf06 fill=5 900s ----
STEALS=0  CAPS=0  RETURNS=0
KILLS=24
HOOK: fires=1077 lands=456 fails=298
SHELVES=39  DEADDOORS=0  CYCLES=0
acts: swim=11 lift=0 tele=0 rj=47
roles: escort_samples=0 recover_samples=0
attacker floors: {}
defenders: 0 distinct 100u-cells, moving=0 still=0
chat lines: 120 | sample: (Arach[SG]): haste rune at our base
kills by weapon: blaster=0 rail=19 rocket=3 mg=0 cg=0 hb=1 ssg=0
ACC w6 fires=45 hits=7
ACC w7 fires=9 hits=2
ACC w8 fires=190 hits=21
ACC w6 fires=45 hits=7
ACC w7 fires=9 hits=2
ACC w8 fires=195 hits=21
ACC w6 fires=45 hits=7
ACC w7 fires=9 hits=2
ACC w8 fires=200 hits=21
ACC w6 fires=45 hits=7
ACC w7 fires=9 hits=2
ACC w8 fires=202 hits=21
---- s06-5v3 lmctf44 fill=5:3 900s ----
STEALS=4  CAPS=0  RETURNS=3
KILLS=42
HOOK: fires=1014 lands=409 fails=209
SHELVES=67  DEADDOORS=0  CYCLES=0
acts: swim=22 lift=23 tele=10 rj=0
roles: escort_samples=53 recover_samples=200
attacker floors: {}
defenders: 0 distinct 100u-cells, moving=0 still=0
chat lines: 113 | sample: Rune[SG]: right then
kills by weapon: blaster=0 rail=25 rocket=10 mg=0 cg=0 hb=0 ssg=0
ACC w7 fires=16 hits=4
ACC w8 fires=347 hits=33
ACC w2 fires=2 hits=0
ACC w4 fires=8 hits=6
ACC w6 fires=118 hits=28
ACC w7 fires=16 hits=4
ACC w8 fires=352 hits=33
ACC w2 fires=2 hits=0
ACC w4 fires=8 hits=6
ACC w6 fires=118 hits=28
ACC w7 fires=16 hits=4
ACC w8 fires=375 hits=35
---- s07-5v3 lmctf44 fill=5:3 900s ----
STEALS=6  CAPS=0  RETURNS=2
KILLS=41
HOOK: fires=979 lands=404 fails=225
SHELVES=51  DEADDOORS=0  CYCLES=0
acts: swim=8 lift=57 tele=30 rj=0
roles: escort_samples=72 recover_samples=393
attacker floors: {}
defenders: 0 distinct 100u-cells, moving=0 still=0
chat lines: 118 | sample: Rune[SG]: right then
kills by weapon: blaster=0 rail=24 rocket=8 mg=0 cg=1 hb=1 ssg=0
ACC w0 fires=4 hits=1
ACC w2 fires=8 hits=5
ACC w4 fires=30 hits=15
ACC w6 fires=128 hits=29
ACC w7 fires=20 hits=3
ACC w8 fires=319 hits=34
ACC w0 fires=4 hits=1
ACC w2 fires=8 hits=5
ACC w4 fires=30 hits=15
ACC w6 fires=128 hits=29
ACC w7 fires=20 hits=3
ACC w8 fires=319 hits=34
---- s08-7v7 lmctf09 fill=7 600s ----
STEALS=3  CAPS=0  RETURNS=3
KILLS=142
HOOK: fires=1378 lands=529 fails=374
SHELVES=107  DEADDOORS=0  CYCLES=0
acts: swim=3 lift=1 tele=13 rj=3
roles: escort_samples=106 recover_samples=118
attacker floors: {}
defenders: 0 distinct 100u-cells, moving=0 still=0
chat lines: 165 | sample: (Caco[SG]): damage rune at our base
kills by weapon: blaster=0 rail=97 rocket=32 mg=0 cg=0 hb=0 ssg=0
ACC w0 fires=60 hits=4
ACC w4 fires=4 hits=11
ACC w6 fires=504 hits=69
ACC w8 fires=1096 hits=114
ACC w0 fires=60 hits=4
ACC w4 fires=4 hits=11
ACC w6 fires=504 hits=69
ACC w8 fires=1116 hits=115
ACC w0 fires=60 hits=4
ACC w4 fires=4 hits=11
ACC w6 fires=508 hits=70
ACC w8 fires=1140 hits=116
---- s09-ctrl lmctf01 fill=5 900s ----
STEALS=1  CAPS=0  RETURNS=1
KILLS=72
HOOK: fires=913 lands=358 fails=195
SHELVES=209  DEADDOORS=0  CYCLES=0
acts: swim=362 lift=2 tele=0 rj=3
roles: escort_samples=0 recover_samples=3
attacker floors: {}
defenders: 0 distinct 100u-cells, moving=0 still=0
chat lines: 96 | sample: (Arach[SG]): rune by the Health
kills by weapon: blaster=0 rail=41 rocket=25 mg=0 cg=0 hb=0 ssg=0
ACC w0 fires=14 hits=0
ACC w3 fires=28 hits=4
ACC w6 fires=274 hits=44
ACC w8 fires=443 hits=47
ACC w0 fires=14 hits=0
ACC w3 fires=28 hits=4
ACC w6 fires=274 hits=44
ACC w8 fires=447 hits=49
ACC w0 fires=14 hits=0
ACC w3 fires=28 hits=4
ACC w6 fires=280 hits=44
ACC w8 fires=456 hits=49
---- s10-5v1 smap05 fill=5:1 600s ----
STEALS=4  CAPS=0  RETURNS=2
KILLS=30
HOOK: fires=390 lands=138 fails=79
SHELVES=61  DEADDOORS=0  CYCLES=0
acts: swim=34 lift=45 tele=10 rj=0
roles: escort_samples=329 recover_samples=630
attacker floors: {}
defenders: 0 distinct 100u-cells, moving=0 still=0
chat lines: 76 | sample: (Arach[SG]): haste rune at the rg
kills by weapon: blaster=0 rail=24 rocket=6 mg=0 cg=0 hb=0 ssg=0
ACC w0 fires=12 hits=1
ACC w6 fires=106 hits=10
ACC w8 fires=266 hits=25
ACC w0 fires=12 hits=1
ACC w6 fires=106 hits=10
ACC w8 fires=268 hits=25
ACC w0 fires=12 hits=1
ACC w6 fires=106 hits=10
ACC w8 fires=271 hits=25
ACC w0 fires=12 hits=1
ACC w6 fires=106 hits=10
ACC w8 fires=271 hits=25
