=== WAVE 327 (free layout) ===
---- s01-2v2 lmctf03 fill=2 600s ----
STEALS=1  CAPS=0  RETURNS=0
KILLS=10
HOOK: fires=135 lands=38 fails=14
SHELVES=55  DEADDOORS=1  CYCLES=1
acts: swim=0 lift=0 tele=0 rj=0
roles: escort_samples=137 recover_samples=138
attacker floors: {}
defenders: 0 distinct 100u-cells, moving=0 still=0
chat lines: 57 | sample: (Caco[SG]): damage rune at yellow armor
kills by weapon: blaster=0 rail=4 rocket=2 mg=0 cg=0 hb=0 ssg=0
ACC w0 fires=3 hits=1
ACC w6 fires=45 hits=11
ACC w8 fires=74 hits=6
ACC w0 fires=3 hits=1
ACC w6 fires=45 hits=11
ACC w8 fires=74 hits=6
ACC w0 fires=3 hits=1
ACC w6 fires=45 hits=11
ACC w8 fires=74 hits=6
ACC w0 fires=3 hits=1
ACC w6 fires=45 hits=11
ACC w8 fires=74 hits=6
---- s02-2v2 lmctf03 fill=2 600s ----
STEALS=2  CAPS=0  RETURNS=1
KILLS=8
HOOK: fires=127 lands=43 fails=20
SHELVES=119  DEADDOORS=4  CYCLES=3
acts: swim=0 lift=0 tele=0 rj=5
roles: escort_samples=489 recover_samples=499
attacker floors: {}
defenders: 0 distinct 100u-cells, moving=0 still=0
chat lines: 65 | sample: (Rune[SG]): haste rune at our base
kills by weapon: blaster=0 rail=7 rocket=1 mg=0 cg=0 hb=0 ssg=0
ACC w6 fires=35 hits=2
ACC w8 fires=146 hits=13
ACC w6 fires=35 hits=2
ACC w8 fires=146 hits=13
ACC w6 fires=35 hits=2
ACC w8 fires=146 hits=13
ACC w6 fires=35 hits=2
ACC w8 fires=146 hits=13
ACC w6 fires=35 hits=2
ACC w8 fires=146 hits=13
ACC w6 fires=35 hits=2
ACC w8 fires=146 hits=13
---- s03-5v5 lmctf22 fill=5 900s ----
STEALS=11  CAPS=5  RETURNS=6
KILLS=164
HOOK: fires=1487 lands=715 fails=263
SHELVES=76  DEADDOORS=0  CYCLES=12
acts: swim=7 lift=17 tele=24 rj=14
roles: escort_samples=432 recover_samples=997
attacker floors: {}
defenders: 0 distinct 100u-cells, moving=0 still=0
chat lines: 290 | sample: (Arach[SG]): regen rune at the hb
kills by weapon: blaster=0 rail=119 rocket=34 mg=0 cg=0 hb=0 ssg=2
ACC w6 fires=370 hits=64
ACC w8 fires=1229 hits=138
ACC w0 fires=7 hits=5
ACC w2 fires=12 hits=47
ACC w4 fires=12 hits=12
ACC w6 fires=375 hits=64
ACC w8 fires=1245 hits=139
ACC w0 fires=7 hits=5
ACC w2 fires=12 hits=47
ACC w4 fires=12 hits=12
ACC w6 fires=375 hits=64
ACC w8 fires=1245 hits=139
---- s04-5v5 lmctf22 fill=5 900s ----
STEALS=9  CAPS=4  RETURNS=3
KILLS=148
HOOK: fires=1464 lands=699 fails=244
SHELVES=56  DEADDOORS=0  CYCLES=2
acts: swim=6 lift=13 tele=5 rj=4
roles: escort_samples=367 recover_samples=941
attacker floors: {}
defenders: 0 distinct 100u-cells, moving=0 still=0
chat lines: 243 | sample: (Arach[SG]): regen rune at the hb
kills by weapon: blaster=0 rail=105 rocket=20 mg=0 cg=0 hb=0 ssg=1
ACC w3 fires=10 hits=3
ACC w4 fires=9 hits=1
ACC w6 fires=378 hits=75
ACC w7 fires=9 hits=1
ACC w8 fires=1182 hits=122
ACC w0 fires=8 hits=4
ACC w2 fires=26 hits=34
ACC w3 fires=10 hits=3
ACC w4 fires=9 hits=1
ACC w6 fires=378 hits=75
ACC w7 fires=9 hits=1
ACC w8 fires=1182 hits=122
---- s05-5v5 mactf06 fill=5 900s ----
STEALS=4  CAPS=0  RETURNS=4
KILLS=176
HOOK: fires=1255 lands=660 fails=403
SHELVES=24  DEADDOORS=0  CYCLES=0
acts: swim=26 lift=10 tele=2 rj=33
roles: escort_samples=45 recover_samples=313
attacker floors: {}
defenders: 0 distinct 100u-cells, moving=0 still=0
chat lines: 330 | sample: (Arach[SG]): haste rune at our base
kills by weapon: blaster=0 rail=134 rocket=27 mg=0 cg=0 hb=0 ssg=0
ACC w0 fires=6 hits=0
ACC w1 fires=5 hits=12
ACC w2 fires=3 hits=0
ACC w6 fires=532 hits=70
ACC w7 fires=13 hits=4
ACC w8 fires=1344 hits=166
ACC w0 fires=6 hits=0
ACC w1 fires=5 hits=12
ACC w2 fires=3 hits=0
ACC w6 fires=532 hits=70
ACC w7 fires=13 hits=4
ACC w8 fires=1344 hits=166
---- s06-5v3 lmctf44 fill=5:3 900s ----
STEALS=7  CAPS=4  RETURNS=1
KILLS=77
HOOK: fires=1075 lands=491 fails=252
SHELVES=36  DEADDOORS=0  CYCLES=2
acts: swim=37 lift=16 tele=8 rj=7
roles: escort_samples=387 recover_samples=492
attacker floors: {}
defenders: 0 distinct 100u-cells, moving=0 still=0
chat lines: 168 | sample: Rune[SG]: shall we
kills by weapon: blaster=0 rail=62 rocket=5 mg=0 cg=0 hb=1 ssg=0
ACC w0 fires=3 hits=0
ACC w2 fires=7 hits=4
ACC w4 fires=5 hits=0
ACC w6 fires=161 hits=30
ACC w7 fires=47 hits=19
ACC w8 fires=612 hits=85
ACC w0 fires=3 hits=0
ACC w2 fires=7 hits=4
ACC w4 fires=5 hits=0
ACC w6 fires=161 hits=30
ACC w7 fires=47 hits=19
ACC w8 fires=612 hits=85
---- s07-5v3 lmctf44 fill=5:3 900s ----
STEALS=5  CAPS=0  RETURNS=4
KILLS=74
HOOK: fires=813 lands=397 fails=209
SHELVES=55  DEADDOORS=0  CYCLES=0
acts: swim=20 lift=4 tele=15 rj=43
roles: escort_samples=72 recover_samples=144
attacker floors: {}
defenders: 0 distinct 100u-cells, moving=0 still=0
chat lines: 132 | sample: Rune[SG]: hello all
kills by weapon: blaster=0 rail=47 rocket=16 mg=0 cg=1 hb=2 ssg=1
ACC w0 fires=2 hits=0
ACC w2 fires=24 hits=33
ACC w4 fires=5 hits=23
ACC w6 fires=233 hits=43
ACC w7 fires=87 hits=15
ACC w8 fires=664 hits=61
ACC w0 fires=2 hits=0
ACC w2 fires=24 hits=33
ACC w4 fires=5 hits=23
ACC w6 fires=233 hits=43
ACC w7 fires=87 hits=15
ACC w8 fires=669 hits=64
---- s08-7v7 lmctf09 fill=7 600s ----
STEALS=3  CAPS=1  RETURNS=2
KILLS=153
HOOK: fires=1314 lands=596 fails=390
SHELVES=48  DEADDOORS=0  CYCLES=0
acts: swim=5 lift=18 tele=12 rj=4
roles: escort_samples=172 recover_samples=465
attacker floors: {}
defenders: 0 distinct 100u-cells, moving=0 still=0
chat lines: 142 | sample: Rune[SG]: evening
kills by weapon: blaster=1 rail=94 rocket=33 mg=0 cg=0 hb=0 ssg=0
ACC w6 fires=666 hits=87
ACC w8 fires=1417 hits=112
ACC w0 fires=71 hits=7
ACC w3 fires=4 hits=2
ACC w4 fires=7 hits=5
ACC w6 fires=672 hits=87
ACC w8 fires=1417 hits=112
ACC w0 fires=71 hits=7
ACC w3 fires=4 hits=2
ACC w4 fires=7 hits=5
ACC w6 fires=689 hits=88
ACC w8 fires=1417 hits=112
---- s09-ctrl lmctf01 fill=5 900s ----
STEALS=2  CAPS=0  RETURNS=2
KILLS=116
HOOK: fires=994 lands=497 fails=246
SHELVES=337  DEADDOORS=0  CYCLES=0
acts: swim=224 lift=15 tele=13 rj=17
roles: escort_samples=35 recover_samples=158
attacker floors: {}
defenders: 0 distinct 100u-cells, moving=0 still=0
chat lines: 124 | sample: (Arach[SG]): rune by the Rockets
kills by weapon: blaster=0 rail=70 rocket=30 mg=1 cg=0 hb=0 ssg=0
ACC w0 fires=16 hits=1
ACC w3 fires=7 hits=5
ACC w6 fires=478 hits=62
ACC w8 fires=543 hits=73
ACC w0 fires=16 hits=1
ACC w3 fires=7 hits=5
ACC w6 fires=479 hits=62
ACC w8 fires=543 hits=73
ACC w0 fires=16 hits=1
ACC w3 fires=7 hits=5
ACC w6 fires=479 hits=62
ACC w8 fires=548 hits=74
---- s10-5v1 smap05 fill=5:0 600s ----
STEALS=4  CAPS=4  RETURNS=0
KILLS=0
HOOK: fires=256 lands=104 fails=56
SHELVES=48  DEADDOORS=0  CYCLES=2
acts: swim=28 lift=0 tele=0 rj=0
roles: escort_samples=554 recover_samples=0
attacker floors: {}
defenders: 0 distinct 100u-cells, moving=0 still=0
chat lines: 40 | sample: (Arach[SG]): haste rune at the rg
kills by weapon: blaster=0 rail=0 rocket=0 mg=0 cg=0 hb=0 ssg=0
