=== WAVE 293 (free layout) ===
---- s01-2v2 lmctf03 fill=2 600s ----
STEALS=1  CAPS=0  RETURNS=1
KILLS=5
HOOK: fires=175 lands=50 fails=24
SHELVES=40  DEADDOORS=2  CYCLES=3
acts: swim=4 lift=2 tele=24 rj=14
roles: escort_samples=72 recover_samples=97
attacker floors: {}
defenders: 0 distinct 100u-cells, moving=0 still=0
chat lines: 60 | sample: (Caco[SG]): rune by the Health
kills by weapon: blaster=0 rail=2 rocket=3 mg=0 cg=0 hb=0 ssg=0
ACC w0 fires=2 hits=0
ACC w1 fires=22 hits=0
ACC w6 fires=24 hits=3
ACC w8 fires=18 hits=1
ACC w0 fires=2 hits=0
ACC w1 fires=22 hits=0
ACC w6 fires=24 hits=3
ACC w8 fires=18 hits=1
ACC w0 fires=3 hits=0
ACC w1 fires=22 hits=0
ACC w6 fires=30 hits=4
ACC w8 fires=20 hits=2
---- s02-2v2 lmctf03 fill=2 600s ----
STEALS=1  CAPS=0  RETURNS=1
KILLS=11
HOOK: fires=165 lands=52 fails=27
SHELVES=86  DEADDOORS=1  CYCLES=2
acts: swim=0 lift=13 tele=0 rj=0
roles: escort_samples=173 recover_samples=173
attacker floors: {}
defenders: 0 distinct 100u-cells, moving=0 still=0
chat lines: 67 | sample: (Caco[SG]): rune by the Health
kills by weapon: blaster=0 rail=6 rocket=4 mg=0 cg=0 hb=0 ssg=0
ACC w0 fires=3 hits=0
ACC w1 fires=3 hits=0
ACC w6 fires=24 hits=5
ACC w8 fires=151 hits=13
ACC w0 fires=3 hits=0
ACC w1 fires=3 hits=0
ACC w6 fires=24 hits=5
ACC w8 fires=151 hits=13
ACC w0 fires=3 hits=0
ACC w1 fires=3 hits=0
ACC w6 fires=28 hits=5
ACC w8 fires=151 hits=13
---- s03-5v5 lmctf22 fill=5 900s ----
STEALS=4  CAPS=0  RETURNS=3
KILLS=119
HOOK: fires=1169 lands=502 fails=185
SHELVES=100  DEADDOORS=0  CYCLES=1
acts: swim=6 lift=44 tele=39 rj=10
roles: escort_samples=73 recover_samples=598
attacker floors: {}
defenders: 0 distinct 100u-cells, moving=0 still=0
chat lines: 245 | sample: (Rune[SG]): rune by the Bullets
kills by weapon: blaster=0 rail=77 rocket=31 mg=0 cg=0 hb=0 ssg=1
ACC w6 fires=342 hits=62
ACC w8 fires=904 hits=95
ACC w0 fires=32 hits=8
ACC w2 fires=8 hits=29
ACC w3 fires=1 hits=0
ACC w6 fires=344 hits=63
ACC w8 fires=908 hits=95
ACC w0 fires=32 hits=8
ACC w2 fires=8 hits=29
ACC w3 fires=1 hits=0
ACC w6 fires=344 hits=63
ACC w8 fires=908 hits=95
---- s04-5v5 lmctf22 fill=5 900s ----
STEALS=4  CAPS=0  RETURNS=4
KILLS=100
HOOK: fires=1071 lands=455 fails=189
SHELVES=116  DEADDOORS=0  CYCLES=0
acts: swim=15 lift=27 tele=6 rj=52
roles: escort_samples=232 recover_samples=378
attacker floors: {}
defenders: 0 distinct 100u-cells, moving=0 still=0
chat lines: 197 | sample: (Arach[SG]): damage rune at the hb
kills by weapon: blaster=0 rail=67 rocket=19 mg=0 cg=0 hb=0 ssg=0
ACC w0 fires=4 hits=0
ACC w2 fires=5 hits=0
ACC w6 fires=222 hits=43
ACC w8 fires=791 hits=88
ACC w0 fires=5 hits=0
ACC w2 fires=5 hits=0
ACC w6 fires=225 hits=43
ACC w8 fires=799 hits=89
ACC w0 fires=5 hits=0
ACC w2 fires=5 hits=0
ACC w6 fires=231 hits=45
ACC w8 fires=800 hits=90
---- s05-5v5 mactf06 fill=5 900s ----
STEALS=0  CAPS=0  RETURNS=0
KILLS=90
HOOK: fires=996 lands=459 fails=287
SHELVES=75  DEADDOORS=0  CYCLES=0
acts: swim=47 lift=15 tele=0 rj=5
roles: escort_samples=0 recover_samples=0
attacker floors: {}
defenders: 0 distinct 100u-cells, moving=0 still=0
chat lines: 217 | sample: (Arach[SG]): haste rune at our base
kills by weapon: blaster=0 rail=76 rocket=13 mg=0 cg=0 hb=0 ssg=0
ACC w0 fires=23 hits=2
ACC w6 fires=214 hits=25
ACC w7 fires=10 hits=2
ACC w8 fires=746 hits=101
ACC w0 fires=23 hits=2
ACC w6 fires=214 hits=25
ACC w7 fires=10 hits=2
ACC w8 fires=746 hits=101
ACC w0 fires=23 hits=2
ACC w6 fires=214 hits=25
ACC w7 fires=10 hits=2
ACC w8 fires=746 hits=101
---- s06-5v3 lmctf44 fill=5:3 900s ----
STEALS=3  CAPS=0  RETURNS=3
KILLS=27
HOOK: fires=730 lands=290 fails=170
SHELVES=59  DEADDOORS=0  CYCLES=0
acts: swim=15 lift=17 tele=32 rj=0
roles: escort_samples=2 recover_samples=91
attacker floors: {}
defenders: 0 distinct 100u-cells, moving=0 still=0
chat lines: 79 | sample: Rune[SG]: evening
kills by weapon: blaster=0 rail=16 rocket=6 mg=0 cg=0 hb=3 ssg=0
ACC w7 fires=101 hits=15
ACC w8 fires=268 hits=26
ACC w2 fires=17 hits=11
ACC w4 fires=12 hits=9
ACC w6 fires=69 hits=15
ACC w7 fires=101 hits=15
ACC w8 fires=271 hits=28
ACC w2 fires=17 hits=11
ACC w4 fires=12 hits=9
ACC w6 fires=69 hits=15
ACC w7 fires=101 hits=15
ACC w8 fires=271 hits=28
---- s07-5v3 lmctf44 fill=5:3 900s ----
STEALS=5  CAPS=0  RETURNS=3
KILLS=41
HOOK: fires=927 lands=331 fails=202
SHELVES=57  DEADDOORS=0  CYCLES=0
acts: swim=26 lift=25 tele=21 rj=10
roles: escort_samples=171 recover_samples=227
attacker floors: {}
defenders: 0 distinct 100u-cells, moving=0 still=0
chat lines: 102 | sample: Rune[SG]: evening
kills by weapon: blaster=2 rail=22 rocket=12 mg=0 cg=0 hb=1 ssg=0
ACC w0 fires=42 hits=7
ACC w2 fires=2 hits=0
ACC w4 fires=13 hits=8
ACC w6 fires=139 hits=30
ACC w7 fires=38 hits=5
ACC w8 fires=431 hits=36
ACC w0 fires=42 hits=7
ACC w2 fires=2 hits=0
ACC w4 fires=13 hits=8
ACC w6 fires=146 hits=30
ACC w7 fires=38 hits=5
ACC w8 fires=433 hits=36
---- s08-7v7 lmctf09 fill=7 600s ----
STEALS=0  CAPS=0  RETURNS=0
KILLS=173
HOOK: fires=1325 lands=542 fails=377
SHELVES=149  DEADDOORS=0  CYCLES=0
acts: swim=6 lift=6 tele=14 rj=7
roles: escort_samples=0 recover_samples=0
attacker floors: {}
defenders: 0 distinct 100u-cells, moving=0 still=0
chat lines: 147 | sample: (Caco[SG]): damage rune at our base
kills by weapon: blaster=1 rail=129 rocket=28 mg=0 cg=0 hb=0 ssg=0
ACC w0 fires=91 hits=14
ACC w6 fires=414 hits=62
ACC w8 fires=1439 hits=144
ACC w0 fires=91 hits=14
ACC w6 fires=414 hits=62
ACC w8 fires=1446 hits=145
ACC w0 fires=91 hits=14
ACC w6 fires=414 hits=62
ACC w8 fires=1447 hits=145
ACC w0 fires=91 hits=14
ACC w6 fires=414 hits=62
ACC w8 fires=1457 hits=148
---- s09-ctrl lmctf01 fill=5 900s ----
STEALS=1  CAPS=0  RETURNS=0
KILLS=83
HOOK: fires=1065 lands=397 fails=212
SHELVES=191  DEADDOORS=0  CYCLES=0
acts: swim=326 lift=0 tele=0 rj=0
roles: escort_samples=98 recover_samples=229
attacker floors: {}
defenders: 0 distinct 100u-cells, moving=0 still=0
chat lines: 104 | sample: (Arach[SG]): regen rune at our base
kills by weapon: blaster=0 rail=56 rocket=18 mg=1 cg=2 hb=0 ssg=0
ACC w6 fires=344 hits=43
ACC w8 fires=561 hits=59
ACC w0 fires=35 hits=5
ACC w3 fires=2 hits=1
ACC w4 fires=27 hits=36
ACC w6 fires=348 hits=43
ACC w8 fires=576 hits=60
ACC w0 fires=35 hits=5
ACC w3 fires=2 hits=1
ACC w4 fires=27 hits=36
ACC w6 fires=349 hits=43
ACC w8 fires=589 hits=63
---- s10-5v1 smap05 fill=5:1 600s ----
STEALS=6  CAPS=2  RETURNS=1
KILLS=29
HOOK: fires=484 lands=165 fails=114
SHELVES=84  DEADDOORS=0  CYCLES=2
acts: swim=34 lift=6 tele=0 rj=4
roles: escort_samples=335 recover_samples=394
attacker floors: {}
defenders: 0 distinct 100u-cells, moving=0 still=0
chat lines: 83 | sample: (Arach[SG]): haste rune at the rg
kills by weapon: blaster=0 rail=19 rocket=8 mg=0 cg=0 hb=0 ssg=0
ACC w6 fires=86 hits=14
ACC w8 fires=161 hits=20
ACC w6 fires=86 hits=14
ACC w8 fires=161 hits=20
ACC w6 fires=88 hits=15
ACC w8 fires=165 hits=20
ACC w6 fires=88 hits=15
ACC w8 fires=169 hits=21
ACC w6 fires=88 hits=15
ACC w8 fires=169 hits=21
ACC w6 fires=88 hits=15
ACC w8 fires=169 hits=21
