=== WAVE 323 (free layout) ===
---- s01-2v2 lmctf03 fill=2 600s ----
STEALS=4  CAPS=1  RETURNS=1
KILLS=19
HOOK: fires=304 lands=145 fails=42
SHELVES=66  DEADDOORS=4  CYCLES=10
acts: swim=0 lift=1 tele=3 rj=0
roles: escort_samples=280 recover_samples=285
attacker floors: {}
defenders: 0 distinct 100u-cells, moving=0 still=0
chat lines: 99 | sample: (Arach[SG]): damage rune at our base
kills by weapon: blaster=0 rail=10 rocket=8 mg=0 cg=0 hb=0 ssg=0
ACC w1 fires=1 hits=0
ACC w6 fires=63 hits=14
ACC w8 fires=172 hits=14
ACC w1 fires=1 hits=0
ACC w6 fires=63 hits=14
ACC w8 fires=172 hits=14
ACC w1 fires=1 hits=0
ACC w6 fires=63 hits=14
ACC w8 fires=172 hits=14
ACC w1 fires=1 hits=0
ACC w6 fires=63 hits=14
ACC w8 fires=172 hits=14
---- s02-2v2 lmctf03 fill=2 600s ----
STEALS=2  CAPS=0  RETURNS=2
KILLS=11
HOOK: fires=137 lands=51 fails=27
SHELVES=139  DEADDOORS=1  CYCLES=2
acts: swim=0 lift=21 tele=20 rj=0
roles: escort_samples=211 recover_samples=215
attacker floors: {}
defenders: 0 distinct 100u-cells, moving=0 still=0
chat lines: 68 | sample: (Rune[SG]): haste rune at our base
kills by weapon: blaster=0 rail=5 rocket=4 mg=0 cg=0 hb=0 ssg=2
ACC w2 fires=14 hits=20
ACC w6 fires=28 hits=8
ACC w8 fires=82 hits=7
ACC w2 fires=14 hits=20
ACC w6 fires=28 hits=8
ACC w8 fires=82 hits=7
ACC w2 fires=14 hits=20
ACC w6 fires=28 hits=8
ACC w8 fires=82 hits=7
ACC w2 fires=14 hits=20
ACC w6 fires=28 hits=8
ACC w8 fires=82 hits=7
---- s03-5v5 lmctf22 fill=5 900s ----
STEALS=11  CAPS=0  RETURNS=9
KILLS=162
HOOK: fires=888 lands=430 fails=202
SHELVES=88  DEADDOORS=0  CYCLES=0
acts: swim=10 lift=3 tele=8 rj=12
roles: escort_samples=299 recover_samples=423
attacker floors: {}
defenders: 0 distinct 100u-cells, moving=0 still=0
chat lines: 259 | sample: (Arach[SG]): regen rune at the hb
kills by weapon: blaster=1 rail=121 rocket=29 mg=0 cg=0 hb=0 ssg=1
ACC w7 fires=16 hits=3
ACC w8 fires=1159 hits=137
ACC w0 fires=27 hits=8
ACC w2 fires=5 hits=6
ACC w6 fires=319 hits=55
ACC w7 fires=16 hits=3
ACC w8 fires=1159 hits=137
ACC w0 fires=27 hits=8
ACC w2 fires=5 hits=6
ACC w6 fires=319 hits=55
ACC w7 fires=16 hits=3
ACC w8 fires=1163 hits=138
---- s04-5v5 lmctf22 fill=5 900s ----
STEALS=15  CAPS=4  RETURNS=9
KILLS=200
HOOK: fires=1183 lands=599 fails=253
SHELVES=62  DEADDOORS=0  CYCLES=4
acts: swim=1 lift=15 tele=16 rj=13
roles: escort_samples=680 recover_samples=1253
attacker floors: {}
defenders: 0 distinct 100u-cells, moving=0 still=0
chat lines: 339 | sample: (Slip[SG]): damage rune at our base
kills by weapon: blaster=0 rail=131 rocket=54 mg=0 cg=0 hb=1 ssg=0
ACC w0 fires=21 hits=3
ACC w2 fires=6 hits=9
ACC w3 fires=7 hits=2
ACC w6 fires=501 hits=93
ACC w7 fires=15 hits=4
ACC w8 fires=1341 hits=144
ACC w0 fires=21 hits=3
ACC w2 fires=6 hits=9
ACC w3 fires=7 hits=2
ACC w6 fires=501 hits=93
ACC w7 fires=15 hits=4
ACC w8 fires=1341 hits=144
---- s05-5v5 mactf06 fill=5 900s ----
STEALS=11  CAPS=2  RETURNS=8
KILLS=195
HOOK: fires=1184 lands=654 fails=448
SHELVES=23  DEADDOORS=0  CYCLES=1
acts: swim=9 lift=7 tele=11 rj=11
roles: escort_samples=236 recover_samples=654
attacker floors: {}
defenders: 0 distinct 100u-cells, moving=0 still=0
chat lines: 349 | sample: (Arach[SG]): haste rune at our base
kills by weapon: blaster=1 rail=141 rocket=41 mg=0 cg=0 hb=0 ssg=1
ACC w6 fires=553 hits=80
ACC w8 fires=1525 hits=178
ACC w0 fires=27 hits=5
ACC w1 fires=24 hits=32
ACC w2 fires=5 hits=16
ACC w6 fires=555 hits=81
ACC w8 fires=1536 hits=181
ACC w0 fires=27 hits=5
ACC w1 fires=24 hits=32
ACC w2 fires=5 hits=16
ACC w6 fires=561 hits=82
ACC w8 fires=1547 hits=182
---- s06-5v3 lmctf44 fill=5:3 900s ----
STEALS=9  CAPS=3  RETURNS=5
KILLS=88
HOOK: fires=1101 lands=480 fails=219
SHELVES=44  DEADDOORS=0  CYCLES=0
acts: swim=16 lift=9 tele=15 rj=7
roles: escort_samples=504 recover_samples=649
attacker floors: {}
defenders: 0 distinct 100u-cells, moving=0 still=0
chat lines: 162 | sample: Rune[SG]: here we go again
kills by weapon: blaster=0 rail=64 rocket=14 mg=0 cg=1 hb=0 ssg=1
ACC w0 fires=8 hits=2
ACC w2 fires=33 hits=30
ACC w4 fires=19 hits=17
ACC w6 fires=229 hits=43
ACC w7 fires=10 hits=1
ACC w8 fires=761 hits=81
ACC w0 fires=8 hits=2
ACC w2 fires=33 hits=30
ACC w4 fires=19 hits=17
ACC w6 fires=229 hits=43
ACC w7 fires=10 hits=1
ACC w8 fires=762 hits=82
---- s07-5v3 lmctf44 fill=5:3 900s ----
STEALS=9  CAPS=0  RETURNS=8
KILLS=101
HOOK: fires=871 lands=412 fails=250
SHELVES=37  DEADDOORS=0  CYCLES=2
acts: swim=16 lift=21 tele=6 rj=18
roles: escort_samples=224 recover_samples=361
attacker floors: {}
defenders: 0 distinct 100u-cells, moving=0 still=0
chat lines: 157 | sample: Rune[SG]: shall we
kills by weapon: blaster=0 rail=65 rocket=28 mg=0 cg=0 hb=1 ssg=2
ACC w7 fires=21 hits=5
ACC w8 fires=700 hits=80
ACC w0 fires=17 hits=5
ACC w2 fires=11 hits=16
ACC w6 fires=274 hits=52
ACC w7 fires=21 hits=5
ACC w8 fires=706 hits=81
ACC w0 fires=17 hits=5
ACC w2 fires=11 hits=16
ACC w6 fires=277 hits=52
ACC w7 fires=21 hits=5
ACC w8 fires=714 hits=81
---- s08-7v7 lmctf09 fill=7 600s ----
STEALS=9  CAPS=0  RETURNS=7
KILLS=166
HOOK: fires=1268 lands=572 fails=391
SHELVES=77  DEADDOORS=0  CYCLES=0
acts: swim=13 lift=7 tele=13 rj=6
roles: escort_samples=139 recover_samples=350
attacker floors: {}
defenders: 0 distinct 100u-cells, moving=0 still=0
chat lines: 187 | sample: (Slip[SG]): damage rune at our base
kills by weapon: blaster=2 rail=113 rocket=35 mg=0 cg=1 hb=0 ssg=0
ACC w6 fires=485 hits=83
ACC w8 fires=1579 hits=135
ACC w0 fires=96 hits=8
ACC w2 fires=21 hits=8
ACC w4 fires=9 hits=3
ACC w6 fires=485 hits=83
ACC w8 fires=1579 hits=135
ACC w0 fires=96 hits=8
ACC w2 fires=21 hits=8
ACC w4 fires=9 hits=3
ACC w6 fires=487 hits=84
ACC w8 fires=1614 hits=140
---- s09-ctrl lmctf01 fill=5 900s ----
STEALS=4  CAPS=0  RETURNS=4
KILLS=135
HOOK: fires=1060 lands=485 fails=263
SHELVES=341  DEADDOORS=0  CYCLES=0
acts: swim=183 lift=10 tele=27 rj=7
roles: escort_samples=120 recover_samples=272
attacker floors: {}
defenders: 0 distinct 100u-cells, moving=0 still=0
chat lines: 139 | sample: (Arach[SG]): regen rune at our base
kills by weapon: blaster=0 rail=83 rocket=41 mg=0 cg=0 hb=0 ssg=1
ACC w6 fires=543 hits=88
ACC w8 fires=672 hits=89
ACC w0 fires=98 hits=7
ACC w2 fires=15 hits=31
ACC w3 fires=7 hits=0
ACC w6 fires=543 hits=88
ACC w8 fires=672 hits=89
ACC w0 fires=98 hits=7
ACC w2 fires=15 hits=31
ACC w3 fires=7 hits=0
ACC w6 fires=543 hits=88
ACC w8 fires=672 hits=89
---- s10-5v1 smap05 fill=5:0 600s ----
STEALS=5  CAPS=4  RETURNS=0
KILLS=0
HOOK: fires=281 lands=104 fails=91
SHELVES=54  DEADDOORS=0  CYCLES=6
acts: swim=100 lift=0 tele=0 rj=0
roles: escort_samples=622 recover_samples=0
attacker floors: {}
defenders: 0 distinct 100u-cells, moving=0 still=0
chat lines: 43 | sample: (Arach[SG]): haste rune at the rg
kills by weapon: blaster=0 rail=0 rocket=0 mg=0 cg=0 hb=0 ssg=0
