=== WAVE 324 (free layout) ===
---- s01-2v2 lmctf03 fill=2 600s ----
STEALS=3  CAPS=0  RETURNS=1
KILLS=13
HOOK: fires=215 lands=77 fails=39
SHELVES=49  DEADDOORS=4  CYCLES=6
acts: swim=0 lift=5 tele=0 rj=8
roles: escort_samples=327 recover_samples=382
attacker floors: {}
defenders: 0 distinct 100u-cells, moving=0 still=0
chat lines: 100 | sample: (Rune[SG]): rune by the Bullets
kills by weapon: blaster=0 rail=7 rocket=2 mg=1 cg=0 hb=0 ssg=1
ACC w1 fires=23 hits=24
ACC w3 fires=5 hits=6
ACC w6 fires=64 hits=11
ACC w8 fires=173 hits=12
ACC w1 fires=23 hits=24
ACC w3 fires=5 hits=6
ACC w6 fires=64 hits=11
ACC w8 fires=173 hits=12
ACC w1 fires=23 hits=24
ACC w3 fires=5 hits=6
ACC w6 fires=64 hits=11
ACC w8 fires=173 hits=12
---- s02-2v2 lmctf03 fill=2 600s ----
STEALS=0  CAPS=0  RETURNS=0
KILLS=6
HOOK: fires=180 lands=118 fails=49
SHELVES=66  DEADDOORS=2  CYCLES=0
acts: swim=9 lift=49 tele=0 rj=0
roles: escort_samples=0 recover_samples=0
attacker floors: {}
defenders: 0 distinct 100u-cells, moving=0 still=0
chat lines: 55 | sample: (Caco[SG]): damage rune at yellow armor
kills by weapon: blaster=0 rail=3 rocket=1 mg=1 cg=0 hb=0 ssg=0
ACC w3 fires=1 hits=2
ACC w6 fires=25 hits=5
ACC w8 fires=44 hits=6
ACC w3 fires=1 hits=2
ACC w6 fires=25 hits=5
ACC w8 fires=44 hits=6
ACC w3 fires=1 hits=2
ACC w6 fires=25 hits=5
ACC w8 fires=44 hits=6
ACC w3 fires=1 hits=2
ACC w6 fires=25 hits=5
ACC w8 fires=44 hits=6
---- s03-5v5 lmctf22 fill=5 900s ----
STEALS=19  CAPS=5  RETURNS=13
KILLS=166
HOOK: fires=1096 lands=525 fails=215
SHELVES=50  DEADDOORS=0  CYCLES=5
acts: swim=11 lift=12 tele=16 rj=24
roles: escort_samples=615 recover_samples=1240
attacker floors: {}
defenders: 0 distinct 100u-cells, moving=0 still=0
chat lines: 271 | sample: (Arach[SG]): regen rune at the hb
kills by weapon: blaster=3 rail=127 rocket=23 mg=0 cg=0 hb=0 ssg=0
ACC w6 fires=288 hits=55
ACC w8 fires=1221 hits=139
ACC w0 fires=76 hits=21
ACC w2 fires=5 hits=0
ACC w3 fires=18 hits=7
ACC w6 fires=288 hits=55
ACC w8 fires=1221 hits=139
ACC w0 fires=76 hits=21
ACC w2 fires=5 hits=0
ACC w3 fires=18 hits=7
ACC w6 fires=288 hits=55
ACC w8 fires=1221 hits=139
---- s04-5v5 lmctf22 fill=5 900s ----
STEALS=24  CAPS=3  RETURNS=17
KILLS=197
HOOK: fires=1194 lands=582 fails=240
SHELVES=57  DEADDOORS=0  CYCLES=2
acts: swim=8 lift=11 tele=6 rj=10
roles: escort_samples=806 recover_samples=1426
attacker floors: {}
defenders: 0 distinct 100u-cells, moving=0 still=0
chat lines: 344 | sample: (Gate[SG]): regen rune at our base
kills by weapon: blaster=0 rail=138 rocket=41 mg=0 cg=1 hb=0 ssg=0
ACC w7 fires=2 hits=0
ACC w8 fires=1262 hits=159
ACC w0 fires=13 hits=1
ACC w4 fires=4 hits=2
ACC w6 fires=468 hits=97
ACC w7 fires=2 hits=0
ACC w8 fires=1268 hits=159
ACC w0 fires=13 hits=1
ACC w4 fires=4 hits=2
ACC w6 fires=472 hits=97
ACC w7 fires=2 hits=0
ACC w8 fires=1280 hits=160
---- s05-5v5 mactf06 fill=5 900s ----
STEALS=10  CAPS=1  RETURNS=7
KILLS=178
HOOK: fires=1048 lands=612 fails=413
SHELVES=13  DEADDOORS=0  CYCLES=0
acts: swim=19 lift=8 tele=9 rj=7
roles: escort_samples=388 recover_samples=540
attacker floors: {}
defenders: 0 distinct 100u-cells, moving=0 still=0
chat lines: 368 | sample: (Arach[SG]): haste rune at our base
kills by weapon: blaster=0 rail=139 rocket=28 mg=0 cg=0 hb=0 ssg=0
ACC w0 fires=23 hits=2
ACC w6 fires=502 hits=76
ACC w7 fires=2 hits=0
ACC w8 fires=1620 hits=175
ACC w0 fires=23 hits=2
ACC w6 fires=502 hits=76
ACC w7 fires=2 hits=0
ACC w8 fires=1620 hits=175
ACC w0 fires=23 hits=2
ACC w6 fires=502 hits=76
ACC w7 fires=2 hits=0
ACC w8 fires=1624 hits=177
---- s06-5v3 lmctf44 fill=5:3 900s ----
STEALS=7  CAPS=2  RETURNS=5
KILLS=90
HOOK: fires=1035 lands=474 fails=221
SHELVES=45  DEADDOORS=0  CYCLES=2
acts: swim=18 lift=14 tele=14 rj=24
roles: escort_samples=289 recover_samples=591
attacker floors: {}
defenders: 0 distinct 100u-cells, moving=0 still=0
chat lines: 156 | sample: Rune[SG]: back for more
kills by weapon: blaster=0 rail=58 rocket=17 mg=0 cg=0 hb=2 ssg=0
ACC w7 fires=10 hits=4
ACC w8 fires=575 hits=75
ACC w0 fires=6 hits=0
ACC w2 fires=5 hits=4
ACC w6 fires=242 hits=58
ACC w7 fires=10 hits=4
ACC w8 fires=575 hits=75
ACC w0 fires=6 hits=0
ACC w2 fires=5 hits=4
ACC w6 fires=242 hits=58
ACC w7 fires=10 hits=4
ACC w8 fires=586 hits=77
---- s07-5v3 lmctf44 fill=5:3 900s ----
STEALS=6  CAPS=1  RETURNS=5
KILLS=95
HOOK: fires=846 lands=398 fails=240
SHELVES=21  DEADDOORS=0  CYCLES=0
acts: swim=6 lift=10 tele=21 rj=18
roles: escort_samples=122 recover_samples=199
attacker floors: {}
defenders: 0 distinct 100u-cells, moving=0 still=0
chat lines: 142 | sample: Rune[SG]: lovely
kills by weapon: blaster=0 rail=59 rocket=26 mg=0 cg=0 hb=2 ssg=0
ACC w0 fires=5 hits=2
ACC w2 fires=9 hits=0
ACC w4 fires=3 hits=0
ACC w6 fires=308 hits=47
ACC w7 fires=13 hits=3
ACC w8 fires=691 hits=80
ACC w0 fires=5 hits=2
ACC w2 fires=9 hits=0
ACC w4 fires=3 hits=0
ACC w6 fires=308 hits=47
ACC w7 fires=13 hits=3
ACC w8 fires=691 hits=80
---- s08-7v7 lmctf09 fill=7 600s ----
STEALS=9  CAPS=0  RETURNS=9
KILLS=181
HOOK: fires=1291 lands=574 fails=393
SHELVES=67  DEADDOORS=0  CYCLES=0
acts: swim=9 lift=2 tele=2 rj=7
roles: escort_samples=93 recover_samples=282
attacker floors: {}
defenders: 0 distinct 100u-cells, moving=0 still=0
chat lines: 202 | sample: Rune[SG]: back for more
kills by weapon: blaster=1 rail=129 rocket=41 mg=0 cg=0 hb=0 ssg=0
ACC w0 fires=101 hits=10
ACC w2 fires=9 hits=8
ACC w6 fires=514 hits=88
ACC w8 fires=1744 hits=158
ACC w0 fires=101 hits=10
ACC w2 fires=17 hits=23
ACC w6 fires=514 hits=89
ACC w8 fires=1780 hits=163
ACC w0 fires=101 hits=10
ACC w2 fires=17 hits=23
ACC w6 fires=518 hits=90
ACC w8 fires=1793 hits=165
---- s09-ctrl lmctf01 fill=5 900s ----
STEALS=3  CAPS=0  RETURNS=3
KILLS=121
HOOK: fires=1062 lands=473 fails=253
SHELVES=279  DEADDOORS=0  CYCLES=0
acts: swim=211 lift=14 tele=13 rj=13
roles: escort_samples=210 recover_samples=204
attacker floors: {}
defenders: 0 distinct 100u-cells, moving=0 still=0
chat lines: 116 | sample: (Arach[SG]): rune by the Rockets
kills by weapon: blaster=0 rail=62 rocket=43 mg=0 cg=0 hb=0 ssg=0
ACC w0 fires=59 hits=2
ACC w3 fires=1 hits=0
ACC w6 fires=535 hits=85
ACC w8 fires=647 hits=66
ACC w0 fires=59 hits=2
ACC w3 fires=1 hits=0
ACC w6 fires=535 hits=85
ACC w8 fires=647 hits=66
ACC w0 fires=59 hits=2
ACC w3 fires=1 hits=0
ACC w6 fires=535 hits=85
ACC w8 fires=651 hits=66
---- s10-5v1 smap05 fill=5:0 600s ----
STEALS=5  CAPS=5  RETURNS=0
KILLS=0
HOOK: fires=290 lands=108 fails=75
SHELVES=39  DEADDOORS=0  CYCLES=1
acts: swim=32 lift=0 tele=0 rj=0
roles: escort_samples=615 recover_samples=0
attacker floors: {}
defenders: 0 distinct 100u-cells, moving=0 still=0
chat lines: 39 | sample: (Arach[SG]): haste rune at the rg
kills by weapon: blaster=0 rail=0 rocket=0 mg=0 cg=0 hb=0 ssg=0
