=== WAVE 303 (free layout) ===
---- s01-2v2 lmctf03 fill=2 600s ----
STEALS=2  CAPS=0  RETURNS=1
KILLS=9
HOOK: fires=232 lands=79 fails=25
SHELVES=74  DEADDOORS=4  CYCLES=0
acts: swim=0 lift=22 tele=8 rj=1
roles: escort_samples=50 recover_samples=83
attacker floors: {}
defenders: 0 distinct 100u-cells, moving=0 still=0
chat lines: 68 | sample: (Arach[SG]): damage rune at our base
kills by weapon: blaster=0 rail=5 rocket=1 mg=0 cg=0 hb=0 ssg=0
ACC w6 fires=31 hits=6
ACC w8 fires=55 hits=7
ACC w6 fires=31 hits=6
ACC w8 fires=55 hits=7
ACC w6 fires=31 hits=6
ACC w8 fires=55 hits=7
ACC w6 fires=31 hits=6
ACC w8 fires=55 hits=7
ACC w6 fires=31 hits=6
ACC w8 fires=55 hits=7
ACC w6 fires=31 hits=6
ACC w8 fires=55 hits=7
---- s02-2v2 lmctf03 fill=2 600s ----
STEALS=0  CAPS=0  RETURNS=0
KILLS=5
HOOK: fires=127 lands=39 fails=18
SHELVES=43  DEADDOORS=1  CYCLES=0
acts: swim=19 lift=49 tele=0 rj=0
roles: escort_samples=0 recover_samples=0
attacker floors: {}
defenders: 0 distinct 100u-cells, moving=0 still=0
chat lines: 32 | sample: (Caco[SG]): rune by the Health
kills by weapon: blaster=0 rail=2 rocket=0 mg=0 cg=0 hb=0 ssg=0
ACC w6 fires=23 hits=6
ACC w8 fires=71 hits=5
ACC w6 fires=23 hits=6
ACC w8 fires=71 hits=5
ACC w6 fires=23 hits=6
ACC w8 fires=71 hits=5
ACC w6 fires=23 hits=6
ACC w8 fires=71 hits=5
ACC w6 fires=23 hits=6
ACC w8 fires=71 hits=5
ACC w6 fires=23 hits=6
ACC w8 fires=71 hits=5
---- s03-5v5 lmctf22 fill=5 900s ----
STEALS=3  CAPS=0  RETURNS=2
KILLS=110
HOOK: fires=1101 lands=459 fails=193
SHELVES=113  DEADDOORS=0  CYCLES=14
acts: swim=20 lift=15 tele=21 rj=26
roles: escort_samples=434 recover_samples=1325
attacker floors: {}
defenders: 0 distinct 100u-cells, moving=0 still=0
chat lines: 200 | sample: (Arach[SG]): haste rune at the hb
kills by weapon: blaster=0 rail=81 rocket=18 mg=0 cg=0 hb=0 ssg=0
ACC w8 fires=870 hits=98
ACC w0 fires=18 hits=4
ACC w6 fires=262 hits=42
ACC w8 fires=870 hits=98
ACC w0 fires=18 hits=4
ACC w4 fires=1 hits=0
ACC w6 fires=263 hits=43
ACC w8 fires=880 hits=99
ACC w0 fires=18 hits=4
ACC w4 fires=1 hits=0
ACC w6 fires=263 hits=43
ACC w8 fires=880 hits=99
---- s04-5v5 lmctf22 fill=5 900s ----
STEALS=2  CAPS=0  RETURNS=0
KILLS=102
HOOK: fires=1163 lands=511 fails=227
SHELVES=86  DEADDOORS=0  CYCLES=14
acts: swim=20 lift=10 tele=27 rj=34
roles: escort_samples=257 recover_samples=1167
attacker floors: {}
defenders: 0 distinct 100u-cells, moving=0 still=0
chat lines: 215 | sample: (Rune[SG]): regen rune at the hb
kills by weapon: blaster=0 rail=67 rocket=17 mg=0 cg=1 hb=0 ssg=0
ACC w6 fires=249 hits=45
ACC w8 fires=920 hits=87
ACC w2 fires=2 hits=0
ACC w3 fires=2 hits=0
ACC w4 fires=11 hits=9
ACC w6 fires=249 hits=45
ACC w8 fires=920 hits=87
ACC w2 fires=2 hits=0
ACC w3 fires=2 hits=0
ACC w4 fires=11 hits=9
ACC w6 fires=249 hits=45
ACC w8 fires=920 hits=87
---- s05-5v5 mactf06 fill=5 900s ----
STEALS=1  CAPS=0  RETURNS=0
KILLS=105
HOOK: fires=998 lands=473 fails=284
SHELVES=52  DEADDOORS=0  CYCLES=0
acts: swim=19 lift=25 tele=9 rj=4
roles: escort_samples=26 recover_samples=145
attacker floors: {}
defenders: 0 distinct 100u-cells, moving=0 still=0
chat lines: 233 | sample: (Arach[SG]): haste rune at our base
kills by weapon: blaster=0 rail=89 rocket=13 mg=0 cg=0 hb=0 ssg=0
ACC w7 fires=8 hits=2
ACC w8 fires=1068 hits=99
ACC w0 fires=22 hits=2
ACC w1 fires=1 hits=0
ACC w6 fires=334 hits=39
ACC w7 fires=8 hits=2
ACC w8 fires=1080 hits=100
ACC w0 fires=22 hits=2
ACC w1 fires=1 hits=0
ACC w6 fires=334 hits=39
ACC w7 fires=8 hits=2
ACC w8 fires=1080 hits=100
---- s06-5v3 lmctf44 fill=5:3 900s ----
STEALS=3  CAPS=0  RETURNS=3
KILLS=43
HOOK: fires=833 lands=308 fails=190
SHELVES=46  DEADDOORS=0  CYCLES=2
acts: swim=21 lift=8 tele=29 rj=0
roles: escort_samples=162 recover_samples=236
attacker floors: {}
defenders: 0 distinct 100u-cells, moving=0 still=0
chat lines: 107 | sample: Rune[SG]: right then
kills by weapon: blaster=0 rail=30 rocket=8 mg=0 cg=0 hb=0 ssg=0
ACC w4 fires=3 hits=0
ACC w6 fires=99 hits=23
ACC w8 fires=445 hits=41
ACC w4 fires=3 hits=0
ACC w6 fires=99 hits=23
ACC w8 fires=446 hits=42
ACC w4 fires=3 hits=0
ACC w6 fires=99 hits=23
ACC w8 fires=446 hits=42
ACC w4 fires=3 hits=0
ACC w6 fires=99 hits=23
ACC w8 fires=446 hits=42
---- s07-5v3 lmctf44 fill=5:3 900s ----
STEALS=3  CAPS=0  RETURNS=1
KILLS=46
HOOK: fires=871 lands=364 fails=209
SHELVES=84  DEADDOORS=0  CYCLES=0
acts: swim=24 lift=0 tele=0 rj=15
roles: escort_samples=92 recover_samples=102
attacker floors: {}
defenders: 0 distinct 100u-cells, moving=0 still=0
chat lines: 109 | sample: Rune[SG]: shall we
kills by weapon: blaster=0 rail=29 rocket=10 mg=0 cg=2 hb=0 ssg=0
ACC w7 fires=13 hits=4
ACC w8 fires=341 hits=44
ACC w2 fires=2 hits=4
ACC w4 fires=35 hits=23
ACC w6 fires=89 hits=22
ACC w7 fires=13 hits=4
ACC w8 fires=341 hits=44
ACC w2 fires=2 hits=4
ACC w4 fires=35 hits=23
ACC w6 fires=89 hits=22
ACC w7 fires=13 hits=4
ACC w8 fires=341 hits=44
---- s08-7v7 lmctf09 fill=7 600s ----
STEALS=3  CAPS=0  RETURNS=2
KILLS=149
HOOK: fires=1236 lands=493 fails=351
SHELVES=147  DEADDOORS=0  CYCLES=0
acts: swim=4 lift=8 tele=11 rj=7
roles: escort_samples=21 recover_samples=250
attacker floors: {}
defenders: 0 distinct 100u-cells, moving=0 still=0
chat lines: 186 | sample: Rune[SG]: shall we
kills by weapon: blaster=3 rail=111 rocket=23 mg=0 cg=0 hb=0 ssg=0
ACC w6 fires=248 hits=50
ACC w8 fires=1171 hits=127
ACC w0 fires=91 hits=13
ACC w2 fires=8 hits=0
ACC w4 fires=7 hits=3
ACC w6 fires=248 hits=50
ACC w8 fires=1177 hits=128
ACC w0 fires=91 hits=13
ACC w2 fires=8 hits=0
ACC w4 fires=7 hits=3
ACC w6 fires=248 hits=50
ACC w8 fires=1182 hits=130
---- s09-ctrl lmctf01 fill=5 900s ----
STEALS=1  CAPS=0  RETURNS=1
KILLS=55
HOOK: fires=903 lands=336 fails=206
SHELVES=268  DEADDOORS=0  CYCLES=0
acts: swim=548 lift=1 tele=18 rj=0
roles: escort_samples=0 recover_samples=0
attacker floors: {}
defenders: 0 distinct 100u-cells, moving=0 still=0
chat lines: 87 | sample: (Arach[SG]): regen rune at our base
kills by weapon: blaster=0 rail=32 rocket=16 mg=0 cg=0 hb=0 ssg=0
ACC w0 fires=14 hits=1
ACC w6 fires=276 hits=34
ACC w8 fires=381 hits=35
ACC w0 fires=14 hits=1
ACC w6 fires=276 hits=34
ACC w8 fires=381 hits=35
ACC w0 fires=14 hits=1
ACC w6 fires=277 hits=34
ACC w8 fires=411 hits=35
ACC w0 fires=14 hits=1
ACC w6 fires=284 hits=34
ACC w8 fires=419 hits=37
---- s10-5v1 smap05 fill=5:1 600s ----
STEALS=5  CAPS=0  RETURNS=0
KILLS=33
HOOK: fires=442 lands=153 fails=91
SHELVES=81  DEADDOORS=0  CYCLES=4
acts: swim=112 lift=8 tele=0 rj=21
roles: escort_samples=438 recover_samples=398
attacker floors: {}
defenders: 0 distinct 100u-cells, moving=0 still=0
chat lines: 82 | sample: (Arach[SG]): haste rune at the rg
kills by weapon: blaster=0 rail=24 rocket=3 mg=0 cg=0 hb=0 ssg=0
ACC w0 fires=9 hits=1
ACC w4 fires=2 hits=0
ACC w6 fires=96 hits=18
ACC w8 fires=221 hits=25
ACC w0 fires=9 hits=1
ACC w4 fires=2 hits=0
ACC w6 fires=96 hits=18
ACC w8 fires=222 hits=26
ACC w0 fires=9 hits=1
ACC w4 fires=2 hits=0
ACC w6 fires=96 hits=18
ACC w8 fires=222 hits=26
