=== WAVE 337 (free layout) ===
---- s01-2v2 lmctf03 fill=2 600s ----
STEALS=1  CAPS=0  RETURNS=0
KILLS=11
HOOK: fires=185 lands=84 fails=36
SHELVES=299  DEADDOORS=4  CYCLES=3
acts: swim=0 lift=25 tele=14 rj=13
roles: escort_samples=525 recover_samples=524
attacker floors: {}
defenders: 0 distinct 100u-cells, moving=0 still=0
chat lines: 51 | sample: (Arach[SG]): damage rune at our base
kills by weapon: blaster=0 rail=3 rocket=7 mg=0 cg=0 hb=0 ssg=0
ACC w1 fires=14 hits=8
ACC w6 fires=55 hits=12
ACC w8 fires=40 hits=4
ACC w1 fires=14 hits=8
ACC w6 fires=55 hits=12
ACC w8 fires=40 hits=4
ACC w1 fires=14 hits=8
ACC w6 fires=55 hits=12
ACC w8 fires=40 hits=4
ACC w1 fires=14 hits=8
ACC w6 fires=55 hits=12
ACC w8 fires=40 hits=4
---- s02-2v2 lmctf03 fill=2 600s ----
STEALS=0  CAPS=0  RETURNS=0
KILLS=13
HOOK: fires=172 lands=108 fails=43
SHELVES=48  DEADDOORS=5  CYCLES=0
acts: swim=0 lift=0 tele=0 rj=5
roles: escort_samples=0 recover_samples=0
attacker floors: {}
defenders: 0 distinct 100u-cells, moving=0 still=0
chat lines: 45 | sample: (Caco[SG]): damage rune at yellow armor
kills by weapon: blaster=0 rail=6 rocket=4 mg=0 cg=0 hb=0 ssg=0
ACC w0 fires=1 hits=0
ACC w6 fires=90 hits=10
ACC w8 fires=65 hits=6
ACC w0 fires=1 hits=0
ACC w6 fires=90 hits=10
ACC w8 fires=65 hits=6
ACC w0 fires=1 hits=0
ACC w6 fires=90 hits=10
ACC w8 fires=65 hits=6
ACC w0 fires=1 hits=0
ACC w6 fires=90 hits=10
ACC w8 fires=65 hits=6
---- s03-5v5 lmctf22 fill=5 900s ----
STEALS=12  CAPS=5  RETURNS=7
KILLS=141
HOOK: fires=1507 lands=736 fails=273
SHELVES=72  DEADDOORS=0  CYCLES=15
acts: swim=12 lift=3 tele=13 rj=2
roles: escort_samples=630 recover_samples=1268
attacker floors: {}
defenders: 0 distinct 100u-cells, moving=0 still=0
chat lines: 287 | sample: (Rune[SG]): regen rune at the hb
kills by weapon: blaster=0 rail=100 rocket=29 mg=0 cg=2 hb=0 ssg=1
ACC w0 fires=8 hits=3
ACC w2 fires=9 hits=6
ACC w4 fires=10 hits=15
ACC w6 fires=330 hits=64
ACC w7 fires=5 hits=0
ACC w8 fires=1052 hits=121
ACC w0 fires=8 hits=3
ACC w2 fires=9 hits=6
ACC w4 fires=10 hits=15
ACC w6 fires=330 hits=64
ACC w7 fires=5 hits=0
ACC w8 fires=1053 hits=122
---- s04-5v5 lmctf22 fill=5 900s ----
STEALS=8  CAPS=6  RETURNS=2
KILLS=143
HOOK: fires=1520 lands=742 fails=301
SHELVES=77  DEADDOORS=0  CYCLES=5
acts: swim=5 lift=15 tele=12 rj=11
roles: escort_samples=483 recover_samples=1033
attacker floors: {}
defenders: 0 distinct 100u-cells, moving=0 still=0
chat lines: 278 | sample: (Caco[SG]): regen rune at our base
kills by weapon: blaster=0 rail=109 rocket=27 mg=0 cg=0 hb=1 ssg=0
ACC w3 fires=12 hits=2
ACC w4 fires=9 hits=4
ACC w6 fires=254 hits=48
ACC w7 fires=44 hits=17
ACC w8 fires=1097 hits=133
ACC w0 fires=8 hits=2
ACC w2 fires=2 hits=0
ACC w3 fires=12 hits=2
ACC w4 fires=9 hits=4
ACC w6 fires=254 hits=48
ACC w7 fires=44 hits=17
ACC w8 fires=1097 hits=133
---- s05-5v5 mactf06 fill=5 900s ----
STEALS=11  CAPS=2  RETURNS=8
KILLS=245
HOOK: fires=1338 lands=761 fails=418
SHELVES=23  DEADDOORS=0  CYCLES=0
acts: swim=7 lift=6 tele=4 rj=4
roles: escort_samples=605 recover_samples=925
attacker floors: {}
defenders: 0 distinct 100u-cells, moving=0 still=0
chat lines: 391 | sample: (Arach[SG]): haste rune at our base
kills by weapon: blaster=0 rail=176 rocket=46 mg=0 cg=0 hb=0 ssg=1
ACC w0 fires=99 hits=13
ACC w1 fires=36 hits=55
ACC w2 fires=12 hits=4
ACC w6 fires=805 hits=113
ACC w7 fires=107 hits=20
ACC w8 fires=2080 hits=220
ACC w0 fires=99 hits=13
ACC w1 fires=36 hits=55
ACC w2 fires=12 hits=4
ACC w6 fires=817 hits=114
ACC w7 fires=107 hits=20
ACC w8 fires=2094 hits=221
---- s06-5v3 lmctf44 fill=5:3 900s ----
STEALS=6  CAPS=1  RETURNS=4
KILLS=79
HOOK: fires=959 lands=422 fails=179
SHELVES=63  DEADDOORS=0  CYCLES=5
acts: swim=8 lift=13 tele=8 rj=11
roles: escort_samples=223 recover_samples=443
attacker floors: {}
defenders: 0 distinct 100u-cells, moving=0 still=0
chat lines: 155 | sample: Rune[SG]: right then
kills by weapon: blaster=0 rail=40 rocket=25 mg=0 cg=1 hb=0 ssg=1
ACC w0 fires=29 hits=0
ACC w2 fires=42 hits=39
ACC w4 fires=12 hits=18
ACC w6 fires=312 hits=57
ACC w7 fires=6 hits=3
ACC w8 fires=729 hits=57
ACC w0 fires=29 hits=0
ACC w2 fires=42 hits=39
ACC w4 fires=12 hits=18
ACC w6 fires=315 hits=58
ACC w7 fires=6 hits=3
ACC w8 fires=729 hits=57
---- s07-5v3 lmctf44 fill=5:3 900s ----
STEALS=8  CAPS=0  RETURNS=6
KILLS=61
HOOK: fires=803 lands=358 fails=184
SHELVES=48  DEADDOORS=0  CYCLES=1
acts: swim=24 lift=14 tele=40 rj=12
roles: escort_samples=218 recover_samples=332
attacker floors: {}
defenders: 0 distinct 100u-cells, moving=0 still=0
chat lines: 121 | sample: Rune[SG]: lovely
kills by weapon: blaster=0 rail=32 rocket=17 mg=0 cg=0 hb=1 ssg=1
ACC w8 fires=665 hits=48
ACC w0 fires=5 hits=0
ACC w4 fires=6 hits=0
ACC w6 fires=254 hits=40
ACC w7 fires=58 hits=12
ACC w8 fires=665 hits=48
ACC w0 fires=5 hits=0
ACC w2 fires=1 hits=5
ACC w4 fires=6 hits=0
ACC w6 fires=254 hits=40
ACC w7 fires=58 hits=12
ACC w8 fires=665 hits=48
---- s08-7v7 lmctf09 fill=7 600s ----
STEALS=0  CAPS=0  RETURNS=0
KILLS=146
HOOK: fires=1246 lands=571 fails=377
SHELVES=44  DEADDOORS=0  CYCLES=0
acts: swim=2 lift=4 tele=2 rj=8
roles: escort_samples=0 recover_samples=0
attacker floors: {}
defenders: 0 distinct 100u-cells, moving=0 still=0
chat lines: 136 | sample: Rune[SG]: back for more
kills by weapon: blaster=2 rail=113 rocket=18 mg=0 cg=0 hb=0 ssg=1
ACC w0 fires=104 hits=10
ACC w2 fires=8 hits=23
ACC w3 fires=12 hits=5
ACC w4 fires=3 hits=0
ACC w6 fires=460 hits=53
ACC w8 fires=1270 hits=134
ACC w0 fires=104 hits=10
ACC w2 fires=8 hits=23
ACC w3 fires=12 hits=5
ACC w4 fires=3 hits=0
ACC w6 fires=469 hits=55
ACC w8 fires=1274 hits=134
---- s09-ctrl lmctf01 fill=5 900s ----
STEALS=2  CAPS=0  RETURNS=1
KILLS=111
HOOK: fires=934 lands=404 fails=239
SHELVES=304  DEADDOORS=0  CYCLES=1
acts: swim=331 lift=16 tele=9 rj=15
roles: escort_samples=206 recover_samples=327
attacker floors: {}
defenders: 0 distinct 100u-cells, moving=0 still=0
chat lines: 140 | sample: (Arach[SG]): rune by the Bullets
kills by weapon: blaster=0 rail=83 rocket=24 mg=0 cg=0 hb=0 ssg=0
ACC w0 fires=110 hits=11
ACC w6 fires=348 hits=41
ACC w8 fires=720 hits=87
ACC w0 fires=110 hits=11
ACC w6 fires=348 hits=41
ACC w8 fires=720 hits=87
ACC w0 fires=110 hits=11
ACC w6 fires=348 hits=41
ACC w8 fires=721 hits=88
ACC w0 fires=110 hits=11
ACC w6 fires=348 hits=41
ACC w8 fires=724 hits=89
---- s10-5v1 smap05 fill=5:0 600s ----
STEALS=3  CAPS=2  RETURNS=0
KILLS=0
HOOK: fires=191 lands=76 fails=52
SHELVES=28  DEADDOORS=0  CYCLES=1
acts: swim=13 lift=0 tele=0 rj=0
roles: escort_samples=461 recover_samples=0
attacker floors: {}
defenders: 0 distinct 100u-cells, moving=0 still=0
chat lines: 25 | sample: (Arach[SG]): haste rune at the rg
kills by weapon: blaster=0 rail=0 rocket=0 mg=0 cg=0 hb=0 ssg=0
