=== WAVE 311 (free layout) ===
---- s01-2v2 lmctf03 fill=2 600s ----
STEALS=1  CAPS=0  RETURNS=0
KILLS=3
HOOK: fires=179 lands=55 fails=23
SHELVES=70  DEADDOORS=4  CYCLES=0
acts: swim=0 lift=0 tele=0 rj=2
roles: escort_samples=25 recover_samples=53
attacker floors: {}
defenders: 0 distinct 100u-cells, moving=0 still=0
chat lines: 62 | sample: (Rune[SG]): rune by the Armor Shard
kills by weapon: blaster=0 rail=0 rocket=2 mg=0 cg=0 hb=0 ssg=0
ACC w0 fires=1 hits=0
ACC w2 fires=7 hits=5
ACC w6 fires=16 hits=5
ACC w8 fires=13 hits=0
ACC w0 fires=1 hits=0
ACC w2 fires=7 hits=5
ACC w6 fires=16 hits=5
ACC w8 fires=13 hits=0
ACC w0 fires=1 hits=0
ACC w2 fires=7 hits=5
ACC w6 fires=16 hits=5
ACC w8 fires=13 hits=0
---- s02-2v2 lmctf03 fill=2 600s ----
STEALS=0  CAPS=0  RETURNS=0
KILLS=2
HOOK: fires=84 lands=25 fails=9
SHELVES=33  DEADDOORS=1  CYCLES=0
acts: swim=0 lift=0 tele=0 rj=0
roles: escort_samples=0 recover_samples=0
attacker floors: {}
defenders: 0 distinct 100u-cells, moving=0 still=0
chat lines: 28 | sample: (Caco[SG]): damage rune at yellow armor
kills by weapon: blaster=0 rail=1 rocket=1 mg=0 cg=0 hb=0 ssg=0
ACC w6 fires=1 hits=1
ACC w8 fires=15 hits=1
ACC w6 fires=1 hits=1
ACC w8 fires=15 hits=1
ACC w6 fires=1 hits=1
ACC w8 fires=15 hits=1
ACC w6 fires=1 hits=1
ACC w8 fires=15 hits=1
ACC w6 fires=1 hits=1
ACC w8 fires=15 hits=1
ACC w6 fires=1 hits=1
ACC w8 fires=15 hits=1
---- s03-5v5 lmctf22 fill=5 900s ----
STEALS=4  CAPS=0  RETURNS=4
KILLS=114
HOOK: fires=1155 lands=500 fails=207
SHELVES=140  DEADDOORS=0  CYCLES=0
acts: swim=10 lift=24 tele=3 rj=5
roles: escort_samples=177 recover_samples=385
attacker floors: {}
defenders: 0 distinct 100u-cells, moving=0 still=0
chat lines: 202 | sample: (Arach[SG]): haste rune at the hb
kills by weapon: blaster=0 rail=84 rocket=20 mg=0 cg=0 hb=0 ssg=0
ACC w0 fires=9 hits=2
ACC w6 fires=289 hits=43
ACC w7 fires=7 hits=0
ACC w8 fires=922 hits=100
ACC w0 fires=9 hits=2
ACC w6 fires=289 hits=43
ACC w7 fires=7 hits=0
ACC w8 fires=922 hits=100
ACC w0 fires=9 hits=2
ACC w6 fires=289 hits=43
ACC w7 fires=7 hits=0
ACC w8 fires=922 hits=100
---- s04-5v5 lmctf22 fill=5 900s ----
STEALS=3  CAPS=0  RETURNS=1
KILLS=107
HOOK: fires=1067 lands=464 fails=180
SHELVES=116  DEADDOORS=0  CYCLES=0
acts: swim=19 lift=11 tele=4 rj=6
roles: escort_samples=195 recover_samples=493
attacker floors: {}
defenders: 0 distinct 100u-cells, moving=0 still=0
chat lines: 180 | sample: (Caco[SG]): damage rune at our base
kills by weapon: blaster=0 rail=76 rocket=22 mg=0 cg=0 hb=0 ssg=0
ACC w0 fires=2 hits=0
ACC w2 fires=6 hits=0
ACC w6 fires=271 hits=51
ACC w8 fires=823 hits=85
ACC w0 fires=2 hits=0
ACC w2 fires=6 hits=0
ACC w6 fires=271 hits=51
ACC w8 fires=840 hits=85
ACC w0 fires=2 hits=0
ACC w2 fires=6 hits=0
ACC w6 fires=271 hits=51
ACC w8 fires=840 hits=85
---- s05-5v5 mactf06 fill=5 900s ----
STEALS=0  CAPS=0  RETURNS=0
KILLS=35
HOOK: fires=1068 lands=470 fails=297
SHELVES=54  DEADDOORS=0  CYCLES=0
acts: swim=7 lift=0 tele=31 rj=19
roles: escort_samples=0 recover_samples=0
attacker floors: {}
defenders: 0 distinct 100u-cells, moving=0 still=0
chat lines: 178 | sample: (Arach[SG]): haste rune at our base
kills by weapon: blaster=0 rail=26 rocket=7 mg=0 cg=0 hb=0 ssg=0
ACC w0 fires=3 hits=0
ACC w6 fires=94 hits=14
ACC w7 fires=5 hits=0
ACC w8 fires=319 hits=37
ACC w0 fires=3 hits=0
ACC w6 fires=94 hits=14
ACC w7 fires=5 hits=0
ACC w8 fires=319 hits=37
ACC w0 fires=3 hits=0
ACC w6 fires=94 hits=14
ACC w7 fires=5 hits=0
ACC w8 fires=319 hits=37
---- s06-5v3 lmctf44 fill=5:3 900s ----
STEALS=3  CAPS=0  RETURNS=2
KILLS=42
HOOK: fires=940 lands=388 fails=198
SHELVES=67  DEADDOORS=0  CYCLES=0
acts: swim=15 lift=25 tele=36 rj=0
roles: escort_samples=74 recover_samples=177
attacker floors: {}
defenders: 0 distinct 100u-cells, moving=0 still=0
chat lines: 107 | sample: Rune[SG]: back for more
kills by weapon: blaster=0 rail=30 rocket=7 mg=0 cg=1 hb=0 ssg=0
ACC w4 fires=17 hits=18
ACC w6 fires=95 hits=17
ACC w7 fires=32 hits=2
ACC w8 fires=458 hits=47
ACC w4 fires=17 hits=18
ACC w6 fires=95 hits=17
ACC w7 fires=32 hits=2
ACC w8 fires=459 hits=48
ACC w4 fires=17 hits=18
ACC w6 fires=95 hits=17
ACC w7 fires=32 hits=2
ACC w8 fires=459 hits=48
---- s07-5v3 lmctf44 fill=5:3 900s ----
STEALS=3  CAPS=0  RETURNS=2
KILLS=50
HOOK: fires=856 lands=355 fails=213
SHELVES=62  DEADDOORS=0  CYCLES=0
acts: swim=20 lift=6 tele=27 rj=30
roles: escort_samples=34 recover_samples=170
attacker floors: {}
defenders: 0 distinct 100u-cells, moving=0 still=0
chat lines: 104 | sample: Rune[SG]: here we go again
kills by weapon: blaster=0 rail=31 rocket=13 mg=0 cg=1 hb=0 ssg=0
ACC w4 fires=19 hits=12
ACC w6 fires=163 hits=31
ACC w7 fires=38 hits=5
ACC w8 fires=404 hits=42
ACC w4 fires=19 hits=12
ACC w6 fires=171 hits=32
ACC w7 fires=38 hits=5
ACC w8 fires=404 hits=42
ACC w4 fires=19 hits=12
ACC w6 fires=171 hits=32
ACC w7 fires=38 hits=5
ACC w8 fires=413 hits=43
---- s08-7v7 lmctf09 fill=7 600s ----
STEALS=3  CAPS=0  RETURNS=2
KILLS=148
HOOK: fires=1341 lands=522 fails=375
SHELVES=129  DEADDOORS=0  CYCLES=0
acts: swim=12 lift=5 tele=3 rj=12
roles: escort_samples=4 recover_samples=199
attacker floors: {}
defenders: 0 distinct 100u-cells, moving=0 still=0
chat lines: 174 | sample: Rune[SG]: shall we
kills by weapon: blaster=0 rail=117 rocket=20 mg=0 cg=0 hb=0 ssg=1
ACC w0 fires=48 hits=2
ACC w2 fires=20 hits=28
ACC w6 fires=347 hits=64
ACC w8 fires=1305 hits=149
ACC w0 fires=48 hits=2
ACC w2 fires=20 hits=28
ACC w6 fires=353 hits=65
ACC w8 fires=1308 hits=149
ACC w0 fires=48 hits=2
ACC w2 fires=20 hits=28
ACC w6 fires=353 hits=65
ACC w8 fires=1308 hits=149
---- s09-ctrl lmctf01 fill=5 900s ----
STEALS=2  CAPS=0  RETURNS=2
KILLS=64
HOOK: fires=899 lands=336 fails=196
SHELVES=225  DEADDOORS=0  CYCLES=0
acts: swim=328 lift=18 tele=0 rj=8
roles: escort_samples=14 recover_samples=78
attacker floors: {}
defenders: 0 distinct 100u-cells, moving=0 still=0
chat lines: 104 | sample: (Arach[SG]): regen rune at our base
kills by weapon: blaster=0 rail=37 rocket=20 mg=0 cg=0 hb=0 ssg=0
ACC w0 fires=13 hits=0
ACC w6 fires=291 hits=32
ACC w8 fires=442 hits=37
ACC w0 fires=29 hits=2
ACC w6 fires=303 hits=33
ACC w8 fires=442 hits=37
ACC w0 fires=34 hits=3
ACC w6 fires=305 hits=34
ACC w8 fires=453 hits=38
ACC w0 fires=34 hits=3
ACC w6 fires=305 hits=34
ACC w8 fires=459 hits=39
---- s10-5v1 smap05 fill=5:1 600s ----
STEALS=5  CAPS=0  RETURNS=3
KILLS=31
HOOK: fires=409 lands=155 fails=76
SHELVES=48  DEADDOORS=0  CYCLES=0
acts: swim=8 lift=0 tele=41 rj=12
roles: escort_samples=382 recover_samples=513
attacker floors: {}
defenders: 0 distinct 100u-cells, moving=0 still=0
chat lines: 87 | sample: (Arach[SG]): haste rune at the rg
kills by weapon: blaster=0 rail=24 rocket=6 mg=0 cg=0 hb=0 ssg=0
ACC w0 fires=1 hits=0
ACC w6 fires=64 hits=13
ACC w8 fires=301 hits=26
ACC w0 fires=1 hits=0
ACC w6 fires=64 hits=13
ACC w8 fires=301 hits=26
ACC w0 fires=1 hits=0
ACC w6 fires=64 hits=13
ACC w8 fires=301 hits=26
ACC w0 fires=1 hits=0
ACC w6 fires=64 hits=13
ACC w8 fires=304 hits=26
