=== WAVE 288 (free layout) ===
---- s01-2v2 lmctf03 fill=2 600s ----
STEALS=0  CAPS=0  RETURNS=0
KILLS=6
HOOK: fires=130 lands=43 fails=14
SHELVES=37  DEADDOORS=6  CYCLES=0
acts: swim=0 lift=0 tele=0 rj=6
roles: escort_samples=0 recover_samples=0
attacker floors: {}
defenders: 0 distinct 100u-cells, moving=0 still=0
chat lines: 36 | sample: (Caco[SG]): damage rune at yellow armor
kills by weapon: blaster=0 rail=4 rocket=1 mg=0 cg=0 hb=0 ssg=0
ACC w0 fires=4 hits=1
ACC w1 fires=5 hits=7
ACC w6 fires=14 hits=6
ACC w8 fires=55 hits=4
ACC w0 fires=4 hits=1
ACC w1 fires=5 hits=7
ACC w6 fires=14 hits=6
ACC w8 fires=55 hits=4
ACC w0 fires=4 hits=1
ACC w1 fires=5 hits=7
ACC w6 fires=14 hits=6
ACC w8 fires=55 hits=4
---- s02-2v2 lmctf03 fill=2 600s ----
STEALS=0  CAPS=0  RETURNS=0
KILLS=2
HOOK: fires=138 lands=72 fails=40
SHELVES=67  DEADDOORS=1  CYCLES=0
acts: swim=0 lift=0 tele=0 rj=2
roles: escort_samples=0 recover_samples=0
attacker floors: {}
defenders: 0 distinct 100u-cells, moving=0 still=0
chat lines: 66 | sample: (Arach[SG]): damage rune at our base
kills by weapon: blaster=0 rail=1 rocket=1 mg=0 cg=0 hb=0 ssg=0
ACC w6 fires=20 hits=2
ACC w8 fires=1 hits=1
ACC w6 fires=20 hits=2
ACC w8 fires=1 hits=1
ACC w6 fires=20 hits=2
ACC w8 fires=1 hits=1
ACC w6 fires=20 hits=2
ACC w8 fires=1 hits=1
ACC w6 fires=20 hits=2
ACC w8 fires=1 hits=1
ACC w6 fires=20 hits=2
ACC w8 fires=1 hits=1
---- s03-5v5 lmctf22 fill=5 900s ----
STEALS=3  CAPS=0  RETURNS=1
KILLS=112
HOOK: fires=1116 lands=483 fails=191
SHELVES=128  DEADDOORS=0  CYCLES=1
acts: swim=19 lift=7 tele=12 rj=17
roles: escort_samples=45 recover_samples=453
attacker floors: {}
defenders: 0 distinct 100u-cells, moving=0 still=0
chat lines: 185 | sample: (Arach[SG]): resist rune at our base
kills by weapon: blaster=0 rail=83 rocket=18 mg=0 cg=0 hb=0 ssg=0
ACC w0 fires=11 hits=0
ACC w2 fires=3 hits=0
ACC w6 fires=237 hits=44
ACC w8 fires=770 hits=96
ACC w0 fires=11 hits=0
ACC w2 fires=3 hits=0
ACC w6 fires=243 hits=45
ACC w8 fires=773 hits=96
ACC w0 fires=11 hits=0
ACC w2 fires=3 hits=0
ACC w6 fires=243 hits=45
ACC w8 fires=788 hits=96
---- s04-5v5 lmctf22 fill=5 900s ----
STEALS=6  CAPS=0  RETURNS=5
KILLS=112
HOOK: fires=1122 lands=497 fails=193
SHELVES=93  DEADDOORS=0  CYCLES=2
acts: swim=24 lift=37 tele=4 rj=9
roles: escort_samples=148 recover_samples=387
attacker floors: {}
defenders: 0 distinct 100u-cells, moving=0 still=0
chat lines: 226 | sample: (Arach[SG]): damage rune at the hb
kills by weapon: blaster=0 rail=83 rocket=17 mg=0 cg=0 hb=0 ssg=0
ACC w7 fires=3 hits=0
ACC w8 fires=741 hits=97
ACC w0 fires=20 hits=2
ACC w3 fires=9 hits=1
ACC w6 fires=300 hits=46
ACC w7 fires=3 hits=0
ACC w8 fires=741 hits=97
ACC w0 fires=20 hits=2
ACC w3 fires=9 hits=1
ACC w6 fires=300 hits=46
ACC w7 fires=3 hits=0
ACC w8 fires=741 hits=97
---- s05-5v5 mactf06 fill=5 900s ----
STEALS=0  CAPS=0  RETURNS=0
KILLS=66
HOOK: fires=922 lands=421 fails=292
SHELVES=62  DEADDOORS=0  CYCLES=0
acts: swim=25 lift=0 tele=1 rj=3
roles: escort_samples=0 recover_samples=0
attacker floors: {}
defenders: 0 distinct 100u-cells, moving=0 still=0
chat lines: 188 | sample: (Arach[SG]): haste rune at our base
kills by weapon: blaster=0 rail=50 rocket=12 mg=0 cg=0 hb=1 ssg=0
ACC w0 fires=1 hits=0
ACC w6 fires=192 hits=23
ACC w7 fires=24 hits=6
ACC w8 fires=521 hits=65
ACC w0 fires=1 hits=0
ACC w6 fires=192 hits=23
ACC w7 fires=24 hits=6
ACC w8 fires=521 hits=65
ACC w0 fires=1 hits=0
ACC w6 fires=192 hits=23
ACC w7 fires=24 hits=6
ACC w8 fires=521 hits=65
---- s06-5v3 lmctf44 fill=5:3 900s ----
STEALS=2  CAPS=0  RETURNS=2
KILLS=49
HOOK: fires=914 lands=367 fails=216
SHELVES=52  DEADDOORS=0  CYCLES=0
acts: swim=37 lift=29 tele=34 rj=0
roles: escort_samples=20 recover_samples=86
attacker floors: {}
defenders: 0 distinct 100u-cells, moving=0 still=0
chat lines: 123 | sample: Rune[SG]: evening
kills by weapon: blaster=0 rail=29 rocket=11 mg=0 cg=1 hb=1 ssg=2
ACC w0 fires=4 hits=0
ACC w2 fires=51 hits=48
ACC w4 fires=12 hits=8
ACC w6 fires=177 hits=29
ACC w7 fires=8 hits=2
ACC w8 fires=431 hits=43
ACC w0 fires=4 hits=0
ACC w2 fires=51 hits=48
ACC w4 fires=12 hits=8
ACC w6 fires=184 hits=29
ACC w7 fires=8 hits=2
ACC w8 fires=452 hits=44
---- s07-5v3 lmctf44 fill=5:3 900s ----
STEALS=4  CAPS=0  RETURNS=4
KILLS=50
HOOK: fires=953 lands=356 fails=224
SHELVES=51  DEADDOORS=0  CYCLES=1
acts: swim=12 lift=40 tele=0 rj=0
roles: escort_samples=187 recover_samples=299
attacker floors: {}
defenders: 0 distinct 100u-cells, moving=0 still=0
chat lines: 134 | sample: Rune[SG]: lovely
kills by weapon: blaster=0 rail=36 rocket=5 mg=0 cg=0 hb=0 ssg=0
ACC w6 fires=167 hits=31
ACC w8 fires=564 hits=60
ACC w0 fires=12 hits=1
ACC w2 fires=2 hits=0
ACC w4 fires=5 hits=0
ACC w6 fires=167 hits=31
ACC w8 fires=564 hits=60
ACC w0 fires=12 hits=1
ACC w2 fires=2 hits=0
ACC w4 fires=5 hits=0
ACC w6 fires=169 hits=32
ACC w8 fires=572 hits=62
---- s08-7v7 lmctf09 fill=7 600s ----
STEALS=3  CAPS=0  RETURNS=3
KILLS=161
HOOK: fires=1421 lands=552 fails=379
SHELVES=126  DEADDOORS=0  CYCLES=0
acts: swim=15 lift=7 tele=7 rj=6
roles: escort_samples=11 recover_samples=300
attacker floors: {}
defenders: 0 distinct 100u-cells, moving=0 still=0
chat lines: 191 | sample: Rune[SG]: evening
kills by weapon: blaster=0 rail=129 rocket=15 mg=0 cg=2 hb=0 ssg=0
ACC w6 fires=341 hits=52
ACC w8 fires=1661 hits=160
ACC w0 fires=90 hits=19
ACC w2 fires=8 hits=0
ACC w4 fires=13 hits=20
ACC w6 fires=342 hits=52
ACC w8 fires=1670 hits=163
ACC w0 fires=90 hits=19
ACC w2 fires=8 hits=0
ACC w4 fires=13 hits=20
ACC w6 fires=342 hits=52
ACC w8 fires=1671 hits=163
---- s09-ctrl lmctf01 fill=5 900s ----
STEALS=3  CAPS=0  RETURNS=3
KILLS=89
HOOK: fires=1104 lands=414 fails=253
SHELVES=190  DEADDOORS=0  CYCLES=2
acts: swim=365 lift=6 tele=11 rj=19
roles: escort_samples=230 recover_samples=376
attacker floors: {}
defenders: 0 distinct 100u-cells, moving=0 still=0
chat lines: 115 | sample: (Arach[SG]): regen rune at our base
kills by weapon: blaster=0 rail=54 rocket=25 mg=0 cg=0 hb=0 ssg=1
ACC w6 fires=343 hits=52
ACC w8 fires=641 hits=64
ACC w0 fires=44 hits=2
ACC w2 fires=9 hits=17
ACC w3 fires=7 hits=3
ACC w6 fires=343 hits=52
ACC w8 fires=652 hits=65
ACC w0 fires=44 hits=2
ACC w2 fires=9 hits=17
ACC w3 fires=7 hits=3
ACC w6 fires=343 hits=52
ACC w8 fires=662 hits=66
---- s10-5v1 smap05 fill=5:1 600s ----
STEALS=7  CAPS=1  RETURNS=2
KILLS=35
HOOK: fires=431 lands=155 fails=98
SHELVES=70  DEADDOORS=0  CYCLES=11
acts: swim=177 lift=25 tele=3 rj=11
roles: escort_samples=376 recover_samples=539
attacker floors: {}
defenders: 0 distinct 100u-cells, moving=0 still=0
chat lines: 109 | sample: (Arach[SG]): haste rune at the rg
kills by weapon: blaster=0 rail=24 rocket=8 mg=0 cg=0 hb=0 ssg=0
ACC w0 fires=5 hits=0
ACC w6 fires=109 hits=16
ACC w8 fires=386 hits=31
ACC w0 fires=5 hits=0
ACC w6 fires=109 hits=16
ACC w8 fires=386 hits=31
ACC w0 fires=5 hits=0
ACC w6 fires=109 hits=16
ACC w8 fires=386 hits=31
ACC w0 fires=5 hits=0
ACC w6 fires=109 hits=16
ACC w8 fires=386 hits=31
