=== WAVE 359 (free layout) ===
---- s01-2v2 lmctf03 fill=2 600s ----
STEALS=0  CAPS=0  RETURNS=0
KILLS=10
HOOK: fires=122 lands=54 fails=27
SHELVES=44  DEADDOORS=1  CYCLES=0
acts: swim=0 lift=11 tele=0 rj=0
roles: escort_samples=0 recover_samples=0
attacker floors: {}
defenders: 0 distinct 100u-cells, moving=0 still=0
chat lines: 40 | sample: (Caco[SG]): damage rune at yellow armor
kills by weapon: blaster=0 rail=5 rocket=4 mg=0 cg=0 hb=0 ssg=0
ACC w6 fires=49 hits=10
ACC w8 fires=33 hits=6
ACC w6 fires=49 hits=10
ACC w8 fires=33 hits=6
ACC w6 fires=49 hits=10
ACC w8 fires=33 hits=6
ACC w6 fires=49 hits=10
ACC w8 fires=33 hits=6
ACC w6 fires=49 hits=10
ACC w8 fires=33 hits=6
ACC w6 fires=49 hits=10
ACC w8 fires=33 hits=6
---- s02-5v0 smap05 fill=5:0 600s ----
STEALS=5  CAPS=4  RETURNS=0
KILLS=0
HOOK: fires=308 lands=118 fails=57
SHELVES=28  DEADDOORS=0  CYCLES=1
acts: swim=3 lift=0 tele=0 rj=0
roles: escort_samples=689 recover_samples=0
attacker floors: {}
defenders: 0 distinct 100u-cells, moving=0 still=0
chat lines: 37 | sample: (Arach[SG]): haste rune at the rg
kills by weapon: blaster=0 rail=0 rocket=0 mg=0 cg=0 hb=0 ssg=0
---- s03-5v5 mactf06 fill=5 900s ----
STEALS=9  CAPS=0  RETURNS=7
KILLS=231
HOOK: fires=1151 lands=572 fails=353
SHELVES=23  DEADDOORS=0  CYCLES=2
acts: swim=11 lift=12 tele=9 rj=11
roles: escort_samples=283 recover_samples=452
attacker floors: {}
defenders: 0 distinct 100u-cells, moving=0 still=0
chat lines: 359 | sample: (Arach[SG]): haste rune at our base
kills by weapon: blaster=1 rail=165 rocket=52 mg=0 cg=0 hb=0 ssg=0
ACC w7 fires=18 hits=1
ACC w8 fires=2037 hits=210
ACC w0 fires=38 hits=6
ACC w1 fires=17 hits=24
ACC w6 fires=870 hits=106
ACC w7 fires=18 hits=1
ACC w8 fires=2050 hits=211
ACC w0 fires=38 hits=6
ACC w1 fires=17 hits=24
ACC w6 fires=870 hits=106
ACC w7 fires=18 hits=1
ACC w8 fires=2057 hits=211
---- s04-5v5 mactf06 fill=5 900s ----
STEALS=3  CAPS=0  RETURNS=3
KILLS=256
HOOK: fires=1052 lands=575 fails=360
SHELVES=17  DEADDOORS=0  CYCLES=1
acts: swim=6 lift=13 tele=8 rj=20
roles: escort_samples=162 recover_samples=170
attacker floors: {}
defenders: 0 distinct 100u-cells, moving=0 still=0
chat lines: 369 | sample: (Arach[SG]): haste rune at our base
kills by weapon: blaster=0 rail=199 rocket=42 mg=0 cg=0 hb=0 ssg=0
ACC w0 fires=45 hits=9
ACC w1 fires=34 hits=15
ACC w2 fires=3 hits=0
ACC w3 fires=34 hits=10
ACC w6 fires=815 hits=100
ACC w8 fires=2121 hits=236
ACC w0 fires=45 hits=9
ACC w1 fires=34 hits=15
ACC w2 fires=3 hits=0
ACC w3 fires=34 hits=10
ACC w6 fires=815 hits=100
ACC w8 fires=2122 hits=237
---- s05-5v5 lmctf22 fill=5 900s ----
STEALS=12  CAPS=6  RETURNS=5
KILLS=136
HOOK: fires=1470 lands=677 fails=267
SHELVES=63  DEADDOORS=0  CYCLES=11
acts: swim=7 lift=9 tele=4 rj=12
roles: escort_samples=604 recover_samples=1201
attacker floors: {}
defenders: 0 distinct 100u-cells, moving=0 still=0
chat lines: 277 | sample: (Caco[SG]): regen rune at our base
kills by weapon: blaster=0 rail=97 rocket=23 mg=0 cg=2 hb=1 ssg=2
ACC w0 fires=14 hits=1
ACC w2 fires=9 hits=26
ACC w4 fires=27 hits=30
ACC w6 fires=336 hits=56
ACC w7 fires=4 hits=2
ACC w8 fires=1342 hits=120
ACC w0 fires=14 hits=1
ACC w2 fires=9 hits=26
ACC w4 fires=27 hits=30
ACC w6 fires=336 hits=56
ACC w7 fires=4 hits=2
ACC w8 fires=1355 hits=122
---- s06-5v3 lmctf44 fill=5:3 900s ----
STEALS=8  CAPS=2  RETURNS=6
KILLS=71
HOOK: fires=1030 lands=469 fails=213
SHELVES=50  DEADDOORS=0  CYCLES=3
acts: swim=21 lift=7 tele=21 rj=14
roles: escort_samples=287 recover_samples=604
attacker floors: {}
defenders: 0 distinct 100u-cells, moving=0 still=0
chat lines: 172 | sample: Rune[SG]: here we go again
kills by weapon: blaster=0 rail=46 rocket=20 mg=0 cg=0 hb=0 ssg=0
ACC w7 fires=81 hits=30
ACC w8 fires=620 hits=62
ACC w0 fires=2 hits=0
ACC w2 fires=6 hits=4
ACC w6 fires=213 hits=53
ACC w7 fires=81 hits=30
ACC w8 fires=620 hits=62
ACC w0 fires=2 hits=0
ACC w2 fires=6 hits=4
ACC w6 fires=213 hits=53
ACC w7 fires=81 hits=30
ACC w8 fires=620 hits=62
---- s07-5v3 lmctf44 fill=5:3 900s ----
STEALS=7  CAPS=1  RETURNS=5
KILLS=70
HOOK: fires=873 lands=385 fails=201
SHELVES=52  DEADDOORS=0  CYCLES=2
acts: swim=15 lift=8 tele=6 rj=48
roles: escort_samples=114 recover_samples=386
attacker floors: {}
defenders: 0 distinct 100u-cells, moving=0 still=0
chat lines: 136 | sample: Rune[SG]: here we go again
kills by weapon: blaster=0 rail=40 rocket=14 mg=0 cg=1 hb=2 ssg=1
ACC w0 fires=4 hits=0
ACC w2 fires=15 hits=26
ACC w4 fires=11 hits=17
ACC w6 fires=285 hits=52
ACC w7 fires=59 hits=10
ACC w8 fires=593 hits=54
ACC w0 fires=4 hits=0
ACC w2 fires=15 hits=26
ACC w4 fires=11 hits=17
ACC w6 fires=288 hits=53
ACC w7 fires=59 hits=10
ACC w8 fires=609 hits=55
---- s08-7v7 lmctf09 fill=7 600s ----
STEALS=2  CAPS=0  RETURNS=2
KILLS=163
HOOK: fires=1470 lands=673 fails=405
SHELVES=95  DEADDOORS=0  CYCLES=0
acts: swim=9 lift=24 tele=8 rj=9
roles: escort_samples=6 recover_samples=94
attacker floors: {}
defenders: 0 distinct 100u-cells, moving=0 still=0
chat lines: 190 | sample: (Caco[SG]): rune by the Shells
kills by weapon: blaster=0 rail=115 rocket=27 mg=0 cg=0 hb=0 ssg=0
ACC w6 fires=463 hits=70
ACC w8 fires=1333 hits=141
ACC w0 fires=26 hits=2
ACC w3 fires=1 hits=0
ACC w4 fires=3 hits=6
ACC w6 fires=481 hits=71
ACC w8 fires=1359 hits=143
ACC w0 fires=27 hits=2
ACC w3 fires=1 hits=0
ACC w4 fires=3 hits=6
ACC w6 fires=494 hits=74
ACC w8 fires=1363 hits=144
---- s09-ctrl lmctf01 fill=5 900s ----
STEALS=2  CAPS=0  RETURNS=2
KILLS=88
HOOK: fires=958 lands=409 fails=276
SHELVES=334  DEADDOORS=0  CYCLES=0
acts: swim=250 lift=14 tele=10 rj=38
roles: escort_samples=92 recover_samples=215
attacker floors: {}
defenders: 0 distinct 100u-cells, moving=0 still=0
chat lines: 116 | sample: (Arach[SG]): regen rune at our base
kills by weapon: blaster=0 rail=53 rocket=25 mg=0 cg=0 hb=0 ssg=3
ACC w0 fires=20 hits=1
ACC w2 fires=22 hits=24
ACC w6 fires=302 hits=44
ACC w8 fires=519 hits=60
ACC w0 fires=20 hits=1
ACC w2 fires=22 hits=24
ACC w6 fires=310 hits=45
ACC w8 fires=523 hits=60
ACC w0 fires=20 hits=1
ACC w2 fires=22 hits=24
ACC w6 fires=310 hits=45
ACC w8 fires=523 hits=60
---- s10-5v1 smap05 fill=5:1 600s ----
STEALS=2  CAPS=1  RETURNS=1
KILLS=34
HOOK: fires=276 lands=124 fails=86
SHELVES=49  DEADDOORS=0  CYCLES=3
acts: swim=79 lift=0 tele=0 rj=3
roles: escort_samples=172 recover_samples=85
attacker floors: {}
defenders: 0 distinct 100u-cells, moving=0 still=0
chat lines: 66 | sample: (Arach[SG]): haste rune at the rg
kills by weapon: blaster=0 rail=22 rocket=10 mg=0 cg=0 hb=0 ssg=0
ACC w0 fires=4 hits=0
ACC w6 fires=112 hits=21
ACC w8 fires=305 hits=27
ACC w0 fires=4 hits=0
ACC w6 fires=112 hits=21
ACC w8 fires=305 hits=27
ACC w0 fires=4 hits=0
ACC w6 fires=112 hits=21
ACC w8 fires=305 hits=27
ACC w0 fires=4 hits=0
ACC w6 fires=112 hits=21
ACC w8 fires=305 hits=27
