=== WAVE 334 (free layout) ===
---- s01-2v2 lmctf03 fill=2 600s ----
STEALS=3  CAPS=0  RETURNS=2
KILLS=14
HOOK: fires=212 lands=81 fails=32
SHELVES=83  DEADDOORS=4  CYCLES=6
acts: swim=1 lift=0 tele=15 rj=31
roles: escort_samples=303 recover_samples=343
attacker floors: {}
defenders: 0 distinct 100u-cells, moving=0 still=0
chat lines: 87 | sample: (Caco[SG]): damage rune at yellow armor
kills by weapon: blaster=0 rail=6 rocket=4 mg=0 cg=0 hb=0 ssg=0
ACC w6 fires=51 hits=11
ACC w8 fires=167 hits=14
ACC w6 fires=51 hits=11
ACC w8 fires=168 hits=14
ACC w6 fires=51 hits=11
ACC w8 fires=168 hits=14
ACC w6 fires=51 hits=11
ACC w8 fires=168 hits=14
ACC w6 fires=51 hits=11
ACC w8 fires=168 hits=14
ACC w6 fires=51 hits=11
ACC w8 fires=168 hits=14
---- s02-2v2 lmctf03 fill=2 600s ----
STEALS=1  CAPS=0  RETURNS=0
KILLS=6
HOOK: fires=97 lands=27 fails=11
SHELVES=90  DEADDOORS=1  CYCLES=0
acts: swim=19 lift=0 tele=0 rj=0
roles: escort_samples=111 recover_samples=112
attacker floors: {}
defenders: 0 distinct 100u-cells, moving=0 still=0
chat lines: 42 | sample: (Rune[SG]): haste rune at our base
kills by weapon: blaster=0 rail=3 rocket=1 mg=0 cg=0 hb=0 ssg=0
ACC w6 fires=16 hits=5
ACC w8 fires=35 hits=4
ACC w6 fires=16 hits=5
ACC w8 fires=35 hits=4
ACC w6 fires=16 hits=5
ACC w8 fires=35 hits=4
ACC w6 fires=16 hits=5
ACC w8 fires=35 hits=4
ACC w6 fires=16 hits=5
ACC w8 fires=35 hits=4
ACC w6 fires=16 hits=5
ACC w8 fires=35 hits=4
---- s03-5v5 lmctf22 fill=5 900s ----
STEALS=13  CAPS=4  RETURNS=9
KILLS=168
HOOK: fires=1600 lands=774 fails=299
SHELVES=59  DEADDOORS=0  CYCLES=1
acts: swim=7 lift=10 tele=19 rj=11
roles: escort_samples=389 recover_samples=1437
attacker floors: {}
defenders: 0 distinct 100u-cells, moving=0 still=0
chat lines: 306 | sample: (Slip[SG]): rune by the Health
kills by weapon: blaster=0 rail=125 rocket=27 mg=0 cg=0 hb=0 ssg=0
ACC w0 fires=21 hits=4
ACC w3 fires=9 hits=1
ACC w4 fires=4 hits=0
ACC w6 fires=452 hits=72
ACC w7 fires=16 hits=1
ACC w8 fires=1064 hits=143
ACC w0 fires=21 hits=4
ACC w3 fires=9 hits=1
ACC w4 fires=4 hits=0
ACC w6 fires=456 hits=72
ACC w7 fires=16 hits=1
ACC w8 fires=1074 hits=144
---- s04-5v5 lmctf22 fill=5 900s ----
STEALS=10  CAPS=6  RETURNS=4
KILLS=154
HOOK: fires=1468 lands=720 fails=278
SHELVES=63  DEADDOORS=0  CYCLES=1
acts: swim=9 lift=7 tele=8 rj=7
roles: escort_samples=426 recover_samples=998
attacker floors: {}
defenders: 0 distinct 100u-cells, moving=0 still=0
chat lines: 247 | sample: Rune[SG]: here we go again
kills by weapon: blaster=0 rail=107 rocket=35 mg=0 cg=0 hb=1 ssg=1
ACC w0 fires=9 hits=3
ACC w2 fires=10 hits=24
ACC w4 fires=7 hits=8
ACC w6 fires=422 hits=68
ACC w7 fires=26 hits=5
ACC w8 fires=1118 hits=127
ACC w0 fires=9 hits=3
ACC w2 fires=10 hits=24
ACC w4 fires=7 hits=8
ACC w6 fires=429 hits=69
ACC w7 fires=26 hits=5
ACC w8 fires=1130 hits=128
---- s05-5v5 mactf06 fill=5 900s ----
STEALS=11  CAPS=2  RETURNS=7
KILLS=239
HOOK: fires=1337 lands=755 fails=414
SHELVES=31  DEADDOORS=0  CYCLES=2
acts: swim=16 lift=6 tele=14 rj=8
roles: escort_samples=426 recover_samples=816
attacker floors: {}
defenders: 0 distinct 100u-cells, moving=0 still=0
chat lines: 403 | sample: (Arach[SG]): haste rune at the hb
kills by weapon: blaster=0 rail=164 rocket=59 mg=0 cg=0 hb=1 ssg=2
ACC w4 fires=6 hits=0
ACC w6 fires=967 hits=117
ACC w7 fires=20 hits=6
ACC w8 fires=1983 hits=191
ACC w0 fires=33 hits=3
ACC w1 fires=40 hits=44
ACC w2 fires=9 hits=11
ACC w3 fires=4 hits=0
ACC w4 fires=6 hits=0
ACC w6 fires=968 hits=117
ACC w7 fires=20 hits=6
ACC w8 fires=1987 hits=192
---- s06-5v3 lmctf44 fill=5:3 900s ----
STEALS=4  CAPS=0  RETURNS=4
KILLS=60
HOOK: fires=765 lands=324 fails=172
SHELVES=55  DEADDOORS=0  CYCLES=3
acts: swim=12 lift=35 tele=20 rj=41
roles: escort_samples=82 recover_samples=194
attacker floors: {}
defenders: 0 distinct 100u-cells, moving=0 still=0
chat lines: 127 | sample: Rune[SG]: right then
kills by weapon: blaster=0 rail=37 rocket=14 mg=0 cg=2 hb=1 ssg=1
ACC w7 fires=50 hits=12
ACC w8 fires=484 hits=56
ACC w2 fires=15 hits=15
ACC w4 fires=10 hits=3
ACC w6 fires=116 hits=30
ACC w7 fires=50 hits=12
ACC w8 fires=486 hits=56
ACC w2 fires=15 hits=15
ACC w4 fires=10 hits=3
ACC w6 fires=116 hits=30
ACC w7 fires=50 hits=12
ACC w8 fires=489 hits=57
---- s07-5v3 lmctf44 fill=5:3 900s ----
STEALS=11  CAPS=2  RETURNS=7
KILLS=68
HOOK: fires=978 lands=441 fails=202
SHELVES=44  DEADDOORS=0  CYCLES=1
acts: swim=23 lift=30 tele=29 rj=6
roles: escort_samples=280 recover_samples=443
attacker floors: {}
defenders: 0 distinct 100u-cells, moving=0 still=0
chat lines: 164 | sample: Rune[SG]: hello all
kills by weapon: blaster=0 rail=42 rocket=17 mg=0 cg=0 hb=1 ssg=4
ACC w2 fires=49 hits=57
ACC w6 fires=173 hits=33
ACC w7 fires=83 hits=17
ACC w8 fires=610 hits=51
ACC w2 fires=49 hits=57
ACC w6 fires=173 hits=33
ACC w7 fires=83 hits=17
ACC w8 fires=610 hits=51
ACC w2 fires=49 hits=57
ACC w6 fires=173 hits=33
ACC w7 fires=83 hits=17
ACC w8 fires=610 hits=51
---- s08-7v7 lmctf09 fill=7 600s ----
STEALS=5  CAPS=0  RETURNS=4
KILLS=154
HOOK: fires=1327 lands=624 fails=387
SHELVES=52  DEADDOORS=0  CYCLES=0
acts: swim=3 lift=10 tele=2 rj=5
roles: escort_samples=29 recover_samples=373
attacker floors: {}
defenders: 0 distinct 100u-cells, moving=0 still=0
chat lines: 139 | sample: Rune[SG]: evening
kills by weapon: blaster=0 rail=105 rocket=35 mg=0 cg=2 hb=0 ssg=0
ACC w6 fires=441 hits=66
ACC w8 fires=1275 hits=124
ACC w0 fires=59 hits=6
ACC w3 fires=5 hits=0
ACC w4 fires=7 hits=14
ACC w6 fires=441 hits=66
ACC w8 fires=1283 hits=125
ACC w0 fires=59 hits=6
ACC w3 fires=5 hits=0
ACC w4 fires=7 hits=14
ACC w6 fires=447 hits=67
ACC w8 fires=1283 hits=125
---- s09-ctrl lmctf01 fill=5 900s ----
STEALS=2  CAPS=0  RETURNS=2
KILLS=119
HOOK: fires=964 lands=416 fails=251
SHELVES=336  DEADDOORS=0  CYCLES=0
acts: swim=190 lift=23 tele=17 rj=24
roles: escort_samples=23 recover_samples=113
attacker floors: {}
defenders: 0 distinct 100u-cells, moving=0 still=0
chat lines: 141 | sample: (Arach[SG]): regen rune at our base
kills by weapon: blaster=0 rail=61 rocket=41 mg=0 cg=0 hb=0 ssg=0
ACC w0 fires=61 hits=9
ACC w6 fires=462 hits=79
ACC w8 fires=613 hits=66
ACC w0 fires=61 hits=9
ACC w6 fires=462 hits=79
ACC w8 fires=616 hits=66
ACC w0 fires=61 hits=9
ACC w6 fires=462 hits=79
ACC w8 fires=623 hits=67
ACC w0 fires=61 hits=9
ACC w6 fires=462 hits=79
ACC w8 fires=623 hits=67
---- s10-5v1 smap05 fill=5:0 600s ----
STEALS=6  CAPS=2  RETURNS=0
KILLS=0
HOOK: fires=229 lands=76 fails=70
SHELVES=53  DEADDOORS=0  CYCLES=8
acts: swim=118 lift=0 tele=0 rj=0
roles: escort_samples=508 recover_samples=0
attacker floors: {}
defenders: 0 distinct 100u-cells, moving=0 still=0
chat lines: 40 | sample: (Arach[SG]): haste rune at the rg
kills by weapon: blaster=0 rail=0 rocket=0 mg=0 cg=0 hb=0 ssg=0
