=== WAVE 332 (free layout) ===
---- s01-2v2 lmctf03 fill=2 600s ----
STEALS=0  CAPS=0  RETURNS=0
KILLS=6
HOOK: fires=112 lands=65 fails=30
SHELVES=53  DEADDOORS=0  CYCLES=0
acts: swim=35 lift=0 tele=0 rj=2
roles: escort_samples=0 recover_samples=0
attacker floors: {}
defenders: 0 distinct 100u-cells, moving=0 still=0
chat lines: 52 | sample: (Caco[SG]): damage rune at yellow armor
kills by weapon: blaster=0 rail=3 rocket=0 mg=0 cg=0 hb=0 ssg=0
ACC w6 fires=16 hits=7
ACC w8 fires=44 hits=3
ACC w6 fires=16 hits=7
ACC w8 fires=44 hits=3
ACC w6 fires=16 hits=7
ACC w8 fires=44 hits=3
ACC w6 fires=16 hits=7
ACC w8 fires=44 hits=3
ACC w6 fires=16 hits=7
ACC w8 fires=44 hits=3
ACC w6 fires=16 hits=7
ACC w8 fires=44 hits=3
---- s02-2v2 lmctf03 fill=2 600s ----
STEALS=2  CAPS=0  RETURNS=2
KILLS=15
HOOK: fires=253 lands=122 fails=56
SHELVES=79  DEADDOORS=2  CYCLES=1
acts: swim=4 lift=7 tele=1 rj=15
roles: escort_samples=69 recover_samples=73
attacker floors: {}
defenders: 0 distinct 100u-cells, moving=0 still=0
chat lines: 76 | sample: (Arach[SG]): damage rune at our base
kills by weapon: blaster=0 rail=6 rocket=7 mg=0 cg=0 hb=0 ssg=1
ACC w1 fires=51 hits=49
ACC w6 fires=63 hits=10
ACC w8 fires=100 hits=11
ACC w1 fires=51 hits=49
ACC w6 fires=63 hits=10
ACC w8 fires=100 hits=11
ACC w1 fires=51 hits=49
ACC w6 fires=70 hits=11
ACC w8 fires=100 hits=11
ACC w1 fires=51 hits=49
ACC w6 fires=70 hits=11
ACC w8 fires=100 hits=11
---- s03-5v5 lmctf22 fill=5 900s ----
STEALS=9  CAPS=5  RETURNS=4
KILLS=165
HOOK: fires=1448 lands=672 fails=268
SHELVES=72  DEADDOORS=0  CYCLES=2
acts: swim=5 lift=1 tele=4 rj=6
roles: escort_samples=570 recover_samples=826
attacker floors: {}
defenders: 0 distinct 100u-cells, moving=0 still=0
chat lines: 261 | sample: (Arach[SG]): regen rune at our base
kills by weapon: blaster=0 rail=111 rocket=35 mg=0 cg=1 hb=0 ssg=1
ACC w7 fires=2 hits=0
ACC w8 fires=1100 hits=129
ACC w2 fires=10 hits=21
ACC w4 fires=4 hits=11
ACC w6 fires=474 hits=82
ACC w7 fires=2 hits=0
ACC w8 fires=1100 hits=129
ACC w2 fires=10 hits=21
ACC w4 fires=4 hits=11
ACC w6 fires=479 hits=83
ACC w7 fires=2 hits=0
ACC w8 fires=1123 hits=130
---- s04-5v5 lmctf22 fill=5 900s ----
STEALS=11  CAPS=3  RETURNS=7
KILLS=178
HOOK: fires=1513 lands=722 fails=272
SHELVES=73  DEADDOORS=0  CYCLES=0
acts: swim=21 lift=4 tele=6 rj=12
roles: escort_samples=450 recover_samples=791
attacker floors: {}
defenders: 0 distinct 100u-cells, moving=0 still=0
chat lines: 282 | sample: (Arach[SG]): rune by the Cells
kills by weapon: blaster=0 rail=115 rocket=43 mg=0 cg=0 hb=0 ssg=0
ACC w0 fires=9 hits=0
ACC w2 fires=4 hits=0
ACC w4 fires=2 hits=4
ACC w6 fires=450 hits=96
ACC w7 fires=3 hits=0
ACC w8 fires=1145 hits=125
ACC w0 fires=9 hits=0
ACC w2 fires=4 hits=0
ACC w4 fires=2 hits=4
ACC w6 fires=450 hits=96
ACC w7 fires=3 hits=0
ACC w8 fires=1151 hits=126
---- s05-5v5 mactf06 fill=5 900s ----
STEALS=4  CAPS=2  RETURNS=1
KILLS=179
HOOK: fires=1226 lands=620 fails=398
SHELVES=21  DEADDOORS=0  CYCLES=0
acts: swim=9 lift=11 tele=7 rj=13
roles: escort_samples=262 recover_samples=609
attacker floors: {}
defenders: 0 distinct 100u-cells, moving=0 still=0
chat lines: 367 | sample: (Arach[SG]): haste rune at our base
kills by weapon: blaster=1 rail=140 rocket=17 mg=0 cg=0 hb=0 ssg=0
ACC w0 fires=41 hits=2
ACC w1 fires=7 hits=4
ACC w2 fires=12 hits=14
ACC w4 fires=4 hits=0
ACC w6 fires=568 hits=75
ACC w8 fires=1666 hits=177
ACC w0 fires=41 hits=2
ACC w1 fires=7 hits=4
ACC w2 fires=12 hits=14
ACC w4 fires=4 hits=0
ACC w6 fires=568 hits=75
ACC w8 fires=1667 hits=178
---- s06-5v3 lmctf44 fill=5:3 900s ----
STEALS=8  CAPS=4  RETURNS=3
KILLS=74
HOOK: fires=1057 lands=476 fails=238
SHELVES=39  DEADDOORS=0  CYCLES=2
acts: swim=9 lift=17 tele=22 rj=22
roles: escort_samples=665 recover_samples=828
attacker floors: {}
defenders: 0 distinct 100u-cells, moving=0 still=0
chat lines: 179 | sample: Rune[SG]: hello all
kills by weapon: blaster=0 rail=45 rocket=14 mg=0 cg=0 hb=0 ssg=0
ACC w7 fires=5 hits=0
ACC w8 fires=728 hits=64
ACC w0 fires=7 hits=0
ACC w4 fires=4 hits=1
ACC w6 fires=261 hits=41
ACC w7 fires=5 hits=0
ACC w8 fires=728 hits=64
ACC w0 fires=7 hits=0
ACC w4 fires=4 hits=1
ACC w6 fires=261 hits=41
ACC w7 fires=5 hits=0
ACC w8 fires=728 hits=64
---- s07-5v3 lmctf44 fill=5:3 900s ----
STEALS=7  CAPS=2  RETURNS=5
KILLS=64
HOOK: fires=826 lands=364 fails=168
SHELVES=55  DEADDOORS=0  CYCLES=3
acts: swim=16 lift=35 tele=22 rj=37
roles: escort_samples=271 recover_samples=271
attacker floors: {}
defenders: 0 distinct 100u-cells, moving=0 still=0
chat lines: 144 | sample: Rune[SG]: right then
kills by weapon: blaster=0 rail=50 rocket=9 mg=0 cg=0 hb=0 ssg=3
ACC w7 fires=94 hits=17
ACC w8 fires=589 hits=69
ACC w0 fires=63 hits=5
ACC w2 fires=12 hits=26
ACC w6 fires=182 hits=23
ACC w7 fires=94 hits=17
ACC w8 fires=591 hits=69
ACC w0 fires=63 hits=5
ACC w2 fires=12 hits=26
ACC w6 fires=182 hits=23
ACC w7 fires=94 hits=17
ACC w8 fires=591 hits=69
---- s08-7v7 lmctf09 fill=7 600s ----
STEALS=1  CAPS=0  RETURNS=1
KILLS=124
HOOK: fires=1241 lands=567 fails=365
SHELVES=49  DEADDOORS=0  CYCLES=0
acts: swim=7 lift=3 tele=10 rj=18
roles: escort_samples=38 recover_samples=22
attacker floors: {}
defenders: 0 distinct 100u-cells, moving=0 still=0
chat lines: 140 | sample: Rune[SG]: lovely
kills by weapon: blaster=0 rail=99 rocket=16 mg=0 cg=0 hb=0 ssg=0
ACC w6 fires=325 hits=44
ACC w8 fires=1137 hits=118
ACC w0 fires=28 hits=4
ACC w2 fires=5 hits=0
ACC w3 fires=2 hits=1
ACC w6 fires=325 hits=44
ACC w8 fires=1137 hits=118
ACC w0 fires=28 hits=4
ACC w2 fires=5 hits=0
ACC w3 fires=2 hits=1
ACC w6 fires=338 hits=45
ACC w8 fires=1137 hits=118
---- s09-ctrl lmctf01 fill=5 900s ----
STEALS=5  CAPS=0  RETURNS=3
KILLS=105
HOOK: fires=1086 lands=472 fails=271
SHELVES=343  DEADDOORS=0  CYCLES=1
acts: swim=194 lift=22 tele=17 rj=43
roles: escort_samples=197 recover_samples=747
attacker floors: {}
defenders: 0 distinct 100u-cells, moving=0 still=0
chat lines: 159 | sample: (Arach[SG]): rune by the Jacket Armor
kills by weapon: blaster=0 rail=70 rocket=23 mg=0 cg=0 hb=0 ssg=0
ACC w0 fires=46 hits=3
ACC w6 fires=361 hits=59
ACC w8 fires=542 hits=76
ACC w0 fires=46 hits=3
ACC w6 fires=361 hits=59
ACC w8 fires=542 hits=76
ACC w0 fires=46 hits=3
ACC w6 fires=361 hits=59
ACC w8 fires=543 hits=76
ACC w0 fires=46 hits=3
ACC w6 fires=361 hits=59
ACC w8 fires=551 hits=78
---- s10-5v1 smap05 fill=5:0 600s ----
STEALS=4  CAPS=4  RETURNS=0
KILLS=0
HOOK: fires=311 lands=118 fails=63
SHELVES=54  DEADDOORS=0  CYCLES=4
acts: swim=26 lift=0 tele=0 rj=0
roles: escort_samples=593 recover_samples=0
attacker floors: {}
defenders: 0 distinct 100u-cells, moving=0 still=0
chat lines: 34 | sample: (Arach[SG]): haste rune at the rg
kills by weapon: blaster=0 rail=0 rocket=0 mg=0 cg=0 hb=0 ssg=0
