=== WAVE 366 (free layout) ===
---- s01-2v2 lmctf03 fill=2 600s ----
STEALS=1  CAPS=0  RETURNS=1
KILLS=10
HOOK: fires=143 lands=96 fails=54
SHELVES=49  DEADDOORS=3  CYCLES=0
acts: swim=0 lift=3 tele=2 rj=32
roles: escort_samples=24 recover_samples=46
attacker floors: {}
defenders: 0 distinct 100u-cells, moving=0 still=0
chat lines: 60 | sample: (Arach[SG]): rune by the Bullets
kills by weapon: blaster=0 rail=5 rocket=4 mg=0 cg=0 hb=0 ssg=0
ACC w0 fires=4 hits=1
ACC w6 fires=37 hits=8
ACC w8 fires=90 hits=10
ACC w0 fires=4 hits=1
ACC w6 fires=37 hits=8
ACC w8 fires=90 hits=10
ACC w0 fires=4 hits=1
ACC w6 fires=37 hits=8
ACC w8 fires=90 hits=10
ACC w0 fires=4 hits=1
ACC w6 fires=37 hits=8
ACC w8 fires=90 hits=10
---- s02-5v0 smap05 fill=5:0 600s ----
STEALS=2  CAPS=1  RETURNS=0
KILLS=0
HOOK: fires=199 lands=62 fails=58
SHELVES=31  DEADDOORS=0  CYCLES=2
acts: swim=39 lift=0 tele=0 rj=0
roles: escort_samples=552 recover_samples=0
attacker floors: {}
defenders: 0 distinct 100u-cells, moving=0 still=0
chat lines: 22 | sample: (Arach[SG]): haste rune at the rg
kills by weapon: blaster=0 rail=0 rocket=0 mg=0 cg=0 hb=0 ssg=0
---- s03-5v5 mactf06 fill=5 900s ----
STEALS=7  CAPS=1  RETURNS=4
KILLS=236
HOOK: fires=1175 lands=599 fails=342
SHELVES=32  DEADDOORS=0  CYCLES=10
acts: swim=4 lift=3 tele=11 rj=21
roles: escort_samples=360 recover_samples=765
attacker floors: {}
defenders: 0 distinct 100u-cells, moving=0 still=0
chat lines: 382 | sample: (Arach[SG]): haste rune at our base
kills by weapon: blaster=0 rail=173 rocket=51 mg=0 cg=0 hb=0 ssg=2
ACC w0 fires=44 hits=4
ACC w1 fires=12 hits=11
ACC w2 fires=16 hits=29
ACC w6 fires=822 hits=94
ACC w7 fires=5 hits=4
ACC w8 fires=2309 hits=223
ACC w0 fires=44 hits=4
ACC w1 fires=12 hits=11
ACC w2 fires=16 hits=29
ACC w6 fires=828 hits=95
ACC w7 fires=5 hits=4
ACC w8 fires=2310 hits=224
---- s04-5v5 mactf06 fill=5 900s ----
STEALS=9  CAPS=0  RETURNS=5
KILLS=239
HOOK: fires=1202 lands=630 fails=371
SHELVES=24  DEADDOORS=0  CYCLES=0
acts: swim=12 lift=6 tele=21 rj=14
roles: escort_samples=236 recover_samples=699
attacker floors: {}
defenders: 0 distinct 100u-cells, moving=0 still=0
chat lines: 380 | sample: (Arach[SG]): haste rune at our base
kills by weapon: blaster=1 rail=174 rocket=52 mg=0 cg=0 hb=0 ssg=0
ACC w0 fires=62 hits=7
ACC w1 fires=20 hits=18
ACC w3 fires=4 hits=0
ACC w6 fires=786 hits=113
ACC w7 fires=18 hits=7
ACC w8 fires=1896 hits=227
ACC w0 fires=62 hits=8
ACC w1 fires=20 hits=18
ACC w3 fires=4 hits=0
ACC w6 fires=791 hits=114
ACC w7 fires=18 hits=7
ACC w8 fires=1896 hits=227
---- s05-5v5 lmctf22 fill=5 900s ----
STEALS=12  CAPS=5  RETURNS=6
KILLS=146
HOOK: fires=1485 lands=705 fails=262
SHELVES=57  DEADDOORS=0  CYCLES=0
acts: swim=9 lift=9 tele=17 rj=16
roles: escort_samples=416 recover_samples=1003
attacker floors: {}
defenders: 0 distinct 100u-cells, moving=0 still=0
chat lines: 299 | sample: Rune[SG]: evening
kills by weapon: blaster=0 rail=110 rocket=21 mg=0 cg=0 hb=0 ssg=0
ACC w6 fires=343 hits=57
ACC w8 fires=1200 hits=134
ACC w0 fires=21 hits=2
ACC w2 fires=4 hits=0
ACC w4 fires=5 hits=2
ACC w6 fires=349 hits=59
ACC w8 fires=1201 hits=134
ACC w0 fires=21 hits=2
ACC w2 fires=4 hits=0
ACC w4 fires=5 hits=2
ACC w6 fires=349 hits=59
ACC w8 fires=1203 hits=135
---- s06-5v3 lmctf44 fill=5:3 900s ----
STEALS=11  CAPS=1  RETURNS=8
KILLS=84
HOOK: fires=989 lands=454 fails=225
SHELVES=64  DEADDOORS=0  CYCLES=1
acts: swim=11 lift=17 tele=22 rj=20
roles: escort_samples=320 recover_samples=444
attacker floors: {}
defenders: 0 distinct 100u-cells, moving=0 still=0
chat lines: 179 | sample: Rune[SG]: hello all
kills by weapon: blaster=0 rail=51 rocket=15 mg=0 cg=1 hb=2 ssg=1
ACC w0 fires=3 hits=1
ACC w2 fires=20 hits=18
ACC w4 fires=19 hits=22
ACC w6 fires=223 hits=38
ACC w7 fires=96 hits=22
ACC w8 fires=682 hits=70
ACC w0 fires=3 hits=1
ACC w2 fires=20 hits=18
ACC w4 fires=19 hits=22
ACC w6 fires=223 hits=38
ACC w7 fires=96 hits=22
ACC w8 fires=682 hits=70
---- s07-5v3 lmctf44 fill=5:3 900s ----
STEALS=8  CAPS=3  RETURNS=5
KILLS=63
HOOK: fires=1011 lands=454 fails=215
SHELVES=47  DEADDOORS=0  CYCLES=4
acts: swim=11 lift=29 tele=35 rj=12
roles: escort_samples=319 recover_samples=575
attacker floors: {}
defenders: 0 distinct 100u-cells, moving=0 still=0
chat lines: 162 | sample: Rune[SG]: evening
kills by weapon: blaster=0 rail=48 rocket=11 mg=0 cg=0 hb=1 ssg=0
ACC w7 fires=98 hits=14
ACC w8 fires=771 hits=63
ACC w0 fires=1 hits=0
ACC w2 fires=4 hits=0
ACC w6 fires=175 hits=27
ACC w7 fires=98 hits=14
ACC w8 fires=787 hits=65
ACC w0 fires=1 hits=0
ACC w2 fires=4 hits=0
ACC w6 fires=175 hits=27
ACC w7 fires=98 hits=14
ACC w8 fires=792 hits=66
---- s08-7v7 lmctf09 fill=7 600s ----
STEALS=2  CAPS=0  RETURNS=2
KILLS=165
HOOK: fires=1329 lands=621 fails=394
SHELVES=129  DEADDOORS=0  CYCLES=0
acts: swim=2 lift=5 tele=11 rj=8
roles: escort_samples=0 recover_samples=192
attacker floors: {}
defenders: 0 distinct 100u-cells, moving=0 still=0
chat lines: 169 | sample: (Caco[SG]): damage rune at our base
kills by weapon: blaster=0 rail=107 rocket=39 mg=0 cg=0 hb=0 ssg=0
ACC w0 fires=70 hits=8
ACC w6 fires=601 hits=83
ACC w8 fires=1241 hits=132
ACC w0 fires=70 hits=8
ACC w6 fires=607 hits=84
ACC w8 fires=1248 hits=134
ACC w0 fires=70 hits=8
ACC w6 fires=607 hits=84
ACC w8 fires=1255 hits=135
ACC w0 fires=70 hits=8
ACC w6 fires=607 hits=84
ACC w8 fires=1255 hits=135
---- s09-ctrl lmctf01 fill=5 900s ----
STEALS=1  CAPS=0  RETURNS=1
KILLS=120
HOOK: fires=1035 lands=498 fails=288
SHELVES=336  DEADDOORS=0  CYCLES=0
acts: swim=246 lift=36 tele=0 rj=9
roles: escort_samples=101 recover_samples=114
attacker floors: {}
defenders: 0 distinct 100u-cells, moving=0 still=0
chat lines: 141 | sample: (Arach[SG]): regen rune at our base
kills by weapon: blaster=0 rail=74 rocket=37 mg=1 cg=0 hb=0 ssg=0
ACC w0 fires=88 hits=4
ACC w3 fires=16 hits=11
ACC w6 fires=459 hits=55
ACC w8 fires=709 hits=79
ACC w0 fires=88 hits=4
ACC w3 fires=16 hits=11
ACC w6 fires=460 hits=56
ACC w8 fires=709 hits=79
ACC w0 fires=88 hits=4
ACC w3 fires=16 hits=11
ACC w6 fires=463 hits=56
ACC w8 fires=713 hits=79
---- s10-5v1 smap05 fill=5:1 600s ----
STEALS=6  CAPS=2  RETURNS=0
KILLS=37
HOOK: fires=419 lands=163 fails=108
SHELVES=45  DEADDOORS=0  CYCLES=4
acts: swim=15 lift=0 tele=5 rj=0
roles: escort_samples=679 recover_samples=445
attacker floors: {}
defenders: 0 distinct 100u-cells, moving=0 still=0
chat lines: 104 | sample: (Arach[SG]): haste rune at the rg
kills by weapon: blaster=0 rail=31 rocket=5 mg=0 cg=0 hb=0 ssg=0
ACC w0 fires=11 hits=0
ACC w6 fires=102 hits=10
ACC w8 fires=419 hits=40
ACC w0 fires=11 hits=0
ACC w6 fires=102 hits=10
ACC w8 fires=419 hits=40
ACC w0 fires=11 hits=0
ACC w6 fires=102 hits=10
ACC w8 fires=419 hits=40
ACC w0 fires=11 hits=0
ACC w6 fires=102 hits=10
ACC w8 fires=419 hits=40
