=== WAVE 377 (free layout) ===
---- s01-2v2 lmctf03 fill=2 600s ----
STEALS=0  CAPS=0  RETURNS=0
KILLS=3
HOOK: fires=155 lands=114 fails=34
SHELVES=43  DEADDOORS=1  CYCLES=0
acts: swim=9 lift=102 tele=0 rj=0
roles: escort_samples=0 recover_samples=0
attacker floors: {}
defenders: 0 distinct 100u-cells, moving=0 still=0
chat lines: 33 | sample: (Arach[SG]): damage rune at our base
kills by weapon: blaster=0 rail=1 rocket=1 mg=0 cg=0 hb=0 ssg=0
ACC w1 fires=12 hits=24
ACC w2 fires=3 hits=0
ACC w6 fires=8 hits=2
ACC w8 fires=11 hits=2
ACC w1 fires=12 hits=24
ACC w2 fires=3 hits=0
ACC w6 fires=8 hits=2
ACC w8 fires=11 hits=2
ACC w1 fires=12 hits=24
ACC w2 fires=3 hits=0
ACC w6 fires=8 hits=2
ACC w8 fires=11 hits=2
---- s02-5v0 smap05 fill=5:0 600s ----
STEALS=3  CAPS=2  RETURNS=0
KILLS=0
HOOK: fires=259 lands=106 fails=70
SHELVES=36  DEADDOORS=0  CYCLES=0
acts: swim=43 lift=0 tele=0 rj=0
roles: escort_samples=350 recover_samples=0
attacker floors: {}
defenders: 0 distinct 100u-cells, moving=0 still=0
chat lines: 33 | sample: (Arach[SG]): haste rune at the rg
kills by weapon: blaster=0 rail=0 rocket=0 mg=0 cg=0 hb=0 ssg=0
---- s03-5v5 mactf06 fill=5 900s ----
STEALS=11  CAPS=1  RETURNS=8
KILLS=222
HOOK: fires=1241 lands=637 fails=365
SHELVES=34  DEADDOORS=0  CYCLES=1
acts: swim=2 lift=16 tele=14 rj=3
roles: escort_samples=388 recover_samples=753
attacker floors: {}
defenders: 0 distinct 100u-cells, moving=0 still=0
chat lines: 413 | sample: (Arach[SG]): haste rune at our base
kills by weapon: blaster=0 rail=156 rocket=49 mg=0 cg=0 hb=0 ssg=0
ACC w2 fires=1 hits=0
ACC w3 fires=10 hits=4
ACC w6 fires=888 hits=113
ACC w7 fires=36 hits=6
ACC w8 fires=1923 hits=195
ACC w0 fires=30 hits=4
ACC w1 fires=42 hits=44
ACC w2 fires=1 hits=0
ACC w3 fires=10 hits=4
ACC w6 fires=888 hits=113
ACC w7 fires=36 hits=6
ACC w8 fires=1929 hits=195
---- s04-5v5 mactf06 fill=5 900s ----
STEALS=8  CAPS=0  RETURNS=6
KILLS=247
HOOK: fires=1200 lands=625 fails=382
SHELVES=21  DEADDOORS=0  CYCLES=1
acts: swim=8 lift=5 tele=4 rj=3
roles: escort_samples=281 recover_samples=498
attacker floors: {}
defenders: 0 distinct 100u-cells, moving=0 still=0
chat lines: 377 | sample: (Arach[SG]): haste rune at our base
kills by weapon: blaster=1 rail=187 rocket=42 mg=0 cg=0 hb=0 ssg=3
ACC w0 fires=37 hits=5
ACC w1 fires=19 hits=6
ACC w2 fires=9 hits=27
ACC w6 fires=729 hits=93
ACC w7 fires=36 hits=11
ACC w8 fires=2053 hits=223
ACC w0 fires=37 hits=5
ACC w1 fires=19 hits=6
ACC w2 fires=9 hits=27
ACC w6 fires=737 hits=95
ACC w7 fires=36 hits=11
ACC w8 fires=2065 hits=224
---- s05-5v5 lmctf22 fill=5 900s ----
STEALS=11  CAPS=2  RETURNS=7
KILLS=143
HOOK: fires=1409 lands=688 fails=244
SHELVES=42  DEADDOORS=0  CYCLES=0
acts: swim=14 lift=4 tele=3 rj=5
roles: escort_samples=242 recover_samples=756
attacker floors: {}
defenders: 0 distinct 100u-cells, moving=0 still=0
chat lines: 249 | sample: (Arach[SG]): rune by the Enemy Flag
kills by weapon: blaster=0 rail=95 rocket=28 mg=1 cg=0 hb=0 ssg=2
ACC w0 fires=12 hits=1
ACC w2 fires=18 hits=14
ACC w3 fires=19 hits=11
ACC w4 fires=25 hits=22
ACC w6 fires=376 hits=62
ACC w8 fires=1239 hits=107
ACC w0 fires=18 hits=2
ACC w2 fires=18 hits=14
ACC w3 fires=19 hits=11
ACC w4 fires=25 hits=22
ACC w6 fires=378 hits=62
ACC w8 fires=1241 hits=109
---- s06-5v3 lmctf44 fill=5:3 900s ----
STEALS=8  CAPS=1  RETURNS=6
KILLS=75
HOOK: fires=946 lands=399 fails=219
SHELVES=48  DEADDOORS=0  CYCLES=1
acts: swim=27 lift=19 tele=15 rj=6
roles: escort_samples=271 recover_samples=337
attacker floors: {}
defenders: 0 distinct 100u-cells, moving=0 still=0
chat lines: 145 | sample: Rune[SG]: shall we
kills by weapon: blaster=0 rail=48 rocket=19 mg=0 cg=2 hb=0 ssg=2
ACC w0 fires=4 hits=1
ACC w2 fires=45 hits=70
ACC w4 fires=25 hits=18
ACC w6 fires=207 hits=32
ACC w7 fires=8 hits=1
ACC w8 fires=734 hits=59
ACC w0 fires=4 hits=1
ACC w2 fires=45 hits=70
ACC w4 fires=25 hits=18
ACC w6 fires=209 hits=32
ACC w7 fires=8 hits=1
ACC w8 fires=757 hits=62
---- s07-5v3 lmctf44 fill=5:3 900s ----
STEALS=10  CAPS=3  RETURNS=3
KILLS=74
HOOK: fires=1007 lands=436 fails=187
SHELVES=42  DEADDOORS=0  CYCLES=3
acts: swim=4 lift=24 tele=9 rj=34
roles: escort_samples=579 recover_samples=793
attacker floors: {}
defenders: 0 distinct 100u-cells, moving=0 still=0
chat lines: 170 | sample: Rune[SG]: back for more
kills by weapon: blaster=0 rail=55 rocket=11 mg=0 cg=1 hb=0 ssg=0
ACC w0 fires=5 hits=1
ACC w2 fires=4 hits=2
ACC w4 fires=45 hits=50
ACC w6 fires=162 hits=28
ACC w7 fires=55 hits=8
ACC w8 fires=535 hits=63
ACC w0 fires=5 hits=1
ACC w2 fires=4 hits=2
ACC w4 fires=45 hits=50
ACC w6 fires=162 hits=28
ACC w7 fires=55 hits=8
ACC w8 fires=535 hits=63
---- s08-7v7 lmctf09 fill=7 600s ----
STEALS=3  CAPS=0  RETURNS=3
KILLS=161
HOOK: fires=1359 lands=611 fails=364
SHELVES=125  DEADDOORS=0  CYCLES=0
acts: swim=9 lift=11 tele=8 rj=15
roles: escort_samples=12 recover_samples=143
attacker floors: {}
defenders: 0 distinct 100u-cells, moving=0 still=0
chat lines: 141 | sample: (Caco[SG]): damage rune at our base
kills by weapon: blaster=1 rail=120 rocket=25 mg=0 cg=0 hb=0 ssg=1
ACC w6 fires=467 hits=66
ACC w8 fires=1392 hits=141
ACC w0 fires=34 hits=3
ACC w2 fires=12 hits=2
ACC w3 fires=5 hits=2
ACC w6 fires=467 hits=66
ACC w8 fires=1398 hits=143
ACC w0 fires=34 hits=3
ACC w2 fires=12 hits=2
ACC w3 fires=5 hits=2
ACC w6 fires=467 hits=66
ACC w8 fires=1399 hits=143
---- s09-ctrl lmctf01 fill=5 900s ----
STEALS=4  CAPS=0  RETURNS=3
KILLS=111
HOOK: fires=1011 lands=439 fails=239
SHELVES=335  DEADDOORS=0  CYCLES=0
acts: swim=217 lift=43 tele=40 rj=10
roles: escort_samples=103 recover_samples=115
attacker floors: {}
defenders: 0 distinct 100u-cells, moving=0 still=0
chat lines: 122 | sample: (Arach[SG]): regen rune at our base
kills by weapon: blaster=0 rail=74 rocket=31 mg=0 cg=0 hb=0 ssg=0
ACC w0 fires=30 hits=1
ACC w6 fires=372 hits=58
ACC w8 fires=628 hits=75
ACC w0 fires=30 hits=1
ACC w6 fires=372 hits=58
ACC w8 fires=628 hits=75
ACC w0 fires=30 hits=1
ACC w6 fires=376 hits=58
ACC w8 fires=649 hits=76
ACC w0 fires=30 hits=1
ACC w6 fires=385 hits=59
ACC w8 fires=661 hits=78
---- s10-5v1 smap05 fill=5:1 600s ----
STEALS=5  CAPS=1  RETURNS=2
KILLS=34
HOOK: fires=382 lands=144 fails=110
SHELVES=57  DEADDOORS=0  CYCLES=5
acts: swim=153 lift=0 tele=0 rj=6
roles: escort_samples=546 recover_samples=303
attacker floors: {}
defenders: 0 distinct 100u-cells, moving=0 still=0
chat lines: 92 | sample: (Arach[SG]): haste rune at the rg
kills by weapon: blaster=0 rail=19 rocket=10 mg=0 cg=0 hb=0 ssg=0
ACC w0 fires=1 hits=0
ACC w3 fires=2 hits=0
ACC w6 fires=126 hits=23
ACC w8 fires=275 hits=23
ACC w0 fires=1 hits=0
ACC w3 fires=2 hits=0
ACC w6 fires=126 hits=23
ACC w8 fires=275 hits=23
ACC w0 fires=1 hits=0
ACC w3 fires=2 hits=0
ACC w6 fires=126 hits=23
ACC w8 fires=275 hits=23
./iterate2.sh: line 266: syntax error near unexpected token `)'
./iterate2.sh: line 266: `E + i )) +set net_port $(( PORT_BASE + i )) +set maxclients 16 \'
