=== WAVE 275: duel=lmctf03 fives=mactf06,lmctf05,lmctf01,lmctf22,lmctf02c dens=lmctf09 ctrl=smap05 ===
---- s01-2v2 lmctf03 ----
STEALS=1  CAPS=0  RETURNS=0
KILLS=2
HOOK: fires=174 lands=32 fails=15
SHELVES=46  DEADDOORS=1  CYCLES=0
acts: swim=0 lift=0 tele=0 rj=0
roles: escort_samples=69 recover_samples=70
attacker floors: {}
defenders: 0 distinct 100u-cells, moving=0 still=0
chat lines: 35 | sample: (Caco[SG]): damage rune at yellow armor
kills by weapon: blaster=0 rail=2 rocket=0 mg=0 cg=0 hb=0 ssg=0
ACC w6 fires=1 hits=0
ACC w8 fires=22 hits=4
ACC w6 fires=1 hits=0
ACC w8 fires=22 hits=4
ACC w6 fires=1 hits=0
ACC w8 fires=22 hits=4
ACC w6 fires=1 hits=0
ACC w8 fires=22 hits=4
ACC w6 fires=1 hits=0
ACC w8 fires=22 hits=4
ACC w6 fires=1 hits=0
ACC w8 fires=22 hits=4
EFF: attack=0.79 defend=0.80 carry=1.20 recover=1.73 escort=0.93
BOT: Caco[SG]     eff=1.16 avg_spd=  164 max_spd= 764 dist=  60053 role=attack
BOT: Rune[SG]     eff=1.00 avg_spd=   32 max_spd= 777 dist=  13090 role=defend
BOT: Arach[SG]    eff=0.77 avg_spd=   27 max_spd= 786 dist=  12310 role=defend
BOT: Slip[SG]     eff=0.68 avg_spd=  266 max_spd= 789 dist= 102222 role=attack
---- s02-2v2 lmctf03 ----
STEALS=0  CAPS=0  RETURNS=0
KILLS=5
HOOK: fires=166 lands=61 fails=38
SHELVES=59  DEADDOORS=1  CYCLES=0
acts: swim=0 lift=85 tele=0 rj=0
roles: escort_samples=0 recover_samples=0
attacker floors: {}
defenders: 0 distinct 100u-cells, moving=0 still=0
chat lines: 67 | sample: (Caco[SG]): damage rune at yellow armor
kills by weapon: blaster=0 rail=3 rocket=1 mg=0 cg=0 hb=0 ssg=0
ACC w6 fires=7 hits=2
ACC w8 fires=35 hits=5
ACC w6 fires=7 hits=2
ACC w8 fires=35 hits=5
ACC w6 fires=7 hits=2
ACC w8 fires=35 hits=5
ACC w6 fires=7 hits=2
ACC w8 fires=35 hits=5
ACC w6 fires=7 hits=2
ACC w8 fires=35 hits=5
ACC w6 fires=7 hits=2
ACC w8 fires=35 hits=5
EFF: attack=1.44 defend=1.36
BOT: Slip[SG]     eff=1.59 avg_spd=  144 max_spd= 789 dist=  63015 role=attack
BOT: Arach[SG]    eff=1.39 avg_spd=    2 max_spd= 749 dist=   1118 role=defend
BOT: Rune[SG]     eff=1.38 avg_spd=   11 max_spd= 777 dist=   5677 role=defend
BOT: Caco[SG]     eff=1.32 avg_spd=  172 max_spd= 786 dist=  79044 role=attack
---- s03-5v5 mactf06 ----
STEALS=0  CAPS=0  RETURNS=0
KILLS=87
HOOK: fires=777 lands=298 fails=168
SHELVES=32  DEADDOORS=0  CYCLES=0
acts: swim=20 lift=3 tele=0 rj=1
roles: escort_samples=0 recover_samples=0
attacker floors: {}
defenders: 0 distinct 100u-cells, moving=0 still=0
chat lines: 164 | sample: (Arach[SG]): haste rune at our base
kills by weapon: blaster=0 rail=71 rocket=8 mg=0 cg=0 hb=1 ssg=0
ACC w0 fires=6 hits=0
ACC w6 fires=201 hits=29
ACC w7 fires=7 hits=1
ACC w8 fires=650 hits=82
ACC w0 fires=6 hits=0
ACC w6 fires=201 hits=29
ACC w7 fires=7 hits=1
ACC w8 fires=650 hits=82
ACC w0 fires=6 hits=0
ACC w6 fires=201 hits=29
ACC w7 fires=7 hits=1
ACC w8 fires=651 hits=83
EFF: attack=1.45 defend=1.02
BOT: Fiend[SG]    eff=1.67 avg_spd=  222 max_spd= 774 dist=  97400 role=attack
BOT: Slip[SG]     eff=1.65 avg_spd=  229 max_spd= 809 dist=  95986 role=attack
BOT: Phase[SG]    eff=1.50 avg_spd=  230 max_spd= 941 dist= 103350 role=attack
BOT: Vore[SG]     eff=1.46 avg_spd=  226 max_spd= 800 dist=  91513 role=attack
BOT: Trace[SG]    eff=1.42 avg_spd=  253 max_spd= 801 dist= 105951 role=attack
BOT: Caco[SG]     eff=1.15 avg_spd=  241 max_spd= 772 dist=  20797 role=defend
BOT: Gate[SG]     eff=1.14 avg_spd=  249 max_spd= 779 dist=  31244 role=defend
BOT: Arach[SG]    eff=1.11 avg_spd=   69 max_spd= 776 dist=  18583 role=defend
BOT: Field[SG]    eff=1.05 avg_spd=  231 max_spd= 798 dist= 100222 role=attack
BOT: Rune[SG]     eff=0.50 avg_spd=  214 max_spd= 726 dist=  15797 role=defend
---- s04-5v5 lmctf05 ----
STEALS=1  CAPS=0  RETURNS=0
KILLS=50
HOOK: fires=637 lands=240 fails=135
SHELVES=174  DEADDOORS=0  CYCLES=0
acts: swim=124 lift=2 tele=51 rj=0
roles: escort_samples=16 recover_samples=161
attacker floors: {}
defenders: 0 distinct 100u-cells, moving=0 still=0
chat lines: 89 | sample: (Caco[SG]): damage rune at our base
kills by weapon: blaster=0 rail=27 rocket=12 mg=0 cg=2 hb=1 ssg=0
ACC w7 fires=21 hits=10
ACC w8 fires=349 hits=32
ACC w0 fires=93 hits=2
ACC w4 fires=30 hits=37
ACC w6 fires=176 hits=28
ACC w7 fires=21 hits=10
ACC w8 fires=349 hits=32
ACC w0 fires=93 hits=2
ACC w4 fires=30 hits=37
ACC w6 fires=186 hits=30
ACC w7 fires=21 hits=10
ACC w8 fires=349 hits=32
EFF: attack=1.94 defend=0.95 recover=1.39
BOT: Trace[SG]    eff=2.26 avg_spd=  163 max_spd= 778 dist=  38166 role=attack
BOT: Field[SG]    eff=2.08 avg_spd=  129 max_spd= 739 dist=  61674 role=attack
BOT: Slip[SG]     eff=1.91 avg_spd=  160 max_spd= 781 dist=  72265 role=attack
BOT: Phase[SG]    eff=1.91 avg_spd=  128 max_spd= 766 dist=  60949 role=attack
BOT: Fiend[SG]    eff=1.76 avg_spd=  159 max_spd= 785 dist=  75927 role=attack
BOT: Vore[SG]     eff=1.47 avg_spd=  178 max_spd= 774 dist=  41890 role=attack
BOT: Caco[SG]     eff=1.10 avg_spd=  192 max_spd= 781 dist=  62004 role=defend
BOT: Rune[SG]     eff=1.06 avg_spd=  122 max_spd= 797 dist=  14509 role=defend
BOT: Gate[SG]     eff=1.00 avg_spd=  222 max_spd= 800 dist=  80836 role=defend
BOT: Arach[SG]    eff=0.82 avg_spd=  104 max_spd= 803 dist=  30423 role=defend
---- s05-5v5 lmctf01 ----
STEALS=4  CAPS=0  RETURNS=2
KILLS=68
HOOK: fires=881 lands=309 fails=145
SHELVES=124  DEADDOORS=0  CYCLES=0
acts: swim=190 lift=16 tele=25 rj=1
roles: escort_samples=94 recover_samples=609
attacker floors: {}
defenders: 0 distinct 100u-cells, moving=0 still=0
chat lines: 101 | sample: (Arach[SG]): regen rune at our base
kills by weapon: blaster=0 rail=38 rocket=19 mg=1 cg=0 hb=0 ssg=0
ACC w0 fires=22 hits=3
ACC w3 fires=21 hits=15
ACC w6 fires=262 hits=32
ACC w8 fires=418 hits=37
ACC w0 fires=22 hits=3
ACC w3 fires=21 hits=15
ACC w6 fires=267 hits=33
ACC w8 fires=422 hits=38
ACC w0 fires=22 hits=3
ACC w3 fires=21 hits=15
ACC w6 fires=275 hits=35
ACC w8 fires=444 hits=38
EFF: attack=1.28 defend=1.02 carry=0.73 recover=1.45 escort=1.26
BOT: Fiend[SG]    eff=1.51 avg_spd=  177 max_spd= 797 dist=  65064 role=attack
BOT: Caco[SG]     eff=1.35 avg_spd=  228 max_spd= 775 dist=  51209 role=defend
BOT: Rune[SG]     eff=1.30 avg_spd=   35 max_spd= 780 dist=  14887 role=defend
BOT: Trace[SG]    eff=1.28 avg_spd=  179 max_spd= 788 dist=  81601 role=attack
BOT: Vore[SG]     eff=1.26 avg_spd=  189 max_spd= 800 dist=  81624 role=attack
BOT: Field[SG]    eff=1.25 avg_spd=  201 max_spd= 784 dist=  87920 role=attack
BOT: Phase[SG]    eff=1.25 avg_spd=  218 max_spd= 772 dist=  92965 role=attack
BOT: Slip[SG]     eff=1.18 avg_spd=  199 max_spd= 794 dist=  84178 role=attack
BOT: Arach[SG]    eff=1.02 avg_spd=   27 max_spd= 742 dist=  12007 role=defend
BOT: Gate[SG]     eff=0.90 avg_spd=  217 max_spd= 783 dist=  60755 role=defend
---- s06-5v5 lmctf22 ----
STEALS=3  CAPS=0  RETURNS=3
KILLS=81
HOOK: fires=973 lands=341 fails=115
SHELVES=98  DEADDOORS=0  CYCLES=4
acts: swim=21 lift=6 tele=4 rj=5
roles: escort_samples=217 recover_samples=613
attacker floors: {}
defenders: 0 distinct 100u-cells, moving=0 still=0
chat lines: 167 | sample: (Arach[SG]): regen rune at our base
kills by weapon: blaster=0 rail=57 rocket=12 mg=0 cg=0 hb=0 ssg=1
ACC w7 fires=1 hits=0
ACC w8 fires=758 hits=66
ACC w0 fires=21 hits=1
ACC w2 fires=6 hits=16
ACC w6 fires=235 hits=38
ACC w7 fires=1 hits=0
ACC w8 fires=777 hits=69
ACC w0 fires=21 hits=1
ACC w2 fires=6 hits=16
ACC w6 fires=235 hits=38
ACC w7 fires=1 hits=0
ACC w8 fires=783 hits=70
EFF: attack=1.32 defend=1.00 carry=0.95 recover=1.23 escort=0.64
BOT: Slip[SG]     eff=1.38 avg_spd=  250 max_spd= 780 dist= 105042 role=attack
BOT: Trace[SG]    eff=1.35 avg_spd=  222 max_spd= 784 dist=  93457 role=attack
BOT: Fiend[SG]    eff=1.32 avg_spd=  211 max_spd= 794 dist=  90904 role=attack
BOT: Vore[SG]     eff=1.31 avg_spd=  229 max_spd= 782 dist=  95578 role=attack
BOT: Field[SG]    eff=1.23 avg_spd=  223 max_spd= 782 dist=  92479 role=attack
BOT: Phase[SG]    eff=1.12 avg_spd=  226 max_spd= 831 dist=  90332 role=attack
BOT: Gate[SG]     eff=1.09 avg_spd=  173 max_spd= 775 dist=  52277 role=defend
BOT: Arach[SG]    eff=1.01 avg_spd=  147 max_spd= 782 dist=  34921 role=defend
BOT: Caco[SG]     eff=1.00 avg_spd=  200 max_spd= 779 dist=  51192 role=defend
BOT: Rune[SG]     eff=0.94 avg_spd=  232 max_spd= 749 dist=  50355 role=defend
---- s07-5v5 lmctf02c ----
STEALS=0  CAPS=0  RETURNS=0
KILLS=52
HOOK: fires=1061 lands=312 fails=192
SHELVES=65  DEADDOORS=0  CYCLES=0
acts: swim=19 lift=15 tele=6 rj=0
roles: escort_samples=0 recover_samples=0
attacker floors: {}
defenders: 0 distinct 100u-cells, moving=0 still=0
chat lines: 111 | sample: (Arach[SG]): rune by the Health
kills by weapon: blaster=0 rail=46 rocket=3 mg=0 cg=0 hb=0 ssg=0
ACC w6 fires=59 hits=6
ACC w8 fires=583 hits=47
ACC w6 fires=63 hits=6
ACC w8 fires=620 hits=48
ACC w6 fires=74 hits=7
ACC w8 fires=648 hits=50
ACC w6 fires=77 hits=8
ACC w8 fires=662 hits=51
ACC w6 fires=77 hits=8
ACC w8 fires=662 hits=51
ACC w6 fires=77 hits=8
ACC w8 fires=662 hits=51
EFF: attack=1.84 defend=1.52
BOT: Fiend[SG]    eff=2.08 avg_spd=  236 max_spd= 806 dist=  98443 role=attack
BOT: Rune[SG]     eff=2.07 avg_spd=  157 max_spd= 782 dist=  74087 role=defend
BOT: Vore[SG]     eff=1.93 avg_spd=  222 max_spd= 806 dist=  93838 role=attack
BOT: Slip[SG]     eff=1.93 avg_spd=  222 max_spd= 794 dist=  97768 role=attack
BOT: Field[SG]    eff=1.78 avg_spd=  224 max_spd= 778 dist=  91711 role=attack
BOT: Phase[SG]    eff=1.67 avg_spd=  222 max_spd= 805 dist= 105498 role=attack
BOT: Trace[SG]    eff=1.67 avg_spd=  201 max_spd= 806 dist=  87338 role=attack
BOT: Gate[SG]     eff=1.42 avg_spd=  239 max_spd= 783 dist= 103081 role=defend
BOT: Caco[SG]     eff=1.33 avg_spd=  227 max_spd= 793 dist=  95477 role=defend
BOT: Arach[SG]    eff=1.16 avg_spd=   62 max_spd= 752 dist=  29417 role=defend
---- s08-7v7 lmctf09 ----
STEALS=1  CAPS=0  RETURNS=1
KILLS=141
HOOK: fires=1528 lands=471 fails=284
SHELVES=143  DEADDOORS=0  CYCLES=0
acts: swim=7 lift=5 tele=2 rj=9
roles: escort_samples=0 recover_samples=53
attacker floors: {}
defenders: 0 distinct 100u-cells, moving=0 still=0
chat lines: 176 | sample: Rune[SG]: shall we
kills by weapon: blaster=0 rail=101 rocket=26 mg=0 cg=0 hb=0 ssg=0
ACC w0 fires=42 hits=10
ACC w2 fires=8 hits=1
ACC w6 fires=343 hits=67
ACC w8 fires=1128 hits=135
ACC w0 fires=42 hits=10
ACC w2 fires=8 hits=1
ACC w6 fires=343 hits=67
ACC w8 fires=1128 hits=135
ACC w0 fires=42 hits=10
ACC w2 fires=8 hits=1
ACC w6 fires=344 hits=67
ACC w8 fires=1129 hits=135
EFF: attack=1.72 defend=1.10 recover=0.91
BOT: Ogre[SG]     eff=1.82 avg_spd=  216 max_spd= 782 dist= 106407 role=attack
BOT: Vore[SG]     eff=1.78 avg_spd=  233 max_spd= 885 dist= 105538 role=attack
BOT: Phase[SG]    eff=1.77 avg_spd=  214 max_spd= 786 dist=  90474 role=attack
BOT: Scrag[SG]    eff=1.77 avg_spd=  220 max_spd= 795 dist= 102782 role=attack
BOT: Knight[SG]   eff=1.71 avg_spd=  173 max_spd= 773 dist=  80195 role=attack
BOT: Field[SG]    eff=1.70 avg_spd=  225 max_spd= 799 dist= 103421 role=attack
BOT: Wizard[SG]   eff=1.69 avg_spd=  209 max_spd= 797 dist=  99086 role=attack
BOT: Trace[SG]    eff=1.68 avg_spd=  184 max_spd= 782 dist=  83708 role=attack
BOT: Fiend[SG]    eff=1.62 avg_spd=  222 max_spd= 795 dist= 100823 role=attack
BOT: Slip[SG]     eff=1.53 avg_spd=  197 max_spd= 800 dist=  90188 role=attack
BOT: Gate[SG]     eff=1.40 avg_spd=  131 max_spd= 741 dist=  29760 role=defend
BOT: Arach[SG]    eff=1.33 avg_spd=   37 max_spd= 791 dist=  16815 role=defend
BOT: Caco[SG]     eff=1.06 avg_spd=  226 max_spd= 809 dist=  54318 role=defend
BOT: Rune[SG]     eff=0.76 avg_spd=   61 max_spd= 714 dist=  25429 role=defend
---- s09-7v7 lmctf09 ----
STEALS=1  CAPS=0  RETURNS=1
KILLS=179
HOOK: fires=1584 lands=486 fails=296
SHELVES=117  DEADDOORS=0  CYCLES=0
acts: swim=6 lift=10 tele=12 rj=3
roles: escort_samples=84 recover_samples=204
attacker floors: {}
defenders: 0 distinct 100u-cells, moving=0 still=0
chat lines: 177 | sample: Rune[SG]: shall we
kills by weapon: blaster=0 rail=131 rocket=31 mg=0 cg=0 hb=0 ssg=0
ACC w6 fires=518 hits=89
ACC w8 fires=1372 hits=153
ACC w0 fires=42 hits=5
ACC w2 fires=18 hits=11
ACC w4 fires=8 hits=5
ACC w6 fires=518 hits=89
ACC w8 fires=1381 hits=155
ACC w0 fires=42 hits=5
ACC w2 fires=18 hits=11
ACC w4 fires=8 hits=5
ACC w6 fires=518 hits=89
ACC w8 fires=1383 hits=156
EFF: attack=1.68 defend=1.01 recover=1.42
BOT: Vore[SG]     eff=1.79 avg_spd=  224 max_spd= 804 dist= 103624 role=attack
BOT: Scrag[SG]    eff=1.78 avg_spd=  214 max_spd= 799 dist=  95340 role=attack
BOT: Ogre[SG]     eff=1.74 avg_spd=  219 max_spd= 809 dist=  90440 role=attack
BOT: Knight[SG]   eff=1.73 avg_spd=  199 max_spd= 801 dist=  84530 role=attack
BOT: Trace[SG]    eff=1.71 avg_spd=  203 max_spd= 788 dist=  92452 role=attack
BOT: Phase[SG]    eff=1.68 avg_spd=  258 max_spd= 800 dist= 117311 role=attack
BOT: Field[SG]    eff=1.63 avg_spd=  216 max_spd= 790 dist=  99520 role=attack
BOT: Slip[SG]     eff=1.59 avg_spd=  235 max_spd= 918 dist= 102481 role=attack
BOT: Fiend[SG]    eff=1.53 avg_spd=  209 max_spd= 799 dist=  84341 role=attack
BOT: Wizard[SG]   eff=1.50 avg_spd=  205 max_spd= 786 dist=  90768 role=attack
BOT: Gate[SG]     eff=1.35 avg_spd=  122 max_spd= 735 dist=  34563 role=defend
BOT: Arach[SG]    eff=1.11 avg_spd=  185 max_spd= 773 dist=  47837 role=defend
BOT: Rune[SG]     eff=0.91 avg_spd=  107 max_spd= 770 dist=  33416 role=defend
BOT: Caco[SG]     eff=0.82 avg_spd=  197 max_spd= 756 dist=  45737 role=defend
---- s10-5v1 smap05 ----
STEALS=4  CAPS=1  RETURNS=0
KILLS=33
HOOK: fires=511 lands=127 fails=86
SHELVES=100  DEADDOORS=0  CYCLES=7
acts: swim=206 lift=0 tele=0 rj=3
roles: escort_samples=611 recover_samples=378
attacker floors: {}
defenders: 0 distinct 100u-cells, moving=0 still=0
chat lines: 102 | sample: (Arach[SG]): haste rune at the rg
kills by weapon: blaster=0 rail=23 rocket=5 mg=0 cg=0 hb=0 ssg=0
ACC w6 fires=122 hits=17
ACC w8 fires=317 hits=29
ACC w6 fires=122 hits=17
ACC w8 fires=318 hits=30
ACC w6 fires=122 hits=17
ACC w8 fires=318 hits=30
ACC w6 fires=122 hits=17
ACC w8 fires=318 hits=30
ACC w6 fires=122 hits=17
ACC w8 fires=318 hits=30
ACC w6 fires=122 hits=17
ACC w8 fires=318 hits=30
EFF: attack=1.42 defend=1.13 carry=1.10 recover=0.95 escort=1.22
BOT: Slip[SG]     eff=1.49 avg_spd=  199 max_spd=1024 dist=  76619 role=attack
BOT: Gate[SG]     eff=1.34 avg_spd=  197 max_spd=1265 dist=  84855 role=attack
BOT: Caco[SG]     eff=1.20 avg_spd=  180 max_spd= 774 dist=  62234 role=defend
BOT: Rune[SG]     eff=1.20 avg_spd=  203 max_spd= 800 dist=  81725 role=recover
BOT: Phase[SG]    eff=1.13 avg_spd=  196 max_spd= 800 dist=  66296 role=attack
botledger: 92 rows appended for wave 275
logs: /home/buzzkill/Projects/lmctf6-stats/tools/iter-275
