=== WAVE 352 (free layout) ===
---- s01-2v2 lmctf03 fill=2 600s ----
STEALS=5  CAPS=0  RETURNS=1
KILLS=15
HOOK: fires=248 lands=78 fails=22
SHELVES=53  DEADDOORS=5  CYCLES=4
acts: swim=28 lift=22 tele=6 rj=14
roles: escort_samples=212 recover_samples=308
attacker floors: {}
defenders: 0 distinct 100u-cells, moving=0 still=0
chat lines: 94 | sample: (Arach[SG]): damage rune at our base
kills by weapon: blaster=0 rail=10 rocket=2 mg=0 cg=0 hb=0 ssg=0
ACC w0 fires=2 hits=0
ACC w6 fires=57 hits=7
ACC w8 fires=192 hits=19
ACC w0 fires=2 hits=0
ACC w6 fires=57 hits=7
ACC w8 fires=192 hits=19
ACC w0 fires=2 hits=0
ACC w6 fires=57 hits=7
ACC w8 fires=192 hits=19
ACC w0 fires=2 hits=0
ACC w6 fires=59 hits=8
ACC w8 fires=192 hits=19
---- s02-5v0 smap05 fill=5:0 600s ----
STEALS=5  CAPS=1  RETURNS=0
KILLS=0
HOOK: fires=175 lands=61 fails=60
SHELVES=38  DEADDOORS=0  CYCLES=5
acts: swim=117 lift=0 tele=0 rj=0
roles: escort_samples=331 recover_samples=0
attacker floors: {}
defenders: 0 distinct 100u-cells, moving=0 still=0
chat lines: 39 | sample: (Arach[SG]): haste rune at the rg
kills by weapon: blaster=0 rail=0 rocket=0 mg=0 cg=0 hb=0 ssg=0
---- s03-5v5 mactf06 fill=5 900s ----
STEALS=10  CAPS=2  RETURNS=7
KILLS=244
HOOK: fires=1204 lands=631 fails=353
SHELVES=21  DEADDOORS=0  CYCLES=0
acts: swim=3 lift=8 tele=24 rj=6
roles: escort_samples=176 recover_samples=633
attacker floors: {}
defenders: 0 distinct 100u-cells, moving=0 still=0
chat lines: 429 | sample: (Arach[SG]): haste rune at our base
kills by weapon: blaster=0 rail=165 rocket=54 mg=0 cg=0 hb=0 ssg=0
ACC w0 fires=68 hits=8
ACC w1 fires=38 hits=1
ACC w2 fires=5 hits=0
ACC w6 fires=945 hits=117
ACC w7 fires=14 hits=5
ACC w8 fires=2138 hits=219
ACC w0 fires=68 hits=8
ACC w1 fires=38 hits=1
ACC w2 fires=5 hits=0
ACC w6 fires=946 hits=117
ACC w7 fires=14 hits=5
ACC w8 fires=2150 hits=220
---- s04-5v5 mactf06 fill=5 900s ----
STEALS=12  CAPS=1  RETURNS=7
KILLS=239
HOOK: fires=1321 lands=697 fails=393
SHELVES=18  DEADDOORS=0  CYCLES=0
acts: swim=10 lift=4 tele=10 rj=11
roles: escort_samples=580 recover_samples=1296
attacker floors: {}
defenders: 0 distinct 100u-cells, moving=0 still=0
chat lines: 415 | sample: (Arach[SG]): haste rune at our base
kills by weapon: blaster=0 rail=178 rocket=40 mg=0 cg=0 hb=0 ssg=0
ACC w0 fires=61 hits=8
ACC w1 fires=19 hits=12
ACC w4 fires=7 hits=1
ACC w6 fires=816 hits=95
ACC w7 fires=2 hits=0
ACC w8 fires=2131 hits=221
ACC w0 fires=61 hits=8
ACC w1 fires=19 hits=12
ACC w4 fires=7 hits=1
ACC w6 fires=816 hits=95
ACC w7 fires=2 hits=0
ACC w8 fires=2166 hits=223
---- s05-5v5 lmctf22 fill=5 900s ----
STEALS=15  CAPS=6  RETURNS=6
KILLS=141
HOOK: fires=1511 lands=724 fails=266
SHELVES=60  DEADDOORS=0  CYCLES=8
acts: swim=8 lift=9 tele=8 rj=2
roles: escort_samples=617 recover_samples=1373
attacker floors: {}
defenders: 0 distinct 100u-cells, moving=0 still=0
chat lines: 291 | sample: (Slip[SG]): regen rune at the rl
kills by weapon: blaster=0 rail=109 rocket=24 mg=0 cg=0 hb=0 ssg=0
ACC w3 fires=4 hits=1
ACC w4 fires=1 hits=2
ACC w6 fires=326 hits=51
ACC w7 fires=1 hits=0
ACC w8 fires=1204 hits=132
ACC w0 fires=11 hits=1
ACC w2 fires=10 hits=6
ACC w3 fires=4 hits=1
ACC w4 fires=1 hits=2
ACC w6 fires=331 hits=53
ACC w7 fires=1 hits=0
ACC w8 fires=1207 hits=134
---- s06-5v3 lmctf44 fill=5:3 900s ----
STEALS=7  CAPS=3  RETURNS=4
KILLS=61
HOOK: fires=959 lands=447 fails=205
SHELVES=40  DEADDOORS=0  CYCLES=0
acts: swim=22 lift=18 tele=2 rj=19
roles: escort_samples=406 recover_samples=463
attacker floors: {}
defenders: 0 distinct 100u-cells, moving=0 still=0
chat lines: 155 | sample: Rune[SG]: back for more
kills by weapon: blaster=0 rail=37 rocket=14 mg=0 cg=2 hb=2 ssg=2
ACC w0 fires=7 hits=1
ACC w2 fires=16 hits=31
ACC w4 fires=29 hits=28
ACC w6 fires=225 hits=30
ACC w7 fires=28 hits=9
ACC w8 fires=643 hits=53
ACC w0 fires=7 hits=1
ACC w2 fires=16 hits=31
ACC w4 fires=29 hits=28
ACC w6 fires=225 hits=30
ACC w7 fires=28 hits=9
ACC w8 fires=643 hits=53
---- s07-5v3 lmctf44 fill=5:3 900s ----
STEALS=10  CAPS=3  RETURNS=4
KILLS=71
HOOK: fires=984 lands=450 fails=229
SHELVES=38  DEADDOORS=0  CYCLES=4
acts: swim=15 lift=5 tele=38 rj=10
roles: escort_samples=636 recover_samples=781
attacker floors: {}
defenders: 0 distinct 100u-cells, moving=0 still=0
chat lines: 181 | sample: Rune[SG]: back for more
kills by weapon: blaster=0 rail=46 rocket=17 mg=0 cg=0 hb=0 ssg=2
ACC w0 fires=3 hits=1
ACC w2 fires=25 hits=22
ACC w4 fires=1 hits=3
ACC w6 fires=212 hits=33
ACC w7 fires=14 hits=4
ACC w8 fires=567 hits=65
ACC w0 fires=3 hits=1
ACC w2 fires=25 hits=22
ACC w4 fires=1 hits=3
ACC w6 fires=214 hits=33
ACC w7 fires=14 hits=4
ACC w8 fires=597 hits=65
---- s08-7v7 lmctf09 fill=7 600s ----
STEALS=1  CAPS=0  RETURNS=1
KILLS=162
HOOK: fires=1372 lands=637 fails=411
SHELVES=130  DEADDOORS=0  CYCLES=0
acts: swim=23 lift=11 tele=16 rj=1
roles: escort_samples=2 recover_samples=119
attacker floors: {}
defenders: 0 distinct 100u-cells, moving=0 still=0
chat lines: 157 | sample: Rune[SG]: lovely
kills by weapon: blaster=0 rail=114 rocket=29 mg=0 cg=0 hb=0 ssg=0
ACC w0 fires=8 hits=0
ACC w4 fires=12 hits=10
ACC w6 fires=383 hits=70
ACC w8 fires=1202 hits=134
ACC w0 fires=8 hits=0
ACC w4 fires=12 hits=10
ACC w6 fires=387 hits=72
ACC w8 fires=1221 hits=134
ACC w0 fires=8 hits=0
ACC w4 fires=12 hits=10
ACC w6 fires=400 hits=75
ACC w8 fires=1238 hits=136
---- s09-ctrl lmctf01 fill=5 900s ----
STEALS=1  CAPS=0  RETURNS=1
KILLS=112
HOOK: fires=1037 lands=496 fails=278
SHELVES=283  DEADDOORS=0  CYCLES=0
acts: swim=175 lift=30 tele=28 rj=12
roles: escort_samples=0 recover_samples=6
attacker floors: {}
defenders: 0 distinct 100u-cells, moving=0 still=0
chat lines: 114 | sample: (Arach[SG]): rune by the Health
kills by weapon: blaster=0 rail=66 rocket=36 mg=0 cg=0 hb=0 ssg=0
ACC w0 fires=25 hits=4
ACC w2 fires=5 hits=0
ACC w6 fires=476 hits=65
ACC w8 fires=655 hits=66
ACC w0 fires=25 hits=4
ACC w2 fires=5 hits=0
ACC w6 fires=476 hits=65
ACC w8 fires=664 hits=67
ACC w0 fires=25 hits=4
ACC w2 fires=5 hits=0
ACC w6 fires=476 hits=65
ACC w8 fires=664 hits=67
---- s10-5v1 smap05 fill=5:1 600s ----
STEALS=6  CAPS=1  RETURNS=5
KILLS=42
HOOK: fires=441 lands=170 fails=128
SHELVES=65  DEADDOORS=0  CYCLES=0
acts: swim=87 lift=0 tele=2 rj=0
roles: escort_samples=431 recover_samples=237
attacker floors: {}
defenders: 0 distinct 100u-cells, moving=0 still=0
chat lines: 80 | sample: (Arach[SG]): haste rune at the rg
kills by weapon: blaster=0 rail=27 rocket=12 mg=0 cg=0 hb=0 ssg=0
ACC w0 fires=13 hits=1
ACC w6 fires=123 hits=21
ACC w8 fires=223 hits=30
ACC w0 fires=13 hits=1
ACC w6 fires=123 hits=21
ACC w8 fires=223 hits=30
ACC w0 fires=13 hits=1
ACC w6 fires=123 hits=21
ACC w8 fires=223 hits=30
ACC w0 fires=13 hits=1
ACC w6 fires=123 hits=21
ACC w8 fires=224 hits=31
