=== WAVE 328 (free layout) ===
---- s01-2v2 lmctf03 fill=2 600s ----
STEALS=0  CAPS=0  RETURNS=0
KILLS=1
HOOK: fires=49 lands=5 fails=2
SHELVES=54  DEADDOORS=1  CYCLES=0
acts: swim=0 lift=0 tele=0 rj=0
roles: escort_samples=0 recover_samples=0
attacker floors: {}
defenders: 0 distinct 100u-cells, moving=0 still=0
chat lines: 15 | sample: (Caco[SG]): damage rune at yellow armor
kills by weapon: blaster=0 rail=1 rocket=0 mg=0 cg=0 hb=0 ssg=0
ACC w6 fires=2 hits=1
ACC w8 fires=10 hits=1
ACC w6 fires=2 hits=1
ACC w8 fires=10 hits=1
ACC w6 fires=2 hits=1
ACC w8 fires=10 hits=1
ACC w6 fires=2 hits=1
ACC w8 fires=10 hits=1
ACC w6 fires=2 hits=1
ACC w8 fires=10 hits=1
ACC w6 fires=2 hits=1
ACC w8 fires=10 hits=1
---- s02-2v2 lmctf03 fill=2 600s ----
STEALS=3  CAPS=1  RETURNS=1
KILLS=14
HOOK: fires=163 lands=51 fails=21
SHELVES=66  DEADDOORS=4  CYCLES=4
acts: swim=0 lift=35 tele=0 rj=46
roles: escort_samples=146 recover_samples=147
attacker floors: {}
defenders: 0 distinct 100u-cells, moving=0 still=0
chat lines: 70 | sample: (Rune[SG]): rune by the Bullets
kills by weapon: blaster=0 rail=9 rocket=4 mg=0 cg=0 hb=0 ssg=1
ACC w0 fires=1 hits=0
ACC w1 fires=47 hits=26
ACC w6 fires=61 hits=8
ACC w8 fires=119 hits=11
ACC w0 fires=1 hits=0
ACC w1 fires=47 hits=26
ACC w6 fires=61 hits=8
ACC w8 fires=119 hits=11
ACC w0 fires=1 hits=0
ACC w1 fires=47 hits=26
ACC w6 fires=61 hits=8
ACC w8 fires=119 hits=11
---- s03-5v5 lmctf22 fill=5 900s ----
STEALS=13  CAPS=3  RETURNS=8
KILLS=156
HOOK: fires=1454 lands=688 fails=269
SHELVES=66  DEADDOORS=0  CYCLES=6
acts: swim=3 lift=9 tele=6 rj=5
roles: escort_samples=493 recover_samples=779
attacker floors: {}
defenders: 0 distinct 100u-cells, moving=0 still=0
chat lines: 271 | sample: (Arach[SG]): regen rune at the hb
kills by weapon: blaster=0 rail=113 rocket=29 mg=0 cg=0 hb=0 ssg=0
ACC w0 fires=11 hits=1
ACC w3 fires=20 hits=5
ACC w4 fires=8 hits=5
ACC w6 fires=373 hits=66
ACC w7 fires=4 hits=1
ACC w8 fires=1075 hits=134
ACC w0 fires=11 hits=1
ACC w3 fires=20 hits=5
ACC w4 fires=8 hits=5
ACC w6 fires=378 hits=66
ACC w7 fires=4 hits=1
ACC w8 fires=1095 hits=134
---- s04-5v5 lmctf22 fill=5 900s ----
STEALS=10  CAPS=2  RETURNS=6
KILLS=165
HOOK: fires=1375 lands=666 fails=271
SHELVES=56  DEADDOORS=0  CYCLES=0
acts: swim=9 lift=7 tele=10 rj=1
roles: escort_samples=286 recover_samples=618
attacker floors: {}
defenders: 0 distinct 100u-cells, moving=0 still=0
chat lines: 238 | sample: (Caco[SG]): haste rune at our base
kills by weapon: blaster=2 rail=128 rocket=24 mg=0 cg=0 hb=0 ssg=0
ACC w0 fires=83 hits=10
ACC w2 fires=9 hits=0
ACC w4 fires=6 hits=1
ACC w6 fires=370 hits=54
ACC w7 fires=6 hits=3
ACC w8 fires=1185 hits=147
ACC w0 fires=83 hits=10
ACC w2 fires=9 hits=0
ACC w4 fires=6 hits=1
ACC w6 fires=373 hits=55
ACC w7 fires=6 hits=3
ACC w8 fires=1210 hits=148
---- s05-5v5 mactf06 fill=5 900s ----
STEALS=5  CAPS=1  RETURNS=2
KILLS=167
HOOK: fires=1169 lands=589 fails=373
SHELVES=18  DEADDOORS=0  CYCLES=3
acts: swim=6 lift=6 tele=5 rj=6
roles: escort_samples=164 recover_samples=618
attacker floors: {}
defenders: 0 distinct 100u-cells, moving=0 still=0
chat lines: 310 | sample: (Arach[SG]): rune by the Cells
kills by weapon: blaster=0 rail=117 rocket=33 mg=0 cg=0 hb=0 ssg=1
ACC w0 fires=31 hits=2
ACC w2 fires=13 hits=12
ACC w6 fires=603 hits=80
ACC w8 fires=1288 hits=145
ACC w0 fires=31 hits=2
ACC w2 fires=13 hits=12
ACC w6 fires=604 hits=80
ACC w8 fires=1296 hits=145
ACC w0 fires=31 hits=2
ACC w2 fires=13 hits=12
ACC w6 fires=609 hits=81
ACC w8 fires=1304 hits=146
---- s06-5v3 lmctf44 fill=5:3 900s ----
STEALS=8  CAPS=3  RETURNS=4
KILLS=78
HOOK: fires=1068 lands=488 fails=213
SHELVES=44  DEADDOORS=0  CYCLES=8
acts: swim=23 lift=15 tele=17 rj=3
roles: escort_samples=543 recover_samples=758
attacker floors: {}
defenders: 0 distinct 100u-cells, moving=0 still=0
chat lines: 179 | sample: Rune[SG]: evening
kills by weapon: blaster=0 rail=56 rocket=11 mg=0 cg=0 hb=0 ssg=0
ACC w0 fires=1 hits=0
ACC w2 fires=8 hits=9
ACC w4 fires=23 hits=17
ACC w6 fires=216 hits=37
ACC w7 fires=17 hits=12
ACC w8 fires=694 hits=73
ACC w0 fires=1 hits=0
ACC w2 fires=8 hits=9
ACC w4 fires=23 hits=17
ACC w6 fires=216 hits=37
ACC w7 fires=17 hits=12
ACC w8 fires=694 hits=73
---- s07-5v3 lmctf44 fill=5:3 900s ----
STEALS=7  CAPS=0  RETURNS=5
KILLS=67
HOOK: fires=834 lands=385 fails=192
SHELVES=51  DEADDOORS=0  CYCLES=0
acts: swim=3 lift=48 tele=3 rj=4
roles: escort_samples=80 recover_samples=403
attacker floors: {}
defenders: 0 distinct 100u-cells, moving=0 still=0
chat lines: 140 | sample: Rune[SG]: here we go again
kills by weapon: blaster=0 rail=51 rocket=7 mg=0 cg=0 hb=1 ssg=1
ACC w7 fires=27 hits=1
ACC w8 fires=626 hits=60
ACC w0 fires=3 hits=0
ACC w2 fires=6 hits=21
ACC w6 fires=156 hits=27
ACC w7 fires=27 hits=1
ACC w8 fires=626 hits=60
ACC w0 fires=3 hits=0
ACC w2 fires=6 hits=21
ACC w6 fires=156 hits=27
ACC w7 fires=27 hits=1
ACC w8 fires=636 hits=61
---- s08-7v7 lmctf09 fill=7 600s ----
STEALS=5  CAPS=0  RETURNS=4
KILLS=158
HOOK: fires=1283 lands=603 fails=386
SHELVES=58  DEADDOORS=0  CYCLES=0
acts: swim=17 lift=8 tele=9 rj=7
roles: escort_samples=38 recover_samples=188
attacker floors: {}
defenders: 0 distinct 100u-cells, moving=0 still=0
chat lines: 158 | sample: (Slip[SG]): damage rune at our base
kills by weapon: blaster=1 rail=109 rocket=34 mg=0 cg=0 hb=0 ssg=0
ACC w6 fires=484 hits=88
ACC w8 fires=1395 hits=127
ACC w0 fires=45 hits=3
ACC w2 fires=4 hits=0
ACC w3 fires=5 hits=1
ACC w6 fires=492 hits=89
ACC w8 fires=1416 hits=130
ACC w0 fires=47 hits=3
ACC w2 fires=4 hits=0
ACC w3 fires=5 hits=1
ACC w6 fires=492 hits=89
ACC w8 fires=1421 hits=133
---- s09-ctrl lmctf01 fill=5 900s ----
STEALS=2  CAPS=0  RETURNS=2
KILLS=110
HOOK: fires=993 lands=437 fails=241
SHELVES=333  DEADDOORS=0  CYCLES=0
acts: swim=164 lift=27 tele=2 rj=0
roles: escort_samples=9 recover_samples=36
attacker floors: {}
defenders: 0 distinct 100u-cells, moving=0 still=0
chat lines: 130 | sample: (Arach[SG]): regen rune at our base
kills by weapon: blaster=0 rail=70 rocket=30 mg=0 cg=0 hb=0 ssg=0
ACC w0 fires=32 hits=7
ACC w3 fires=3 hits=2
ACC w6 fires=379 hits=59
ACC w8 fires=553 hits=68
ACC w0 fires=32 hits=7
ACC w3 fires=3 hits=2
ACC w6 fires=379 hits=59
ACC w8 fires=555 hits=68
ACC w0 fires=32 hits=7
ACC w3 fires=3 hits=2
ACC w6 fires=379 hits=59
ACC w8 fires=562 hits=70
---- s10-5v1 smap05 fill=5:0 600s ----
STEALS=3  CAPS=2  RETURNS=0
KILLS=0
HOOK: fires=186 lands=65 fails=44
SHELVES=41  DEADDOORS=0  CYCLES=9
acts: swim=38 lift=0 tele=0 rj=0
roles: escort_samples=362 recover_samples=0
attacker floors: {}
defenders: 0 distinct 100u-cells, moving=0 still=0
chat lines: 32 | sample: (Arach[SG]): haste rune at the rg
kills by weapon: blaster=0 rail=0 rocket=0 mg=0 cg=0 hb=0 ssg=0
